[0.082s] DEBUG:colcon:Command line arguments: ['/usr/bin/colcon', 'build']
[0.082s] DEBUG:colcon:Parsed command line arguments: Namespace(log_base=None, log_level=None, verb_name='build', build_base='build', install_base='install', merge_install=False, symlink_install=False, test_result_base=None, continue_on_error=False, executor='parallel', parallel_workers=12, event_handlers=None, ignore_user_meta=False, metas=['./colcon.meta'], base_paths=['.'], packages_ignore=None, packages_ignore_regex=None, paths=None, packages_up_to=None, packages_up_to_regex=None, packages_above=None, packages_above_and_dependencies=None, packages_above_depth=None, packages_select_by_dep=None, packages_skip_by_dep=None, packages_skip_up_to=None, packages_select_build_failed=False, packages_skip_build_finished=False, packages_select_test_failures=False, packages_skip_test_passed=False, packages_select=None, packages_skip=None, packages_select_regex=None, packages_skip_regex=None, packages_start=None, packages_end=None, allow_overriding=[], cmake_args=None, cmake_target=None, cmake_target_skip_unavailable=False, cmake_clean_cache=False, cmake_clean_first=False, cmake_force_configure=False, ament_cmake_args=None, catkin_cmake_args=None, catkin_skip_building_tests=False, mixin_files=None, mixin=None, verb_parser=<colcon_mixin.mixin.mixin_argument.MixinArgumentDecorator object at 0x75e32cf01a50>, verb_extension=<colcon_core.verb.build.BuildVerb object at 0x75e32cf01450>, main=<bound method BuildVerb.main of <colcon_core.verb.build.BuildVerb object at 0x75e32cf01450>>, mixin_verb=('build',))
[0.108s] Level 1:colcon.colcon_core.package_discovery:discover_packages(colcon_meta) check parameters
[0.108s] Level 1:colcon.colcon_core.package_discovery:discover_packages(recursive) check parameters
[0.108s] Level 1:colcon.colcon_core.package_discovery:discover_packages(ignore) check parameters
[0.108s] Level 1:colcon.colcon_core.package_discovery:discover_packages(path) check parameters
[0.108s] Level 1:colcon.colcon_core.package_discovery:discover_packages(colcon_meta) discover
[0.108s] Level 1:colcon.colcon_core.package_discovery:discover_packages(recursive) discover
[0.108s] INFO:colcon.colcon_core.package_discovery:Crawling recursively for packages in '/home/krishnapranav/mj_manipulation/mujoco_manipulation'
[0.108s] Level 1:colcon.colcon_core.package_identification:_identify(.) by extensions ['ignore', 'ignore_ament_install']
[0.108s] Level 1:colcon.colcon_core.package_identification:_identify(.) by extension 'ignore'
[0.108s] Level 1:colcon.colcon_core.package_identification:_identify(.) by extension 'ignore_ament_install'
[0.108s] Level 1:colcon.colcon_core.package_identification:_identify(.) by extensions ['colcon_pkg']
[0.108s] Level 1:colcon.colcon_core.package_identification:_identify(.) by extension 'colcon_pkg'
[0.108s] Level 1:colcon.colcon_core.package_identification:_identify(.) by extensions ['colcon_meta']
[0.108s] Level 1:colcon.colcon_core.package_identification:_identify(.) by extension 'colcon_meta'
[0.109s] Level 1:colcon.colcon_core.package_identification:_identify(.) by extensions ['ros']
[0.109s] Level 1:colcon.colcon_core.package_identification:_identify(.) by extension 'ros'
[0.125s] Level 1:colcon.colcon_core.package_identification:_identify(.) by extensions ['cmake', 'python']
[0.126s] Level 1:colcon.colcon_core.package_identification:_identify(.) by extension 'cmake'
[0.126s] Level 1:colcon.colcon_core.package_identification:_identify(.) by extension 'python'
[0.126s] Level 1:colcon.colcon_core.package_identification:_identify(.) by extensions ['python_setup_py']
[0.126s] Level 1:colcon.colcon_core.package_identification:_identify(.) by extension 'python_setup_py'
[0.126s] Level 1:colcon.colcon_core.package_identification:_identify(armos_ros2) by extensions ['ignore', 'ignore_ament_install']
[0.126s] Level 1:colcon.colcon_core.package_identification:_identify(armos_ros2) by extension 'ignore'
[0.126s] Level 1:colcon.colcon_core.package_identification:_identify(armos_ros2) by extension 'ignore_ament_install'
[0.126s] Level 1:colcon.colcon_core.package_identification:_identify(armos_ros2) by extensions ['colcon_pkg']
[0.126s] Level 1:colcon.colcon_core.package_identification:_identify(armos_ros2) by extension 'colcon_pkg'
[0.126s] Level 1:colcon.colcon_core.package_identification:_identify(armos_ros2) by extensions ['colcon_meta']
[0.126s] Level 1:colcon.colcon_core.package_identification:_identify(armos_ros2) by extension 'colcon_meta'
[0.126s] Level 1:colcon.colcon_core.package_identification:_identify(armos_ros2) by extensions ['ros']
[0.126s] Level 1:colcon.colcon_core.package_identification:_identify(armos_ros2) by extension 'ros'
[0.126s] Level 1:colcon.colcon_core.package_identification:_identify(armos_ros2) by extensions ['cmake', 'python']
[0.126s] Level 1:colcon.colcon_core.package_identification:_identify(armos_ros2) by extension 'cmake'
[0.126s] Level 1:colcon.colcon_core.package_identification:_identify(armos_ros2) by extension 'python'
[0.126s] Level 1:colcon.colcon_core.package_identification:_identify(armos_ros2) by extensions ['python_setup_py']
[0.126s] Level 1:colcon.colcon_core.package_identification:_identify(armos_ros2) by extension 'python_setup_py'
[0.126s] Level 1:colcon.colcon_core.package_identification:_identify(armos_ros2/pkgs) by extensions ['ignore', 'ignore_ament_install']
[0.126s] Level 1:colcon.colcon_core.package_identification:_identify(armos_ros2/pkgs) by extension 'ignore'
[0.126s] Level 1:colcon.colcon_core.package_identification:_identify(armos_ros2/pkgs) by extension 'ignore_ament_install'
[0.126s] Level 1:colcon.colcon_core.package_identification:_identify(armos_ros2/pkgs) by extensions ['colcon_pkg']
[0.126s] Level 1:colcon.colcon_core.package_identification:_identify(armos_ros2/pkgs) by extension 'colcon_pkg'
[0.126s] Level 1:colcon.colcon_core.package_identification:_identify(armos_ros2/pkgs) by extensions ['colcon_meta']
[0.126s] Level 1:colcon.colcon_core.package_identification:_identify(armos_ros2/pkgs) by extension 'colcon_meta'
[0.126s] Level 1:colcon.colcon_core.package_identification:_identify(armos_ros2/pkgs) by extensions ['ros']
[0.126s] Level 1:colcon.colcon_core.package_identification:_identify(armos_ros2/pkgs) by extension 'ros'
[0.126s] Level 1:colcon.colcon_core.package_identification:_identify(armos_ros2/pkgs) by extensions ['cmake', 'python']
[0.126s] Level 1:colcon.colcon_core.package_identification:_identify(armos_ros2/pkgs) by extension 'cmake'
[0.126s] Level 1:colcon.colcon_core.package_identification:_identify(armos_ros2/pkgs) by extension 'python'
[0.126s] Level 1:colcon.colcon_core.package_identification:_identify(armos_ros2/pkgs) by extensions ['python_setup_py']
[0.126s] Level 1:colcon.colcon_core.package_identification:_identify(armos_ros2/pkgs) by extension 'python_setup_py'
[0.126s] Level 1:colcon.colcon_core.package_identification:_identify(armos_ros2/pkgs/armos_control) by extensions ['ignore', 'ignore_ament_install']
[0.127s] Level 1:colcon.colcon_core.package_identification:_identify(armos_ros2/pkgs/armos_control) by extension 'ignore'
[0.127s] Level 1:colcon.colcon_core.package_identification:_identify(armos_ros2/pkgs/armos_control) by extension 'ignore_ament_install'
[0.127s] Level 1:colcon.colcon_core.package_identification:_identify(armos_ros2/pkgs/armos_control) by extensions ['colcon_pkg']
[0.127s] Level 1:colcon.colcon_core.package_identification:_identify(armos_ros2/pkgs/armos_control) by extension 'colcon_pkg'
[0.127s] Level 1:colcon.colcon_core.package_identification:_identify(armos_ros2/pkgs/armos_control) by extensions ['colcon_meta']
[0.127s] Level 1:colcon.colcon_core.package_identification:_identify(armos_ros2/pkgs/armos_control) by extension 'colcon_meta'
[0.127s] Level 1:colcon.colcon_core.package_identification:_identify(armos_ros2/pkgs/armos_control) by extensions ['ros']
[0.127s] Level 1:colcon.colcon_core.package_identification:_identify(armos_ros2/pkgs/armos_control) by extension 'ros'
[0.128s] DEBUG:colcon.colcon_core.package_identification:Package 'armos_ros2/pkgs/armos_control' with type 'ros.ament_cmake' and name 'armos_control'
[0.128s] Level 1:colcon.colcon_core.package_identification:_identify(armos_ros2/pkgs/armos_interfaces) by extensions ['ignore', 'ignore_ament_install']
[0.128s] Level 1:colcon.colcon_core.package_identification:_identify(armos_ros2/pkgs/armos_interfaces) by extension 'ignore'
[0.128s] Level 1:colcon.colcon_core.package_identification:_identify(armos_ros2/pkgs/armos_interfaces) by extension 'ignore_ament_install'
[0.128s] Level 1:colcon.colcon_core.package_identification:_identify(armos_ros2/pkgs/armos_interfaces) by extensions ['colcon_pkg']
[0.128s] Level 1:colcon.colcon_core.package_identification:_identify(armos_ros2/pkgs/armos_interfaces) by extension 'colcon_pkg'
[0.128s] Level 1:colcon.colcon_core.package_identification:_identify(armos_ros2/pkgs/armos_interfaces) by extensions ['colcon_meta']
[0.128s] Level 1:colcon.colcon_core.package_identification:_identify(armos_ros2/pkgs/armos_interfaces) by extension 'colcon_meta'
[0.128s] Level 1:colcon.colcon_core.package_identification:_identify(armos_ros2/pkgs/armos_interfaces) by extensions ['ros']
[0.128s] Level 1:colcon.colcon_core.package_identification:_identify(armos_ros2/pkgs/armos_interfaces) by extension 'ros'
[0.129s] DEBUG:colcon.colcon_core.package_identification:Package 'armos_ros2/pkgs/armos_interfaces' with type 'ros.ament_cmake' and name 'armos_interfaces'
[0.129s] Level 1:colcon.colcon_core.package_identification:_identify(armos_sim) by extensions ['ignore', 'ignore_ament_install']
[0.129s] Level 1:colcon.colcon_core.package_identification:_identify(armos_sim) by extension 'ignore'
[0.129s] Level 1:colcon.colcon_core.package_identification:_identify(armos_sim) by extension 'ignore_ament_install'
[0.129s] Level 1:colcon.colcon_core.package_identification:_identify(armos_sim) by extensions ['colcon_pkg']
[0.129s] Level 1:colcon.colcon_core.package_identification:_identify(armos_sim) by extension 'colcon_pkg'
[0.129s] Level 1:colcon.colcon_core.package_identification:_identify(armos_sim) by extensions ['colcon_meta']
[0.129s] Level 1:colcon.colcon_core.package_identification:_identify(armos_sim) by extension 'colcon_meta'
[0.129s] Level 1:colcon.colcon_core.package_identification:_identify(armos_sim) by extensions ['ros']
[0.129s] Level 1:colcon.colcon_core.package_identification:_identify(armos_sim) by extension 'ros'
[0.129s] Level 1:colcon.colcon_core.package_identification:_identify(armos_sim) by extensions ['cmake', 'python']
[0.129s] Level 1:colcon.colcon_core.package_identification:_identify(armos_sim) by extension 'cmake'
[0.129s] Level 1:colcon.colcon_core.package_identification:_identify(armos_sim) by extension 'python'
[0.129s] Level 1:colcon.colcon_core.package_identification:_identify(armos_sim) by extensions ['python_setup_py']
[0.129s] Level 1:colcon.colcon_core.package_identification:_identify(armos_sim) by extension 'python_setup_py'
[0.129s] Level 1:colcon.colcon_core.package_identification:_identify(armos_sim/armos.egg-info) by extensions ['ignore', 'ignore_ament_install']
[0.129s] Level 1:colcon.colcon_core.package_identification:_identify(armos_sim/armos.egg-info) by extension 'ignore'
[0.129s] Level 1:colcon.colcon_core.package_identification:_identify(armos_sim/armos.egg-info) by extension 'ignore_ament_install'
[0.129s] Level 1:colcon.colcon_core.package_identification:_identify(armos_sim/armos.egg-info) by extensions ['colcon_pkg']
[0.129s] Level 1:colcon.colcon_core.package_identification:_identify(armos_sim/armos.egg-info) by extension 'colcon_pkg'
[0.129s] Level 1:colcon.colcon_core.package_identification:_identify(armos_sim/armos.egg-info) by extensions ['colcon_meta']
[0.129s] Level 1:colcon.colcon_core.package_identification:_identify(armos_sim/armos.egg-info) by extension 'colcon_meta'
[0.129s] Level 1:colcon.colcon_core.package_identification:_identify(armos_sim/armos.egg-info) by extensions ['ros']
[0.129s] Level 1:colcon.colcon_core.package_identification:_identify(armos_sim/armos.egg-info) by extension 'ros'
[0.130s] Level 1:colcon.colcon_core.package_identification:_identify(armos_sim/armos.egg-info) by extensions ['cmake', 'python']
[0.130s] Level 1:colcon.colcon_core.package_identification:_identify(armos_sim/armos.egg-info) by extension 'cmake'
[0.130s] Level 1:colcon.colcon_core.package_identification:_identify(armos_sim/armos.egg-info) by extension 'python'
[0.130s] Level 1:colcon.colcon_core.package_identification:_identify(armos_sim/armos.egg-info) by extensions ['python_setup_py']
[0.130s] Level 1:colcon.colcon_core.package_identification:_identify(armos_sim/armos.egg-info) by extension 'python_setup_py'
[0.130s] Level 1:colcon.colcon_core.package_identification:_identify(armos_sim/assets) by extensions ['ignore', 'ignore_ament_install']
[0.130s] Level 1:colcon.colcon_core.package_identification:_identify(armos_sim/assets) by extension 'ignore'
[0.130s] Level 1:colcon.colcon_core.package_identification:_identify(armos_sim/assets) by extension 'ignore_ament_install'
[0.130s] Level 1:colcon.colcon_core.package_identification:_identify(armos_sim/assets) by extensions ['colcon_pkg']
[0.130s] Level 1:colcon.colcon_core.package_identification:_identify(armos_sim/assets) by extension 'colcon_pkg'
[0.130s] Level 1:colcon.colcon_core.package_identification:_identify(armos_sim/assets) by extensions ['colcon_meta']
[0.130s] Level 1:colcon.colcon_core.package_identification:_identify(armos_sim/assets) by extension 'colcon_meta'
[0.130s] Level 1:colcon.colcon_core.package_identification:_identify(armos_sim/assets) by extensions ['ros']
[0.130s] Level 1:colcon.colcon_core.package_identification:_identify(armos_sim/assets) by extension 'ros'
[0.130s] Level 1:colcon.colcon_core.package_identification:_identify(armos_sim/assets) by extensions ['cmake', 'python']
[0.130s] Level 1:colcon.colcon_core.package_identification:_identify(armos_sim/assets) by extension 'cmake'
[0.130s] Level 1:colcon.colcon_core.package_identification:_identify(armos_sim/assets) by extension 'python'
[0.130s] Level 1:colcon.colcon_core.package_identification:_identify(armos_sim/assets) by extensions ['python_setup_py']
[0.130s] Level 1:colcon.colcon_core.package_identification:_identify(armos_sim/assets) by extension 'python_setup_py'
[0.130s] Level 1:colcon.colcon_core.package_identification:_identify(armos_sim/assets/duman) by extensions ['ignore', 'ignore_ament_install']
[0.130s] Level 1:colcon.colcon_core.package_identification:_identify(armos_sim/assets/duman) by extension 'ignore'
[0.130s] Level 1:colcon.colcon_core.package_identification:_identify(armos_sim/assets/duman) by extension 'ignore_ament_install'
[0.130s] Level 1:colcon.colcon_core.package_identification:_identify(armos_sim/assets/duman) by extensions ['colcon_pkg']
[0.130s] Level 1:colcon.colcon_core.package_identification:_identify(armos_sim/assets/duman) by extension 'colcon_pkg'
[0.130s] Level 1:colcon.colcon_core.package_identification:_identify(armos_sim/assets/duman) by extensions ['colcon_meta']
[0.130s] Level 1:colcon.colcon_core.package_identification:_identify(armos_sim/assets/duman) by extension 'colcon_meta'
[0.130s] Level 1:colcon.colcon_core.package_identification:_identify(armos_sim/assets/duman) by extensions ['ros']
[0.130s] Level 1:colcon.colcon_core.package_identification:_identify(armos_sim/assets/duman) by extension 'ros'
[0.130s] Level 1:colcon.colcon_core.package_identification:_identify(armos_sim/assets/duman) by extensions ['cmake', 'python']
[0.130s] Level 1:colcon.colcon_core.package_identification:_identify(armos_sim/assets/duman) by extension 'cmake'
[0.130s] Level 1:colcon.colcon_core.package_identification:_identify(armos_sim/assets/duman) by extension 'python'
[0.130s] Level 1:colcon.colcon_core.package_identification:_identify(armos_sim/assets/duman) by extensions ['python_setup_py']
[0.130s] Level 1:colcon.colcon_core.package_identification:_identify(armos_sim/assets/duman) by extension 'python_setup_py'
[0.130s] Level 1:colcon.colcon_core.package_identification:_identify(armos_sim/assets/duman/meshes) by extensions ['ignore', 'ignore_ament_install']
[0.130s] Level 1:colcon.colcon_core.package_identification:_identify(armos_sim/assets/duman/meshes) by extension 'ignore'
[0.130s] Level 1:colcon.colcon_core.package_identification:_identify(armos_sim/assets/duman/meshes) by extension 'ignore_ament_install'
[0.130s] Level 1:colcon.colcon_core.package_identification:_identify(armos_sim/assets/duman/meshes) by extensions ['colcon_pkg']
[0.131s] Level 1:colcon.colcon_core.package_identification:_identify(armos_sim/assets/duman/meshes) by extension 'colcon_pkg'
[0.131s] Level 1:colcon.colcon_core.package_identification:_identify(armos_sim/assets/duman/meshes) by extensions ['colcon_meta']
[0.131s] Level 1:colcon.colcon_core.package_identification:_identify(armos_sim/assets/duman/meshes) by extension 'colcon_meta'
[0.131s] Level 1:colcon.colcon_core.package_identification:_identify(armos_sim/assets/duman/meshes) by extensions ['ros']
[0.131s] Level 1:colcon.colcon_core.package_identification:_identify(armos_sim/assets/duman/meshes) by extension 'ros'
[0.131s] Level 1:colcon.colcon_core.package_identification:_identify(armos_sim/assets/duman/meshes) by extensions ['cmake', 'python']
[0.131s] Level 1:colcon.colcon_core.package_identification:_identify(armos_sim/assets/duman/meshes) by extension 'cmake'
[0.131s] Level 1:colcon.colcon_core.package_identification:_identify(armos_sim/assets/duman/meshes) by extension 'python'
[0.131s] Level 1:colcon.colcon_core.package_identification:_identify(armos_sim/assets/duman/meshes) by extensions ['python_setup_py']
[0.131s] Level 1:colcon.colcon_core.package_identification:_identify(armos_sim/assets/duman/meshes) by extension 'python_setup_py'
[0.131s] Level 1:colcon.colcon_core.package_identification:_identify(armos_sim/assets/duman/meshes/grippers) by extensions ['ignore', 'ignore_ament_install']
[0.131s] Level 1:colcon.colcon_core.package_identification:_identify(armos_sim/assets/duman/meshes/grippers) by extension 'ignore'
[0.131s] Level 1:colcon.colcon_core.package_identification:_identify(armos_sim/assets/duman/meshes/grippers) by extension 'ignore_ament_install'
[0.131s] Level 1:colcon.colcon_core.package_identification:_identify(armos_sim/assets/duman/meshes/grippers) by extensions ['colcon_pkg']
[0.131s] Level 1:colcon.colcon_core.package_identification:_identify(armos_sim/assets/duman/meshes/grippers) by extension 'colcon_pkg'
[0.131s] Level 1:colcon.colcon_core.package_identification:_identify(armos_sim/assets/duman/meshes/grippers) by extensions ['colcon_meta']
[0.131s] Level 1:colcon.colcon_core.package_identification:_identify(armos_sim/assets/duman/meshes/grippers) by extension 'colcon_meta'
[0.131s] Level 1:colcon.colcon_core.package_identification:_identify(armos_sim/assets/duman/meshes/grippers) by extensions ['ros']
[0.131s] Level 1:colcon.colcon_core.package_identification:_identify(armos_sim/assets/duman/meshes/grippers) by extension 'ros'
[0.131s] Level 1:colcon.colcon_core.package_identification:_identify(armos_sim/assets/duman/meshes/grippers) by extensions ['cmake', 'python']
[0.131s] Level 1:colcon.colcon_core.package_identification:_identify(armos_sim/assets/duman/meshes/grippers) by extension 'cmake'
[0.131s] Level 1:colcon.colcon_core.package_identification:_identify(armos_sim/assets/duman/meshes/grippers) by extension 'python'
[0.131s] Level 1:colcon.colcon_core.package_identification:_identify(armos_sim/assets/duman/meshes/grippers) by extensions ['python_setup_py']
[0.131s] Level 1:colcon.colcon_core.package_identification:_identify(armos_sim/assets/duman/meshes/grippers) by extension 'python_setup_py'
[0.131s] Level 1:colcon.colcon_core.package_identification:_identify(armos_sim/assets/duman/meshes/grippers/dg3fm) by extensions ['ignore', 'ignore_ament_install']
[0.131s] Level 1:colcon.colcon_core.package_identification:_identify(armos_sim/assets/duman/meshes/grippers/dg3fm) by extension 'ignore'
[0.131s] Level 1:colcon.colcon_core.package_identification:_identify(armos_sim/assets/duman/meshes/grippers/dg3fm) by extension 'ignore_ament_install'
[0.131s] Level 1:colcon.colcon_core.package_identification:_identify(armos_sim/assets/duman/meshes/grippers/dg3fm) by extensions ['colcon_pkg']
[0.131s] Level 1:colcon.colcon_core.package_identification:_identify(armos_sim/assets/duman/meshes/grippers/dg3fm) by extension 'colcon_pkg'
[0.131s] Level 1:colcon.colcon_core.package_identification:_identify(armos_sim/assets/duman/meshes/grippers/dg3fm) by extensions ['colcon_meta']
[0.131s] Level 1:colcon.colcon_core.package_identification:_identify(armos_sim/assets/duman/meshes/grippers/dg3fm) by extension 'colcon_meta'
[0.131s] Level 1:colcon.colcon_core.package_identification:_identify(armos_sim/assets/duman/meshes/grippers/dg3fm) by extensions ['ros']
[0.131s] Level 1:colcon.colcon_core.package_identification:_identify(armos_sim/assets/duman/meshes/grippers/dg3fm) by extension 'ros'
[0.131s] Level 1:colcon.colcon_core.package_identification:_identify(armos_sim/assets/duman/meshes/grippers/dg3fm) by extensions ['cmake', 'python']
[0.131s] Level 1:colcon.colcon_core.package_identification:_identify(armos_sim/assets/duman/meshes/grippers/dg3fm) by extension 'cmake'
[0.131s] Level 1:colcon.colcon_core.package_identification:_identify(armos_sim/assets/duman/meshes/grippers/dg3fm) by extension 'python'
[0.131s] Level 1:colcon.colcon_core.package_identification:_identify(armos_sim/assets/duman/meshes/grippers/dg3fm) by extensions ['python_setup_py']
[0.131s] Level 1:colcon.colcon_core.package_identification:_identify(armos_sim/assets/duman/meshes/grippers/dg3fm) by extension 'python_setup_py'
[0.131s] Level 1:colcon.colcon_core.package_identification:_identify(armos_sim/assets/duman/meshes/grippers/dh_robotics_ag145) by extensions ['ignore', 'ignore_ament_install']
[0.132s] Level 1:colcon.colcon_core.package_identification:_identify(armos_sim/assets/duman/meshes/grippers/dh_robotics_ag145) by extension 'ignore'
[0.132s] Level 1:colcon.colcon_core.package_identification:_identify(armos_sim/assets/duman/meshes/grippers/dh_robotics_ag145) by extension 'ignore_ament_install'
[0.132s] Level 1:colcon.colcon_core.package_identification:_identify(armos_sim/assets/duman/meshes/grippers/dh_robotics_ag145) by extensions ['colcon_pkg']
[0.132s] Level 1:colcon.colcon_core.package_identification:_identify(armos_sim/assets/duman/meshes/grippers/dh_robotics_ag145) by extension 'colcon_pkg'
[0.132s] Level 1:colcon.colcon_core.package_identification:_identify(armos_sim/assets/duman/meshes/grippers/dh_robotics_ag145) by extensions ['colcon_meta']
[0.132s] Level 1:colcon.colcon_core.package_identification:_identify(armos_sim/assets/duman/meshes/grippers/dh_robotics_ag145) by extension 'colcon_meta'
[0.132s] Level 1:colcon.colcon_core.package_identification:_identify(armos_sim/assets/duman/meshes/grippers/dh_robotics_ag145) by extensions ['ros']
[0.132s] Level 1:colcon.colcon_core.package_identification:_identify(armos_sim/assets/duman/meshes/grippers/dh_robotics_ag145) by extension 'ros'
[0.132s] Level 1:colcon.colcon_core.package_identification:_identify(armos_sim/assets/duman/meshes/grippers/dh_robotics_ag145) by extensions ['cmake', 'python']
[0.132s] Level 1:colcon.colcon_core.package_identification:_identify(armos_sim/assets/duman/meshes/grippers/dh_robotics_ag145) by extension 'cmake'
[0.132s] Level 1:colcon.colcon_core.package_identification:_identify(armos_sim/assets/duman/meshes/grippers/dh_robotics_ag145) by extension 'python'
[0.132s] Level 1:colcon.colcon_core.package_identification:_identify(armos_sim/assets/duman/meshes/grippers/dh_robotics_ag145) by extensions ['python_setup_py']
[0.132s] Level 1:colcon.colcon_core.package_identification:_identify(armos_sim/assets/duman/meshes/grippers/dh_robotics_ag145) by extension 'python_setup_py'
[0.132s] Level 1:colcon.colcon_core.package_identification:_identify(armos_sim/assets/franka_emika_panda) by extensions ['ignore', 'ignore_ament_install']
[0.132s] Level 1:colcon.colcon_core.package_identification:_identify(armos_sim/assets/franka_emika_panda) by extension 'ignore'
[0.132s] Level 1:colcon.colcon_core.package_identification:_identify(armos_sim/assets/franka_emika_panda) by extension 'ignore_ament_install'
[0.132s] Level 1:colcon.colcon_core.package_identification:_identify(armos_sim/assets/franka_emika_panda) by extensions ['colcon_pkg']
[0.132s] Level 1:colcon.colcon_core.package_identification:_identify(armos_sim/assets/franka_emika_panda) by extension 'colcon_pkg'
[0.132s] Level 1:colcon.colcon_core.package_identification:_identify(armos_sim/assets/franka_emika_panda) by extensions ['colcon_meta']
[0.132s] Level 1:colcon.colcon_core.package_identification:_identify(armos_sim/assets/franka_emika_panda) by extension 'colcon_meta'
[0.132s] Level 1:colcon.colcon_core.package_identification:_identify(armos_sim/assets/franka_emika_panda) by extensions ['ros']
[0.132s] Level 1:colcon.colcon_core.package_identification:_identify(armos_sim/assets/franka_emika_panda) by extension 'ros'
[0.132s] Level 1:colcon.colcon_core.package_identification:_identify(armos_sim/assets/franka_emika_panda) by extensions ['cmake', 'python']
[0.132s] Level 1:colcon.colcon_core.package_identification:_identify(armos_sim/assets/franka_emika_panda) by extension 'cmake'
[0.132s] Level 1:colcon.colcon_core.package_identification:_identify(armos_sim/assets/franka_emika_panda) by extension 'python'
[0.132s] Level 1:colcon.colcon_core.package_identification:_identify(armos_sim/assets/franka_emika_panda) by extensions ['python_setup_py']
[0.132s] Level 1:colcon.colcon_core.package_identification:_identify(armos_sim/assets/franka_emika_panda) by extension 'python_setup_py'
[0.132s] Level 1:colcon.colcon_core.package_identification:_identify(armos_sim/assets/franka_emika_panda/assets) by extensions ['ignore', 'ignore_ament_install']
[0.132s] Level 1:colcon.colcon_core.package_identification:_identify(armos_sim/assets/franka_emika_panda/assets) by extension 'ignore'
[0.132s] Level 1:colcon.colcon_core.package_identification:_identify(armos_sim/assets/franka_emika_panda/assets) by extension 'ignore_ament_install'
[0.132s] Level 1:colcon.colcon_core.package_identification:_identify(armos_sim/assets/franka_emika_panda/assets) by extensions ['colcon_pkg']
[0.132s] Level 1:colcon.colcon_core.package_identification:_identify(armos_sim/assets/franka_emika_panda/assets) by extension 'colcon_pkg'
[0.132s] Level 1:colcon.colcon_core.package_identification:_identify(armos_sim/assets/franka_emika_panda/assets) by extensions ['colcon_meta']
[0.132s] Level 1:colcon.colcon_core.package_identification:_identify(armos_sim/assets/franka_emika_panda/assets) by extension 'colcon_meta'
[0.132s] Level 1:colcon.colcon_core.package_identification:_identify(armos_sim/assets/franka_emika_panda/assets) by extensions ['ros']
[0.132s] Level 1:colcon.colcon_core.package_identification:_identify(armos_sim/assets/franka_emika_panda/assets) by extension 'ros'
[0.132s] Level 1:colcon.colcon_core.package_identification:_identify(armos_sim/assets/franka_emika_panda/assets) by extensions ['cmake', 'python']
[0.132s] Level 1:colcon.colcon_core.package_identification:_identify(armos_sim/assets/franka_emika_panda/assets) by extension 'cmake'
[0.133s] Level 1:colcon.colcon_core.package_identification:_identify(armos_sim/assets/franka_emika_panda/assets) by extension 'python'
[0.133s] Level 1:colcon.colcon_core.package_identification:_identify(armos_sim/assets/franka_emika_panda/assets) by extensions ['python_setup_py']
[0.133s] Level 1:colcon.colcon_core.package_identification:_identify(armos_sim/assets/franka_emika_panda/assets) by extension 'python_setup_py'
[0.133s] Level 1:colcon.colcon_core.package_identification:_identify(armos_sim/examples) by extensions ['ignore', 'ignore_ament_install']
[0.133s] Level 1:colcon.colcon_core.package_identification:_identify(armos_sim/examples) by extension 'ignore'
[0.133s] Level 1:colcon.colcon_core.package_identification:_identify(armos_sim/examples) by extension 'ignore_ament_install'
[0.133s] Level 1:colcon.colcon_core.package_identification:_identify(armos_sim/examples) by extensions ['colcon_pkg']
[0.133s] Level 1:colcon.colcon_core.package_identification:_identify(armos_sim/examples) by extension 'colcon_pkg'
[0.133s] Level 1:colcon.colcon_core.package_identification:_identify(armos_sim/examples) by extensions ['colcon_meta']
[0.133s] Level 1:colcon.colcon_core.package_identification:_identify(armos_sim/examples) by extension 'colcon_meta'
[0.133s] Level 1:colcon.colcon_core.package_identification:_identify(armos_sim/examples) by extensions ['ros']
[0.133s] Level 1:colcon.colcon_core.package_identification:_identify(armos_sim/examples) by extension 'ros'
[0.133s] Level 1:colcon.colcon_core.package_identification:_identify(armos_sim/examples) by extensions ['cmake', 'python']
[0.133s] Level 1:colcon.colcon_core.package_identification:_identify(armos_sim/examples) by extension 'cmake'
[0.133s] Level 1:colcon.colcon_core.package_identification:_identify(armos_sim/examples) by extension 'python'
[0.133s] Level 1:colcon.colcon_core.package_identification:_identify(armos_sim/examples) by extensions ['python_setup_py']
[0.133s] Level 1:colcon.colcon_core.package_identification:_identify(armos_sim/examples) by extension 'python_setup_py'
[0.133s] Level 1:colcon.colcon_core.package_identification:_identify(armos_sim/sim) by extensions ['ignore', 'ignore_ament_install']
[0.133s] Level 1:colcon.colcon_core.package_identification:_identify(armos_sim/sim) by extension 'ignore'
[0.133s] Level 1:colcon.colcon_core.package_identification:_identify(armos_sim/sim) by extension 'ignore_ament_install'
[0.133s] Level 1:colcon.colcon_core.package_identification:_identify(armos_sim/sim) by extensions ['colcon_pkg']
[0.133s] Level 1:colcon.colcon_core.package_identification:_identify(armos_sim/sim) by extension 'colcon_pkg'
[0.133s] Level 1:colcon.colcon_core.package_identification:_identify(armos_sim/sim) by extensions ['colcon_meta']
[0.133s] Level 1:colcon.colcon_core.package_identification:_identify(armos_sim/sim) by extension 'colcon_meta'
[0.133s] Level 1:colcon.colcon_core.package_identification:_identify(armos_sim/sim) by extensions ['ros']
[0.133s] Level 1:colcon.colcon_core.package_identification:_identify(armos_sim/sim) by extension 'ros'
[0.133s] Level 1:colcon.colcon_core.package_identification:_identify(armos_sim/sim) by extensions ['cmake', 'python']
[0.133s] Level 1:colcon.colcon_core.package_identification:_identify(armos_sim/sim) by extension 'cmake'
[0.133s] Level 1:colcon.colcon_core.package_identification:_identify(armos_sim/sim) by extension 'python'
[0.133s] Level 1:colcon.colcon_core.package_identification:_identify(armos_sim/sim) by extensions ['python_setup_py']
[0.133s] Level 1:colcon.colcon_core.package_identification:_identify(armos_sim/sim) by extension 'python_setup_py'
[0.133s] Level 1:colcon.colcon_core.package_identification:_identify(armos_sim/sim/__pycache__) by extensions ['ignore', 'ignore_ament_install']
[0.133s] Level 1:colcon.colcon_core.package_identification:_identify(armos_sim/sim/__pycache__) by extension 'ignore'
[0.133s] Level 1:colcon.colcon_core.package_identification:_identify(armos_sim/sim/__pycache__) by extension 'ignore_ament_install'
[0.133s] Level 1:colcon.colcon_core.package_identification:_identify(armos_sim/sim/__pycache__) by extensions ['colcon_pkg']
[0.133s] Level 1:colcon.colcon_core.package_identification:_identify(armos_sim/sim/__pycache__) by extension 'colcon_pkg'
[0.133s] Level 1:colcon.colcon_core.package_identification:_identify(armos_sim/sim/__pycache__) by extensions ['colcon_meta']
[0.133s] Level 1:colcon.colcon_core.package_identification:_identify(armos_sim/sim/__pycache__) by extension 'colcon_meta'
[0.133s] Level 1:colcon.colcon_core.package_identification:_identify(armos_sim/sim/__pycache__) by extensions ['ros']
[0.133s] Level 1:colcon.colcon_core.package_identification:_identify(armos_sim/sim/__pycache__) by extension 'ros'
[0.134s] Level 1:colcon.colcon_core.package_identification:_identify(armos_sim/sim/__pycache__) by extensions ['cmake', 'python']
[0.134s] Level 1:colcon.colcon_core.package_identification:_identify(armos_sim/sim/__pycache__) by extension 'cmake'
[0.134s] Level 1:colcon.colcon_core.package_identification:_identify(armos_sim/sim/__pycache__) by extension 'python'
[0.134s] Level 1:colcon.colcon_core.package_identification:_identify(armos_sim/sim/__pycache__) by extensions ['python_setup_py']
[0.134s] Level 1:colcon.colcon_core.package_identification:_identify(armos_sim/sim/__pycache__) by extension 'python_setup_py'
[0.134s] Level 1:colcon.colcon_core.package_identification:_identify(build) by extensions ['ignore', 'ignore_ament_install']
[0.134s] Level 1:colcon.colcon_core.package_identification:_identify(build) by extension 'ignore'
[0.134s] Level 1:colcon.colcon_core.package_identification:_identify(build) ignored
[0.134s] Level 1:colcon.colcon_core.package_identification:_identify(install) by extensions ['ignore', 'ignore_ament_install']
[0.134s] Level 1:colcon.colcon_core.package_identification:_identify(install) by extension 'ignore'
[0.134s] Level 1:colcon.colcon_core.package_identification:_identify(install) ignored
[0.134s] Level 1:colcon.colcon_core.package_identification:_identify(log) by extensions ['ignore', 'ignore_ament_install']
[0.134s] Level 1:colcon.colcon_core.package_identification:_identify(log) by extension 'ignore'
[0.134s] Level 1:colcon.colcon_core.package_identification:_identify(log) ignored
[0.134s] Level 1:colcon.colcon_core.package_identification:_identify(robot_kinematics) by extensions ['ignore', 'ignore_ament_install']
[0.134s] Level 1:colcon.colcon_core.package_identification:_identify(robot_kinematics) by extension 'ignore'
[0.134s] Level 1:colcon.colcon_core.package_identification:_identify(robot_kinematics) by extension 'ignore_ament_install'
[0.134s] Level 1:colcon.colcon_core.package_identification:_identify(robot_kinematics) by extensions ['colcon_pkg']
[0.134s] Level 1:colcon.colcon_core.package_identification:_identify(robot_kinematics) by extension 'colcon_pkg'
[0.134s] Level 1:colcon.colcon_core.package_identification:_identify(robot_kinematics) by extensions ['colcon_meta']
[0.134s] Level 1:colcon.colcon_core.package_identification:_identify(robot_kinematics) by extension 'colcon_meta'
[0.134s] Level 1:colcon.colcon_core.package_identification:_identify(robot_kinematics) by extensions ['ros']
[0.134s] Level 1:colcon.colcon_core.package_identification:_identify(robot_kinematics) by extension 'ros'
[0.134s] Level 1:colcon.colcon_core.package_identification:_identify(robot_kinematics) by extensions ['cmake', 'python']
[0.134s] Level 1:colcon.colcon_core.package_identification:_identify(robot_kinematics) by extension 'cmake'
[0.134s] Level 1:colcon.colcon_core.package_identification:_identify(robot_kinematics) by extension 'python'
[0.134s] Level 1:colcon.colcon_core.package_identification:_identify(robot_kinematics) by extensions ['python_setup_py']
[0.134s] Level 1:colcon.colcon_core.package_identification:_identify(robot_kinematics) by extension 'python_setup_py'
[0.134s] Level 1:colcon.colcon_core.package_identification:_identify(robot_kinematics/controller) by extensions ['ignore', 'ignore_ament_install']
[0.134s] Level 1:colcon.colcon_core.package_identification:_identify(robot_kinematics/controller) by extension 'ignore'
[0.134s] Level 1:colcon.colcon_core.package_identification:_identify(robot_kinematics/controller) by extension 'ignore_ament_install'
[0.134s] Level 1:colcon.colcon_core.package_identification:_identify(robot_kinematics/controller) by extensions ['colcon_pkg']
[0.134s] Level 1:colcon.colcon_core.package_identification:_identify(robot_kinematics/controller) by extension 'colcon_pkg'
[0.135s] Level 1:colcon.colcon_core.package_identification:_identify(robot_kinematics/controller) by extensions ['colcon_meta']
[0.135s] Level 1:colcon.colcon_core.package_identification:_identify(robot_kinematics/controller) by extension 'colcon_meta'
[0.135s] Level 1:colcon.colcon_core.package_identification:_identify(robot_kinematics/controller) by extensions ['ros']
[0.135s] Level 1:colcon.colcon_core.package_identification:_identify(robot_kinematics/controller) by extension 'ros'
[0.135s] Level 1:colcon.colcon_core.package_identification:_identify(robot_kinematics/controller) by extensions ['cmake', 'python']
[0.135s] Level 1:colcon.colcon_core.package_identification:_identify(robot_kinematics/controller) by extension 'cmake'
[0.135s] Level 1:colcon.colcon_core.package_identification:_identify(robot_kinematics/controller) by extension 'python'
[0.135s] Level 1:colcon.colcon_core.package_identification:_identify(robot_kinematics/controller) by extensions ['python_setup_py']
[0.135s] Level 1:colcon.colcon_core.package_identification:_identify(robot_kinematics/controller) by extension 'python_setup_py'
[0.135s] Level 1:colcon.colcon_core.package_identification:_identify(robot_kinematics/kinematics) by extensions ['ignore', 'ignore_ament_install']
[0.135s] Level 1:colcon.colcon_core.package_identification:_identify(robot_kinematics/kinematics) by extension 'ignore'
[0.135s] Level 1:colcon.colcon_core.package_identification:_identify(robot_kinematics/kinematics) by extension 'ignore_ament_install'
[0.135s] Level 1:colcon.colcon_core.package_identification:_identify(robot_kinematics/kinematics) by extensions ['colcon_pkg']
[0.135s] Level 1:colcon.colcon_core.package_identification:_identify(robot_kinematics/kinematics) by extension 'colcon_pkg'
[0.135s] Level 1:colcon.colcon_core.package_identification:_identify(robot_kinematics/kinematics) by extensions ['colcon_meta']
[0.135s] Level 1:colcon.colcon_core.package_identification:_identify(robot_kinematics/kinematics) by extension 'colcon_meta'
[0.135s] Level 1:colcon.colcon_core.package_identification:_identify(robot_kinematics/kinematics) by extensions ['ros']
[0.135s] Level 1:colcon.colcon_core.package_identification:_identify(robot_kinematics/kinematics) by extension 'ros'
[0.135s] Level 1:colcon.colcon_core.package_identification:_identify(robot_kinematics/kinematics) by extensions ['cmake', 'python']
[0.135s] Level 1:colcon.colcon_core.package_identification:_identify(robot_kinematics/kinematics) by extension 'cmake'
[0.135s] Level 1:colcon.colcon_core.package_identification:_identify(robot_kinematics/kinematics) by extension 'python'
[0.135s] Level 1:colcon.colcon_core.package_identification:_identify(robot_kinematics/kinematics) by extensions ['python_setup_py']
[0.135s] Level 1:colcon.colcon_core.package_identification:_identify(robot_kinematics/kinematics) by extension 'python_setup_py'
[0.135s] Level 1:colcon.colcon_core.package_identification:_identify(robot_kinematics/manyplot) by extensions ['ignore', 'ignore_ament_install']
[0.135s] Level 1:colcon.colcon_core.package_identification:_identify(robot_kinematics/manyplot) by extension 'ignore'
[0.135s] Level 1:colcon.colcon_core.package_identification:_identify(robot_kinematics/manyplot) by extension 'ignore_ament_install'
[0.135s] Level 1:colcon.colcon_core.package_identification:_identify(robot_kinematics/manyplot) by extensions ['colcon_pkg']
[0.135s] Level 1:colcon.colcon_core.package_identification:_identify(robot_kinematics/manyplot) by extension 'colcon_pkg'
[0.135s] Level 1:colcon.colcon_core.package_identification:_identify(robot_kinematics/manyplot) by extensions ['colcon_meta']
[0.135s] Level 1:colcon.colcon_core.package_identification:_identify(robot_kinematics/manyplot) by extension 'colcon_meta'
[0.135s] Level 1:colcon.colcon_core.package_identification:_identify(robot_kinematics/manyplot) by extensions ['ros']
[0.135s] Level 1:colcon.colcon_core.package_identification:_identify(robot_kinematics/manyplot) by extension 'ros'
[0.135s] Level 1:colcon.colcon_core.package_identification:_identify(robot_kinematics/manyplot) by extensions ['cmake', 'python']
[0.135s] Level 1:colcon.colcon_core.package_identification:_identify(robot_kinematics/manyplot) by extension 'cmake'
[0.135s] Level 1:colcon.colcon_core.package_identification:_identify(robot_kinematics/manyplot) by extension 'python'
[0.135s] Level 1:colcon.colcon_core.package_identification:_identify(robot_kinematics/manyplot) by extensions ['python_setup_py']
[0.135s] Level 1:colcon.colcon_core.package_identification:_identify(robot_kinematics/manyplot) by extension 'python_setup_py'
[0.135s] Level 1:colcon.colcon_core.package_identification:_identify(robot_kinematics/manyplot/__pycache__) by extensions ['ignore', 'ignore_ament_install']
[0.135s] Level 1:colcon.colcon_core.package_identification:_identify(robot_kinematics/manyplot/__pycache__) by extension 'ignore'
[0.136s] Level 1:colcon.colcon_core.package_identification:_identify(robot_kinematics/manyplot/__pycache__) by extension 'ignore_ament_install'
[0.136s] Level 1:colcon.colcon_core.package_identification:_identify(robot_kinematics/manyplot/__pycache__) by extensions ['colcon_pkg']
[0.136s] Level 1:colcon.colcon_core.package_identification:_identify(robot_kinematics/manyplot/__pycache__) by extension 'colcon_pkg'
[0.136s] Level 1:colcon.colcon_core.package_identification:_identify(robot_kinematics/manyplot/__pycache__) by extensions ['colcon_meta']
[0.136s] Level 1:colcon.colcon_core.package_identification:_identify(robot_kinematics/manyplot/__pycache__) by extension 'colcon_meta'
[0.136s] Level 1:colcon.colcon_core.package_identification:_identify(robot_kinematics/manyplot/__pycache__) by extensions ['ros']
[0.136s] Level 1:colcon.colcon_core.package_identification:_identify(robot_kinematics/manyplot/__pycache__) by extension 'ros'
[0.136s] Level 1:colcon.colcon_core.package_identification:_identify(robot_kinematics/manyplot/__pycache__) by extensions ['cmake', 'python']
[0.136s] Level 1:colcon.colcon_core.package_identification:_identify(robot_kinematics/manyplot/__pycache__) by extension 'cmake'
[0.136s] Level 1:colcon.colcon_core.package_identification:_identify(robot_kinematics/manyplot/__pycache__) by extension 'python'
[0.136s] Level 1:colcon.colcon_core.package_identification:_identify(robot_kinematics/manyplot/__pycache__) by extensions ['python_setup_py']
[0.136s] Level 1:colcon.colcon_core.package_identification:_identify(robot_kinematics/manyplot/__pycache__) by extension 'python_setup_py'
[0.136s] Level 1:colcon.colcon_core.package_identification:_identify(robot_kinematics/trajectory) by extensions ['ignore', 'ignore_ament_install']
[0.136s] Level 1:colcon.colcon_core.package_identification:_identify(robot_kinematics/trajectory) by extension 'ignore'
[0.136s] Level 1:colcon.colcon_core.package_identification:_identify(robot_kinematics/trajectory) by extension 'ignore_ament_install'
[0.136s] Level 1:colcon.colcon_core.package_identification:_identify(robot_kinematics/trajectory) by extensions ['colcon_pkg']
[0.136s] Level 1:colcon.colcon_core.package_identification:_identify(robot_kinematics/trajectory) by extension 'colcon_pkg'
[0.136s] Level 1:colcon.colcon_core.package_identification:_identify(robot_kinematics/trajectory) by extensions ['colcon_meta']
[0.136s] Level 1:colcon.colcon_core.package_identification:_identify(robot_kinematics/trajectory) by extension 'colcon_meta'
[0.136s] Level 1:colcon.colcon_core.package_identification:_identify(robot_kinematics/trajectory) by extensions ['ros']
[0.136s] Level 1:colcon.colcon_core.package_identification:_identify(robot_kinematics/trajectory) by extension 'ros'
[0.136s] Level 1:colcon.colcon_core.package_identification:_identify(robot_kinematics/trajectory) by extensions ['cmake', 'python']
[0.136s] Level 1:colcon.colcon_core.package_identification:_identify(robot_kinematics/trajectory) by extension 'cmake'
[0.136s] Level 1:colcon.colcon_core.package_identification:_identify(robot_kinematics/trajectory) by extension 'python'
[0.136s] Level 1:colcon.colcon_core.package_identification:_identify(robot_kinematics/trajectory) by extensions ['python_setup_py']
[0.136s] Level 1:colcon.colcon_core.package_identification:_identify(robot_kinematics/trajectory) by extension 'python_setup_py'
[0.136s] Level 1:colcon.colcon_core.package_discovery:discover_packages(recursive) using defaults
[0.136s] Level 1:colcon.colcon_core.package_discovery:discover_packages(ignore) discover
[0.136s] Level 1:colcon.colcon_core.package_discovery:discover_packages(ignore) using defaults
[0.136s] Level 1:colcon.colcon_core.package_discovery:discover_packages(path) discover
[0.136s] Level 1:colcon.colcon_core.package_discovery:discover_packages(path) using defaults
[0.149s] Level 1:colcon.colcon_core.package_discovery:discover_packages(prefix_path) check parameters
[0.149s] Level 1:colcon.colcon_core.package_discovery:discover_packages(prefix_path) discover
[0.150s] DEBUG:colcon.colcon_installed_package_information.package_discovery:Found 2 installed packages in /home/krishnapranav/mj_manipulation/mujoco_manipulation/install
[0.151s] DEBUG:colcon.colcon_installed_package_information.package_discovery:Found 3 installed packages in /home/krishnapranav/microros_ws/install
[0.152s] DEBUG:colcon.colcon_installed_package_information.package_discovery:Found 495 installed packages in /opt/ros/humble
[0.153s] Level 1:colcon.colcon_core.package_discovery:discover_packages(prefix_path) using defaults
[0.194s] Level 5:colcon.colcon_core.verb:set package 'armos_control' build argument 'cmake_args' from command line to 'None'
[0.194s] Level 5:colcon.colcon_core.verb:set package 'armos_control' build argument 'cmake_target' from command line to 'None'
[0.194s] Level 5:colcon.colcon_core.verb:set package 'armos_control' build argument 'cmake_target_skip_unavailable' from command line to 'False'
[0.194s] Level 5:colcon.colcon_core.verb:set package 'armos_control' build argument 'cmake_clean_cache' from command line to 'False'
[0.194s] Level 5:colcon.colcon_core.verb:set package 'armos_control' build argument 'cmake_clean_first' from command line to 'False'
[0.194s] Level 5:colcon.colcon_core.verb:set package 'armos_control' build argument 'cmake_force_configure' from command line to 'False'
[0.194s] Level 5:colcon.colcon_core.verb:set package 'armos_control' build argument 'ament_cmake_args' from command line to 'None'
[0.194s] Level 5:colcon.colcon_core.verb:set package 'armos_control' build argument 'catkin_cmake_args' from command line to 'None'
[0.194s] Level 5:colcon.colcon_core.verb:set package 'armos_control' build argument 'catkin_skip_building_tests' from command line to 'False'
[0.194s] DEBUG:colcon.colcon_core.verb:Building package 'armos_control' with the following arguments: {'ament_cmake_args': None, 'build_base': '/home/krishnapranav/mj_manipulation/mujoco_manipulation/build/armos_control', 'catkin_cmake_args': None, 'catkin_skip_building_tests': False, 'cmake_args': None, 'cmake_clean_cache': False, 'cmake_clean_first': False, 'cmake_force_configure': False, 'cmake_target': None, 'cmake_target_skip_unavailable': False, 'install_base': '/home/krishnapranav/mj_manipulation/mujoco_manipulation/install/armos_control', 'merge_install': False, 'path': '/home/krishnapranav/mj_manipulation/mujoco_manipulation/armos_ros2/pkgs/armos_control', 'symlink_install': False, 'test_result_base': None}
[0.195s] Level 5:colcon.colcon_core.verb:set package 'armos_interfaces' build argument 'cmake_args' from command line to 'None'
[0.195s] Level 5:colcon.colcon_core.verb:set package 'armos_interfaces' build argument 'cmake_target' from command line to 'None'
[0.195s] Level 5:colcon.colcon_core.verb:set package 'armos_interfaces' build argument 'cmake_target_skip_unavailable' from command line to 'False'
[0.195s] Level 5:colcon.colcon_core.verb:set package 'armos_interfaces' build argument 'cmake_clean_cache' from command line to 'False'
[0.195s] Level 5:colcon.colcon_core.verb:set package 'armos_interfaces' build argument 'cmake_clean_first' from command line to 'False'
[0.195s] Level 5:colcon.colcon_core.verb:set package 'armos_interfaces' build argument 'cmake_force_configure' from command line to 'False'
[0.195s] Level 5:colcon.colcon_core.verb:set package 'armos_interfaces' build argument 'ament_cmake_args' from command line to 'None'
[0.195s] Level 5:colcon.colcon_core.verb:set package 'armos_interfaces' build argument 'catkin_cmake_args' from command line to 'None'
[0.195s] Level 5:colcon.colcon_core.verb:set package 'armos_interfaces' build argument 'catkin_skip_building_tests' from command line to 'False'
[0.195s] DEBUG:colcon.colcon_core.verb:Building package 'armos_interfaces' with the following arguments: {'ament_cmake_args': None, 'build_base': '/home/krishnapranav/mj_manipulation/mujoco_manipulation/build/armos_interfaces', 'catkin_cmake_args': None, 'catkin_skip_building_tests': False, 'cmake_args': None, 'cmake_clean_cache': False, 'cmake_clean_first': False, 'cmake_force_configure': False, 'cmake_target': None, 'cmake_target_skip_unavailable': False, 'install_base': '/home/krishnapranav/mj_manipulation/mujoco_manipulation/install/armos_interfaces', 'merge_install': False, 'path': '/home/krishnapranav/mj_manipulation/mujoco_manipulation/armos_ros2/pkgs/armos_interfaces', 'symlink_install': False, 'test_result_base': None}
[0.195s] INFO:colcon.colcon_core.executor:Executing jobs using 'parallel' executor
[0.196s] DEBUG:colcon.colcon_parallel_executor.executor.parallel:run_until_complete
[0.196s] INFO:colcon.colcon_ros.task.ament_cmake.build:Building ROS package in '/home/krishnapranav/mj_manipulation/mujoco_manipulation/armos_ros2/pkgs/armos_control' with build type 'ament_cmake'
[0.196s] INFO:colcon.colcon_cmake.task.cmake.build:Building CMake package in '/home/krishnapranav/mj_manipulation/mujoco_manipulation/armos_ros2/pkgs/armos_control'
[0.197s] INFO:colcon.colcon_core.plugin_system:Skipping extension 'colcon_core.shell.bat': Not used on non-Windows systems
[0.197s] INFO:colcon.colcon_core.shell:Skip shell extension 'powershell' for command environment: Not usable outside of PowerShell
[0.198s] DEBUG:colcon.colcon_core.shell:Skip shell extension 'dsv' for command environment
[0.200s] INFO:colcon.colcon_ros.task.ament_cmake.build:Building ROS package in '/home/krishnapranav/mj_manipulation/mujoco_manipulation/armos_ros2/pkgs/armos_interfaces' with build type 'ament_cmake'
[0.200s] INFO:colcon.colcon_cmake.task.cmake.build:Building CMake package in '/home/krishnapranav/mj_manipulation/mujoco_manipulation/armos_ros2/pkgs/armos_interfaces'
[0.200s] INFO:colcon.colcon_core.shell:Skip shell extension 'powershell' for command environment: Not usable outside of PowerShell
[0.201s] DEBUG:colcon.colcon_core.shell:Skip shell extension 'dsv' for command environment
[0.207s] DEBUG:colcon.colcon_core.event_handler.log_command:Invoking command in '/home/krishnapranav/mj_manipulation/mujoco_manipulation/build/armos_control': CMAKE_PREFIX_PATH=${CMAKE_PREFIX_PATH}:/opt/ros/humble PS1=(armos) \[\e]0;\u@\h: \w\a\]${debian_chroot:+($debian_chroot)}\[\033[01;32m\]\u@\h\[\033[00m\]:\[\033[01;34m\]\w\[\033[00m\]\$ VIRTUAL_ENV_PROMPT=(armos) /usr/bin/cmake --build /home/krishnapranav/mj_manipulation/mujoco_manipulation/build/armos_control -- -j12 -l12
[0.209s] DEBUG:colcon.colcon_core.event_handler.log_command:Invoking command in '/home/krishnapranav/mj_manipulation/mujoco_manipulation/build/armos_interfaces': CMAKE_PREFIX_PATH=${CMAKE_PREFIX_PATH}:/opt/ros/humble PS1=(armos) \[\e]0;\u@\h: \w\a\]${debian_chroot:+($debian_chroot)}\[\033[01;32m\]\u@\h\[\033[00m\]:\[\033[01;34m\]\w\[\033[00m\]\$ VIRTUAL_ENV_PROMPT=(armos) /usr/bin/cmake --build /home/krishnapranav/mj_manipulation/mujoco_manipulation/build/armos_interfaces -- -j12 -l12
[0.225s] DEBUG:colcon.colcon_core.event_handler.log_command:Invoked command in '/home/krishnapranav/mj_manipulation/mujoco_manipulation/build/armos_control' returned '0': CMAKE_PREFIX_PATH=${CMAKE_PREFIX_PATH}:/opt/ros/humble PS1=(armos) \[\e]0;\u@\h: \w\a\]${debian_chroot:+($debian_chroot)}\[\033[01;32m\]\u@\h\[\033[00m\]:\[\033[01;34m\]\w\[\033[00m\]\$ VIRTUAL_ENV_PROMPT=(armos) /usr/bin/cmake --build /home/krishnapranav/mj_manipulation/mujoco_manipulation/build/armos_control -- -j12 -l12
[0.232s] DEBUG:colcon.colcon_core.event_handler.log_command:Invoking command in '/home/krishnapranav/mj_manipulation/mujoco_manipulation/build/armos_control': CMAKE_PREFIX_PATH=${CMAKE_PREFIX_PATH}:/opt/ros/humble PS1=(armos) \[\e]0;\u@\h: \w\a\]${debian_chroot:+($debian_chroot)}\[\033[01;32m\]\u@\h\[\033[00m\]:\[\033[01;34m\]\w\[\033[00m\]\$ VIRTUAL_ENV_PROMPT=(armos) /usr/bin/cmake --install /home/krishnapranav/mj_manipulation/mujoco_manipulation/build/armos_control
[0.238s] Level 1:colcon.colcon_core.environment:create_environment_scripts_only(armos_control)
[0.241s] DEBUG:colcon.colcon_core.event_handler.log_command:Invoked command in '/home/krishnapranav/mj_manipulation/mujoco_manipulation/build/armos_control' returned '0': CMAKE_PREFIX_PATH=${CMAKE_PREFIX_PATH}:/opt/ros/humble PS1=(armos) \[\e]0;\u@\h: \w\a\]${debian_chroot:+($debian_chroot)}\[\033[01;32m\]\u@\h\[\033[00m\]:\[\033[01;34m\]\w\[\033[00m\]\$ VIRTUAL_ENV_PROMPT=(armos) /usr/bin/cmake --install /home/krishnapranav/mj_manipulation/mujoco_manipulation/build/armos_control
[0.246s] Level 1:colcon.colcon_core.environment:checking '/home/krishnapranav/mj_manipulation/mujoco_manipulation/install/armos_control' for CMake module files
[0.248s] Level 1:colcon.colcon_core.environment:checking '/home/krishnapranav/mj_manipulation/mujoco_manipulation/install/armos_control' for CMake config files
[0.248s] Level 1:colcon.colcon_core.shell:create_environment_hook('armos_control', 'cmake_prefix_path')
[0.249s] INFO:colcon.colcon_core.shell:Creating environment hook '/home/krishnapranav/mj_manipulation/mujoco_manipulation/install/armos_control/share/armos_control/hook/cmake_prefix_path.ps1'
[0.251s] INFO:colcon.colcon_core.shell:Creating environment descriptor '/home/krishnapranav/mj_manipulation/mujoco_manipulation/install/armos_control/share/armos_control/hook/cmake_prefix_path.dsv'
[0.252s] INFO:colcon.colcon_core.shell:Creating environment hook '/home/krishnapranav/mj_manipulation/mujoco_manipulation/install/armos_control/share/armos_control/hook/cmake_prefix_path.sh'
[0.254s] Level 1:colcon.colcon_core.environment:checking '/home/krishnapranav/mj_manipulation/mujoco_manipulation/install/armos_control/lib'
[0.254s] Level 1:colcon.colcon_core.environment:checking '/home/krishnapranav/mj_manipulation/mujoco_manipulation/install/armos_control/bin'
[0.254s] Level 1:colcon.colcon_core.environment:checking '/home/krishnapranav/mj_manipulation/mujoco_manipulation/install/armos_control/lib/pkgconfig/armos_control.pc'
[0.255s] Level 1:colcon.colcon_core.environment:checking '/home/krishnapranav/mj_manipulation/mujoco_manipulation/install/armos_control/lib/python3.10/site-packages'
[0.255s] Level 1:colcon.colcon_core.environment:checking '/home/krishnapranav/mj_manipulation/mujoco_manipulation/install/armos_control/bin'
[0.256s] INFO:colcon.colcon_core.shell:Creating package script '/home/krishnapranav/mj_manipulation/mujoco_manipulation/install/armos_control/share/armos_control/package.ps1'
[0.258s] INFO:colcon.colcon_core.shell:Creating package descriptor '/home/krishnapranav/mj_manipulation/mujoco_manipulation/install/armos_control/share/armos_control/package.dsv'
[0.260s] INFO:colcon.colcon_core.shell:Creating package script '/home/krishnapranav/mj_manipulation/mujoco_manipulation/install/armos_control/share/armos_control/package.sh'
[0.261s] INFO:colcon.colcon_core.shell:Creating package script '/home/krishnapranav/mj_manipulation/mujoco_manipulation/install/armos_control/share/armos_control/package.bash'
[0.263s] INFO:colcon.colcon_core.shell:Creating package script '/home/krishnapranav/mj_manipulation/mujoco_manipulation/install/armos_control/share/armos_control/package.zsh'
[0.264s] Level 1:colcon.colcon_core.environment:create_file_with_runtime_dependencies(/home/krishnapranav/mj_manipulation/mujoco_manipulation/install/armos_control/share/colcon-core/packages/armos_control)
[0.265s] Level 1:colcon.colcon_core.environment:create_environment_scripts_only(armos_control)
[0.266s] Level 1:colcon.colcon_core.environment:checking '/home/krishnapranav/mj_manipulation/mujoco_manipulation/install/armos_control' for CMake module files
[0.267s] Level 1:colcon.colcon_core.environment:checking '/home/krishnapranav/mj_manipulation/mujoco_manipulation/install/armos_control' for CMake config files
[0.268s] Level 1:colcon.colcon_core.shell:create_environment_hook('armos_control', 'cmake_prefix_path')
[0.269s] INFO:colcon.colcon_core.shell:Creating environment hook '/home/krishnapranav/mj_manipulation/mujoco_manipulation/install/armos_control/share/armos_control/hook/cmake_prefix_path.ps1'
[0.269s] INFO:colcon.colcon_core.shell:Creating environment descriptor '/home/krishnapranav/mj_manipulation/mujoco_manipulation/install/armos_control/share/armos_control/hook/cmake_prefix_path.dsv'
[0.270s] INFO:colcon.colcon_core.shell:Creating environment hook '/home/krishnapranav/mj_manipulation/mujoco_manipulation/install/armos_control/share/armos_control/hook/cmake_prefix_path.sh'
[0.271s] Level 1:colcon.colcon_core.environment:checking '/home/krishnapranav/mj_manipulation/mujoco_manipulation/install/armos_control/lib'
[0.271s] Level 1:colcon.colcon_core.environment:checking '/home/krishnapranav/mj_manipulation/mujoco_manipulation/install/armos_control/bin'
[0.271s] Level 1:colcon.colcon_core.environment:checking '/home/krishnapranav/mj_manipulation/mujoco_manipulation/install/armos_control/lib/pkgconfig/armos_control.pc'
[0.271s] Level 1:colcon.colcon_core.environment:checking '/home/krishnapranav/mj_manipulation/mujoco_manipulation/install/armos_control/lib/python3.10/site-packages'
[0.271s] Level 1:colcon.colcon_core.environment:checking '/home/krishnapranav/mj_manipulation/mujoco_manipulation/install/armos_control/bin'
[0.272s] INFO:colcon.colcon_core.shell:Creating package script '/home/krishnapranav/mj_manipulation/mujoco_manipulation/install/armos_control/share/armos_control/package.ps1'
[0.272s] INFO:colcon.colcon_core.shell:Creating package descriptor '/home/krishnapranav/mj_manipulation/mujoco_manipulation/install/armos_control/share/armos_control/package.dsv'
[0.273s] INFO:colcon.colcon_core.shell:Creating package script '/home/krishnapranav/mj_manipulation/mujoco_manipulation/install/armos_control/share/armos_control/package.sh'
[0.273s] INFO:colcon.colcon_core.shell:Creating package script '/home/krishnapranav/mj_manipulation/mujoco_manipulation/install/armos_control/share/armos_control/package.bash'
[0.274s] INFO:colcon.colcon_core.shell:Creating package script '/home/krishnapranav/mj_manipulation/mujoco_manipulation/install/armos_control/share/armos_control/package.zsh'
[0.274s] Level 1:colcon.colcon_core.environment:create_file_with_runtime_dependencies(/home/krishnapranav/mj_manipulation/mujoco_manipulation/install/armos_control/share/colcon-core/packages/armos_control)
[0.538s] DEBUG:colcon.colcon_core.event_handler.log_command:Invoked command in '/home/krishnapranav/mj_manipulation/mujoco_manipulation/build/armos_interfaces' returned '0': CMAKE_PREFIX_PATH=${CMAKE_PREFIX_PATH}:/opt/ros/humble PS1=(armos) \[\e]0;\u@\h: \w\a\]${debian_chroot:+($debian_chroot)}\[\033[01;32m\]\u@\h\[\033[00m\]:\[\033[01;34m\]\w\[\033[00m\]\$ VIRTUAL_ENV_PROMPT=(armos) /usr/bin/cmake --build /home/krishnapranav/mj_manipulation/mujoco_manipulation/build/armos_interfaces -- -j12 -l12
[0.541s] DEBUG:colcon.colcon_core.event_handler.log_command:Invoking command in '/home/krishnapranav/mj_manipulation/mujoco_manipulation/build/armos_interfaces': CMAKE_PREFIX_PATH=${CMAKE_PREFIX_PATH}:/opt/ros/humble PS1=(armos) \[\e]0;\u@\h: \w\a\]${debian_chroot:+($debian_chroot)}\[\033[01;32m\]\u@\h\[\033[00m\]:\[\033[01;34m\]\w\[\033[00m\]\$ VIRTUAL_ENV_PROMPT=(armos) /usr/bin/cmake --install /home/krishnapranav/mj_manipulation/mujoco_manipulation/build/armos_interfaces
[0.588s] Level 1:colcon.colcon_core.environment:create_environment_scripts_only(armos_interfaces)
[0.589s] Level 1:colcon.colcon_core.environment:checking '/home/krishnapranav/mj_manipulation/mujoco_manipulation/install/armos_interfaces' for CMake module files
[0.590s] Level 1:colcon.colcon_core.environment:checking '/home/krishnapranav/mj_manipulation/mujoco_manipulation/install/armos_interfaces' for CMake config files
[0.594s] DEBUG:colcon.colcon_core.event_handler.log_command:Invoked command in '/home/krishnapranav/mj_manipulation/mujoco_manipulation/build/armos_interfaces' returned '0': CMAKE_PREFIX_PATH=${CMAKE_PREFIX_PATH}:/opt/ros/humble PS1=(armos) \[\e]0;\u@\h: \w\a\]${debian_chroot:+($debian_chroot)}\[\033[01;32m\]\u@\h\[\033[00m\]:\[\033[01;34m\]\w\[\033[00m\]\$ VIRTUAL_ENV_PROMPT=(armos) /usr/bin/cmake --install /home/krishnapranav/mj_manipulation/mujoco_manipulation/build/armos_interfaces
[0.594s] Level 1:colcon.colcon_core.shell:create_environment_hook('armos_interfaces', 'cmake_prefix_path')
[0.595s] INFO:colcon.colcon_core.shell:Creating environment hook '/home/krishnapranav/mj_manipulation/mujoco_manipulation/install/armos_interfaces/share/armos_interfaces/hook/cmake_prefix_path.ps1'
[0.595s] INFO:colcon.colcon_core.shell:Creating environment descriptor '/home/krishnapranav/mj_manipulation/mujoco_manipulation/install/armos_interfaces/share/armos_interfaces/hook/cmake_prefix_path.dsv'
[0.596s] INFO:colcon.colcon_core.shell:Creating environment hook '/home/krishnapranav/mj_manipulation/mujoco_manipulation/install/armos_interfaces/share/armos_interfaces/hook/cmake_prefix_path.sh'
[0.597s] Level 1:colcon.colcon_core.environment:checking '/home/krishnapranav/mj_manipulation/mujoco_manipulation/install/armos_interfaces/lib'
[0.597s] Level 1:colcon.colcon_core.shell:create_environment_hook('armos_interfaces', 'ld_library_path_lib')
[0.597s] INFO:colcon.colcon_core.shell:Creating environment hook '/home/krishnapranav/mj_manipulation/mujoco_manipulation/install/armos_interfaces/share/armos_interfaces/hook/ld_library_path_lib.ps1'
[0.597s] INFO:colcon.colcon_core.shell:Creating environment descriptor '/home/krishnapranav/mj_manipulation/mujoco_manipulation/install/armos_interfaces/share/armos_interfaces/hook/ld_library_path_lib.dsv'
[0.597s] INFO:colcon.colcon_core.shell:Creating environment hook '/home/krishnapranav/mj_manipulation/mujoco_manipulation/install/armos_interfaces/share/armos_interfaces/hook/ld_library_path_lib.sh'
[0.597s] Level 1:colcon.colcon_core.environment:checking '/home/krishnapranav/mj_manipulation/mujoco_manipulation/install/armos_interfaces/bin'
[0.597s] Level 1:colcon.colcon_core.environment:checking '/home/krishnapranav/mj_manipulation/mujoco_manipulation/install/armos_interfaces/lib/pkgconfig/armos_interfaces.pc'
[0.598s] Level 1:colcon.colcon_core.environment:checking '/home/krishnapranav/mj_manipulation/mujoco_manipulation/install/armos_interfaces/lib/python3.10/site-packages'
[0.598s] Level 1:colcon.colcon_core.shell:create_environment_hook('armos_interfaces', 'pythonpath')
[0.598s] INFO:colcon.colcon_core.shell:Creating environment hook '/home/krishnapranav/mj_manipulation/mujoco_manipulation/install/armos_interfaces/share/armos_interfaces/hook/pythonpath.ps1'
[0.598s] INFO:colcon.colcon_core.shell:Creating environment descriptor '/home/krishnapranav/mj_manipulation/mujoco_manipulation/install/armos_interfaces/share/armos_interfaces/hook/pythonpath.dsv'
[0.598s] INFO:colcon.colcon_core.shell:Creating environment hook '/home/krishnapranav/mj_manipulation/mujoco_manipulation/install/armos_interfaces/share/armos_interfaces/hook/pythonpath.sh'
[0.598s] Level 1:colcon.colcon_core.environment:checking '/home/krishnapranav/mj_manipulation/mujoco_manipulation/install/armos_interfaces/bin'
[0.599s] INFO:colcon.colcon_core.shell:Creating package script '/home/krishnapranav/mj_manipulation/mujoco_manipulation/install/armos_interfaces/share/armos_interfaces/package.ps1'
[0.599s] INFO:colcon.colcon_core.shell:Creating package descriptor '/home/krishnapranav/mj_manipulation/mujoco_manipulation/install/armos_interfaces/share/armos_interfaces/package.dsv'
[0.599s] INFO:colcon.colcon_core.shell:Creating package script '/home/krishnapranav/mj_manipulation/mujoco_manipulation/install/armos_interfaces/share/armos_interfaces/package.sh'
[0.599s] INFO:colcon.colcon_core.shell:Creating package script '/home/krishnapranav/mj_manipulation/mujoco_manipulation/install/armos_interfaces/share/armos_interfaces/package.bash'
[0.600s] INFO:colcon.colcon_core.shell:Creating package script '/home/krishnapranav/mj_manipulation/mujoco_manipulation/install/armos_interfaces/share/armos_interfaces/package.zsh'
[0.600s] Level 1:colcon.colcon_core.environment:create_file_with_runtime_dependencies(/home/krishnapranav/mj_manipulation/mujoco_manipulation/install/armos_interfaces/share/colcon-core/packages/armos_interfaces)
[0.600s] Level 1:colcon.colcon_core.environment:create_environment_scripts_only(armos_interfaces)
[0.600s] Level 1:colcon.colcon_core.environment:checking '/home/krishnapranav/mj_manipulation/mujoco_manipulation/install/armos_interfaces' for CMake module files
[0.601s] Level 1:colcon.colcon_core.environment:checking '/home/krishnapranav/mj_manipulation/mujoco_manipulation/install/armos_interfaces' for CMake config files
[0.601s] Level 1:colcon.colcon_core.shell:create_environment_hook('armos_interfaces', 'cmake_prefix_path')
[0.601s] INFO:colcon.colcon_core.shell:Creating environment hook '/home/krishnapranav/mj_manipulation/mujoco_manipulation/install/armos_interfaces/share/armos_interfaces/hook/cmake_prefix_path.ps1'
[0.601s] INFO:colcon.colcon_core.shell:Creating environment descriptor '/home/krishnapranav/mj_manipulation/mujoco_manipulation/install/armos_interfaces/share/armos_interfaces/hook/cmake_prefix_path.dsv'
[0.601s] INFO:colcon.colcon_core.shell:Creating environment hook '/home/krishnapranav/mj_manipulation/mujoco_manipulation/install/armos_interfaces/share/armos_interfaces/hook/cmake_prefix_path.sh'
[0.602s] Level 1:colcon.colcon_core.environment:checking '/home/krishnapranav/mj_manipulation/mujoco_manipulation/install/armos_interfaces/lib'
[0.602s] Level 1:colcon.colcon_core.shell:create_environment_hook('armos_interfaces', 'ld_library_path_lib')
[0.602s] INFO:colcon.colcon_core.shell:Creating environment hook '/home/krishnapranav/mj_manipulation/mujoco_manipulation/install/armos_interfaces/share/armos_interfaces/hook/ld_library_path_lib.ps1'
[0.602s] INFO:colcon.colcon_core.shell:Creating environment descriptor '/home/krishnapranav/mj_manipulation/mujoco_manipulation/install/armos_interfaces/share/armos_interfaces/hook/ld_library_path_lib.dsv'
[0.602s] INFO:colcon.colcon_core.shell:Creating environment hook '/home/krishnapranav/mj_manipulation/mujoco_manipulation/install/armos_interfaces/share/armos_interfaces/hook/ld_library_path_lib.sh'
[0.602s] Level 1:colcon.colcon_core.environment:checking '/home/krishnapranav/mj_manipulation/mujoco_manipulation/install/armos_interfaces/bin'
[0.602s] Level 1:colcon.colcon_core.environment:checking '/home/krishnapranav/mj_manipulation/mujoco_manipulation/install/armos_interfaces/lib/pkgconfig/armos_interfaces.pc'
[0.603s] Level 1:colcon.colcon_core.environment:checking '/home/krishnapranav/mj_manipulation/mujoco_manipulation/install/armos_interfaces/lib/python3.10/site-packages'
[0.603s] Level 1:colcon.colcon_core.shell:create_environment_hook('armos_interfaces', 'pythonpath')
[0.603s] INFO:colcon.colcon_core.shell:Creating environment hook '/home/krishnapranav/mj_manipulation/mujoco_manipulation/install/armos_interfaces/share/armos_interfaces/hook/pythonpath.ps1'
[0.603s] INFO:colcon.colcon_core.shell:Creating environment descriptor '/home/krishnapranav/mj_manipulation/mujoco_manipulation/install/armos_interfaces/share/armos_interfaces/hook/pythonpath.dsv'
[0.603s] INFO:colcon.colcon_core.shell:Creating environment hook '/home/krishnapranav/mj_manipulation/mujoco_manipulation/install/armos_interfaces/share/armos_interfaces/hook/pythonpath.sh'
[0.603s] Level 1:colcon.colcon_core.environment:checking '/home/krishnapranav/mj_manipulation/mujoco_manipulation/install/armos_interfaces/bin'
[0.604s] INFO:colcon.colcon_core.shell:Creating package script '/home/krishnapranav/mj_manipulation/mujoco_manipulation/install/armos_interfaces/share/armos_interfaces/package.ps1'
[0.604s] INFO:colcon.colcon_core.shell:Creating package descriptor '/home/krishnapranav/mj_manipulation/mujoco_manipulation/install/armos_interfaces/share/armos_interfaces/package.dsv'
[0.604s] INFO:colcon.colcon_core.shell:Creating package script '/home/krishnapranav/mj_manipulation/mujoco_manipulation/install/armos_interfaces/share/armos_interfaces/package.sh'
[0.605s] INFO:colcon.colcon_core.shell:Creating package script '/home/krishnapranav/mj_manipulation/mujoco_manipulation/install/armos_interfaces/share/armos_interfaces/package.bash'
[0.605s] INFO:colcon.colcon_core.shell:Creating package script '/home/krishnapranav/mj_manipulation/mujoco_manipulation/install/armos_interfaces/share/armos_interfaces/package.zsh'
[0.605s] Level 1:colcon.colcon_core.environment:create_file_with_runtime_dependencies(/home/krishnapranav/mj_manipulation/mujoco_manipulation/install/armos_interfaces/share/colcon-core/packages/armos_interfaces)
[0.605s] DEBUG:colcon.colcon_parallel_executor.executor.parallel:closing loop
[0.605s] DEBUG:colcon.colcon_parallel_executor.executor.parallel:loop closed
[0.606s] DEBUG:colcon.colcon_parallel_executor.executor.parallel:run_until_complete finished with '0'
[0.606s] DEBUG:colcon.colcon_core.event_reactor:joining thread
[0.610s] INFO:colcon.colcon_core.plugin_system:Skipping extension 'colcon_notification.desktop_notification.terminal_notifier': Not used on non-Darwin systems
[0.610s] INFO:colcon.colcon_core.plugin_system:Skipping extension 'colcon_notification.desktop_notification.win32': Not used on non-Windows systems
[0.610s] INFO:colcon.colcon_notification.desktop_notification:Sending desktop notification using 'notify2'
[0.622s] DEBUG:colcon.colcon_core.event_reactor:joined thread
[0.623s] INFO:colcon.colcon_core.shell:Creating prefix script '/home/krishnapranav/mj_manipulation/mujoco_manipulation/install/local_setup.ps1'
[0.624s] INFO:colcon.colcon_core.shell:Creating prefix util module '/home/krishnapranav/mj_manipulation/mujoco_manipulation/install/_local_setup_util_ps1.py'
[0.626s] INFO:colcon.colcon_core.shell:Creating prefix chain script '/home/krishnapranav/mj_manipulation/mujoco_manipulation/install/setup.ps1'
[0.628s] INFO:colcon.colcon_core.shell:Creating prefix script '/home/krishnapranav/mj_manipulation/mujoco_manipulation/install/local_setup.sh'
[0.629s] INFO:colcon.colcon_core.shell:Creating prefix util module '/home/krishnapranav/mj_manipulation/mujoco_manipulation/install/_local_setup_util_sh.py'
[0.629s] INFO:colcon.colcon_core.shell:Creating prefix chain script '/home/krishnapranav/mj_manipulation/mujoco_manipulation/install/setup.sh'
[0.631s] INFO:colcon.colcon_core.shell:Creating prefix script '/home/krishnapranav/mj_manipulation/mujoco_manipulation/install/local_setup.bash'
[0.632s] INFO:colcon.colcon_core.shell:Creating prefix chain script '/home/krishnapranav/mj_manipulation/mujoco_manipulation/install/setup.bash'
[0.633s] INFO:colcon.colcon_core.shell:Creating prefix script '/home/krishnapranav/mj_manipulation/mujoco_manipulation/install/local_setup.zsh'
[0.633s] INFO:colcon.colcon_core.shell:Creating prefix chain script '/home/krishnapranav/mj_manipulation/mujoco_manipulation/install/setup.zsh'
