[0.465s] DEBUG:colcon:Command line arguments: ['/usr/bin/colcon', 'build']
[0.465s] DEBUG:colcon:Parsed command line arguments: Namespace(log_base=None, log_level=None, verb_name='build', build_base='build', install_base='install', merge_install=False, symlink_install=False, test_result_base=None, continue_on_error=False, executor='parallel', parallel_workers=12, event_handlers=None, ignore_user_meta=False, metas=['./colcon.meta'], base_paths=['.'], packages_ignore=None, packages_ignore_regex=None, paths=None, packages_up_to=None, packages_up_to_regex=None, packages_above=None, packages_above_and_dependencies=None, packages_above_depth=None, packages_select_by_dep=None, packages_skip_by_dep=None, packages_skip_up_to=None, packages_select_build_failed=False, packages_skip_build_finished=False, packages_select_test_failures=False, packages_skip_test_passed=False, packages_select=None, packages_skip=None, packages_select_regex=None, packages_skip_regex=None, packages_start=None, packages_end=None, allow_overriding=[], cmake_args=None, cmake_target=None, cmake_target_skip_unavailable=False, cmake_clean_cache=False, cmake_clean_first=False, cmake_force_configure=False, ament_cmake_args=None, catkin_cmake_args=None, catkin_skip_building_tests=False, mixin_files=None, mixin=None, verb_parser=<colcon_mixin.mixin.mixin_argument.MixinArgumentDecorator object at 0x780a2220d7e0>, verb_extension=<colcon_core.verb.build.BuildVerb object at 0x780a2220d1e0>, main=<bound method BuildVerb.main of <colcon_core.verb.build.BuildVerb object at 0x780a2220d1e0>>, mixin_verb=('build',))
[0.547s] Level 1:colcon.colcon_core.package_discovery:discover_packages(colcon_meta) check parameters
[0.547s] Level 1:colcon.colcon_core.package_discovery:discover_packages(recursive) check parameters
[0.547s] Level 1:colcon.colcon_core.package_discovery:discover_packages(ignore) check parameters
[0.548s] Level 1:colcon.colcon_core.package_discovery:discover_packages(path) check parameters
[0.548s] Level 1:colcon.colcon_core.package_discovery:discover_packages(colcon_meta) discover
[0.548s] Level 1:colcon.colcon_core.package_discovery:discover_packages(recursive) discover
[0.548s] INFO:colcon.colcon_core.package_discovery:Crawling recursively for packages in '/home/krishnapranav/mj_manipulation/mujoco_manipulation'
[0.548s] Level 1:colcon.colcon_core.package_identification:_identify(.) by extensions ['ignore', 'ignore_ament_install']
[0.548s] Level 1:colcon.colcon_core.package_identification:_identify(.) by extension 'ignore'
[0.548s] Level 1:colcon.colcon_core.package_identification:_identify(.) by extension 'ignore_ament_install'
[0.548s] Level 1:colcon.colcon_core.package_identification:_identify(.) by extensions ['colcon_pkg']
[0.548s] Level 1:colcon.colcon_core.package_identification:_identify(.) by extension 'colcon_pkg'
[0.548s] Level 1:colcon.colcon_core.package_identification:_identify(.) by extensions ['colcon_meta']
[0.548s] Level 1:colcon.colcon_core.package_identification:_identify(.) by extension 'colcon_meta'
[0.548s] Level 1:colcon.colcon_core.package_identification:_identify(.) by extensions ['ros']
[0.549s] Level 1:colcon.colcon_core.package_identification:_identify(.) by extension 'ros'
[0.576s] Level 1:colcon.colcon_core.package_identification:_identify(.) by extensions ['cmake', 'python']
[0.576s] Level 1:colcon.colcon_core.package_identification:_identify(.) by extension 'cmake'
[0.577s] Level 1:colcon.colcon_core.package_identification:_identify(.) by extension 'python'
[0.577s] Level 1:colcon.colcon_core.package_identification:_identify(.) by extensions ['python_setup_py']
[0.577s] Level 1:colcon.colcon_core.package_identification:_identify(.) by extension 'python_setup_py'
[0.577s] Level 1:colcon.colcon_core.package_identification:_identify(armos_ros2) by extensions ['ignore', 'ignore_ament_install']
[0.577s] Level 1:colcon.colcon_core.package_identification:_identify(armos_ros2) by extension 'ignore'
[0.577s] Level 1:colcon.colcon_core.package_identification:_identify(armos_ros2) by extension 'ignore_ament_install'
[0.577s] Level 1:colcon.colcon_core.package_identification:_identify(armos_ros2) by extensions ['colcon_pkg']
[0.577s] Level 1:colcon.colcon_core.package_identification:_identify(armos_ros2) by extension 'colcon_pkg'
[0.577s] Level 1:colcon.colcon_core.package_identification:_identify(armos_ros2) by extensions ['colcon_meta']
[0.577s] Level 1:colcon.colcon_core.package_identification:_identify(armos_ros2) by extension 'colcon_meta'
[0.577s] Level 1:colcon.colcon_core.package_identification:_identify(armos_ros2) by extensions ['ros']
[0.577s] Level 1:colcon.colcon_core.package_identification:_identify(armos_ros2) by extension 'ros'
[0.577s] Level 1:colcon.colcon_core.package_identification:_identify(armos_ros2) by extensions ['cmake', 'python']
[0.577s] Level 1:colcon.colcon_core.package_identification:_identify(armos_ros2) by extension 'cmake'
[0.577s] Level 1:colcon.colcon_core.package_identification:_identify(armos_ros2) by extension 'python'
[0.577s] Level 1:colcon.colcon_core.package_identification:_identify(armos_ros2) by extensions ['python_setup_py']
[0.577s] Level 1:colcon.colcon_core.package_identification:_identify(armos_ros2) by extension 'python_setup_py'
[0.577s] Level 1:colcon.colcon_core.package_identification:_identify(armos_ros2/pkgs) by extensions ['ignore', 'ignore_ament_install']
[0.577s] Level 1:colcon.colcon_core.package_identification:_identify(armos_ros2/pkgs) by extension 'ignore'
[0.577s] Level 1:colcon.colcon_core.package_identification:_identify(armos_ros2/pkgs) by extension 'ignore_ament_install'
[0.577s] Level 1:colcon.colcon_core.package_identification:_identify(armos_ros2/pkgs) by extensions ['colcon_pkg']
[0.577s] Level 1:colcon.colcon_core.package_identification:_identify(armos_ros2/pkgs) by extension 'colcon_pkg'
[0.577s] Level 1:colcon.colcon_core.package_identification:_identify(armos_ros2/pkgs) by extensions ['colcon_meta']
[0.577s] Level 1:colcon.colcon_core.package_identification:_identify(armos_ros2/pkgs) by extension 'colcon_meta'
[0.577s] Level 1:colcon.colcon_core.package_identification:_identify(armos_ros2/pkgs) by extensions ['ros']
[0.577s] Level 1:colcon.colcon_core.package_identification:_identify(armos_ros2/pkgs) by extension 'ros'
[0.577s] Level 1:colcon.colcon_core.package_identification:_identify(armos_ros2/pkgs) by extensions ['cmake', 'python']
[0.577s] Level 1:colcon.colcon_core.package_identification:_identify(armos_ros2/pkgs) by extension 'cmake'
[0.577s] Level 1:colcon.colcon_core.package_identification:_identify(armos_ros2/pkgs) by extension 'python'
[0.577s] Level 1:colcon.colcon_core.package_identification:_identify(armos_ros2/pkgs) by extensions ['python_setup_py']
[0.577s] Level 1:colcon.colcon_core.package_identification:_identify(armos_ros2/pkgs) by extension 'python_setup_py'
[0.577s] Level 1:colcon.colcon_core.package_identification:_identify(armos_ros2/pkgs/armos_control) by extensions ['ignore', 'ignore_ament_install']
[0.578s] Level 1:colcon.colcon_core.package_identification:_identify(armos_ros2/pkgs/armos_control) by extension 'ignore'
[0.578s] Level 1:colcon.colcon_core.package_identification:_identify(armos_ros2/pkgs/armos_control) by extension 'ignore_ament_install'
[0.578s] Level 1:colcon.colcon_core.package_identification:_identify(armos_ros2/pkgs/armos_control) by extensions ['colcon_pkg']
[0.578s] Level 1:colcon.colcon_core.package_identification:_identify(armos_ros2/pkgs/armos_control) by extension 'colcon_pkg'
[0.578s] Level 1:colcon.colcon_core.package_identification:_identify(armos_ros2/pkgs/armos_control) by extensions ['colcon_meta']
[0.578s] Level 1:colcon.colcon_core.package_identification:_identify(armos_ros2/pkgs/armos_control) by extension 'colcon_meta'
[0.578s] Level 1:colcon.colcon_core.package_identification:_identify(armos_ros2/pkgs/armos_control) by extensions ['ros']
[0.578s] Level 1:colcon.colcon_core.package_identification:_identify(armos_ros2/pkgs/armos_control) by extension 'ros'
[0.580s] DEBUG:colcon.colcon_core.package_identification:Package 'armos_ros2/pkgs/armos_control' with type 'ros.ament_cmake' and name 'armos_control'
[0.580s] Level 1:colcon.colcon_core.package_identification:_identify(armos_ros2/pkgs/armos_interfaces) by extensions ['ignore', 'ignore_ament_install']
[0.580s] Level 1:colcon.colcon_core.package_identification:_identify(armos_ros2/pkgs/armos_interfaces) by extension 'ignore'
[0.581s] Level 1:colcon.colcon_core.package_identification:_identify(armos_ros2/pkgs/armos_interfaces) by extension 'ignore_ament_install'
[0.581s] Level 1:colcon.colcon_core.package_identification:_identify(armos_ros2/pkgs/armos_interfaces) by extensions ['colcon_pkg']
[0.581s] Level 1:colcon.colcon_core.package_identification:_identify(armos_ros2/pkgs/armos_interfaces) by extension 'colcon_pkg'
[0.581s] Level 1:colcon.colcon_core.package_identification:_identify(armos_ros2/pkgs/armos_interfaces) by extensions ['colcon_meta']
[0.581s] Level 1:colcon.colcon_core.package_identification:_identify(armos_ros2/pkgs/armos_interfaces) by extension 'colcon_meta'
[0.581s] Level 1:colcon.colcon_core.package_identification:_identify(armos_ros2/pkgs/armos_interfaces) by extensions ['ros']
[0.581s] Level 1:colcon.colcon_core.package_identification:_identify(armos_ros2/pkgs/armos_interfaces) by extension 'ros'
[0.581s] DEBUG:colcon.colcon_core.package_identification:Package 'armos_ros2/pkgs/armos_interfaces' with type 'ros.ament_cmake' and name 'armos_interfaces'
[0.581s] Level 1:colcon.colcon_core.package_identification:_identify(armos_sim) by extensions ['ignore', 'ignore_ament_install']
[0.581s] Level 1:colcon.colcon_core.package_identification:_identify(armos_sim) by extension 'ignore'
[0.581s] Level 1:colcon.colcon_core.package_identification:_identify(armos_sim) by extension 'ignore_ament_install'
[0.581s] Level 1:colcon.colcon_core.package_identification:_identify(armos_sim) by extensions ['colcon_pkg']
[0.581s] Level 1:colcon.colcon_core.package_identification:_identify(armos_sim) by extension 'colcon_pkg'
[0.581s] Level 1:colcon.colcon_core.package_identification:_identify(armos_sim) by extensions ['colcon_meta']
[0.581s] Level 1:colcon.colcon_core.package_identification:_identify(armos_sim) by extension 'colcon_meta'
[0.581s] Level 1:colcon.colcon_core.package_identification:_identify(armos_sim) by extensions ['ros']
[0.581s] Level 1:colcon.colcon_core.package_identification:_identify(armos_sim) by extension 'ros'
[0.582s] Level 1:colcon.colcon_core.package_identification:_identify(armos_sim) by extensions ['cmake', 'python']
[0.582s] Level 1:colcon.colcon_core.package_identification:_identify(armos_sim) by extension 'cmake'
[0.582s] Level 1:colcon.colcon_core.package_identification:_identify(armos_sim) by extension 'python'
[0.582s] Level 1:colcon.colcon_core.package_identification:_identify(armos_sim) by extensions ['python_setup_py']
[0.582s] Level 1:colcon.colcon_core.package_identification:_identify(armos_sim) by extension 'python_setup_py'
[0.582s] Level 1:colcon.colcon_core.package_identification:_identify(armos_sim/armos.egg-info) by extensions ['ignore', 'ignore_ament_install']
[0.582s] Level 1:colcon.colcon_core.package_identification:_identify(armos_sim/armos.egg-info) by extension 'ignore'
[0.582s] Level 1:colcon.colcon_core.package_identification:_identify(armos_sim/armos.egg-info) by extension 'ignore_ament_install'
[0.582s] Level 1:colcon.colcon_core.package_identification:_identify(armos_sim/armos.egg-info) by extensions ['colcon_pkg']
[0.582s] Level 1:colcon.colcon_core.package_identification:_identify(armos_sim/armos.egg-info) by extension 'colcon_pkg'
[0.582s] Level 1:colcon.colcon_core.package_identification:_identify(armos_sim/armos.egg-info) by extensions ['colcon_meta']
[0.582s] Level 1:colcon.colcon_core.package_identification:_identify(armos_sim/armos.egg-info) by extension 'colcon_meta'
[0.582s] Level 1:colcon.colcon_core.package_identification:_identify(armos_sim/armos.egg-info) by extensions ['ros']
[0.582s] Level 1:colcon.colcon_core.package_identification:_identify(armos_sim/armos.egg-info) by extension 'ros'
[0.582s] Level 1:colcon.colcon_core.package_identification:_identify(armos_sim/armos.egg-info) by extensions ['cmake', 'python']
[0.582s] Level 1:colcon.colcon_core.package_identification:_identify(armos_sim/armos.egg-info) by extension 'cmake'
[0.582s] Level 1:colcon.colcon_core.package_identification:_identify(armos_sim/armos.egg-info) by extension 'python'
[0.582s] Level 1:colcon.colcon_core.package_identification:_identify(armos_sim/armos.egg-info) by extensions ['python_setup_py']
[0.582s] Level 1:colcon.colcon_core.package_identification:_identify(armos_sim/armos.egg-info) by extension 'python_setup_py'
[0.582s] Level 1:colcon.colcon_core.package_identification:_identify(armos_sim/assets) by extensions ['ignore', 'ignore_ament_install']
[0.582s] Level 1:colcon.colcon_core.package_identification:_identify(armos_sim/assets) by extension 'ignore'
[0.582s] Level 1:colcon.colcon_core.package_identification:_identify(armos_sim/assets) by extension 'ignore_ament_install'
[0.582s] Level 1:colcon.colcon_core.package_identification:_identify(armos_sim/assets) by extensions ['colcon_pkg']
[0.582s] Level 1:colcon.colcon_core.package_identification:_identify(armos_sim/assets) by extension 'colcon_pkg'
[0.582s] Level 1:colcon.colcon_core.package_identification:_identify(armos_sim/assets) by extensions ['colcon_meta']
[0.582s] Level 1:colcon.colcon_core.package_identification:_identify(armos_sim/assets) by extension 'colcon_meta'
[0.582s] Level 1:colcon.colcon_core.package_identification:_identify(armos_sim/assets) by extensions ['ros']
[0.582s] Level 1:colcon.colcon_core.package_identification:_identify(armos_sim/assets) by extension 'ros'
[0.582s] Level 1:colcon.colcon_core.package_identification:_identify(armos_sim/assets) by extensions ['cmake', 'python']
[0.582s] Level 1:colcon.colcon_core.package_identification:_identify(armos_sim/assets) by extension 'cmake'
[0.582s] Level 1:colcon.colcon_core.package_identification:_identify(armos_sim/assets) by extension 'python'
[0.582s] Level 1:colcon.colcon_core.package_identification:_identify(armos_sim/assets) by extensions ['python_setup_py']
[0.582s] Level 1:colcon.colcon_core.package_identification:_identify(armos_sim/assets) by extension 'python_setup_py'
[0.582s] Level 1:colcon.colcon_core.package_identification:_identify(armos_sim/assets/duman) by extensions ['ignore', 'ignore_ament_install']
[0.582s] Level 1:colcon.colcon_core.package_identification:_identify(armos_sim/assets/duman) by extension 'ignore'
[0.582s] Level 1:colcon.colcon_core.package_identification:_identify(armos_sim/assets/duman) by extension 'ignore_ament_install'
[0.583s] Level 1:colcon.colcon_core.package_identification:_identify(armos_sim/assets/duman) by extensions ['colcon_pkg']
[0.583s] Level 1:colcon.colcon_core.package_identification:_identify(armos_sim/assets/duman) by extension 'colcon_pkg'
[0.583s] Level 1:colcon.colcon_core.package_identification:_identify(armos_sim/assets/duman) by extensions ['colcon_meta']
[0.583s] Level 1:colcon.colcon_core.package_identification:_identify(armos_sim/assets/duman) by extension 'colcon_meta'
[0.583s] Level 1:colcon.colcon_core.package_identification:_identify(armos_sim/assets/duman) by extensions ['ros']
[0.583s] Level 1:colcon.colcon_core.package_identification:_identify(armos_sim/assets/duman) by extension 'ros'
[0.583s] Level 1:colcon.colcon_core.package_identification:_identify(armos_sim/assets/duman) by extensions ['cmake', 'python']
[0.583s] Level 1:colcon.colcon_core.package_identification:_identify(armos_sim/assets/duman) by extension 'cmake'
[0.583s] Level 1:colcon.colcon_core.package_identification:_identify(armos_sim/assets/duman) by extension 'python'
[0.583s] Level 1:colcon.colcon_core.package_identification:_identify(armos_sim/assets/duman) by extensions ['python_setup_py']
[0.583s] Level 1:colcon.colcon_core.package_identification:_identify(armos_sim/assets/duman) by extension 'python_setup_py'
[0.583s] Level 1:colcon.colcon_core.package_identification:_identify(armos_sim/assets/duman/meshes) by extensions ['ignore', 'ignore_ament_install']
[0.583s] Level 1:colcon.colcon_core.package_identification:_identify(armos_sim/assets/duman/meshes) by extension 'ignore'
[0.583s] Level 1:colcon.colcon_core.package_identification:_identify(armos_sim/assets/duman/meshes) by extension 'ignore_ament_install'
[0.583s] Level 1:colcon.colcon_core.package_identification:_identify(armos_sim/assets/duman/meshes) by extensions ['colcon_pkg']
[0.583s] Level 1:colcon.colcon_core.package_identification:_identify(armos_sim/assets/duman/meshes) by extension 'colcon_pkg'
[0.583s] Level 1:colcon.colcon_core.package_identification:_identify(armos_sim/assets/duman/meshes) by extensions ['colcon_meta']
[0.583s] Level 1:colcon.colcon_core.package_identification:_identify(armos_sim/assets/duman/meshes) by extension 'colcon_meta'
[0.583s] Level 1:colcon.colcon_core.package_identification:_identify(armos_sim/assets/duman/meshes) by extensions ['ros']
[0.583s] Level 1:colcon.colcon_core.package_identification:_identify(armos_sim/assets/duman/meshes) by extension 'ros'
[0.583s] Level 1:colcon.colcon_core.package_identification:_identify(armos_sim/assets/duman/meshes) by extensions ['cmake', 'python']
[0.583s] Level 1:colcon.colcon_core.package_identification:_identify(armos_sim/assets/duman/meshes) by extension 'cmake'
[0.583s] Level 1:colcon.colcon_core.package_identification:_identify(armos_sim/assets/duman/meshes) by extension 'python'
[0.583s] Level 1:colcon.colcon_core.package_identification:_identify(armos_sim/assets/duman/meshes) by extensions ['python_setup_py']
[0.583s] Level 1:colcon.colcon_core.package_identification:_identify(armos_sim/assets/duman/meshes) by extension 'python_setup_py'
[0.583s] Level 1:colcon.colcon_core.package_identification:_identify(armos_sim/assets/duman/meshes/grippers) by extensions ['ignore', 'ignore_ament_install']
[0.583s] Level 1:colcon.colcon_core.package_identification:_identify(armos_sim/assets/duman/meshes/grippers) by extension 'ignore'
[0.583s] Level 1:colcon.colcon_core.package_identification:_identify(armos_sim/assets/duman/meshes/grippers) by extension 'ignore_ament_install'
[0.583s] Level 1:colcon.colcon_core.package_identification:_identify(armos_sim/assets/duman/meshes/grippers) by extensions ['colcon_pkg']
[0.583s] Level 1:colcon.colcon_core.package_identification:_identify(armos_sim/assets/duman/meshes/grippers) by extension 'colcon_pkg'
[0.583s] Level 1:colcon.colcon_core.package_identification:_identify(armos_sim/assets/duman/meshes/grippers) by extensions ['colcon_meta']
[0.583s] Level 1:colcon.colcon_core.package_identification:_identify(armos_sim/assets/duman/meshes/grippers) by extension 'colcon_meta'
[0.583s] Level 1:colcon.colcon_core.package_identification:_identify(armos_sim/assets/duman/meshes/grippers) by extensions ['ros']
[0.584s] Level 1:colcon.colcon_core.package_identification:_identify(armos_sim/assets/duman/meshes/grippers) by extension 'ros'
[0.584s] Level 1:colcon.colcon_core.package_identification:_identify(armos_sim/assets/duman/meshes/grippers) by extensions ['cmake', 'python']
[0.584s] Level 1:colcon.colcon_core.package_identification:_identify(armos_sim/assets/duman/meshes/grippers) by extension 'cmake'
[0.584s] Level 1:colcon.colcon_core.package_identification:_identify(armos_sim/assets/duman/meshes/grippers) by extension 'python'
[0.584s] Level 1:colcon.colcon_core.package_identification:_identify(armos_sim/assets/duman/meshes/grippers) by extensions ['python_setup_py']
[0.584s] Level 1:colcon.colcon_core.package_identification:_identify(armos_sim/assets/duman/meshes/grippers) by extension 'python_setup_py'
[0.584s] Level 1:colcon.colcon_core.package_identification:_identify(armos_sim/assets/duman/meshes/grippers/dg3fm) by extensions ['ignore', 'ignore_ament_install']
[0.584s] Level 1:colcon.colcon_core.package_identification:_identify(armos_sim/assets/duman/meshes/grippers/dg3fm) by extension 'ignore'
[0.584s] Level 1:colcon.colcon_core.package_identification:_identify(armos_sim/assets/duman/meshes/grippers/dg3fm) by extension 'ignore_ament_install'
[0.584s] Level 1:colcon.colcon_core.package_identification:_identify(armos_sim/assets/duman/meshes/grippers/dg3fm) by extensions ['colcon_pkg']
[0.584s] Level 1:colcon.colcon_core.package_identification:_identify(armos_sim/assets/duman/meshes/grippers/dg3fm) by extension 'colcon_pkg'
[0.584s] Level 1:colcon.colcon_core.package_identification:_identify(armos_sim/assets/duman/meshes/grippers/dg3fm) by extensions ['colcon_meta']
[0.584s] Level 1:colcon.colcon_core.package_identification:_identify(armos_sim/assets/duman/meshes/grippers/dg3fm) by extension 'colcon_meta'
[0.584s] Level 1:colcon.colcon_core.package_identification:_identify(armos_sim/assets/duman/meshes/grippers/dg3fm) by extensions ['ros']
[0.584s] Level 1:colcon.colcon_core.package_identification:_identify(armos_sim/assets/duman/meshes/grippers/dg3fm) by extension 'ros'
[0.584s] Level 1:colcon.colcon_core.package_identification:_identify(armos_sim/assets/duman/meshes/grippers/dg3fm) by extensions ['cmake', 'python']
[0.584s] Level 1:colcon.colcon_core.package_identification:_identify(armos_sim/assets/duman/meshes/grippers/dg3fm) by extension 'cmake'
[0.584s] Level 1:colcon.colcon_core.package_identification:_identify(armos_sim/assets/duman/meshes/grippers/dg3fm) by extension 'python'
[0.584s] Level 1:colcon.colcon_core.package_identification:_identify(armos_sim/assets/duman/meshes/grippers/dg3fm) by extensions ['python_setup_py']
[0.584s] Level 1:colcon.colcon_core.package_identification:_identify(armos_sim/assets/duman/meshes/grippers/dg3fm) by extension 'python_setup_py'
[0.584s] Level 1:colcon.colcon_core.package_identification:_identify(armos_sim/assets/duman/meshes/grippers/dh_robotics_ag145) by extensions ['ignore', 'ignore_ament_install']
[0.584s] Level 1:colcon.colcon_core.package_identification:_identify(armos_sim/assets/duman/meshes/grippers/dh_robotics_ag145) by extension 'ignore'
[0.584s] Level 1:colcon.colcon_core.package_identification:_identify(armos_sim/assets/duman/meshes/grippers/dh_robotics_ag145) by extension 'ignore_ament_install'
[0.584s] Level 1:colcon.colcon_core.package_identification:_identify(armos_sim/assets/duman/meshes/grippers/dh_robotics_ag145) by extensions ['colcon_pkg']
[0.584s] Level 1:colcon.colcon_core.package_identification:_identify(armos_sim/assets/duman/meshes/grippers/dh_robotics_ag145) by extension 'colcon_pkg'
[0.584s] Level 1:colcon.colcon_core.package_identification:_identify(armos_sim/assets/duman/meshes/grippers/dh_robotics_ag145) by extensions ['colcon_meta']
[0.584s] Level 1:colcon.colcon_core.package_identification:_identify(armos_sim/assets/duman/meshes/grippers/dh_robotics_ag145) by extension 'colcon_meta'
[0.584s] Level 1:colcon.colcon_core.package_identification:_identify(armos_sim/assets/duman/meshes/grippers/dh_robotics_ag145) by extensions ['ros']
[0.584s] Level 1:colcon.colcon_core.package_identification:_identify(armos_sim/assets/duman/meshes/grippers/dh_robotics_ag145) by extension 'ros'
[0.584s] Level 1:colcon.colcon_core.package_identification:_identify(armos_sim/assets/duman/meshes/grippers/dh_robotics_ag145) by extensions ['cmake', 'python']
[0.584s] Level 1:colcon.colcon_core.package_identification:_identify(armos_sim/assets/duman/meshes/grippers/dh_robotics_ag145) by extension 'cmake'
[0.584s] Level 1:colcon.colcon_core.package_identification:_identify(armos_sim/assets/duman/meshes/grippers/dh_robotics_ag145) by extension 'python'
[0.584s] Level 1:colcon.colcon_core.package_identification:_identify(armos_sim/assets/duman/meshes/grippers/dh_robotics_ag145) by extensions ['python_setup_py']
[0.584s] Level 1:colcon.colcon_core.package_identification:_identify(armos_sim/assets/duman/meshes/grippers/dh_robotics_ag145) by extension 'python_setup_py'
[0.585s] Level 1:colcon.colcon_core.package_identification:_identify(armos_sim/assets/franka_emika_panda) by extensions ['ignore', 'ignore_ament_install']
[0.585s] Level 1:colcon.colcon_core.package_identification:_identify(armos_sim/assets/franka_emika_panda) by extension 'ignore'
[0.585s] Level 1:colcon.colcon_core.package_identification:_identify(armos_sim/assets/franka_emika_panda) by extension 'ignore_ament_install'
[0.585s] Level 1:colcon.colcon_core.package_identification:_identify(armos_sim/assets/franka_emika_panda) by extensions ['colcon_pkg']
[0.585s] Level 1:colcon.colcon_core.package_identification:_identify(armos_sim/assets/franka_emika_panda) by extension 'colcon_pkg'
[0.585s] Level 1:colcon.colcon_core.package_identification:_identify(armos_sim/assets/franka_emika_panda) by extensions ['colcon_meta']
[0.585s] Level 1:colcon.colcon_core.package_identification:_identify(armos_sim/assets/franka_emika_panda) by extension 'colcon_meta'
[0.585s] Level 1:colcon.colcon_core.package_identification:_identify(armos_sim/assets/franka_emika_panda) by extensions ['ros']
[0.585s] Level 1:colcon.colcon_core.package_identification:_identify(armos_sim/assets/franka_emika_panda) by extension 'ros'
[0.585s] Level 1:colcon.colcon_core.package_identification:_identify(armos_sim/assets/franka_emika_panda) by extensions ['cmake', 'python']
[0.585s] Level 1:colcon.colcon_core.package_identification:_identify(armos_sim/assets/franka_emika_panda) by extension 'cmake'
[0.585s] Level 1:colcon.colcon_core.package_identification:_identify(armos_sim/assets/franka_emika_panda) by extension 'python'
[0.585s] Level 1:colcon.colcon_core.package_identification:_identify(armos_sim/assets/franka_emika_panda) by extensions ['python_setup_py']
[0.585s] Level 1:colcon.colcon_core.package_identification:_identify(armos_sim/assets/franka_emika_panda) by extension 'python_setup_py'
[0.585s] Level 1:colcon.colcon_core.package_identification:_identify(armos_sim/assets/franka_emika_panda/assets) by extensions ['ignore', 'ignore_ament_install']
[0.585s] Level 1:colcon.colcon_core.package_identification:_identify(armos_sim/assets/franka_emika_panda/assets) by extension 'ignore'
[0.585s] Level 1:colcon.colcon_core.package_identification:_identify(armos_sim/assets/franka_emika_panda/assets) by extension 'ignore_ament_install'
[0.585s] Level 1:colcon.colcon_core.package_identification:_identify(armos_sim/assets/franka_emika_panda/assets) by extensions ['colcon_pkg']
[0.585s] Level 1:colcon.colcon_core.package_identification:_identify(armos_sim/assets/franka_emika_panda/assets) by extension 'colcon_pkg'
[0.585s] Level 1:colcon.colcon_core.package_identification:_identify(armos_sim/assets/franka_emika_panda/assets) by extensions ['colcon_meta']
[0.585s] Level 1:colcon.colcon_core.package_identification:_identify(armos_sim/assets/franka_emika_panda/assets) by extension 'colcon_meta'
[0.585s] Level 1:colcon.colcon_core.package_identification:_identify(armos_sim/assets/franka_emika_panda/assets) by extensions ['ros']
[0.585s] Level 1:colcon.colcon_core.package_identification:_identify(armos_sim/assets/franka_emika_panda/assets) by extension 'ros'
[0.585s] Level 1:colcon.colcon_core.package_identification:_identify(armos_sim/assets/franka_emika_panda/assets) by extensions ['cmake', 'python']
[0.585s] Level 1:colcon.colcon_core.package_identification:_identify(armos_sim/assets/franka_emika_panda/assets) by extension 'cmake'
[0.585s] Level 1:colcon.colcon_core.package_identification:_identify(armos_sim/assets/franka_emika_panda/assets) by extension 'python'
[0.585s] Level 1:colcon.colcon_core.package_identification:_identify(armos_sim/assets/franka_emika_panda/assets) by extensions ['python_setup_py']
[0.585s] Level 1:colcon.colcon_core.package_identification:_identify(armos_sim/assets/franka_emika_panda/assets) by extension 'python_setup_py'
[0.585s] Level 1:colcon.colcon_core.package_identification:_identify(armos_sim/examples) by extensions ['ignore', 'ignore_ament_install']
[0.585s] Level 1:colcon.colcon_core.package_identification:_identify(armos_sim/examples) by extension 'ignore'
[0.585s] Level 1:colcon.colcon_core.package_identification:_identify(armos_sim/examples) by extension 'ignore_ament_install'
[0.585s] Level 1:colcon.colcon_core.package_identification:_identify(armos_sim/examples) by extensions ['colcon_pkg']
[0.585s] Level 1:colcon.colcon_core.package_identification:_identify(armos_sim/examples) by extension 'colcon_pkg'
[0.585s] Level 1:colcon.colcon_core.package_identification:_identify(armos_sim/examples) by extensions ['colcon_meta']
[0.585s] Level 1:colcon.colcon_core.package_identification:_identify(armos_sim/examples) by extension 'colcon_meta'
[0.585s] Level 1:colcon.colcon_core.package_identification:_identify(armos_sim/examples) by extensions ['ros']
[0.585s] Level 1:colcon.colcon_core.package_identification:_identify(armos_sim/examples) by extension 'ros'
[0.586s] Level 1:colcon.colcon_core.package_identification:_identify(armos_sim/examples) by extensions ['cmake', 'python']
[0.586s] Level 1:colcon.colcon_core.package_identification:_identify(armos_sim/examples) by extension 'cmake'
[0.586s] Level 1:colcon.colcon_core.package_identification:_identify(armos_sim/examples) by extension 'python'
[0.586s] Level 1:colcon.colcon_core.package_identification:_identify(armos_sim/examples) by extensions ['python_setup_py']
[0.586s] Level 1:colcon.colcon_core.package_identification:_identify(armos_sim/examples) by extension 'python_setup_py'
[0.586s] Level 1:colcon.colcon_core.package_identification:_identify(armos_sim/sim) by extensions ['ignore', 'ignore_ament_install']
[0.586s] Level 1:colcon.colcon_core.package_identification:_identify(armos_sim/sim) by extension 'ignore'
[0.586s] Level 1:colcon.colcon_core.package_identification:_identify(armos_sim/sim) by extension 'ignore_ament_install'
[0.586s] Level 1:colcon.colcon_core.package_identification:_identify(armos_sim/sim) by extensions ['colcon_pkg']
[0.586s] Level 1:colcon.colcon_core.package_identification:_identify(armos_sim/sim) by extension 'colcon_pkg'
[0.586s] Level 1:colcon.colcon_core.package_identification:_identify(armos_sim/sim) by extensions ['colcon_meta']
[0.586s] Level 1:colcon.colcon_core.package_identification:_identify(armos_sim/sim) by extension 'colcon_meta'
[0.586s] Level 1:colcon.colcon_core.package_identification:_identify(armos_sim/sim) by extensions ['ros']
[0.586s] Level 1:colcon.colcon_core.package_identification:_identify(armos_sim/sim) by extension 'ros'
[0.586s] Level 1:colcon.colcon_core.package_identification:_identify(armos_sim/sim) by extensions ['cmake', 'python']
[0.586s] Level 1:colcon.colcon_core.package_identification:_identify(armos_sim/sim) by extension 'cmake'
[0.586s] Level 1:colcon.colcon_core.package_identification:_identify(armos_sim/sim) by extension 'python'
[0.586s] Level 1:colcon.colcon_core.package_identification:_identify(armos_sim/sim) by extensions ['python_setup_py']
[0.586s] Level 1:colcon.colcon_core.package_identification:_identify(armos_sim/sim) by extension 'python_setup_py'
[0.586s] Level 1:colcon.colcon_core.package_identification:_identify(armos_sim/sim/__pycache__) by extensions ['ignore', 'ignore_ament_install']
[0.586s] Level 1:colcon.colcon_core.package_identification:_identify(armos_sim/sim/__pycache__) by extension 'ignore'
[0.586s] Level 1:colcon.colcon_core.package_identification:_identify(armos_sim/sim/__pycache__) by extension 'ignore_ament_install'
[0.586s] Level 1:colcon.colcon_core.package_identification:_identify(armos_sim/sim/__pycache__) by extensions ['colcon_pkg']
[0.586s] Level 1:colcon.colcon_core.package_identification:_identify(armos_sim/sim/__pycache__) by extension 'colcon_pkg'
[0.586s] Level 1:colcon.colcon_core.package_identification:_identify(armos_sim/sim/__pycache__) by extensions ['colcon_meta']
[0.586s] Level 1:colcon.colcon_core.package_identification:_identify(armos_sim/sim/__pycache__) by extension 'colcon_meta'
[0.586s] Level 1:colcon.colcon_core.package_identification:_identify(armos_sim/sim/__pycache__) by extensions ['ros']
[0.586s] Level 1:colcon.colcon_core.package_identification:_identify(armos_sim/sim/__pycache__) by extension 'ros'
[0.586s] Level 1:colcon.colcon_core.package_identification:_identify(armos_sim/sim/__pycache__) by extensions ['cmake', 'python']
[0.586s] Level 1:colcon.colcon_core.package_identification:_identify(armos_sim/sim/__pycache__) by extension 'cmake'
[0.586s] Level 1:colcon.colcon_core.package_identification:_identify(armos_sim/sim/__pycache__) by extension 'python'
[0.586s] Level 1:colcon.colcon_core.package_identification:_identify(armos_sim/sim/__pycache__) by extensions ['python_setup_py']
[0.586s] Level 1:colcon.colcon_core.package_identification:_identify(armos_sim/sim/__pycache__) by extension 'python_setup_py'
[0.586s] Level 1:colcon.colcon_core.package_identification:_identify(build) by extensions ['ignore', 'ignore_ament_install']
[0.586s] Level 1:colcon.colcon_core.package_identification:_identify(build) by extension 'ignore'
[0.586s] Level 1:colcon.colcon_core.package_identification:_identify(build) ignored
[0.587s] Level 1:colcon.colcon_core.package_identification:_identify(install) by extensions ['ignore', 'ignore_ament_install']
[0.587s] Level 1:colcon.colcon_core.package_identification:_identify(install) by extension 'ignore'
[0.587s] Level 1:colcon.colcon_core.package_identification:_identify(install) ignored
[0.587s] Level 1:colcon.colcon_core.package_identification:_identify(log) by extensions ['ignore', 'ignore_ament_install']
[0.587s] Level 1:colcon.colcon_core.package_identification:_identify(log) by extension 'ignore'
[0.587s] Level 1:colcon.colcon_core.package_identification:_identify(log) ignored
[0.587s] Level 1:colcon.colcon_core.package_identification:_identify(robot_kinematics) by extensions ['ignore', 'ignore_ament_install']
[0.587s] Level 1:colcon.colcon_core.package_identification:_identify(robot_kinematics) by extension 'ignore'
[0.587s] Level 1:colcon.colcon_core.package_identification:_identify(robot_kinematics) by extension 'ignore_ament_install'
[0.587s] Level 1:colcon.colcon_core.package_identification:_identify(robot_kinematics) by extensions ['colcon_pkg']
[0.587s] Level 1:colcon.colcon_core.package_identification:_identify(robot_kinematics) by extension 'colcon_pkg'
[0.587s] Level 1:colcon.colcon_core.package_identification:_identify(robot_kinematics) by extensions ['colcon_meta']
[0.587s] Level 1:colcon.colcon_core.package_identification:_identify(robot_kinematics) by extension 'colcon_meta'
[0.587s] Level 1:colcon.colcon_core.package_identification:_identify(robot_kinematics) by extensions ['ros']
[0.587s] Level 1:colcon.colcon_core.package_identification:_identify(robot_kinematics) by extension 'ros'
[0.587s] Level 1:colcon.colcon_core.package_identification:_identify(robot_kinematics) by extensions ['cmake', 'python']
[0.587s] Level 1:colcon.colcon_core.package_identification:_identify(robot_kinematics) by extension 'cmake'
[0.587s] Level 1:colcon.colcon_core.package_identification:_identify(robot_kinematics) by extension 'python'
[0.587s] Level 1:colcon.colcon_core.package_identification:_identify(robot_kinematics) by extensions ['python_setup_py']
[0.587s] Level 1:colcon.colcon_core.package_identification:_identify(robot_kinematics) by extension 'python_setup_py'
[0.587s] Level 1:colcon.colcon_core.package_identification:_identify(robot_kinematics/controller) by extensions ['ignore', 'ignore_ament_install']
[0.587s] Level 1:colcon.colcon_core.package_identification:_identify(robot_kinematics/controller) by extension 'ignore'
[0.587s] Level 1:colcon.colcon_core.package_identification:_identify(robot_kinematics/controller) by extension 'ignore_ament_install'
[0.587s] Level 1:colcon.colcon_core.package_identification:_identify(robot_kinematics/controller) by extensions ['colcon_pkg']
[0.587s] Level 1:colcon.colcon_core.package_identification:_identify(robot_kinematics/controller) by extension 'colcon_pkg'
[0.587s] Level 1:colcon.colcon_core.package_identification:_identify(robot_kinematics/controller) by extensions ['colcon_meta']
[0.587s] Level 1:colcon.colcon_core.package_identification:_identify(robot_kinematics/controller) by extension 'colcon_meta'
[0.587s] Level 1:colcon.colcon_core.package_identification:_identify(robot_kinematics/controller) by extensions ['ros']
[0.587s] Level 1:colcon.colcon_core.package_identification:_identify(robot_kinematics/controller) by extension 'ros'
[0.587s] Level 1:colcon.colcon_core.package_identification:_identify(robot_kinematics/controller) by extensions ['cmake', 'python']
[0.587s] Level 1:colcon.colcon_core.package_identification:_identify(robot_kinematics/controller) by extension 'cmake'
[0.587s] Level 1:colcon.colcon_core.package_identification:_identify(robot_kinematics/controller) by extension 'python'
[0.587s] Level 1:colcon.colcon_core.package_identification:_identify(robot_kinematics/controller) by extensions ['python_setup_py']
[0.587s] Level 1:colcon.colcon_core.package_identification:_identify(robot_kinematics/controller) by extension 'python_setup_py'
[0.588s] Level 1:colcon.colcon_core.package_identification:_identify(robot_kinematics/kinematics) by extensions ['ignore', 'ignore_ament_install']
[0.588s] Level 1:colcon.colcon_core.package_identification:_identify(robot_kinematics/kinematics) by extension 'ignore'
[0.588s] Level 1:colcon.colcon_core.package_identification:_identify(robot_kinematics/kinematics) by extension 'ignore_ament_install'
[0.588s] Level 1:colcon.colcon_core.package_identification:_identify(robot_kinematics/kinematics) by extensions ['colcon_pkg']
[0.588s] Level 1:colcon.colcon_core.package_identification:_identify(robot_kinematics/kinematics) by extension 'colcon_pkg'
[0.588s] Level 1:colcon.colcon_core.package_identification:_identify(robot_kinematics/kinematics) by extensions ['colcon_meta']
[0.588s] Level 1:colcon.colcon_core.package_identification:_identify(robot_kinematics/kinematics) by extension 'colcon_meta'
[0.588s] Level 1:colcon.colcon_core.package_identification:_identify(robot_kinematics/kinematics) by extensions ['ros']
[0.588s] Level 1:colcon.colcon_core.package_identification:_identify(robot_kinematics/kinematics) by extension 'ros'
[0.588s] Level 1:colcon.colcon_core.package_identification:_identify(robot_kinematics/kinematics) by extensions ['cmake', 'python']
[0.588s] Level 1:colcon.colcon_core.package_identification:_identify(robot_kinematics/kinematics) by extension 'cmake'
[0.588s] Level 1:colcon.colcon_core.package_identification:_identify(robot_kinematics/kinematics) by extension 'python'
[0.588s] Level 1:colcon.colcon_core.package_identification:_identify(robot_kinematics/kinematics) by extensions ['python_setup_py']
[0.588s] Level 1:colcon.colcon_core.package_identification:_identify(robot_kinematics/kinematics) by extension 'python_setup_py'
[0.588s] Level 1:colcon.colcon_core.package_identification:_identify(robot_kinematics/manyplot) by extensions ['ignore', 'ignore_ament_install']
[0.588s] Level 1:colcon.colcon_core.package_identification:_identify(robot_kinematics/manyplot) by extension 'ignore'
[0.588s] Level 1:colcon.colcon_core.package_identification:_identify(robot_kinematics/manyplot) by extension 'ignore_ament_install'
[0.588s] Level 1:colcon.colcon_core.package_identification:_identify(robot_kinematics/manyplot) by extensions ['colcon_pkg']
[0.588s] Level 1:colcon.colcon_core.package_identification:_identify(robot_kinematics/manyplot) by extension 'colcon_pkg'
[0.588s] Level 1:colcon.colcon_core.package_identification:_identify(robot_kinematics/manyplot) by extensions ['colcon_meta']
[0.588s] Level 1:colcon.colcon_core.package_identification:_identify(robot_kinematics/manyplot) by extension 'colcon_meta'
[0.588s] Level 1:colcon.colcon_core.package_identification:_identify(robot_kinematics/manyplot) by extensions ['ros']
[0.588s] Level 1:colcon.colcon_core.package_identification:_identify(robot_kinematics/manyplot) by extension 'ros'
[0.588s] Level 1:colcon.colcon_core.package_identification:_identify(robot_kinematics/manyplot) by extensions ['cmake', 'python']
[0.588s] Level 1:colcon.colcon_core.package_identification:_identify(robot_kinematics/manyplot) by extension 'cmake'
[0.588s] Level 1:colcon.colcon_core.package_identification:_identify(robot_kinematics/manyplot) by extension 'python'
[0.588s] Level 1:colcon.colcon_core.package_identification:_identify(robot_kinematics/manyplot) by extensions ['python_setup_py']
[0.588s] Level 1:colcon.colcon_core.package_identification:_identify(robot_kinematics/manyplot) by extension 'python_setup_py'
[0.588s] Level 1:colcon.colcon_core.package_identification:_identify(robot_kinematics/manyplot/__pycache__) by extensions ['ignore', 'ignore_ament_install']
[0.588s] Level 1:colcon.colcon_core.package_identification:_identify(robot_kinematics/manyplot/__pycache__) by extension 'ignore'
[0.588s] Level 1:colcon.colcon_core.package_identification:_identify(robot_kinematics/manyplot/__pycache__) by extension 'ignore_ament_install'
[0.588s] Level 1:colcon.colcon_core.package_identification:_identify(robot_kinematics/manyplot/__pycache__) by extensions ['colcon_pkg']
[0.588s] Level 1:colcon.colcon_core.package_identification:_identify(robot_kinematics/manyplot/__pycache__) by extension 'colcon_pkg'
[0.588s] Level 1:colcon.colcon_core.package_identification:_identify(robot_kinematics/manyplot/__pycache__) by extensions ['colcon_meta']
[0.588s] Level 1:colcon.colcon_core.package_identification:_identify(robot_kinematics/manyplot/__pycache__) by extension 'colcon_meta'
[0.588s] Level 1:colcon.colcon_core.package_identification:_identify(robot_kinematics/manyplot/__pycache__) by extensions ['ros']
[0.588s] Level 1:colcon.colcon_core.package_identification:_identify(robot_kinematics/manyplot/__pycache__) by extension 'ros'
[0.588s] Level 1:colcon.colcon_core.package_identification:_identify(robot_kinematics/manyplot/__pycache__) by extensions ['cmake', 'python']
[0.588s] Level 1:colcon.colcon_core.package_identification:_identify(robot_kinematics/manyplot/__pycache__) by extension 'cmake'
[0.588s] Level 1:colcon.colcon_core.package_identification:_identify(robot_kinematics/manyplot/__pycache__) by extension 'python'
[0.589s] Level 1:colcon.colcon_core.package_identification:_identify(robot_kinematics/manyplot/__pycache__) by extensions ['python_setup_py']
[0.589s] Level 1:colcon.colcon_core.package_identification:_identify(robot_kinematics/manyplot/__pycache__) by extension 'python_setup_py'
[0.589s] Level 1:colcon.colcon_core.package_identification:_identify(robot_kinematics/trajectory) by extensions ['ignore', 'ignore_ament_install']
[0.589s] Level 1:colcon.colcon_core.package_identification:_identify(robot_kinematics/trajectory) by extension 'ignore'
[0.589s] Level 1:colcon.colcon_core.package_identification:_identify(robot_kinematics/trajectory) by extension 'ignore_ament_install'
[0.589s] Level 1:colcon.colcon_core.package_identification:_identify(robot_kinematics/trajectory) by extensions ['colcon_pkg']
[0.589s] Level 1:colcon.colcon_core.package_identification:_identify(robot_kinematics/trajectory) by extension 'colcon_pkg'
[0.589s] Level 1:colcon.colcon_core.package_identification:_identify(robot_kinematics/trajectory) by extensions ['colcon_meta']
[0.589s] Level 1:colcon.colcon_core.package_identification:_identify(robot_kinematics/trajectory) by extension 'colcon_meta'
[0.589s] Level 1:colcon.colcon_core.package_identification:_identify(robot_kinematics/trajectory) by extensions ['ros']
[0.589s] Level 1:colcon.colcon_core.package_identification:_identify(robot_kinematics/trajectory) by extension 'ros'
[0.589s] Level 1:colcon.colcon_core.package_identification:_identify(robot_kinematics/trajectory) by extensions ['cmake', 'python']
[0.589s] Level 1:colcon.colcon_core.package_identification:_identify(robot_kinematics/trajectory) by extension 'cmake'
[0.589s] Level 1:colcon.colcon_core.package_identification:_identify(robot_kinematics/trajectory) by extension 'python'
[0.589s] Level 1:colcon.colcon_core.package_identification:_identify(robot_kinematics/trajectory) by extensions ['python_setup_py']
[0.589s] Level 1:colcon.colcon_core.package_identification:_identify(robot_kinematics/trajectory) by extension 'python_setup_py'
[0.589s] Level 1:colcon.colcon_core.package_discovery:discover_packages(recursive) using defaults
[0.589s] Level 1:colcon.colcon_core.package_discovery:discover_packages(ignore) discover
[0.589s] Level 1:colcon.colcon_core.package_discovery:discover_packages(ignore) using defaults
[0.589s] Level 1:colcon.colcon_core.package_discovery:discover_packages(path) discover
[0.589s] Level 1:colcon.colcon_core.package_discovery:discover_packages(path) using defaults
[0.610s] Level 1:colcon.colcon_core.package_discovery:discover_packages(prefix_path) check parameters
[0.610s] Level 1:colcon.colcon_core.package_discovery:discover_packages(prefix_path) discover
[0.612s] DEBUG:colcon.colcon_installed_package_information.package_discovery:Found 3 installed packages in /home/krishnapranav/microros_ws/install
[0.613s] DEBUG:colcon.colcon_installed_package_information.package_discovery:Found 495 installed packages in /opt/ros/humble
[0.615s] Level 1:colcon.colcon_core.package_discovery:discover_packages(prefix_path) using defaults
[0.661s] Level 5:colcon.colcon_core.verb:set package 'armos_interfaces' build argument 'cmake_args' from command line to 'None'
[0.661s] Level 5:colcon.colcon_core.verb:set package 'armos_interfaces' build argument 'cmake_target' from command line to 'None'
[0.661s] Level 5:colcon.colcon_core.verb:set package 'armos_interfaces' build argument 'cmake_target_skip_unavailable' from command line to 'False'
[0.661s] Level 5:colcon.colcon_core.verb:set package 'armos_interfaces' build argument 'cmake_clean_cache' from command line to 'False'
[0.661s] Level 5:colcon.colcon_core.verb:set package 'armos_interfaces' build argument 'cmake_clean_first' from command line to 'False'
[0.661s] Level 5:colcon.colcon_core.verb:set package 'armos_interfaces' build argument 'cmake_force_configure' from command line to 'False'
[0.661s] Level 5:colcon.colcon_core.verb:set package 'armos_interfaces' build argument 'ament_cmake_args' from command line to 'None'
[0.661s] Level 5:colcon.colcon_core.verb:set package 'armos_interfaces' build argument 'catkin_cmake_args' from command line to 'None'
[0.661s] Level 5:colcon.colcon_core.verb:set package 'armos_interfaces' build argument 'catkin_skip_building_tests' from command line to 'False'
[0.662s] DEBUG:colcon.colcon_core.verb:Building package 'armos_interfaces' with the following arguments: {'ament_cmake_args': None, 'build_base': '/home/krishnapranav/mj_manipulation/mujoco_manipulation/build/armos_interfaces', 'catkin_cmake_args': None, 'catkin_skip_building_tests': False, 'cmake_args': None, 'cmake_clean_cache': False, 'cmake_clean_first': False, 'cmake_force_configure': False, 'cmake_target': None, 'cmake_target_skip_unavailable': False, 'install_base': '/home/krishnapranav/mj_manipulation/mujoco_manipulation/install/armos_interfaces', 'merge_install': False, 'path': '/home/krishnapranav/mj_manipulation/mujoco_manipulation/armos_ros2/pkgs/armos_interfaces', 'symlink_install': False, 'test_result_base': None}
[0.662s] Level 5:colcon.colcon_core.verb:set package 'armos_control' build argument 'cmake_args' from command line to 'None'
[0.662s] Level 5:colcon.colcon_core.verb:set package 'armos_control' build argument 'cmake_target' from command line to 'None'
[0.662s] Level 5:colcon.colcon_core.verb:set package 'armos_control' build argument 'cmake_target_skip_unavailable' from command line to 'False'
[0.662s] Level 5:colcon.colcon_core.verb:set package 'armos_control' build argument 'cmake_clean_cache' from command line to 'False'
[0.662s] Level 5:colcon.colcon_core.verb:set package 'armos_control' build argument 'cmake_clean_first' from command line to 'False'
[0.662s] Level 5:colcon.colcon_core.verb:set package 'armos_control' build argument 'cmake_force_configure' from command line to 'False'
[0.662s] Level 5:colcon.colcon_core.verb:set package 'armos_control' build argument 'ament_cmake_args' from command line to 'None'
[0.662s] Level 5:colcon.colcon_core.verb:set package 'armos_control' build argument 'catkin_cmake_args' from command line to 'None'
[0.662s] Level 5:colcon.colcon_core.verb:set package 'armos_control' build argument 'catkin_skip_building_tests' from command line to 'False'
[0.662s] DEBUG:colcon.colcon_core.verb:Building package 'armos_control' with the following arguments: {'ament_cmake_args': None, 'build_base': '/home/krishnapranav/mj_manipulation/mujoco_manipulation/build/armos_control', 'catkin_cmake_args': None, 'catkin_skip_building_tests': False, 'cmake_args': None, 'cmake_clean_cache': False, 'cmake_clean_first': False, 'cmake_force_configure': False, 'cmake_target': None, 'cmake_target_skip_unavailable': False, 'install_base': '/home/krishnapranav/mj_manipulation/mujoco_manipulation/install/armos_control', 'merge_install': False, 'path': '/home/krishnapranav/mj_manipulation/mujoco_manipulation/armos_ros2/pkgs/armos_control', 'symlink_install': False, 'test_result_base': None}
[0.662s] INFO:colcon.colcon_core.executor:Executing jobs using 'parallel' executor
[0.663s] DEBUG:colcon.colcon_parallel_executor.executor.parallel:run_until_complete
[0.663s] INFO:colcon.colcon_ros.task.ament_cmake.build:Building ROS package in '/home/krishnapranav/mj_manipulation/mujoco_manipulation/armos_ros2/pkgs/armos_interfaces' with build type 'ament_cmake'
[0.663s] INFO:colcon.colcon_cmake.task.cmake.build:Building CMake package in '/home/krishnapranav/mj_manipulation/mujoco_manipulation/armos_ros2/pkgs/armos_interfaces'
[0.667s] INFO:colcon.colcon_core.plugin_system:Skipping extension 'colcon_core.shell.bat': Not used on non-Windows systems
[0.668s] INFO:colcon.colcon_core.shell:Skip shell extension 'powershell' for command environment: Not usable outside of PowerShell
[0.668s] DEBUG:colcon.colcon_core.shell:Skip shell extension 'dsv' for command environment
[0.680s] DEBUG:colcon.colcon_core.event_handler.log_command:Invoking command in '/home/krishnapranav/mj_manipulation/mujoco_manipulation/build/armos_interfaces': CMAKE_PREFIX_PATH=${CMAKE_PREFIX_PATH}:/opt/ros/humble PS1=(armos) \[\e]0;\u@\h: \w\a\]${debian_chroot:+($debian_chroot)}\[\033[01;32m\]\u@\h\[\033[00m\]:\[\033[01;34m\]\w\[\033[00m\]\$ VIRTUAL_ENV_PROMPT=(armos) /usr/bin/cmake --build /home/krishnapranav/mj_manipulation/mujoco_manipulation/build/armos_interfaces -- -j12 -l12
[4.648s] DEBUG:colcon.colcon_core.event_handler.log_command:Invoked command in '/home/krishnapranav/mj_manipulation/mujoco_manipulation/build/armos_interfaces' returned '0': CMAKE_PREFIX_PATH=${CMAKE_PREFIX_PATH}:/opt/ros/humble PS1=(armos) \[\e]0;\u@\h: \w\a\]${debian_chroot:+($debian_chroot)}\[\033[01;32m\]\u@\h\[\033[00m\]:\[\033[01;34m\]\w\[\033[00m\]\$ VIRTUAL_ENV_PROMPT=(armos) /usr/bin/cmake --build /home/krishnapranav/mj_manipulation/mujoco_manipulation/build/armos_interfaces -- -j12 -l12
[4.655s] DEBUG:colcon.colcon_core.event_handler.log_command:Invoking command in '/home/krishnapranav/mj_manipulation/mujoco_manipulation/build/armos_interfaces': CMAKE_PREFIX_PATH=${CMAKE_PREFIX_PATH}:/opt/ros/humble PS1=(armos) \[\e]0;\u@\h: \w\a\]${debian_chroot:+($debian_chroot)}\[\033[01;32m\]\u@\h\[\033[00m\]:\[\033[01;34m\]\w\[\033[00m\]\$ VIRTUAL_ENV_PROMPT=(armos) /usr/bin/cmake --install /home/krishnapranav/mj_manipulation/mujoco_manipulation/build/armos_interfaces
[4.749s] Level 1:colcon.colcon_core.environment:create_environment_scripts_only(armos_interfaces)
[4.749s] DEBUG:colcon.colcon_core.event_handler.log_command:Invoked command in '/home/krishnapranav/mj_manipulation/mujoco_manipulation/build/armos_interfaces' returned '0': CMAKE_PREFIX_PATH=${CMAKE_PREFIX_PATH}:/opt/ros/humble PS1=(armos) \[\e]0;\u@\h: \w\a\]${debian_chroot:+($debian_chroot)}\[\033[01;32m\]\u@\h\[\033[00m\]:\[\033[01;34m\]\w\[\033[00m\]\$ VIRTUAL_ENV_PROMPT=(armos) /usr/bin/cmake --install /home/krishnapranav/mj_manipulation/mujoco_manipulation/build/armos_interfaces
[4.754s] Level 1:colcon.colcon_core.environment:checking '/home/krishnapranav/mj_manipulation/mujoco_manipulation/install/armos_interfaces' for CMake module files
[4.754s] Level 1:colcon.colcon_core.environment:checking '/home/krishnapranav/mj_manipulation/mujoco_manipulation/install/armos_interfaces' for CMake config files
[4.755s] Level 1:colcon.colcon_core.shell:create_environment_hook('armos_interfaces', 'cmake_prefix_path')
[4.755s] INFO:colcon.colcon_core.shell:Creating environment hook '/home/krishnapranav/mj_manipulation/mujoco_manipulation/install/armos_interfaces/share/armos_interfaces/hook/cmake_prefix_path.ps1'
[4.756s] INFO:colcon.colcon_core.shell:Creating environment descriptor '/home/krishnapranav/mj_manipulation/mujoco_manipulation/install/armos_interfaces/share/armos_interfaces/hook/cmake_prefix_path.dsv'
[4.756s] INFO:colcon.colcon_core.shell:Creating environment hook '/home/krishnapranav/mj_manipulation/mujoco_manipulation/install/armos_interfaces/share/armos_interfaces/hook/cmake_prefix_path.sh'
[4.757s] Level 1:colcon.colcon_core.environment:checking '/home/krishnapranav/mj_manipulation/mujoco_manipulation/install/armos_interfaces/lib'
[4.758s] Level 1:colcon.colcon_core.shell:create_environment_hook('armos_interfaces', 'ld_library_path_lib')
[4.758s] INFO:colcon.colcon_core.shell:Creating environment hook '/home/krishnapranav/mj_manipulation/mujoco_manipulation/install/armos_interfaces/share/armos_interfaces/hook/ld_library_path_lib.ps1'
[4.759s] INFO:colcon.colcon_core.shell:Creating environment descriptor '/home/krishnapranav/mj_manipulation/mujoco_manipulation/install/armos_interfaces/share/armos_interfaces/hook/ld_library_path_lib.dsv'
[4.759s] INFO:colcon.colcon_core.shell:Creating environment hook '/home/krishnapranav/mj_manipulation/mujoco_manipulation/install/armos_interfaces/share/armos_interfaces/hook/ld_library_path_lib.sh'
[4.759s] Level 1:colcon.colcon_core.environment:checking '/home/krishnapranav/mj_manipulation/mujoco_manipulation/install/armos_interfaces/bin'
[4.759s] Level 1:colcon.colcon_core.environment:checking '/home/krishnapranav/mj_manipulation/mujoco_manipulation/install/armos_interfaces/lib/pkgconfig/armos_interfaces.pc'
[4.759s] Level 1:colcon.colcon_core.environment:checking '/home/krishnapranav/mj_manipulation/mujoco_manipulation/install/armos_interfaces/lib/python3.10/site-packages'
[4.759s] Level 1:colcon.colcon_core.shell:create_environment_hook('armos_interfaces', 'pythonpath')
[4.759s] INFO:colcon.colcon_core.shell:Creating environment hook '/home/krishnapranav/mj_manipulation/mujoco_manipulation/install/armos_interfaces/share/armos_interfaces/hook/pythonpath.ps1'
[4.760s] INFO:colcon.colcon_core.shell:Creating environment descriptor '/home/krishnapranav/mj_manipulation/mujoco_manipulation/install/armos_interfaces/share/armos_interfaces/hook/pythonpath.dsv'
[4.760s] INFO:colcon.colcon_core.shell:Creating environment hook '/home/krishnapranav/mj_manipulation/mujoco_manipulation/install/armos_interfaces/share/armos_interfaces/hook/pythonpath.sh'
[4.760s] Level 1:colcon.colcon_core.environment:checking '/home/krishnapranav/mj_manipulation/mujoco_manipulation/install/armos_interfaces/bin'
[4.761s] INFO:colcon.colcon_core.shell:Creating package script '/home/krishnapranav/mj_manipulation/mujoco_manipulation/install/armos_interfaces/share/armos_interfaces/package.ps1'
[4.761s] INFO:colcon.colcon_core.shell:Creating package descriptor '/home/krishnapranav/mj_manipulation/mujoco_manipulation/install/armos_interfaces/share/armos_interfaces/package.dsv'
[4.762s] INFO:colcon.colcon_core.shell:Creating package script '/home/krishnapranav/mj_manipulation/mujoco_manipulation/install/armos_interfaces/share/armos_interfaces/package.sh'
[4.762s] INFO:colcon.colcon_core.shell:Creating package script '/home/krishnapranav/mj_manipulation/mujoco_manipulation/install/armos_interfaces/share/armos_interfaces/package.bash'
[4.763s] INFO:colcon.colcon_core.shell:Creating package script '/home/krishnapranav/mj_manipulation/mujoco_manipulation/install/armos_interfaces/share/armos_interfaces/package.zsh'
[4.764s] Level 1:colcon.colcon_core.environment:create_file_with_runtime_dependencies(/home/krishnapranav/mj_manipulation/mujoco_manipulation/install/armos_interfaces/share/colcon-core/packages/armos_interfaces)
[4.765s] Level 1:colcon.colcon_core.environment:create_environment_scripts_only(armos_interfaces)
[4.765s] Level 1:colcon.colcon_core.environment:checking '/home/krishnapranav/mj_manipulation/mujoco_manipulation/install/armos_interfaces' for CMake module files
[4.765s] Level 1:colcon.colcon_core.environment:checking '/home/krishnapranav/mj_manipulation/mujoco_manipulation/install/armos_interfaces' for CMake config files
[4.765s] Level 1:colcon.colcon_core.shell:create_environment_hook('armos_interfaces', 'cmake_prefix_path')
[4.765s] INFO:colcon.colcon_core.shell:Creating environment hook '/home/krishnapranav/mj_manipulation/mujoco_manipulation/install/armos_interfaces/share/armos_interfaces/hook/cmake_prefix_path.ps1'
[4.766s] INFO:colcon.colcon_core.shell:Creating environment descriptor '/home/krishnapranav/mj_manipulation/mujoco_manipulation/install/armos_interfaces/share/armos_interfaces/hook/cmake_prefix_path.dsv'
[4.766s] INFO:colcon.colcon_core.shell:Creating environment hook '/home/krishnapranav/mj_manipulation/mujoco_manipulation/install/armos_interfaces/share/armos_interfaces/hook/cmake_prefix_path.sh'
[4.766s] Level 1:colcon.colcon_core.environment:checking '/home/krishnapranav/mj_manipulation/mujoco_manipulation/install/armos_interfaces/lib'
[4.766s] Level 1:colcon.colcon_core.shell:create_environment_hook('armos_interfaces', 'ld_library_path_lib')
[4.767s] INFO:colcon.colcon_core.shell:Creating environment hook '/home/krishnapranav/mj_manipulation/mujoco_manipulation/install/armos_interfaces/share/armos_interfaces/hook/ld_library_path_lib.ps1'
[4.767s] INFO:colcon.colcon_core.shell:Creating environment descriptor '/home/krishnapranav/mj_manipulation/mujoco_manipulation/install/armos_interfaces/share/armos_interfaces/hook/ld_library_path_lib.dsv'
[4.767s] INFO:colcon.colcon_core.shell:Creating environment hook '/home/krishnapranav/mj_manipulation/mujoco_manipulation/install/armos_interfaces/share/armos_interfaces/hook/ld_library_path_lib.sh'
[4.767s] Level 1:colcon.colcon_core.environment:checking '/home/krishnapranav/mj_manipulation/mujoco_manipulation/install/armos_interfaces/bin'
[4.767s] Level 1:colcon.colcon_core.environment:checking '/home/krishnapranav/mj_manipulation/mujoco_manipulation/install/armos_interfaces/lib/pkgconfig/armos_interfaces.pc'
[4.767s] Level 1:colcon.colcon_core.environment:checking '/home/krishnapranav/mj_manipulation/mujoco_manipulation/install/armos_interfaces/lib/python3.10/site-packages'
[4.767s] Level 1:colcon.colcon_core.shell:create_environment_hook('armos_interfaces', 'pythonpath')
[4.768s] INFO:colcon.colcon_core.shell:Creating environment hook '/home/krishnapranav/mj_manipulation/mujoco_manipulation/install/armos_interfaces/share/armos_interfaces/hook/pythonpath.ps1'
[4.768s] INFO:colcon.colcon_core.shell:Creating environment descriptor '/home/krishnapranav/mj_manipulation/mujoco_manipulation/install/armos_interfaces/share/armos_interfaces/hook/pythonpath.dsv'
[4.768s] INFO:colcon.colcon_core.shell:Creating environment hook '/home/krishnapranav/mj_manipulation/mujoco_manipulation/install/armos_interfaces/share/armos_interfaces/hook/pythonpath.sh'
[4.768s] Level 1:colcon.colcon_core.environment:checking '/home/krishnapranav/mj_manipulation/mujoco_manipulation/install/armos_interfaces/bin'
[4.768s] INFO:colcon.colcon_core.shell:Creating package script '/home/krishnapranav/mj_manipulation/mujoco_manipulation/install/armos_interfaces/share/armos_interfaces/package.ps1'
[4.769s] INFO:colcon.colcon_core.shell:Creating package descriptor '/home/krishnapranav/mj_manipulation/mujoco_manipulation/install/armos_interfaces/share/armos_interfaces/package.dsv'
[4.769s] INFO:colcon.colcon_core.shell:Creating package script '/home/krishnapranav/mj_manipulation/mujoco_manipulation/install/armos_interfaces/share/armos_interfaces/package.sh'
[4.769s] INFO:colcon.colcon_core.shell:Creating package script '/home/krishnapranav/mj_manipulation/mujoco_manipulation/install/armos_interfaces/share/armos_interfaces/package.bash'
[4.770s] INFO:colcon.colcon_core.shell:Creating package script '/home/krishnapranav/mj_manipulation/mujoco_manipulation/install/armos_interfaces/share/armos_interfaces/package.zsh'
[4.770s] Level 1:colcon.colcon_core.environment:create_file_with_runtime_dependencies(/home/krishnapranav/mj_manipulation/mujoco_manipulation/install/armos_interfaces/share/colcon-core/packages/armos_interfaces)
[4.770s] INFO:colcon.colcon_ros.task.ament_cmake.build:Building ROS package in '/home/krishnapranav/mj_manipulation/mujoco_manipulation/armos_ros2/pkgs/armos_control' with build type 'ament_cmake'
[4.770s] INFO:colcon.colcon_cmake.task.cmake.build:Building CMake package in '/home/krishnapranav/mj_manipulation/mujoco_manipulation/armos_ros2/pkgs/armos_control'
[4.770s] INFO:colcon.colcon_core.shell:Skip shell extension 'powershell' for command environment: Not usable outside of PowerShell
[4.770s] DEBUG:colcon.colcon_core.shell:Skip shell extension 'dsv' for command environment
[4.783s] DEBUG:colcon.colcon_core.event_handler.log_command:Invoking command in '/home/krishnapranav/mj_manipulation/mujoco_manipulation/build/armos_control': AMENT_PREFIX_PATH=/home/krishnapranav/mj_manipulation/mujoco_manipulation/install/armos_interfaces:${AMENT_PREFIX_PATH} CMAKE_PREFIX_PATH=/home/krishnapranav/mj_manipulation/mujoco_manipulation/install/armos_interfaces:/home/krishnapranav/microros_ws/install/micro_ros_setup:/home/krishnapranav/microros_ws/install/micro_ros_agent:/home/krishnapranav/microros_ws/install/micro_ros_msgs:/opt/ros/humble LD_LIBRARY_PATH=/home/krishnapranav/mj_manipulation/mujoco_manipulation/install/armos_interfaces/lib:${LD_LIBRARY_PATH} PS1=(armos) \[\e]0;\u@\h: \w\a\]${debian_chroot:+($debian_chroot)}\[\033[01;32m\]\u@\h\[\033[00m\]:\[\033[01;34m\]\w\[\033[00m\]\$ PYTHONPATH=/home/krishnapranav/mj_manipulation/mujoco_manipulation/install/armos_interfaces/lib/python3.10/site-packages:${PYTHONPATH} VIRTUAL_ENV_PROMPT=(armos) /usr/bin/cmake --build /home/krishnapranav/mj_manipulation/mujoco_manipulation/build/armos_control -- -j12 -l12
[5.015s] DEBUG:colcon.colcon_core.event_handler.log_command:Invoked command in '/home/krishnapranav/mj_manipulation/mujoco_manipulation/build/armos_control' returned '0': AMENT_PREFIX_PATH=/home/krishnapranav/mj_manipulation/mujoco_manipulation/install/armos_interfaces:${AMENT_PREFIX_PATH} CMAKE_PREFIX_PATH=/home/krishnapranav/mj_manipulation/mujoco_manipulation/install/armos_interfaces:/home/krishnapranav/microros_ws/install/micro_ros_setup:/home/krishnapranav/microros_ws/install/micro_ros_agent:/home/krishnapranav/microros_ws/install/micro_ros_msgs:/opt/ros/humble LD_LIBRARY_PATH=/home/krishnapranav/mj_manipulation/mujoco_manipulation/install/armos_interfaces/lib:${LD_LIBRARY_PATH} PS1=(armos) \[\e]0;\u@\h: \w\a\]${debian_chroot:+($debian_chroot)}\[\033[01;32m\]\u@\h\[\033[00m\]:\[\033[01;34m\]\w\[\033[00m\]\$ PYTHONPATH=/home/krishnapranav/mj_manipulation/mujoco_manipulation/install/armos_interfaces/lib/python3.10/site-packages:${PYTHONPATH} VIRTUAL_ENV_PROMPT=(armos) /usr/bin/cmake --build /home/krishnapranav/mj_manipulation/mujoco_manipulation/build/armos_control -- -j12 -l12
[5.017s] DEBUG:colcon.colcon_core.event_handler.log_command:Invoking command in '/home/krishnapranav/mj_manipulation/mujoco_manipulation/build/armos_control': AMENT_PREFIX_PATH=/home/krishnapranav/mj_manipulation/mujoco_manipulation/install/armos_interfaces:${AMENT_PREFIX_PATH} CMAKE_PREFIX_PATH=/home/krishnapranav/mj_manipulation/mujoco_manipulation/install/armos_interfaces:/home/krishnapranav/microros_ws/install/micro_ros_setup:/home/krishnapranav/microros_ws/install/micro_ros_agent:/home/krishnapranav/microros_ws/install/micro_ros_msgs:/opt/ros/humble LD_LIBRARY_PATH=/home/krishnapranav/mj_manipulation/mujoco_manipulation/install/armos_interfaces/lib:${LD_LIBRARY_PATH} PS1=(armos) \[\e]0;\u@\h: \w\a\]${debian_chroot:+($debian_chroot)}\[\033[01;32m\]\u@\h\[\033[00m\]:\[\033[01;34m\]\w\[\033[00m\]\$ PYTHONPATH=/home/krishnapranav/mj_manipulation/mujoco_manipulation/install/armos_interfaces/lib/python3.10/site-packages:${PYTHONPATH} VIRTUAL_ENV_PROMPT=(armos) /usr/bin/cmake --install /home/krishnapranav/mj_manipulation/mujoco_manipulation/build/armos_control
[5.025s] Level 1:colcon.colcon_core.environment:create_environment_scripts_only(armos_control)
[5.026s] Level 1:colcon.colcon_core.environment:checking '/home/krishnapranav/mj_manipulation/mujoco_manipulation/install/armos_control' for CMake module files
[5.026s] DEBUG:colcon.colcon_core.event_handler.log_command:Invoked command in '/home/krishnapranav/mj_manipulation/mujoco_manipulation/build/armos_control' returned '0': AMENT_PREFIX_PATH=/home/krishnapranav/mj_manipulation/mujoco_manipulation/install/armos_interfaces:${AMENT_PREFIX_PATH} CMAKE_PREFIX_PATH=/home/krishnapranav/mj_manipulation/mujoco_manipulation/install/armos_interfaces:/home/krishnapranav/microros_ws/install/micro_ros_setup:/home/krishnapranav/microros_ws/install/micro_ros_agent:/home/krishnapranav/microros_ws/install/micro_ros_msgs:/opt/ros/humble LD_LIBRARY_PATH=/home/krishnapranav/mj_manipulation/mujoco_manipulation/install/armos_interfaces/lib:${LD_LIBRARY_PATH} PS1=(armos) \[\e]0;\u@\h: \w\a\]${debian_chroot:+($debian_chroot)}\[\033[01;32m\]\u@\h\[\033[00m\]:\[\033[01;34m\]\w\[\033[00m\]\$ PYTHONPATH=/home/krishnapranav/mj_manipulation/mujoco_manipulation/install/armos_interfaces/lib/python3.10/site-packages:${PYTHONPATH} VIRTUAL_ENV_PROMPT=(armos) /usr/bin/cmake --install /home/krishnapranav/mj_manipulation/mujoco_manipulation/build/armos_control
[5.027s] Level 1:colcon.colcon_core.environment:checking '/home/krishnapranav/mj_manipulation/mujoco_manipulation/install/armos_control' for CMake config files
[5.027s] Level 1:colcon.colcon_core.shell:create_environment_hook('armos_control', 'cmake_prefix_path')
[5.028s] INFO:colcon.colcon_core.shell:Creating environment hook '/home/krishnapranav/mj_manipulation/mujoco_manipulation/install/armos_control/share/armos_control/hook/cmake_prefix_path.ps1'
[5.028s] INFO:colcon.colcon_core.shell:Creating environment descriptor '/home/krishnapranav/mj_manipulation/mujoco_manipulation/install/armos_control/share/armos_control/hook/cmake_prefix_path.dsv'
[5.029s] INFO:colcon.colcon_core.shell:Creating environment hook '/home/krishnapranav/mj_manipulation/mujoco_manipulation/install/armos_control/share/armos_control/hook/cmake_prefix_path.sh'
[5.030s] Level 1:colcon.colcon_core.environment:checking '/home/krishnapranav/mj_manipulation/mujoco_manipulation/install/armos_control/lib'
[5.030s] Level 1:colcon.colcon_core.environment:checking '/home/krishnapranav/mj_manipulation/mujoco_manipulation/install/armos_control/bin'
[5.030s] Level 1:colcon.colcon_core.environment:checking '/home/krishnapranav/mj_manipulation/mujoco_manipulation/install/armos_control/lib/pkgconfig/armos_control.pc'
[5.030s] Level 1:colcon.colcon_core.environment:checking '/home/krishnapranav/mj_manipulation/mujoco_manipulation/install/armos_control/lib/python3.10/site-packages'
[5.030s] Level 1:colcon.colcon_core.environment:checking '/home/krishnapranav/mj_manipulation/mujoco_manipulation/install/armos_control/bin'
[5.031s] INFO:colcon.colcon_core.shell:Creating package script '/home/krishnapranav/mj_manipulation/mujoco_manipulation/install/armos_control/share/armos_control/package.ps1'
[5.031s] INFO:colcon.colcon_core.shell:Creating package descriptor '/home/krishnapranav/mj_manipulation/mujoco_manipulation/install/armos_control/share/armos_control/package.dsv'
[5.032s] INFO:colcon.colcon_core.shell:Creating package script '/home/krishnapranav/mj_manipulation/mujoco_manipulation/install/armos_control/share/armos_control/package.sh'
[5.032s] INFO:colcon.colcon_core.shell:Creating package script '/home/krishnapranav/mj_manipulation/mujoco_manipulation/install/armos_control/share/armos_control/package.bash'
[5.033s] INFO:colcon.colcon_core.shell:Creating package script '/home/krishnapranav/mj_manipulation/mujoco_manipulation/install/armos_control/share/armos_control/package.zsh'
[5.033s] Level 1:colcon.colcon_core.environment:create_file_with_runtime_dependencies(/home/krishnapranav/mj_manipulation/mujoco_manipulation/install/armos_control/share/colcon-core/packages/armos_control)
[5.034s] Level 1:colcon.colcon_core.environment:create_environment_scripts_only(armos_control)
[5.034s] Level 1:colcon.colcon_core.environment:checking '/home/krishnapranav/mj_manipulation/mujoco_manipulation/install/armos_control' for CMake module files
[5.034s] Level 1:colcon.colcon_core.environment:checking '/home/krishnapranav/mj_manipulation/mujoco_manipulation/install/armos_control' for CMake config files
[5.035s] Level 1:colcon.colcon_core.shell:create_environment_hook('armos_control', 'cmake_prefix_path')
[5.035s] INFO:colcon.colcon_core.shell:Creating environment hook '/home/krishnapranav/mj_manipulation/mujoco_manipulation/install/armos_control/share/armos_control/hook/cmake_prefix_path.ps1'
[5.035s] INFO:colcon.colcon_core.shell:Creating environment descriptor '/home/krishnapranav/mj_manipulation/mujoco_manipulation/install/armos_control/share/armos_control/hook/cmake_prefix_path.dsv'
[5.035s] INFO:colcon.colcon_core.shell:Creating environment hook '/home/krishnapranav/mj_manipulation/mujoco_manipulation/install/armos_control/share/armos_control/hook/cmake_prefix_path.sh'
[5.036s] Level 1:colcon.colcon_core.environment:checking '/home/krishnapranav/mj_manipulation/mujoco_manipulation/install/armos_control/lib'
[5.036s] Level 1:colcon.colcon_core.environment:checking '/home/krishnapranav/mj_manipulation/mujoco_manipulation/install/armos_control/bin'
[5.036s] Level 1:colcon.colcon_core.environment:checking '/home/krishnapranav/mj_manipulation/mujoco_manipulation/install/armos_control/lib/pkgconfig/armos_control.pc'
[5.036s] Level 1:colcon.colcon_core.environment:checking '/home/krishnapranav/mj_manipulation/mujoco_manipulation/install/armos_control/lib/python3.10/site-packages'
[5.036s] Level 1:colcon.colcon_core.environment:checking '/home/krishnapranav/mj_manipulation/mujoco_manipulation/install/armos_control/bin'
[5.036s] INFO:colcon.colcon_core.shell:Creating package script '/home/krishnapranav/mj_manipulation/mujoco_manipulation/install/armos_control/share/armos_control/package.ps1'
[5.037s] INFO:colcon.colcon_core.shell:Creating package descriptor '/home/krishnapranav/mj_manipulation/mujoco_manipulation/install/armos_control/share/armos_control/package.dsv'
[5.037s] INFO:colcon.colcon_core.shell:Creating package script '/home/krishnapranav/mj_manipulation/mujoco_manipulation/install/armos_control/share/armos_control/package.sh'
[5.037s] INFO:colcon.colcon_core.shell:Creating package script '/home/krishnapranav/mj_manipulation/mujoco_manipulation/install/armos_control/share/armos_control/package.bash'
[5.038s] INFO:colcon.colcon_core.shell:Creating package script '/home/krishnapranav/mj_manipulation/mujoco_manipulation/install/armos_control/share/armos_control/package.zsh'
[5.038s] Level 1:colcon.colcon_core.environment:create_file_with_runtime_dependencies(/home/krishnapranav/mj_manipulation/mujoco_manipulation/install/armos_control/share/colcon-core/packages/armos_control)
[5.038s] DEBUG:colcon.colcon_parallel_executor.executor.parallel:closing loop
[5.039s] DEBUG:colcon.colcon_parallel_executor.executor.parallel:loop closed
[5.039s] DEBUG:colcon.colcon_parallel_executor.executor.parallel:run_until_complete finished with '0'
[5.039s] DEBUG:colcon.colcon_core.event_reactor:joining thread
[5.049s] INFO:colcon.colcon_core.plugin_system:Skipping extension 'colcon_notification.desktop_notification.terminal_notifier': Not used on non-Darwin systems
[5.049s] INFO:colcon.colcon_core.plugin_system:Skipping extension 'colcon_notification.desktop_notification.win32': Not used on non-Windows systems
[5.049s] INFO:colcon.colcon_notification.desktop_notification:Sending desktop notification using 'notify2'
[5.068s] DEBUG:colcon.colcon_core.event_reactor:joined thread
[5.069s] INFO:colcon.colcon_core.shell:Creating prefix script '/home/krishnapranav/mj_manipulation/mujoco_manipulation/install/local_setup.ps1'
[5.070s] INFO:colcon.colcon_core.shell:Creating prefix util module '/home/krishnapranav/mj_manipulation/mujoco_manipulation/install/_local_setup_util_ps1.py'
[5.073s] INFO:colcon.colcon_core.shell:Creating prefix chain script '/home/krishnapranav/mj_manipulation/mujoco_manipulation/install/setup.ps1'
[5.075s] INFO:colcon.colcon_core.shell:Creating prefix script '/home/krishnapranav/mj_manipulation/mujoco_manipulation/install/local_setup.sh'
[5.076s] INFO:colcon.colcon_core.shell:Creating prefix util module '/home/krishnapranav/mj_manipulation/mujoco_manipulation/install/_local_setup_util_sh.py'
[5.077s] INFO:colcon.colcon_core.shell:Creating prefix chain script '/home/krishnapranav/mj_manipulation/mujoco_manipulation/install/setup.sh'
[5.079s] INFO:colcon.colcon_core.shell:Creating prefix script '/home/krishnapranav/mj_manipulation/mujoco_manipulation/install/local_setup.bash'
[5.080s] INFO:colcon.colcon_core.shell:Creating prefix chain script '/home/krishnapranav/mj_manipulation/mujoco_manipulation/install/setup.bash'
[5.081s] INFO:colcon.colcon_core.shell:Creating prefix script '/home/krishnapranav/mj_manipulation/mujoco_manipulation/install/local_setup.zsh'
[5.082s] INFO:colcon.colcon_core.shell:Creating prefix chain script '/home/krishnapranav/mj_manipulation/mujoco_manipulation/install/setup.zsh'
