[0.669s] DEBUG:colcon:Command line arguments: ['/usr/bin/colcon', 'build', '--packages-select', 'armos_interfaces', 'armos_control']
[0.669s] DEBUG:colcon:Parsed command line arguments: Namespace(log_base=None, log_level=None, verb_name='build', build_base='build', install_base='install', merge_install=False, symlink_install=False, test_result_base=None, continue_on_error=False, executor='parallel', parallel_workers=12, event_handlers=None, ignore_user_meta=False, metas=['./colcon.meta'], base_paths=['.'], packages_ignore=None, packages_ignore_regex=None, paths=None, packages_up_to=None, packages_up_to_regex=None, packages_above=None, packages_above_and_dependencies=None, packages_above_depth=None, packages_select_by_dep=None, packages_skip_by_dep=None, packages_skip_up_to=None, packages_select_build_failed=False, packages_skip_build_finished=False, packages_select_test_failures=False, packages_skip_test_passed=False, packages_select=['armos_interfaces', 'armos_control'], packages_skip=None, packages_select_regex=None, packages_skip_regex=None, packages_start=None, packages_end=None, allow_overriding=[], cmake_args=None, cmake_target=None, cmake_target_skip_unavailable=False, cmake_clean_cache=False, cmake_clean_first=False, cmake_force_configure=False, ament_cmake_args=None, catkin_cmake_args=None, catkin_skip_building_tests=False, mixin_files=None, mixin=None, verb_parser=<colcon_mixin.mixin.mixin_argument.MixinArgumentDecorator object at 0x7cb222b15ff0>, verb_extension=<colcon_core.verb.build.BuildVerb object at 0x7cb222b159f0>, main=<bound method BuildVerb.main of <colcon_core.verb.build.BuildVerb object at 0x7cb222b159f0>>, mixin_verb=('build',))
[0.854s] Level 1:colcon.colcon_core.package_discovery:discover_packages(colcon_meta) check parameters
[0.855s] Level 1:colcon.colcon_core.package_discovery:discover_packages(recursive) check parameters
[0.855s] Level 1:colcon.colcon_core.package_discovery:discover_packages(ignore) check parameters
[0.855s] Level 1:colcon.colcon_core.package_discovery:discover_packages(path) check parameters
[0.855s] Level 1:colcon.colcon_core.package_discovery:discover_packages(colcon_meta) discover
[0.855s] Level 1:colcon.colcon_core.package_discovery:discover_packages(recursive) discover
[0.855s] INFO:colcon.colcon_core.package_discovery:Crawling recursively for packages in '/home/krishnapranav/mj_manipulation/mujoco_manipulation'
[0.855s] Level 1:colcon.colcon_core.package_identification:_identify(.) by extensions ['ignore', 'ignore_ament_install']
[0.856s] Level 1:colcon.colcon_core.package_identification:_identify(.) by extension 'ignore'
[0.856s] Level 1:colcon.colcon_core.package_identification:_identify(.) by extension 'ignore_ament_install'
[0.856s] Level 1:colcon.colcon_core.package_identification:_identify(.) by extensions ['colcon_pkg']
[0.856s] Level 1:colcon.colcon_core.package_identification:_identify(.) by extension 'colcon_pkg'
[0.856s] Level 1:colcon.colcon_core.package_identification:_identify(.) by extensions ['colcon_meta']
[0.856s] Level 1:colcon.colcon_core.package_identification:_identify(.) by extension 'colcon_meta'
[0.856s] Level 1:colcon.colcon_core.package_identification:_identify(.) by extensions ['ros']
[0.856s] Level 1:colcon.colcon_core.package_identification:_identify(.) by extension 'ros'
[0.950s] Level 1:colcon.colcon_core.package_identification:_identify(.) by extensions ['cmake', 'python']
[0.950s] Level 1:colcon.colcon_core.package_identification:_identify(.) by extension 'cmake'
[0.950s] Level 1:colcon.colcon_core.package_identification:_identify(.) by extension 'python'
[0.950s] Level 1:colcon.colcon_core.package_identification:_identify(.) by extensions ['python_setup_py']
[0.950s] Level 1:colcon.colcon_core.package_identification:_identify(.) by extension 'python_setup_py'
[0.951s] Level 1:colcon.colcon_core.package_identification:_identify(armos_ros2) by extensions ['ignore', 'ignore_ament_install']
[0.951s] Level 1:colcon.colcon_core.package_identification:_identify(armos_ros2) by extension 'ignore'
[0.951s] Level 1:colcon.colcon_core.package_identification:_identify(armos_ros2) by extension 'ignore_ament_install'
[0.951s] Level 1:colcon.colcon_core.package_identification:_identify(armos_ros2) by extensions ['colcon_pkg']
[0.951s] Level 1:colcon.colcon_core.package_identification:_identify(armos_ros2) by extension 'colcon_pkg'
[0.951s] Level 1:colcon.colcon_core.package_identification:_identify(armos_ros2) by extensions ['colcon_meta']
[0.951s] Level 1:colcon.colcon_core.package_identification:_identify(armos_ros2) by extension 'colcon_meta'
[0.951s] Level 1:colcon.colcon_core.package_identification:_identify(armos_ros2) by extensions ['ros']
[0.951s] Level 1:colcon.colcon_core.package_identification:_identify(armos_ros2) by extension 'ros'
[0.952s] Level 1:colcon.colcon_core.package_identification:_identify(armos_ros2) by extensions ['cmake', 'python']
[0.952s] Level 1:colcon.colcon_core.package_identification:_identify(armos_ros2) by extension 'cmake'
[0.952s] Level 1:colcon.colcon_core.package_identification:_identify(armos_ros2) by extension 'python'
[0.952s] Level 1:colcon.colcon_core.package_identification:_identify(armos_ros2) by extensions ['python_setup_py']
[0.952s] Level 1:colcon.colcon_core.package_identification:_identify(armos_ros2) by extension 'python_setup_py'
[0.952s] Level 1:colcon.colcon_core.package_identification:_identify(armos_ros2/pkgs) by extensions ['ignore', 'ignore_ament_install']
[0.952s] Level 1:colcon.colcon_core.package_identification:_identify(armos_ros2/pkgs) by extension 'ignore'
[0.953s] Level 1:colcon.colcon_core.package_identification:_identify(armos_ros2/pkgs) by extension 'ignore_ament_install'
[0.953s] Level 1:colcon.colcon_core.package_identification:_identify(armos_ros2/pkgs) by extensions ['colcon_pkg']
[0.953s] Level 1:colcon.colcon_core.package_identification:_identify(armos_ros2/pkgs) by extension 'colcon_pkg'
[0.953s] Level 1:colcon.colcon_core.package_identification:_identify(armos_ros2/pkgs) by extensions ['colcon_meta']
[0.953s] Level 1:colcon.colcon_core.package_identification:_identify(armos_ros2/pkgs) by extension 'colcon_meta'
[0.953s] Level 1:colcon.colcon_core.package_identification:_identify(armos_ros2/pkgs) by extensions ['ros']
[0.953s] Level 1:colcon.colcon_core.package_identification:_identify(armos_ros2/pkgs) by extension 'ros'
[0.953s] Level 1:colcon.colcon_core.package_identification:_identify(armos_ros2/pkgs) by extensions ['cmake', 'python']
[0.953s] Level 1:colcon.colcon_core.package_identification:_identify(armos_ros2/pkgs) by extension 'cmake'
[0.953s] Level 1:colcon.colcon_core.package_identification:_identify(armos_ros2/pkgs) by extension 'python'
[0.953s] Level 1:colcon.colcon_core.package_identification:_identify(armos_ros2/pkgs) by extensions ['python_setup_py']
[0.953s] Level 1:colcon.colcon_core.package_identification:_identify(armos_ros2/pkgs) by extension 'python_setup_py'
[0.954s] Level 1:colcon.colcon_core.package_identification:_identify(armos_ros2/pkgs/armos_control) by extensions ['ignore', 'ignore_ament_install']
[0.954s] Level 1:colcon.colcon_core.package_identification:_identify(armos_ros2/pkgs/armos_control) by extension 'ignore'
[0.954s] Level 1:colcon.colcon_core.package_identification:_identify(armos_ros2/pkgs/armos_control) by extension 'ignore_ament_install'
[0.954s] Level 1:colcon.colcon_core.package_identification:_identify(armos_ros2/pkgs/armos_control) by extensions ['colcon_pkg']
[0.954s] Level 1:colcon.colcon_core.package_identification:_identify(armos_ros2/pkgs/armos_control) by extension 'colcon_pkg'
[0.954s] Level 1:colcon.colcon_core.package_identification:_identify(armos_ros2/pkgs/armos_control) by extensions ['colcon_meta']
[0.954s] Level 1:colcon.colcon_core.package_identification:_identify(armos_ros2/pkgs/armos_control) by extension 'colcon_meta'
[0.954s] Level 1:colcon.colcon_core.package_identification:_identify(armos_ros2/pkgs/armos_control) by extensions ['ros']
[0.955s] Level 1:colcon.colcon_core.package_identification:_identify(armos_ros2/pkgs/armos_control) by extension 'ros'
[0.961s] DEBUG:colcon.colcon_core.package_identification:Package 'armos_ros2/pkgs/armos_control' with type 'ros.ament_cmake' and name 'armos_control'
[0.962s] Level 1:colcon.colcon_core.package_identification:_identify(armos_ros2/pkgs/armos_interfaces) by extensions ['ignore', 'ignore_ament_install']
[0.962s] Level 1:colcon.colcon_core.package_identification:_identify(armos_ros2/pkgs/armos_interfaces) by extension 'ignore'
[0.962s] Level 1:colcon.colcon_core.package_identification:_identify(armos_ros2/pkgs/armos_interfaces) by extension 'ignore_ament_install'
[0.962s] Level 1:colcon.colcon_core.package_identification:_identify(armos_ros2/pkgs/armos_interfaces) by extensions ['colcon_pkg']
[0.962s] Level 1:colcon.colcon_core.package_identification:_identify(armos_ros2/pkgs/armos_interfaces) by extension 'colcon_pkg'
[0.963s] Level 1:colcon.colcon_core.package_identification:_identify(armos_ros2/pkgs/armos_interfaces) by extensions ['colcon_meta']
[0.963s] Level 1:colcon.colcon_core.package_identification:_identify(armos_ros2/pkgs/armos_interfaces) by extension 'colcon_meta'
[0.963s] Level 1:colcon.colcon_core.package_identification:_identify(armos_ros2/pkgs/armos_interfaces) by extensions ['ros']
[0.963s] Level 1:colcon.colcon_core.package_identification:_identify(armos_ros2/pkgs/armos_interfaces) by extension 'ros'
[0.965s] DEBUG:colcon.colcon_core.package_identification:Package 'armos_ros2/pkgs/armos_interfaces' with type 'ros.ament_cmake' and name 'armos_interfaces'
[0.965s] Level 1:colcon.colcon_core.package_identification:_identify(armos_sim) by extensions ['ignore', 'ignore_ament_install']
[0.965s] Level 1:colcon.colcon_core.package_identification:_identify(armos_sim) by extension 'ignore'
[0.965s] Level 1:colcon.colcon_core.package_identification:_identify(armos_sim) by extension 'ignore_ament_install'
[0.965s] Level 1:colcon.colcon_core.package_identification:_identify(armos_sim) by extensions ['colcon_pkg']
[0.966s] Level 1:colcon.colcon_core.package_identification:_identify(armos_sim) by extension 'colcon_pkg'
[0.966s] Level 1:colcon.colcon_core.package_identification:_identify(armos_sim) by extensions ['colcon_meta']
[0.966s] Level 1:colcon.colcon_core.package_identification:_identify(armos_sim) by extension 'colcon_meta'
[0.966s] Level 1:colcon.colcon_core.package_identification:_identify(armos_sim) by extensions ['ros']
[0.966s] Level 1:colcon.colcon_core.package_identification:_identify(armos_sim) by extension 'ros'
[0.966s] Level 1:colcon.colcon_core.package_identification:_identify(armos_sim) by extensions ['cmake', 'python']
[0.966s] Level 1:colcon.colcon_core.package_identification:_identify(armos_sim) by extension 'cmake'
[0.966s] Level 1:colcon.colcon_core.package_identification:_identify(armos_sim) by extension 'python'
[0.966s] Level 1:colcon.colcon_core.package_identification:_identify(armos_sim) by extensions ['python_setup_py']
[0.966s] Level 1:colcon.colcon_core.package_identification:_identify(armos_sim) by extension 'python_setup_py'
[0.967s] Level 1:colcon.colcon_core.package_identification:_identify(armos_sim/armos.egg-info) by extensions ['ignore', 'ignore_ament_install']
[0.967s] Level 1:colcon.colcon_core.package_identification:_identify(armos_sim/armos.egg-info) by extension 'ignore'
[0.967s] Level 1:colcon.colcon_core.package_identification:_identify(armos_sim/armos.egg-info) by extension 'ignore_ament_install'
[0.967s] Level 1:colcon.colcon_core.package_identification:_identify(armos_sim/armos.egg-info) by extensions ['colcon_pkg']
[0.967s] Level 1:colcon.colcon_core.package_identification:_identify(armos_sim/armos.egg-info) by extension 'colcon_pkg'
[0.967s] Level 1:colcon.colcon_core.package_identification:_identify(armos_sim/armos.egg-info) by extensions ['colcon_meta']
[0.967s] Level 1:colcon.colcon_core.package_identification:_identify(armos_sim/armos.egg-info) by extension 'colcon_meta'
[0.967s] Level 1:colcon.colcon_core.package_identification:_identify(armos_sim/armos.egg-info) by extensions ['ros']
[0.968s] Level 1:colcon.colcon_core.package_identification:_identify(armos_sim/armos.egg-info) by extension 'ros'
[0.968s] Level 1:colcon.colcon_core.package_identification:_identify(armos_sim/armos.egg-info) by extensions ['cmake', 'python']
[0.968s] Level 1:colcon.colcon_core.package_identification:_identify(armos_sim/armos.egg-info) by extension 'cmake'
[0.968s] Level 1:colcon.colcon_core.package_identification:_identify(armos_sim/armos.egg-info) by extension 'python'
[0.968s] Level 1:colcon.colcon_core.package_identification:_identify(armos_sim/armos.egg-info) by extensions ['python_setup_py']
[0.968s] Level 1:colcon.colcon_core.package_identification:_identify(armos_sim/armos.egg-info) by extension 'python_setup_py'
[0.968s] Level 1:colcon.colcon_core.package_identification:_identify(armos_sim/assets) by extensions ['ignore', 'ignore_ament_install']
[0.968s] Level 1:colcon.colcon_core.package_identification:_identify(armos_sim/assets) by extension 'ignore'
[0.968s] Level 1:colcon.colcon_core.package_identification:_identify(armos_sim/assets) by extension 'ignore_ament_install'
[0.968s] Level 1:colcon.colcon_core.package_identification:_identify(armos_sim/assets) by extensions ['colcon_pkg']
[0.969s] Level 1:colcon.colcon_core.package_identification:_identify(armos_sim/assets) by extension 'colcon_pkg'
[0.969s] Level 1:colcon.colcon_core.package_identification:_identify(armos_sim/assets) by extensions ['colcon_meta']
[0.969s] Level 1:colcon.colcon_core.package_identification:_identify(armos_sim/assets) by extension 'colcon_meta'
[0.969s] Level 1:colcon.colcon_core.package_identification:_identify(armos_sim/assets) by extensions ['ros']
[0.969s] Level 1:colcon.colcon_core.package_identification:_identify(armos_sim/assets) by extension 'ros'
[0.969s] Level 1:colcon.colcon_core.package_identification:_identify(armos_sim/assets) by extensions ['cmake', 'python']
[0.969s] Level 1:colcon.colcon_core.package_identification:_identify(armos_sim/assets) by extension 'cmake'
[0.969s] Level 1:colcon.colcon_core.package_identification:_identify(armos_sim/assets) by extension 'python'
[0.969s] Level 1:colcon.colcon_core.package_identification:_identify(armos_sim/assets) by extensions ['python_setup_py']
[0.969s] Level 1:colcon.colcon_core.package_identification:_identify(armos_sim/assets) by extension 'python_setup_py'
[0.970s] Level 1:colcon.colcon_core.package_identification:_identify(armos_sim/assets/duman) by extensions ['ignore', 'ignore_ament_install']
[0.970s] Level 1:colcon.colcon_core.package_identification:_identify(armos_sim/assets/duman) by extension 'ignore'
[0.970s] Level 1:colcon.colcon_core.package_identification:_identify(armos_sim/assets/duman) by extension 'ignore_ament_install'
[0.970s] Level 1:colcon.colcon_core.package_identification:_identify(armos_sim/assets/duman) by extensions ['colcon_pkg']
[0.970s] Level 1:colcon.colcon_core.package_identification:_identify(armos_sim/assets/duman) by extension 'colcon_pkg'
[0.970s] Level 1:colcon.colcon_core.package_identification:_identify(armos_sim/assets/duman) by extensions ['colcon_meta']
[0.970s] Level 1:colcon.colcon_core.package_identification:_identify(armos_sim/assets/duman) by extension 'colcon_meta'
[0.971s] Level 1:colcon.colcon_core.package_identification:_identify(armos_sim/assets/duman) by extensions ['ros']
[0.971s] Level 1:colcon.colcon_core.package_identification:_identify(armos_sim/assets/duman) by extension 'ros'
[0.971s] Level 1:colcon.colcon_core.package_identification:_identify(armos_sim/assets/duman) by extensions ['cmake', 'python']
[0.971s] Level 1:colcon.colcon_core.package_identification:_identify(armos_sim/assets/duman) by extension 'cmake'
[0.971s] Level 1:colcon.colcon_core.package_identification:_identify(armos_sim/assets/duman) by extension 'python'
[0.971s] Level 1:colcon.colcon_core.package_identification:_identify(armos_sim/assets/duman) by extensions ['python_setup_py']
[0.971s] Level 1:colcon.colcon_core.package_identification:_identify(armos_sim/assets/duman) by extension 'python_setup_py'
[0.972s] Level 1:colcon.colcon_core.package_identification:_identify(armos_sim/assets/duman/meshes) by extensions ['ignore', 'ignore_ament_install']
[0.972s] Level 1:colcon.colcon_core.package_identification:_identify(armos_sim/assets/duman/meshes) by extension 'ignore'
[0.972s] Level 1:colcon.colcon_core.package_identification:_identify(armos_sim/assets/duman/meshes) by extension 'ignore_ament_install'
[0.972s] Level 1:colcon.colcon_core.package_identification:_identify(armos_sim/assets/duman/meshes) by extensions ['colcon_pkg']
[0.972s] Level 1:colcon.colcon_core.package_identification:_identify(armos_sim/assets/duman/meshes) by extension 'colcon_pkg'
[0.972s] Level 1:colcon.colcon_core.package_identification:_identify(armos_sim/assets/duman/meshes) by extensions ['colcon_meta']
[0.972s] Level 1:colcon.colcon_core.package_identification:_identify(armos_sim/assets/duman/meshes) by extension 'colcon_meta'
[0.972s] Level 1:colcon.colcon_core.package_identification:_identify(armos_sim/assets/duman/meshes) by extensions ['ros']
[0.973s] Level 1:colcon.colcon_core.package_identification:_identify(armos_sim/assets/duman/meshes) by extension 'ros'
[0.973s] Level 1:colcon.colcon_core.package_identification:_identify(armos_sim/assets/duman/meshes) by extensions ['cmake', 'python']
[0.973s] Level 1:colcon.colcon_core.package_identification:_identify(armos_sim/assets/duman/meshes) by extension 'cmake'
[0.973s] Level 1:colcon.colcon_core.package_identification:_identify(armos_sim/assets/duman/meshes) by extension 'python'
[0.973s] Level 1:colcon.colcon_core.package_identification:_identify(armos_sim/assets/duman/meshes) by extensions ['python_setup_py']
[0.973s] Level 1:colcon.colcon_core.package_identification:_identify(armos_sim/assets/duman/meshes) by extension 'python_setup_py'
[0.973s] Level 1:colcon.colcon_core.package_identification:_identify(armos_sim/assets/duman/meshes/grippers) by extensions ['ignore', 'ignore_ament_install']
[0.974s] Level 1:colcon.colcon_core.package_identification:_identify(armos_sim/assets/duman/meshes/grippers) by extension 'ignore'
[0.974s] Level 1:colcon.colcon_core.package_identification:_identify(armos_sim/assets/duman/meshes/grippers) by extension 'ignore_ament_install'
[0.974s] Level 1:colcon.colcon_core.package_identification:_identify(armos_sim/assets/duman/meshes/grippers) by extensions ['colcon_pkg']
[0.974s] Level 1:colcon.colcon_core.package_identification:_identify(armos_sim/assets/duman/meshes/grippers) by extension 'colcon_pkg'
[0.974s] Level 1:colcon.colcon_core.package_identification:_identify(armos_sim/assets/duman/meshes/grippers) by extensions ['colcon_meta']
[0.974s] Level 1:colcon.colcon_core.package_identification:_identify(armos_sim/assets/duman/meshes/grippers) by extension 'colcon_meta'
[0.974s] Level 1:colcon.colcon_core.package_identification:_identify(armos_sim/assets/duman/meshes/grippers) by extensions ['ros']
[0.974s] Level 1:colcon.colcon_core.package_identification:_identify(armos_sim/assets/duman/meshes/grippers) by extension 'ros'
[0.974s] Level 1:colcon.colcon_core.package_identification:_identify(armos_sim/assets/duman/meshes/grippers) by extensions ['cmake', 'python']
[0.974s] Level 1:colcon.colcon_core.package_identification:_identify(armos_sim/assets/duman/meshes/grippers) by extension 'cmake'
[0.975s] Level 1:colcon.colcon_core.package_identification:_identify(armos_sim/assets/duman/meshes/grippers) by extension 'python'
[0.975s] Level 1:colcon.colcon_core.package_identification:_identify(armos_sim/assets/duman/meshes/grippers) by extensions ['python_setup_py']
[0.975s] Level 1:colcon.colcon_core.package_identification:_identify(armos_sim/assets/duman/meshes/grippers) by extension 'python_setup_py'
[0.975s] Level 1:colcon.colcon_core.package_identification:_identify(armos_sim/assets/duman/meshes/grippers/dg3fm) by extensions ['ignore', 'ignore_ament_install']
[0.975s] Level 1:colcon.colcon_core.package_identification:_identify(armos_sim/assets/duman/meshes/grippers/dg3fm) by extension 'ignore'
[0.975s] Level 1:colcon.colcon_core.package_identification:_identify(armos_sim/assets/duman/meshes/grippers/dg3fm) by extension 'ignore_ament_install'
[0.975s] Level 1:colcon.colcon_core.package_identification:_identify(armos_sim/assets/duman/meshes/grippers/dg3fm) by extensions ['colcon_pkg']
[0.975s] Level 1:colcon.colcon_core.package_identification:_identify(armos_sim/assets/duman/meshes/grippers/dg3fm) by extension 'colcon_pkg'
[0.975s] Level 1:colcon.colcon_core.package_identification:_identify(armos_sim/assets/duman/meshes/grippers/dg3fm) by extensions ['colcon_meta']
[0.976s] Level 1:colcon.colcon_core.package_identification:_identify(armos_sim/assets/duman/meshes/grippers/dg3fm) by extension 'colcon_meta'
[0.976s] Level 1:colcon.colcon_core.package_identification:_identify(armos_sim/assets/duman/meshes/grippers/dg3fm) by extensions ['ros']
[0.976s] Level 1:colcon.colcon_core.package_identification:_identify(armos_sim/assets/duman/meshes/grippers/dg3fm) by extension 'ros'
[0.976s] Level 1:colcon.colcon_core.package_identification:_identify(armos_sim/assets/duman/meshes/grippers/dg3fm) by extensions ['cmake', 'python']
[0.976s] Level 1:colcon.colcon_core.package_identification:_identify(armos_sim/assets/duman/meshes/grippers/dg3fm) by extension 'cmake'
[0.976s] Level 1:colcon.colcon_core.package_identification:_identify(armos_sim/assets/duman/meshes/grippers/dg3fm) by extension 'python'
[0.976s] Level 1:colcon.colcon_core.package_identification:_identify(armos_sim/assets/duman/meshes/grippers/dg3fm) by extensions ['python_setup_py']
[0.976s] Level 1:colcon.colcon_core.package_identification:_identify(armos_sim/assets/duman/meshes/grippers/dg3fm) by extension 'python_setup_py'
[0.976s] Level 1:colcon.colcon_core.package_identification:_identify(armos_sim/assets/duman/meshes/grippers/dh_robotics_ag145) by extensions ['ignore', 'ignore_ament_install']
[0.976s] Level 1:colcon.colcon_core.package_identification:_identify(armos_sim/assets/duman/meshes/grippers/dh_robotics_ag145) by extension 'ignore'
[0.977s] Level 1:colcon.colcon_core.package_identification:_identify(armos_sim/assets/duman/meshes/grippers/dh_robotics_ag145) by extension 'ignore_ament_install'
[0.977s] Level 1:colcon.colcon_core.package_identification:_identify(armos_sim/assets/duman/meshes/grippers/dh_robotics_ag145) by extensions ['colcon_pkg']
[0.977s] Level 1:colcon.colcon_core.package_identification:_identify(armos_sim/assets/duman/meshes/grippers/dh_robotics_ag145) by extension 'colcon_pkg'
[0.977s] Level 1:colcon.colcon_core.package_identification:_identify(armos_sim/assets/duman/meshes/grippers/dh_robotics_ag145) by extensions ['colcon_meta']
[0.977s] Level 1:colcon.colcon_core.package_identification:_identify(armos_sim/assets/duman/meshes/grippers/dh_robotics_ag145) by extension 'colcon_meta'
[0.977s] Level 1:colcon.colcon_core.package_identification:_identify(armos_sim/assets/duman/meshes/grippers/dh_robotics_ag145) by extensions ['ros']
[0.977s] Level 1:colcon.colcon_core.package_identification:_identify(armos_sim/assets/duman/meshes/grippers/dh_robotics_ag145) by extension 'ros'
[0.977s] Level 1:colcon.colcon_core.package_identification:_identify(armos_sim/assets/duman/meshes/grippers/dh_robotics_ag145) by extensions ['cmake', 'python']
[0.977s] Level 1:colcon.colcon_core.package_identification:_identify(armos_sim/assets/duman/meshes/grippers/dh_robotics_ag145) by extension 'cmake'
[0.977s] Level 1:colcon.colcon_core.package_identification:_identify(armos_sim/assets/duman/meshes/grippers/dh_robotics_ag145) by extension 'python'
[0.978s] Level 1:colcon.colcon_core.package_identification:_identify(armos_sim/assets/duman/meshes/grippers/dh_robotics_ag145) by extensions ['python_setup_py']
[0.978s] Level 1:colcon.colcon_core.package_identification:_identify(armos_sim/assets/duman/meshes/grippers/dh_robotics_ag145) by extension 'python_setup_py'
[0.978s] Level 1:colcon.colcon_core.package_identification:_identify(armos_sim/assets/franka_emika_panda) by extensions ['ignore', 'ignore_ament_install']
[0.978s] Level 1:colcon.colcon_core.package_identification:_identify(armos_sim/assets/franka_emika_panda) by extension 'ignore'
[0.978s] Level 1:colcon.colcon_core.package_identification:_identify(armos_sim/assets/franka_emika_panda) by extension 'ignore_ament_install'
[0.978s] Level 1:colcon.colcon_core.package_identification:_identify(armos_sim/assets/franka_emika_panda) by extensions ['colcon_pkg']
[0.978s] Level 1:colcon.colcon_core.package_identification:_identify(armos_sim/assets/franka_emika_panda) by extension 'colcon_pkg'
[0.979s] Level 1:colcon.colcon_core.package_identification:_identify(armos_sim/assets/franka_emika_panda) by extensions ['colcon_meta']
[0.979s] Level 1:colcon.colcon_core.package_identification:_identify(armos_sim/assets/franka_emika_panda) by extension 'colcon_meta'
[0.979s] Level 1:colcon.colcon_core.package_identification:_identify(armos_sim/assets/franka_emika_panda) by extensions ['ros']
[0.979s] Level 1:colcon.colcon_core.package_identification:_identify(armos_sim/assets/franka_emika_panda) by extension 'ros'
[0.979s] Level 1:colcon.colcon_core.package_identification:_identify(armos_sim/assets/franka_emika_panda) by extensions ['cmake', 'python']
[0.979s] Level 1:colcon.colcon_core.package_identification:_identify(armos_sim/assets/franka_emika_panda) by extension 'cmake'
[0.979s] Level 1:colcon.colcon_core.package_identification:_identify(armos_sim/assets/franka_emika_panda) by extension 'python'
[0.979s] Level 1:colcon.colcon_core.package_identification:_identify(armos_sim/assets/franka_emika_panda) by extensions ['python_setup_py']
[0.979s] Level 1:colcon.colcon_core.package_identification:_identify(armos_sim/assets/franka_emika_panda) by extension 'python_setup_py'
[0.980s] Level 1:colcon.colcon_core.package_identification:_identify(armos_sim/assets/franka_emika_panda/assets) by extensions ['ignore', 'ignore_ament_install']
[0.980s] Level 1:colcon.colcon_core.package_identification:_identify(armos_sim/assets/franka_emika_panda/assets) by extension 'ignore'
[0.980s] Level 1:colcon.colcon_core.package_identification:_identify(armos_sim/assets/franka_emika_panda/assets) by extension 'ignore_ament_install'
[0.980s] Level 1:colcon.colcon_core.package_identification:_identify(armos_sim/assets/franka_emika_panda/assets) by extensions ['colcon_pkg']
[0.980s] Level 1:colcon.colcon_core.package_identification:_identify(armos_sim/assets/franka_emika_panda/assets) by extension 'colcon_pkg'
[0.980s] Level 1:colcon.colcon_core.package_identification:_identify(armos_sim/assets/franka_emika_panda/assets) by extensions ['colcon_meta']
[0.980s] Level 1:colcon.colcon_core.package_identification:_identify(armos_sim/assets/franka_emika_panda/assets) by extension 'colcon_meta'
[0.980s] Level 1:colcon.colcon_core.package_identification:_identify(armos_sim/assets/franka_emika_panda/assets) by extensions ['ros']
[0.980s] Level 1:colcon.colcon_core.package_identification:_identify(armos_sim/assets/franka_emika_panda/assets) by extension 'ros'
[0.981s] Level 1:colcon.colcon_core.package_identification:_identify(armos_sim/assets/franka_emika_panda/assets) by extensions ['cmake', 'python']
[0.981s] Level 1:colcon.colcon_core.package_identification:_identify(armos_sim/assets/franka_emika_panda/assets) by extension 'cmake'
[0.981s] Level 1:colcon.colcon_core.package_identification:_identify(armos_sim/assets/franka_emika_panda/assets) by extension 'python'
[0.981s] Level 1:colcon.colcon_core.package_identification:_identify(armos_sim/assets/franka_emika_panda/assets) by extensions ['python_setup_py']
[0.981s] Level 1:colcon.colcon_core.package_identification:_identify(armos_sim/assets/franka_emika_panda/assets) by extension 'python_setup_py'
[0.981s] Level 1:colcon.colcon_core.package_identification:_identify(armos_sim/examples) by extensions ['ignore', 'ignore_ament_install']
[0.981s] Level 1:colcon.colcon_core.package_identification:_identify(armos_sim/examples) by extension 'ignore'
[0.981s] Level 1:colcon.colcon_core.package_identification:_identify(armos_sim/examples) by extension 'ignore_ament_install'
[0.981s] Level 1:colcon.colcon_core.package_identification:_identify(armos_sim/examples) by extensions ['colcon_pkg']
[0.981s] Level 1:colcon.colcon_core.package_identification:_identify(armos_sim/examples) by extension 'colcon_pkg'
[0.981s] Level 1:colcon.colcon_core.package_identification:_identify(armos_sim/examples) by extensions ['colcon_meta']
[0.982s] Level 1:colcon.colcon_core.package_identification:_identify(armos_sim/examples) by extension 'colcon_meta'
[0.982s] Level 1:colcon.colcon_core.package_identification:_identify(armos_sim/examples) by extensions ['ros']
[0.982s] Level 1:colcon.colcon_core.package_identification:_identify(armos_sim/examples) by extension 'ros'
[0.982s] Level 1:colcon.colcon_core.package_identification:_identify(armos_sim/examples) by extensions ['cmake', 'python']
[0.982s] Level 1:colcon.colcon_core.package_identification:_identify(armos_sim/examples) by extension 'cmake'
[0.982s] Level 1:colcon.colcon_core.package_identification:_identify(armos_sim/examples) by extension 'python'
[0.982s] Level 1:colcon.colcon_core.package_identification:_identify(armos_sim/examples) by extensions ['python_setup_py']
[0.982s] Level 1:colcon.colcon_core.package_identification:_identify(armos_sim/examples) by extension 'python_setup_py'
[0.982s] Level 1:colcon.colcon_core.package_identification:_identify(armos_sim/sim) by extensions ['ignore', 'ignore_ament_install']
[0.983s] Level 1:colcon.colcon_core.package_identification:_identify(armos_sim/sim) by extension 'ignore'
[0.983s] Level 1:colcon.colcon_core.package_identification:_identify(armos_sim/sim) by extension 'ignore_ament_install'
[0.983s] Level 1:colcon.colcon_core.package_identification:_identify(armos_sim/sim) by extensions ['colcon_pkg']
[0.983s] Level 1:colcon.colcon_core.package_identification:_identify(armos_sim/sim) by extension 'colcon_pkg'
[0.983s] Level 1:colcon.colcon_core.package_identification:_identify(armos_sim/sim) by extensions ['colcon_meta']
[0.983s] Level 1:colcon.colcon_core.package_identification:_identify(armos_sim/sim) by extension 'colcon_meta'
[0.983s] Level 1:colcon.colcon_core.package_identification:_identify(armos_sim/sim) by extensions ['ros']
[0.983s] Level 1:colcon.colcon_core.package_identification:_identify(armos_sim/sim) by extension 'ros'
[0.983s] Level 1:colcon.colcon_core.package_identification:_identify(armos_sim/sim) by extensions ['cmake', 'python']
[0.984s] Level 1:colcon.colcon_core.package_identification:_identify(armos_sim/sim) by extension 'cmake'
[0.984s] Level 1:colcon.colcon_core.package_identification:_identify(armos_sim/sim) by extension 'python'
[0.984s] Level 1:colcon.colcon_core.package_identification:_identify(armos_sim/sim) by extensions ['python_setup_py']
[0.984s] Level 1:colcon.colcon_core.package_identification:_identify(armos_sim/sim) by extension 'python_setup_py'
[0.984s] Level 1:colcon.colcon_core.package_identification:_identify(armos_sim/sim/__pycache__) by extensions ['ignore', 'ignore_ament_install']
[0.984s] Level 1:colcon.colcon_core.package_identification:_identify(armos_sim/sim/__pycache__) by extension 'ignore'
[0.984s] Level 1:colcon.colcon_core.package_identification:_identify(armos_sim/sim/__pycache__) by extension 'ignore_ament_install'
[0.984s] Level 1:colcon.colcon_core.package_identification:_identify(armos_sim/sim/__pycache__) by extensions ['colcon_pkg']
[0.985s] Level 1:colcon.colcon_core.package_identification:_identify(armos_sim/sim/__pycache__) by extension 'colcon_pkg'
[0.985s] Level 1:colcon.colcon_core.package_identification:_identify(armos_sim/sim/__pycache__) by extensions ['colcon_meta']
[0.985s] Level 1:colcon.colcon_core.package_identification:_identify(armos_sim/sim/__pycache__) by extension 'colcon_meta'
[0.985s] Level 1:colcon.colcon_core.package_identification:_identify(armos_sim/sim/__pycache__) by extensions ['ros']
[0.985s] Level 1:colcon.colcon_core.package_identification:_identify(armos_sim/sim/__pycache__) by extension 'ros'
[0.985s] Level 1:colcon.colcon_core.package_identification:_identify(armos_sim/sim/__pycache__) by extensions ['cmake', 'python']
[0.985s] Level 1:colcon.colcon_core.package_identification:_identify(armos_sim/sim/__pycache__) by extension 'cmake'
[0.985s] Level 1:colcon.colcon_core.package_identification:_identify(armos_sim/sim/__pycache__) by extension 'python'
[0.985s] Level 1:colcon.colcon_core.package_identification:_identify(armos_sim/sim/__pycache__) by extensions ['python_setup_py']
[0.985s] Level 1:colcon.colcon_core.package_identification:_identify(armos_sim/sim/__pycache__) by extension 'python_setup_py'
[0.986s] Level 1:colcon.colcon_core.package_identification:_identify(build) by extensions ['ignore', 'ignore_ament_install']
[0.986s] Level 1:colcon.colcon_core.package_identification:_identify(build) by extension 'ignore'
[0.986s] Level 1:colcon.colcon_core.package_identification:_identify(build) ignored
[0.986s] Level 1:colcon.colcon_core.package_identification:_identify(install) by extensions ['ignore', 'ignore_ament_install']
[0.986s] Level 1:colcon.colcon_core.package_identification:_identify(install) by extension 'ignore'
[0.986s] Level 1:colcon.colcon_core.package_identification:_identify(install) ignored
[0.987s] Level 1:colcon.colcon_core.package_identification:_identify(log) by extensions ['ignore', 'ignore_ament_install']
[0.987s] Level 1:colcon.colcon_core.package_identification:_identify(log) by extension 'ignore'
[0.987s] Level 1:colcon.colcon_core.package_identification:_identify(log) ignored
[0.987s] Level 1:colcon.colcon_core.package_identification:_identify(robot_kinematics) by extensions ['ignore', 'ignore_ament_install']
[0.987s] Level 1:colcon.colcon_core.package_identification:_identify(robot_kinematics) by extension 'ignore'
[0.987s] Level 1:colcon.colcon_core.package_identification:_identify(robot_kinematics) by extension 'ignore_ament_install'
[0.988s] Level 1:colcon.colcon_core.package_identification:_identify(robot_kinematics) by extensions ['colcon_pkg']
[0.988s] Level 1:colcon.colcon_core.package_identification:_identify(robot_kinematics) by extension 'colcon_pkg'
[0.988s] Level 1:colcon.colcon_core.package_identification:_identify(robot_kinematics) by extensions ['colcon_meta']
[0.988s] Level 1:colcon.colcon_core.package_identification:_identify(robot_kinematics) by extension 'colcon_meta'
[0.988s] Level 1:colcon.colcon_core.package_identification:_identify(robot_kinematics) by extensions ['ros']
[0.988s] Level 1:colcon.colcon_core.package_identification:_identify(robot_kinematics) by extension 'ros'
[0.988s] Level 1:colcon.colcon_core.package_identification:_identify(robot_kinematics) by extensions ['cmake', 'python']
[0.988s] Level 1:colcon.colcon_core.package_identification:_identify(robot_kinematics) by extension 'cmake'
[0.988s] Level 1:colcon.colcon_core.package_identification:_identify(robot_kinematics) by extension 'python'
[0.988s] Level 1:colcon.colcon_core.package_identification:_identify(robot_kinematics) by extensions ['python_setup_py']
[0.989s] Level 1:colcon.colcon_core.package_identification:_identify(robot_kinematics) by extension 'python_setup_py'
[0.989s] Level 1:colcon.colcon_core.package_identification:_identify(robot_kinematics/controller) by extensions ['ignore', 'ignore_ament_install']
[0.989s] Level 1:colcon.colcon_core.package_identification:_identify(robot_kinematics/controller) by extension 'ignore'
[0.989s] Level 1:colcon.colcon_core.package_identification:_identify(robot_kinematics/controller) by extension 'ignore_ament_install'
[0.989s] Level 1:colcon.colcon_core.package_identification:_identify(robot_kinematics/controller) by extensions ['colcon_pkg']
[0.989s] Level 1:colcon.colcon_core.package_identification:_identify(robot_kinematics/controller) by extension 'colcon_pkg'
[0.989s] Level 1:colcon.colcon_core.package_identification:_identify(robot_kinematics/controller) by extensions ['colcon_meta']
[0.990s] Level 1:colcon.colcon_core.package_identification:_identify(robot_kinematics/controller) by extension 'colcon_meta'
[0.990s] Level 1:colcon.colcon_core.package_identification:_identify(robot_kinematics/controller) by extensions ['ros']
[0.990s] Level 1:colcon.colcon_core.package_identification:_identify(robot_kinematics/controller) by extension 'ros'
[0.990s] Level 1:colcon.colcon_core.package_identification:_identify(robot_kinematics/controller) by extensions ['cmake', 'python']
[0.990s] Level 1:colcon.colcon_core.package_identification:_identify(robot_kinematics/controller) by extension 'cmake'
[0.990s] Level 1:colcon.colcon_core.package_identification:_identify(robot_kinematics/controller) by extension 'python'
[0.990s] Level 1:colcon.colcon_core.package_identification:_identify(robot_kinematics/controller) by extensions ['python_setup_py']
[0.990s] Level 1:colcon.colcon_core.package_identification:_identify(robot_kinematics/controller) by extension 'python_setup_py'
[0.991s] Level 1:colcon.colcon_core.package_identification:_identify(robot_kinematics/kinematics) by extensions ['ignore', 'ignore_ament_install']
[0.991s] Level 1:colcon.colcon_core.package_identification:_identify(robot_kinematics/kinematics) by extension 'ignore'
[0.991s] Level 1:colcon.colcon_core.package_identification:_identify(robot_kinematics/kinematics) by extension 'ignore_ament_install'
[0.991s] Level 1:colcon.colcon_core.package_identification:_identify(robot_kinematics/kinematics) by extensions ['colcon_pkg']
[0.991s] Level 1:colcon.colcon_core.package_identification:_identify(robot_kinematics/kinematics) by extension 'colcon_pkg'
[0.991s] Level 1:colcon.colcon_core.package_identification:_identify(robot_kinematics/kinematics) by extensions ['colcon_meta']
[0.991s] Level 1:colcon.colcon_core.package_identification:_identify(robot_kinematics/kinematics) by extension 'colcon_meta'
[0.991s] Level 1:colcon.colcon_core.package_identification:_identify(robot_kinematics/kinematics) by extensions ['ros']
[0.991s] Level 1:colcon.colcon_core.package_identification:_identify(robot_kinematics/kinematics) by extension 'ros'
[0.992s] Level 1:colcon.colcon_core.package_identification:_identify(robot_kinematics/kinematics) by extensions ['cmake', 'python']
[0.992s] Level 1:colcon.colcon_core.package_identification:_identify(robot_kinematics/kinematics) by extension 'cmake'
[0.992s] Level 1:colcon.colcon_core.package_identification:_identify(robot_kinematics/kinematics) by extension 'python'
[0.992s] Level 1:colcon.colcon_core.package_identification:_identify(robot_kinematics/kinematics) by extensions ['python_setup_py']
[0.992s] Level 1:colcon.colcon_core.package_identification:_identify(robot_kinematics/kinematics) by extension 'python_setup_py'
[0.992s] Level 1:colcon.colcon_core.package_identification:_identify(robot_kinematics/manyplot) by extensions ['ignore', 'ignore_ament_install']
[0.992s] Level 1:colcon.colcon_core.package_identification:_identify(robot_kinematics/manyplot) by extension 'ignore'
[0.993s] Level 1:colcon.colcon_core.package_identification:_identify(robot_kinematics/manyplot) by extension 'ignore_ament_install'
[0.993s] Level 1:colcon.colcon_core.package_identification:_identify(robot_kinematics/manyplot) by extensions ['colcon_pkg']
[0.993s] Level 1:colcon.colcon_core.package_identification:_identify(robot_kinematics/manyplot) by extension 'colcon_pkg'
[0.993s] Level 1:colcon.colcon_core.package_identification:_identify(robot_kinematics/manyplot) by extensions ['colcon_meta']
[0.993s] Level 1:colcon.colcon_core.package_identification:_identify(robot_kinematics/manyplot) by extension 'colcon_meta'
[0.993s] Level 1:colcon.colcon_core.package_identification:_identify(robot_kinematics/manyplot) by extensions ['ros']
[0.993s] Level 1:colcon.colcon_core.package_identification:_identify(robot_kinematics/manyplot) by extension 'ros'
[0.993s] Level 1:colcon.colcon_core.package_identification:_identify(robot_kinematics/manyplot) by extensions ['cmake', 'python']
[0.993s] Level 1:colcon.colcon_core.package_identification:_identify(robot_kinematics/manyplot) by extension 'cmake'
[0.993s] Level 1:colcon.colcon_core.package_identification:_identify(robot_kinematics/manyplot) by extension 'python'
[0.993s] Level 1:colcon.colcon_core.package_identification:_identify(robot_kinematics/manyplot) by extensions ['python_setup_py']
[0.993s] Level 1:colcon.colcon_core.package_identification:_identify(robot_kinematics/manyplot) by extension 'python_setup_py'
[0.994s] Level 1:colcon.colcon_core.package_identification:_identify(robot_kinematics/manyplot/__pycache__) by extensions ['ignore', 'ignore_ament_install']
[0.994s] Level 1:colcon.colcon_core.package_identification:_identify(robot_kinematics/manyplot/__pycache__) by extension 'ignore'
[0.994s] Level 1:colcon.colcon_core.package_identification:_identify(robot_kinematics/manyplot/__pycache__) by extension 'ignore_ament_install'
[0.994s] Level 1:colcon.colcon_core.package_identification:_identify(robot_kinematics/manyplot/__pycache__) by extensions ['colcon_pkg']
[0.994s] Level 1:colcon.colcon_core.package_identification:_identify(robot_kinematics/manyplot/__pycache__) by extension 'colcon_pkg'
[0.994s] Level 1:colcon.colcon_core.package_identification:_identify(robot_kinematics/manyplot/__pycache__) by extensions ['colcon_meta']
[0.994s] Level 1:colcon.colcon_core.package_identification:_identify(robot_kinematics/manyplot/__pycache__) by extension 'colcon_meta'
[0.995s] Level 1:colcon.colcon_core.package_identification:_identify(robot_kinematics/manyplot/__pycache__) by extensions ['ros']
[0.995s] Level 1:colcon.colcon_core.package_identification:_identify(robot_kinematics/manyplot/__pycache__) by extension 'ros'
[0.995s] Level 1:colcon.colcon_core.package_identification:_identify(robot_kinematics/manyplot/__pycache__) by extensions ['cmake', 'python']
[0.995s] Level 1:colcon.colcon_core.package_identification:_identify(robot_kinematics/manyplot/__pycache__) by extension 'cmake'
[0.995s] Level 1:colcon.colcon_core.package_identification:_identify(robot_kinematics/manyplot/__pycache__) by extension 'python'
[0.995s] Level 1:colcon.colcon_core.package_identification:_identify(robot_kinematics/manyplot/__pycache__) by extensions ['python_setup_py']
[0.995s] Level 1:colcon.colcon_core.package_identification:_identify(robot_kinematics/manyplot/__pycache__) by extension 'python_setup_py'
[0.995s] Level 1:colcon.colcon_core.package_identification:_identify(robot_kinematics/trajectory) by extensions ['ignore', 'ignore_ament_install']
[0.996s] Level 1:colcon.colcon_core.package_identification:_identify(robot_kinematics/trajectory) by extension 'ignore'
[0.996s] Level 1:colcon.colcon_core.package_identification:_identify(robot_kinematics/trajectory) by extension 'ignore_ament_install'
[0.996s] Level 1:colcon.colcon_core.package_identification:_identify(robot_kinematics/trajectory) by extensions ['colcon_pkg']
[0.996s] Level 1:colcon.colcon_core.package_identification:_identify(robot_kinematics/trajectory) by extension 'colcon_pkg'
[0.996s] Level 1:colcon.colcon_core.package_identification:_identify(robot_kinematics/trajectory) by extensions ['colcon_meta']
[0.996s] Level 1:colcon.colcon_core.package_identification:_identify(robot_kinematics/trajectory) by extension 'colcon_meta'
[0.996s] Level 1:colcon.colcon_core.package_identification:_identify(robot_kinematics/trajectory) by extensions ['ros']
[0.996s] Level 1:colcon.colcon_core.package_identification:_identify(robot_kinematics/trajectory) by extension 'ros'
[0.996s] Level 1:colcon.colcon_core.package_identification:_identify(robot_kinematics/trajectory) by extensions ['cmake', 'python']
[0.996s] Level 1:colcon.colcon_core.package_identification:_identify(robot_kinematics/trajectory) by extension 'cmake'
[0.996s] Level 1:colcon.colcon_core.package_identification:_identify(robot_kinematics/trajectory) by extension 'python'
[0.996s] Level 1:colcon.colcon_core.package_identification:_identify(robot_kinematics/trajectory) by extensions ['python_setup_py']
[0.996s] Level 1:colcon.colcon_core.package_identification:_identify(robot_kinematics/trajectory) by extension 'python_setup_py'
[0.996s] Level 1:colcon.colcon_core.package_discovery:discover_packages(recursive) using defaults
[0.996s] Level 1:colcon.colcon_core.package_discovery:discover_packages(ignore) discover
[0.996s] Level 1:colcon.colcon_core.package_discovery:discover_packages(ignore) using defaults
[0.996s] Level 1:colcon.colcon_core.package_discovery:discover_packages(path) discover
[0.997s] Level 1:colcon.colcon_core.package_discovery:discover_packages(path) using defaults
[1.080s] Level 1:colcon.colcon_core.package_discovery:discover_packages(prefix_path) check parameters
[1.080s] Level 1:colcon.colcon_core.package_discovery:discover_packages(prefix_path) discover
[1.094s] DEBUG:colcon.colcon_installed_package_information.package_discovery:Found 3 installed packages in /home/krishnapranav/microros_ws/install
[1.097s] DEBUG:colcon.colcon_installed_package_information.package_discovery:Found 2 installed packages in /home/krishnapranav/mj_manipulation/install
[1.105s] DEBUG:colcon.colcon_installed_package_information.package_discovery:Found 495 installed packages in /opt/ros/humble
[1.115s] Level 1:colcon.colcon_core.package_discovery:discover_packages(prefix_path) using defaults
[1.350s] Level 5:colcon.colcon_core.verb:set package 'armos_interfaces' build argument 'cmake_args' from command line to 'None'
[1.350s] Level 5:colcon.colcon_core.verb:set package 'armos_interfaces' build argument 'cmake_target' from command line to 'None'
[1.350s] Level 5:colcon.colcon_core.verb:set package 'armos_interfaces' build argument 'cmake_target_skip_unavailable' from command line to 'False'
[1.351s] Level 5:colcon.colcon_core.verb:set package 'armos_interfaces' build argument 'cmake_clean_cache' from command line to 'False'
[1.351s] Level 5:colcon.colcon_core.verb:set package 'armos_interfaces' build argument 'cmake_clean_first' from command line to 'False'
[1.351s] Level 5:colcon.colcon_core.verb:set package 'armos_interfaces' build argument 'cmake_force_configure' from command line to 'False'
[1.351s] Level 5:colcon.colcon_core.verb:set package 'armos_interfaces' build argument 'ament_cmake_args' from command line to 'None'
[1.351s] Level 5:colcon.colcon_core.verb:set package 'armos_interfaces' build argument 'catkin_cmake_args' from command line to 'None'
[1.351s] Level 5:colcon.colcon_core.verb:set package 'armos_interfaces' build argument 'catkin_skip_building_tests' from command line to 'False'
[1.351s] DEBUG:colcon.colcon_core.verb:Building package 'armos_interfaces' with the following arguments: {'ament_cmake_args': None, 'build_base': '/home/krishnapranav/mj_manipulation/mujoco_manipulation/build/armos_interfaces', 'catkin_cmake_args': None, 'catkin_skip_building_tests': False, 'cmake_args': None, 'cmake_clean_cache': False, 'cmake_clean_first': False, 'cmake_force_configure': False, 'cmake_target': None, 'cmake_target_skip_unavailable': False, 'install_base': '/home/krishnapranav/mj_manipulation/mujoco_manipulation/install/armos_interfaces', 'merge_install': False, 'path': '/home/krishnapranav/mj_manipulation/mujoco_manipulation/armos_ros2/pkgs/armos_interfaces', 'symlink_install': False, 'test_result_base': None}
[1.352s] Level 5:colcon.colcon_core.verb:set package 'armos_control' build argument 'cmake_args' from command line to 'None'
[1.352s] Level 5:colcon.colcon_core.verb:set package 'armos_control' build argument 'cmake_target' from command line to 'None'
[1.352s] Level 5:colcon.colcon_core.verb:set package 'armos_control' build argument 'cmake_target_skip_unavailable' from command line to 'False'
[1.352s] Level 5:colcon.colcon_core.verb:set package 'armos_control' build argument 'cmake_clean_cache' from command line to 'False'
[1.352s] Level 5:colcon.colcon_core.verb:set package 'armos_control' build argument 'cmake_clean_first' from command line to 'False'
[1.352s] Level 5:colcon.colcon_core.verb:set package 'armos_control' build argument 'cmake_force_configure' from command line to 'False'
[1.352s] Level 5:colcon.colcon_core.verb:set package 'armos_control' build argument 'ament_cmake_args' from command line to 'None'
[1.352s] Level 5:colcon.colcon_core.verb:set package 'armos_control' build argument 'catkin_cmake_args' from command line to 'None'
[1.352s] Level 5:colcon.colcon_core.verb:set package 'armos_control' build argument 'catkin_skip_building_tests' from command line to 'False'
[1.353s] DEBUG:colcon.colcon_core.verb:Building package 'armos_control' with the following arguments: {'ament_cmake_args': None, 'build_base': '/home/krishnapranav/mj_manipulation/mujoco_manipulation/build/armos_control', 'catkin_cmake_args': None, 'catkin_skip_building_tests': False, 'cmake_args': None, 'cmake_clean_cache': False, 'cmake_clean_first': False, 'cmake_force_configure': False, 'cmake_target': None, 'cmake_target_skip_unavailable': False, 'install_base': '/home/krishnapranav/mj_manipulation/mujoco_manipulation/install/armos_control', 'merge_install': False, 'path': '/home/krishnapranav/mj_manipulation/mujoco_manipulation/armos_ros2/pkgs/armos_control', 'symlink_install': False, 'test_result_base': None}
[1.353s] INFO:colcon.colcon_core.executor:Executing jobs using 'parallel' executor
[1.356s] DEBUG:colcon.colcon_parallel_executor.executor.parallel:run_until_complete
[1.356s] INFO:colcon.colcon_ros.task.ament_cmake.build:Building ROS package in '/home/krishnapranav/mj_manipulation/mujoco_manipulation/armos_ros2/pkgs/armos_interfaces' with build type 'ament_cmake'
[1.356s] INFO:colcon.colcon_cmake.task.cmake.build:Building CMake package in '/home/krishnapranav/mj_manipulation/mujoco_manipulation/armos_ros2/pkgs/armos_interfaces'
[1.371s] INFO:colcon.colcon_core.plugin_system:Skipping extension 'colcon_core.shell.bat': Not used on non-Windows systems
[1.371s] INFO:colcon.colcon_core.shell:Skip shell extension 'powershell' for command environment: Not usable outside of PowerShell
[1.372s] DEBUG:colcon.colcon_core.shell:Skip shell extension 'dsv' for command environment
[1.398s] DEBUG:colcon.colcon_core.event_handler.log_command:Invoking command in '/home/krishnapranav/mj_manipulation/mujoco_manipulation/build/armos_interfaces': CMAKE_PREFIX_PATH=${CMAKE_PREFIX_PATH}:/opt/ros/humble VIRTUAL_ENV_PROMPT=(armos) /usr/bin/cmake --build /home/krishnapranav/mj_manipulation/mujoco_manipulation/build/armos_interfaces -- -j12 -l12
[15.552s] DEBUG:colcon.colcon_core.event_handler.log_command:Invoked command in '/home/krishnapranav/mj_manipulation/mujoco_manipulation/build/armos_interfaces' returned '0': CMAKE_PREFIX_PATH=${CMAKE_PREFIX_PATH}:/opt/ros/humble VIRTUAL_ENV_PROMPT=(armos) /usr/bin/cmake --build /home/krishnapranav/mj_manipulation/mujoco_manipulation/build/armos_interfaces -- -j12 -l12
[15.570s] DEBUG:colcon.colcon_core.event_handler.log_command:Invoking command in '/home/krishnapranav/mj_manipulation/mujoco_manipulation/build/armos_interfaces': CMAKE_PREFIX_PATH=${CMAKE_PREFIX_PATH}:/opt/ros/humble VIRTUAL_ENV_PROMPT=(armos) /usr/bin/cmake --install /home/krishnapranav/mj_manipulation/mujoco_manipulation/build/armos_interfaces
[15.830s] Level 1:colcon.colcon_core.environment:create_environment_scripts_only(armos_interfaces)
[15.832s] DEBUG:colcon.colcon_core.event_handler.log_command:Invoked command in '/home/krishnapranav/mj_manipulation/mujoco_manipulation/build/armos_interfaces' returned '0': CMAKE_PREFIX_PATH=${CMAKE_PREFIX_PATH}:/opt/ros/humble VIRTUAL_ENV_PROMPT=(armos) /usr/bin/cmake --install /home/krishnapranav/mj_manipulation/mujoco_manipulation/build/armos_interfaces
[15.846s] Level 1:colcon.colcon_core.environment:checking '/home/krishnapranav/mj_manipulation/mujoco_manipulation/install/armos_interfaces' for CMake module files
[15.848s] Level 1:colcon.colcon_core.environment:checking '/home/krishnapranav/mj_manipulation/mujoco_manipulation/install/armos_interfaces' for CMake config files
[15.849s] Level 1:colcon.colcon_core.shell:create_environment_hook('armos_interfaces', 'cmake_prefix_path')
[15.850s] INFO:colcon.colcon_core.shell:Creating environment hook '/home/krishnapranav/mj_manipulation/mujoco_manipulation/install/armos_interfaces/share/armos_interfaces/hook/cmake_prefix_path.ps1'
[15.852s] INFO:colcon.colcon_core.shell:Creating environment descriptor '/home/krishnapranav/mj_manipulation/mujoco_manipulation/install/armos_interfaces/share/armos_interfaces/hook/cmake_prefix_path.dsv'
[15.854s] INFO:colcon.colcon_core.shell:Creating environment hook '/home/krishnapranav/mj_manipulation/mujoco_manipulation/install/armos_interfaces/share/armos_interfaces/hook/cmake_prefix_path.sh'
[15.856s] Level 1:colcon.colcon_core.environment:checking '/home/krishnapranav/mj_manipulation/mujoco_manipulation/install/armos_interfaces/lib'
[15.857s] Level 1:colcon.colcon_core.shell:create_environment_hook('armos_interfaces', 'ld_library_path_lib')
[15.857s] INFO:colcon.colcon_core.shell:Creating environment hook '/home/krishnapranav/mj_manipulation/mujoco_manipulation/install/armos_interfaces/share/armos_interfaces/hook/ld_library_path_lib.ps1'
[15.859s] INFO:colcon.colcon_core.shell:Creating environment descriptor '/home/krishnapranav/mj_manipulation/mujoco_manipulation/install/armos_interfaces/share/armos_interfaces/hook/ld_library_path_lib.dsv'
[15.860s] INFO:colcon.colcon_core.shell:Creating environment hook '/home/krishnapranav/mj_manipulation/mujoco_manipulation/install/armos_interfaces/share/armos_interfaces/hook/ld_library_path_lib.sh'
[15.861s] Level 1:colcon.colcon_core.environment:checking '/home/krishnapranav/mj_manipulation/mujoco_manipulation/install/armos_interfaces/bin'
[15.861s] Level 1:colcon.colcon_core.environment:checking '/home/krishnapranav/mj_manipulation/mujoco_manipulation/install/armos_interfaces/lib/pkgconfig/armos_interfaces.pc'
[15.862s] Level 1:colcon.colcon_core.environment:checking '/home/krishnapranav/mj_manipulation/mujoco_manipulation/install/armos_interfaces/lib/python3.10/site-packages'
[15.862s] Level 1:colcon.colcon_core.shell:create_environment_hook('armos_interfaces', 'pythonpath')
[15.863s] INFO:colcon.colcon_core.shell:Creating environment hook '/home/krishnapranav/mj_manipulation/mujoco_manipulation/install/armos_interfaces/share/armos_interfaces/hook/pythonpath.ps1'
[15.864s] INFO:colcon.colcon_core.shell:Creating environment descriptor '/home/krishnapranav/mj_manipulation/mujoco_manipulation/install/armos_interfaces/share/armos_interfaces/hook/pythonpath.dsv'
[15.865s] INFO:colcon.colcon_core.shell:Creating environment hook '/home/krishnapranav/mj_manipulation/mujoco_manipulation/install/armos_interfaces/share/armos_interfaces/hook/pythonpath.sh'
[15.867s] Level 1:colcon.colcon_core.environment:checking '/home/krishnapranav/mj_manipulation/mujoco_manipulation/install/armos_interfaces/bin'
[15.868s] INFO:colcon.colcon_core.shell:Creating package script '/home/krishnapranav/mj_manipulation/mujoco_manipulation/install/armos_interfaces/share/armos_interfaces/package.ps1'
[15.871s] INFO:colcon.colcon_core.shell:Creating package descriptor '/home/krishnapranav/mj_manipulation/mujoco_manipulation/install/armos_interfaces/share/armos_interfaces/package.dsv'
[15.873s] INFO:colcon.colcon_core.shell:Creating package script '/home/krishnapranav/mj_manipulation/mujoco_manipulation/install/armos_interfaces/share/armos_interfaces/package.sh'
[15.875s] INFO:colcon.colcon_core.shell:Creating package script '/home/krishnapranav/mj_manipulation/mujoco_manipulation/install/armos_interfaces/share/armos_interfaces/package.bash'
[15.878s] INFO:colcon.colcon_core.shell:Creating package script '/home/krishnapranav/mj_manipulation/mujoco_manipulation/install/armos_interfaces/share/armos_interfaces/package.zsh'
[15.880s] Level 1:colcon.colcon_core.environment:create_file_with_runtime_dependencies(/home/krishnapranav/mj_manipulation/mujoco_manipulation/install/armos_interfaces/share/colcon-core/packages/armos_interfaces)
[15.883s] Level 1:colcon.colcon_core.environment:create_environment_scripts_only(armos_interfaces)
[15.883s] Level 1:colcon.colcon_core.environment:checking '/home/krishnapranav/mj_manipulation/mujoco_manipulation/install/armos_interfaces' for CMake module files
[15.885s] Level 1:colcon.colcon_core.environment:checking '/home/krishnapranav/mj_manipulation/mujoco_manipulation/install/armos_interfaces' for CMake config files
[15.886s] Level 1:colcon.colcon_core.shell:create_environment_hook('armos_interfaces', 'cmake_prefix_path')
[15.887s] INFO:colcon.colcon_core.shell:Creating environment hook '/home/krishnapranav/mj_manipulation/mujoco_manipulation/install/armos_interfaces/share/armos_interfaces/hook/cmake_prefix_path.ps1'
[15.888s] INFO:colcon.colcon_core.shell:Creating environment descriptor '/home/krishnapranav/mj_manipulation/mujoco_manipulation/install/armos_interfaces/share/armos_interfaces/hook/cmake_prefix_path.dsv'
[15.889s] INFO:colcon.colcon_core.shell:Creating environment hook '/home/krishnapranav/mj_manipulation/mujoco_manipulation/install/armos_interfaces/share/armos_interfaces/hook/cmake_prefix_path.sh'
[15.891s] Level 1:colcon.colcon_core.environment:checking '/home/krishnapranav/mj_manipulation/mujoco_manipulation/install/armos_interfaces/lib'
[15.892s] Level 1:colcon.colcon_core.shell:create_environment_hook('armos_interfaces', 'ld_library_path_lib')
[15.892s] INFO:colcon.colcon_core.shell:Creating environment hook '/home/krishnapranav/mj_manipulation/mujoco_manipulation/install/armos_interfaces/share/armos_interfaces/hook/ld_library_path_lib.ps1'
[15.894s] INFO:colcon.colcon_core.shell:Creating environment descriptor '/home/krishnapranav/mj_manipulation/mujoco_manipulation/install/armos_interfaces/share/armos_interfaces/hook/ld_library_path_lib.dsv'
[15.895s] INFO:colcon.colcon_core.shell:Creating environment hook '/home/krishnapranav/mj_manipulation/mujoco_manipulation/install/armos_interfaces/share/armos_interfaces/hook/ld_library_path_lib.sh'
[15.896s] Level 1:colcon.colcon_core.environment:checking '/home/krishnapranav/mj_manipulation/mujoco_manipulation/install/armos_interfaces/bin'
[15.897s] Level 1:colcon.colcon_core.environment:checking '/home/krishnapranav/mj_manipulation/mujoco_manipulation/install/armos_interfaces/lib/pkgconfig/armos_interfaces.pc'
[15.897s] Level 1:colcon.colcon_core.environment:checking '/home/krishnapranav/mj_manipulation/mujoco_manipulation/install/armos_interfaces/lib/python3.10/site-packages'
[15.897s] Level 1:colcon.colcon_core.shell:create_environment_hook('armos_interfaces', 'pythonpath')
[15.898s] INFO:colcon.colcon_core.shell:Creating environment hook '/home/krishnapranav/mj_manipulation/mujoco_manipulation/install/armos_interfaces/share/armos_interfaces/hook/pythonpath.ps1'
[15.899s] INFO:colcon.colcon_core.shell:Creating environment descriptor '/home/krishnapranav/mj_manipulation/mujoco_manipulation/install/armos_interfaces/share/armos_interfaces/hook/pythonpath.dsv'
[15.900s] INFO:colcon.colcon_core.shell:Creating environment hook '/home/krishnapranav/mj_manipulation/mujoco_manipulation/install/armos_interfaces/share/armos_interfaces/hook/pythonpath.sh'
[15.902s] Level 1:colcon.colcon_core.environment:checking '/home/krishnapranav/mj_manipulation/mujoco_manipulation/install/armos_interfaces/bin'
[15.903s] INFO:colcon.colcon_core.shell:Creating package script '/home/krishnapranav/mj_manipulation/mujoco_manipulation/install/armos_interfaces/share/armos_interfaces/package.ps1'
[15.905s] INFO:colcon.colcon_core.shell:Creating package descriptor '/home/krishnapranav/mj_manipulation/mujoco_manipulation/install/armos_interfaces/share/armos_interfaces/package.dsv'
[15.906s] INFO:colcon.colcon_core.shell:Creating package script '/home/krishnapranav/mj_manipulation/mujoco_manipulation/install/armos_interfaces/share/armos_interfaces/package.sh'
[15.907s] INFO:colcon.colcon_core.shell:Creating package script '/home/krishnapranav/mj_manipulation/mujoco_manipulation/install/armos_interfaces/share/armos_interfaces/package.bash'
[15.908s] INFO:colcon.colcon_core.shell:Creating package script '/home/krishnapranav/mj_manipulation/mujoco_manipulation/install/armos_interfaces/share/armos_interfaces/package.zsh'
[15.909s] Level 1:colcon.colcon_core.environment:create_file_with_runtime_dependencies(/home/krishnapranav/mj_manipulation/mujoco_manipulation/install/armos_interfaces/share/colcon-core/packages/armos_interfaces)
[15.910s] INFO:colcon.colcon_ros.task.ament_cmake.build:Building ROS package in '/home/krishnapranav/mj_manipulation/mujoco_manipulation/armos_ros2/pkgs/armos_control' with build type 'ament_cmake'
[15.910s] INFO:colcon.colcon_cmake.task.cmake.build:Building CMake package in '/home/krishnapranav/mj_manipulation/mujoco_manipulation/armos_ros2/pkgs/armos_control'
[15.911s] INFO:colcon.colcon_core.shell:Skip shell extension 'powershell' for command environment: Not usable outside of PowerShell
[15.911s] DEBUG:colcon.colcon_core.shell:Skip shell extension 'dsv' for command environment
[15.952s] DEBUG:colcon.colcon_core.event_handler.log_command:Invoking command in '/home/krishnapranav/mj_manipulation/mujoco_manipulation/build/armos_control': AMENT_PREFIX_PATH=/home/krishnapranav/mj_manipulation/mujoco_manipulation/install/armos_interfaces:${AMENT_PREFIX_PATH} CMAKE_PREFIX_PATH=/home/krishnapranav/mj_manipulation/mujoco_manipulation/install/armos_interfaces:/home/krishnapranav/mj_manipulation/install/armos_interfaces:/home/krishnapranav/mj_manipulation/install/armos_control:/home/krishnapranav/microros_ws/install/micro_ros_setup:/home/krishnapranav/microros_ws/install/micro_ros_agent:/home/krishnapranav/microros_ws/install/micro_ros_msgs:/opt/ros/humble LD_LIBRARY_PATH=/home/krishnapranav/mj_manipulation/mujoco_manipulation/install/armos_interfaces/lib:${LD_LIBRARY_PATH} PYTHONPATH=/home/krishnapranav/mj_manipulation/mujoco_manipulation/install/armos_interfaces/lib/python3.10/site-packages:${PYTHONPATH} VIRTUAL_ENV_PROMPT=(armos) /usr/bin/cmake --build /home/krishnapranav/mj_manipulation/mujoco_manipulation/build/armos_control -- -j12 -l12
[16.880s] DEBUG:colcon.colcon_core.event_handler.log_command:Invoked command in '/home/krishnapranav/mj_manipulation/mujoco_manipulation/build/armos_control' returned '0': AMENT_PREFIX_PATH=/home/krishnapranav/mj_manipulation/mujoco_manipulation/install/armos_interfaces:${AMENT_PREFIX_PATH} CMAKE_PREFIX_PATH=/home/krishnapranav/mj_manipulation/mujoco_manipulation/install/armos_interfaces:/home/krishnapranav/mj_manipulation/install/armos_interfaces:/home/krishnapranav/mj_manipulation/install/armos_control:/home/krishnapranav/microros_ws/install/micro_ros_setup:/home/krishnapranav/microros_ws/install/micro_ros_agent:/home/krishnapranav/microros_ws/install/micro_ros_msgs:/opt/ros/humble LD_LIBRARY_PATH=/home/krishnapranav/mj_manipulation/mujoco_manipulation/install/armos_interfaces/lib:${LD_LIBRARY_PATH} PYTHONPATH=/home/krishnapranav/mj_manipulation/mujoco_manipulation/install/armos_interfaces/lib/python3.10/site-packages:${PYTHONPATH} VIRTUAL_ENV_PROMPT=(armos) /usr/bin/cmake --build /home/krishnapranav/mj_manipulation/mujoco_manipulation/build/armos_control -- -j12 -l12
[16.888s] DEBUG:colcon.colcon_core.event_handler.log_command:Invoking command in '/home/krishnapranav/mj_manipulation/mujoco_manipulation/build/armos_control': AMENT_PREFIX_PATH=/home/krishnapranav/mj_manipulation/mujoco_manipulation/install/armos_interfaces:${AMENT_PREFIX_PATH} CMAKE_PREFIX_PATH=/home/krishnapranav/mj_manipulation/mujoco_manipulation/install/armos_interfaces:/home/krishnapranav/mj_manipulation/install/armos_interfaces:/home/krishnapranav/mj_manipulation/install/armos_control:/home/krishnapranav/microros_ws/install/micro_ros_setup:/home/krishnapranav/microros_ws/install/micro_ros_agent:/home/krishnapranav/microros_ws/install/micro_ros_msgs:/opt/ros/humble LD_LIBRARY_PATH=/home/krishnapranav/mj_manipulation/mujoco_manipulation/install/armos_interfaces/lib:${LD_LIBRARY_PATH} PYTHONPATH=/home/krishnapranav/mj_manipulation/mujoco_manipulation/install/armos_interfaces/lib/python3.10/site-packages:${PYTHONPATH} VIRTUAL_ENV_PROMPT=(armos) /usr/bin/cmake --install /home/krishnapranav/mj_manipulation/mujoco_manipulation/build/armos_control
[16.910s] Level 1:colcon.colcon_core.environment:create_environment_scripts_only(armos_control)
[16.911s] Level 1:colcon.colcon_core.environment:checking '/home/krishnapranav/mj_manipulation/mujoco_manipulation/install/armos_control' for CMake module files
[16.918s] Level 1:colcon.colcon_core.environment:checking '/home/krishnapranav/mj_manipulation/mujoco_manipulation/install/armos_control' for CMake config files
[16.919s] Level 1:colcon.colcon_core.shell:create_environment_hook('armos_control', 'cmake_prefix_path')
[16.921s] INFO:colcon.colcon_core.shell:Creating environment hook '/home/krishnapranav/mj_manipulation/mujoco_manipulation/install/armos_control/share/armos_control/hook/cmake_prefix_path.ps1'
[16.924s] INFO:colcon.colcon_core.shell:Creating environment descriptor '/home/krishnapranav/mj_manipulation/mujoco_manipulation/install/armos_control/share/armos_control/hook/cmake_prefix_path.dsv'
[16.925s] DEBUG:colcon.colcon_core.event_handler.log_command:Invoked command in '/home/krishnapranav/mj_manipulation/mujoco_manipulation/build/armos_control' returned '0': AMENT_PREFIX_PATH=/home/krishnapranav/mj_manipulation/mujoco_manipulation/install/armos_interfaces:${AMENT_PREFIX_PATH} CMAKE_PREFIX_PATH=/home/krishnapranav/mj_manipulation/mujoco_manipulation/install/armos_interfaces:/home/krishnapranav/mj_manipulation/install/armos_interfaces:/home/krishnapranav/mj_manipulation/install/armos_control:/home/krishnapranav/microros_ws/install/micro_ros_setup:/home/krishnapranav/microros_ws/install/micro_ros_agent:/home/krishnapranav/microros_ws/install/micro_ros_msgs:/opt/ros/humble LD_LIBRARY_PATH=/home/krishnapranav/mj_manipulation/mujoco_manipulation/install/armos_interfaces/lib:${LD_LIBRARY_PATH} PYTHONPATH=/home/krishnapranav/mj_manipulation/mujoco_manipulation/install/armos_interfaces/lib/python3.10/site-packages:${PYTHONPATH} VIRTUAL_ENV_PROMPT=(armos) /usr/bin/cmake --install /home/krishnapranav/mj_manipulation/mujoco_manipulation/build/armos_control
[16.930s] INFO:colcon.colcon_core.shell:Creating environment hook '/home/krishnapranav/mj_manipulation/mujoco_manipulation/install/armos_control/share/armos_control/hook/cmake_prefix_path.sh'
[16.932s] Level 1:colcon.colcon_core.environment:checking '/home/krishnapranav/mj_manipulation/mujoco_manipulation/install/armos_control/lib'
[16.933s] Level 1:colcon.colcon_core.environment:checking '/home/krishnapranav/mj_manipulation/mujoco_manipulation/install/armos_control/bin'
[16.933s] Level 1:colcon.colcon_core.environment:checking '/home/krishnapranav/mj_manipulation/mujoco_manipulation/install/armos_control/lib/pkgconfig/armos_control.pc'
[16.934s] Level 1:colcon.colcon_core.environment:checking '/home/krishnapranav/mj_manipulation/mujoco_manipulation/install/armos_control/lib/python3.10/site-packages'
[16.935s] Level 1:colcon.colcon_core.environment:checking '/home/krishnapranav/mj_manipulation/mujoco_manipulation/install/armos_control/bin'
[16.936s] INFO:colcon.colcon_core.shell:Creating package script '/home/krishnapranav/mj_manipulation/mujoco_manipulation/install/armos_control/share/armos_control/package.ps1'
[16.941s] INFO:colcon.colcon_core.shell:Creating package descriptor '/home/krishnapranav/mj_manipulation/mujoco_manipulation/install/armos_control/share/armos_control/package.dsv'
[16.942s] INFO:colcon.colcon_core.shell:Creating package script '/home/krishnapranav/mj_manipulation/mujoco_manipulation/install/armos_control/share/armos_control/package.sh'
[16.944s] INFO:colcon.colcon_core.shell:Creating package script '/home/krishnapranav/mj_manipulation/mujoco_manipulation/install/armos_control/share/armos_control/package.bash'
[16.945s] INFO:colcon.colcon_core.shell:Creating package script '/home/krishnapranav/mj_manipulation/mujoco_manipulation/install/armos_control/share/armos_control/package.zsh'
[16.947s] Level 1:colcon.colcon_core.environment:create_file_with_runtime_dependencies(/home/krishnapranav/mj_manipulation/mujoco_manipulation/install/armos_control/share/colcon-core/packages/armos_control)
[16.949s] Level 1:colcon.colcon_core.environment:create_environment_scripts_only(armos_control)
[16.950s] Level 1:colcon.colcon_core.environment:checking '/home/krishnapranav/mj_manipulation/mujoco_manipulation/install/armos_control' for CMake module files
[16.955s] Level 1:colcon.colcon_core.environment:checking '/home/krishnapranav/mj_manipulation/mujoco_manipulation/install/armos_control' for CMake config files
[16.956s] Level 1:colcon.colcon_core.shell:create_environment_hook('armos_control', 'cmake_prefix_path')
[16.957s] INFO:colcon.colcon_core.shell:Creating environment hook '/home/krishnapranav/mj_manipulation/mujoco_manipulation/install/armos_control/share/armos_control/hook/cmake_prefix_path.ps1'
[16.959s] INFO:colcon.colcon_core.shell:Creating environment descriptor '/home/krishnapranav/mj_manipulation/mujoco_manipulation/install/armos_control/share/armos_control/hook/cmake_prefix_path.dsv'
[16.960s] INFO:colcon.colcon_core.shell:Creating environment hook '/home/krishnapranav/mj_manipulation/mujoco_manipulation/install/armos_control/share/armos_control/hook/cmake_prefix_path.sh'
[16.962s] Level 1:colcon.colcon_core.environment:checking '/home/krishnapranav/mj_manipulation/mujoco_manipulation/install/armos_control/lib'
[16.963s] Level 1:colcon.colcon_core.environment:checking '/home/krishnapranav/mj_manipulation/mujoco_manipulation/install/armos_control/bin'
[16.963s] Level 1:colcon.colcon_core.environment:checking '/home/krishnapranav/mj_manipulation/mujoco_manipulation/install/armos_control/lib/pkgconfig/armos_control.pc'
[16.965s] Level 1:colcon.colcon_core.environment:checking '/home/krishnapranav/mj_manipulation/mujoco_manipulation/install/armos_control/lib/python3.10/site-packages'
[16.965s] Level 1:colcon.colcon_core.environment:checking '/home/krishnapranav/mj_manipulation/mujoco_manipulation/install/armos_control/bin'
[16.967s] INFO:colcon.colcon_core.shell:Creating package script '/home/krishnapranav/mj_manipulation/mujoco_manipulation/install/armos_control/share/armos_control/package.ps1'
[16.972s] INFO:colcon.colcon_core.shell:Creating package descriptor '/home/krishnapranav/mj_manipulation/mujoco_manipulation/install/armos_control/share/armos_control/package.dsv'
[16.974s] INFO:colcon.colcon_core.shell:Creating package script '/home/krishnapranav/mj_manipulation/mujoco_manipulation/install/armos_control/share/armos_control/package.sh'
[16.975s] INFO:colcon.colcon_core.shell:Creating package script '/home/krishnapranav/mj_manipulation/mujoco_manipulation/install/armos_control/share/armos_control/package.bash'
[16.977s] INFO:colcon.colcon_core.shell:Creating package script '/home/krishnapranav/mj_manipulation/mujoco_manipulation/install/armos_control/share/armos_control/package.zsh'
[16.979s] Level 1:colcon.colcon_core.environment:create_file_with_runtime_dependencies(/home/krishnapranav/mj_manipulation/mujoco_manipulation/install/armos_control/share/colcon-core/packages/armos_control)
[16.980s] DEBUG:colcon.colcon_parallel_executor.executor.parallel:closing loop
[16.980s] DEBUG:colcon.colcon_parallel_executor.executor.parallel:loop closed
[16.981s] DEBUG:colcon.colcon_parallel_executor.executor.parallel:run_until_complete finished with '0'
[16.981s] DEBUG:colcon.colcon_core.event_reactor:joining thread
[17.013s] INFO:colcon.colcon_core.plugin_system:Skipping extension 'colcon_notification.desktop_notification.terminal_notifier': Not used on non-Darwin systems
[17.014s] INFO:colcon.colcon_core.plugin_system:Skipping extension 'colcon_notification.desktop_notification.win32': Not used on non-Windows systems
[17.014s] INFO:colcon.colcon_notification.desktop_notification:Sending desktop notification using 'notify2'
[17.119s] DEBUG:colcon.colcon_core.event_reactor:joined thread
[17.120s] INFO:colcon.colcon_core.shell:Creating prefix script '/home/krishnapranav/mj_manipulation/mujoco_manipulation/install/local_setup.ps1'
[17.123s] INFO:colcon.colcon_core.shell:Creating prefix util module '/home/krishnapranav/mj_manipulation/mujoco_manipulation/install/_local_setup_util_ps1.py'
[17.135s] INFO:colcon.colcon_core.shell:Creating prefix chain script '/home/krishnapranav/mj_manipulation/mujoco_manipulation/install/setup.ps1'
[17.140s] INFO:colcon.colcon_core.shell:Creating prefix script '/home/krishnapranav/mj_manipulation/mujoco_manipulation/install/local_setup.sh'
[17.142s] INFO:colcon.colcon_core.shell:Creating prefix util module '/home/krishnapranav/mj_manipulation/mujoco_manipulation/install/_local_setup_util_sh.py'
[17.144s] INFO:colcon.colcon_core.shell:Creating prefix chain script '/home/krishnapranav/mj_manipulation/mujoco_manipulation/install/setup.sh'
[17.149s] INFO:colcon.colcon_core.shell:Creating prefix script '/home/krishnapranav/mj_manipulation/mujoco_manipulation/install/local_setup.bash'
[17.152s] INFO:colcon.colcon_core.shell:Creating prefix chain script '/home/krishnapranav/mj_manipulation/mujoco_manipulation/install/setup.bash'
[17.156s] INFO:colcon.colcon_core.shell:Creating prefix script '/home/krishnapranav/mj_manipulation/mujoco_manipulation/install/local_setup.zsh'
[17.159s] INFO:colcon.colcon_core.shell:Creating prefix chain script '/home/krishnapranav/mj_manipulation/mujoco_manipulation/install/setup.zsh'
