[  2%] Built target armos_interfaces__cpp
[ 12%] Built target armos_interfaces__rosidl_generator_c
[ 12%] Built target ament_cmake_python_copy_armos_interfaces
[ 23%] Built target armos_interfaces__rosidl_typesupport_c
[ 34%] Built target armos_interfaces__rosidl_typesupport_cpp
[ 44%] Built target armos_interfaces__rosidl_typesupport_fastrtps_cpp
[ 55%] Built target armos_interfaces__rosidl_typesupport_introspection_c
[ 65%] Built target armos_interfaces__rosidl_typesupport_introspection_cpp
[ 76%] Built target armos_interfaces__rosidl_typesupport_fastrtps_c
[ 76%] Built target armos_interfaces
[ 78%] Built target armos_interfaces__py
[ 87%] Built target armos_interfaces__rosidl_generator_py
[ 95%] Built target armos_interfaces__rosidl_typesupport_fastrtps_c__pyext
[ 95%] Built target armos_interfaces__rosidl_typesupport_introspection_c__pyext
[100%] Built target armos_interfaces__rosidl_typesupport_c__pyext
running egg_info
writing armos_interfaces.egg-info/PKG-INFO
writing dependency_links to armos_interfaces.egg-info/dependency_links.txt
writing top-level names to armos_interfaces.egg-info/top_level.txt
reading manifest file 'armos_interfaces.egg-info/SOURCES.txt'
writing manifest file 'armos_interfaces.egg-info/SOURCES.txt'
[100%] Built target ament_cmake_python_build_armos_interfaces_egg
-- Install configuration: ""
-- Up-to-date: /home/krishnapranav/mj_manipulation/mujoco_manipulation/install/armos_interfaces/share/ament_index/resource_index/rosidl_interfaces/armos_interfaces
-- Up-to-date: /home/krishnapranav/mj_manipulation/mujoco_manipulation/install/armos_interfaces/include/armos_interfaces/armos_interfaces
-- Up-to-date: /home/krishnapranav/mj_manipulation/mujoco_manipulation/install/armos_interfaces/include/armos_interfaces/armos_interfaces/msg
-- Up-to-date: /home/krishnapranav/mj_manipulation/mujoco_manipulation/install/armos_interfaces/include/armos_interfaces/armos_interfaces/msg/detail
-- Up-to-date: /home/krishnapranav/mj_manipulation/mujoco_manipulation/install/armos_interfaces/include/armos_interfaces/armos_interfaces/msg/detail/armos_telemetry__type_support.h
-- Up-to-date: /home/krishnapranav/mj_manipulation/mujoco_manipulation/install/armos_interfaces/include/armos_interfaces/armos_interfaces/msg/detail/armos_telemetry__struct.h
-- Up-to-date: /home/krishnapranav/mj_manipulation/mujoco_manipulation/install/armos_interfaces/include/armos_interfaces/armos_interfaces/msg/detail/armos_joint_control__functions.h
-- Up-to-date: /home/krishnapranav/mj_manipulation/mujoco_manipulation/install/armos_interfaces/include/armos_interfaces/armos_interfaces/msg/detail/armos_joint_control__functions.c
-- Up-to-date: /home/krishnapranav/mj_manipulation/mujoco_manipulation/install/armos_interfaces/include/armos_interfaces/armos_interfaces/msg/detail/armos_joint_control__struct.h
-- Up-to-date: /home/krishnapranav/mj_manipulation/mujoco_manipulation/install/armos_interfaces/include/armos_interfaces/armos_interfaces/msg/detail/armos_cart_control__type_support.h
-- Up-to-date: /home/krishnapranav/mj_manipulation/mujoco_manipulation/install/armos_interfaces/include/armos_interfaces/armos_interfaces/msg/detail/armos_telemetry__functions.c
-- Up-to-date: /home/krishnapranav/mj_manipulation/mujoco_manipulation/install/armos_interfaces/include/armos_interfaces/armos_interfaces/msg/detail/armos_cart_control__functions.c
-- Up-to-date: /home/krishnapranav/mj_manipulation/mujoco_manipulation/install/armos_interfaces/include/armos_interfaces/armos_interfaces/msg/detail/armos_telemetry__functions.h
-- Up-to-date: /home/krishnapranav/mj_manipulation/mujoco_manipulation/install/armos_interfaces/include/armos_interfaces/armos_interfaces/msg/detail/armos_cart_control__functions.h
-- Up-to-date: /home/krishnapranav/mj_manipulation/mujoco_manipulation/install/armos_interfaces/include/armos_interfaces/armos_interfaces/msg/detail/armos_joint_control__type_support.h
-- Up-to-date: /home/krishnapranav/mj_manipulation/mujoco_manipulation/install/armos_interfaces/include/armos_interfaces/armos_interfaces/msg/detail/armos_cart_control__struct.h
-- Up-to-date: /home/krishnapranav/mj_manipulation/mujoco_manipulation/install/armos_interfaces/include/armos_interfaces/armos_interfaces/msg/armos_telemetry.h
-- Up-to-date: /home/krishnapranav/mj_manipulation/mujoco_manipulation/install/armos_interfaces/include/armos_interfaces/armos_interfaces/msg/armos_joint_control.h
-- Up-to-date: /home/krishnapranav/mj_manipulation/mujoco_manipulation/install/armos_interfaces/include/armos_interfaces/armos_interfaces/msg/armos_cart_control.h
-- Up-to-date: /home/krishnapranav/mj_manipulation/mujoco_manipulation/install/armos_interfaces/include/armos_interfaces/armos_interfaces/msg/rosidl_generator_c__visibility_control.h
-- Up-to-date: /home/krishnapranav/mj_manipulation/mujoco_manipulation/install/armos_interfaces/include/armos_interfaces/armos_interfaces/srv
-- Up-to-date: /home/krishnapranav/mj_manipulation/mujoco_manipulation/install/armos_interfaces/include/armos_interfaces/armos_interfaces/srv/armos_set_mode.h
-- Up-to-date: /home/krishnapranav/mj_manipulation/mujoco_manipulation/install/armos_interfaces/include/armos_interfaces/armos_interfaces/srv/detail
-- Up-to-date: /home/krishnapranav/mj_manipulation/mujoco_manipulation/install/armos_interfaces/include/armos_interfaces/armos_interfaces/srv/detail/armos_set_mode__functions.c
-- Up-to-date: /home/krishnapranav/mj_manipulation/mujoco_manipulation/install/armos_interfaces/include/armos_interfaces/armos_interfaces/srv/detail/armos_set_mode__functions.h
-- Up-to-date: /home/krishnapranav/mj_manipulation/mujoco_manipulation/install/armos_interfaces/include/armos_interfaces/armos_interfaces/srv/detail/armos_set_mode__struct.h
-- Up-to-date: /home/krishnapranav/mj_manipulation/mujoco_manipulation/install/armos_interfaces/include/armos_interfaces/armos_interfaces/srv/detail/armos_set_mode__type_support.h
-- Up-to-date: /home/krishnapranav/mj_manipulation/mujoco_manipulation/install/armos_interfaces/share/armos_interfaces/environment/library_path.sh
-- Up-to-date: /home/krishnapranav/mj_manipulation/mujoco_manipulation/install/armos_interfaces/share/armos_interfaces/environment/library_path.dsv
-- Up-to-date: /home/krishnapranav/mj_manipulation/mujoco_manipulation/install/armos_interfaces/lib/libarmos_interfaces__rosidl_generator_c.so
-- Up-to-date: /home/krishnapranav/mj_manipulation/mujoco_manipulation/install/armos_interfaces/include/armos_interfaces/armos_interfaces
-- Up-to-date: /home/krishnapranav/mj_manipulation/mujoco_manipulation/install/armos_interfaces/include/armos_interfaces/armos_interfaces/msg
-- Up-to-date: /home/krishnapranav/mj_manipulation/mujoco_manipulation/install/armos_interfaces/include/armos_interfaces/armos_interfaces/msg/detail
-- Up-to-date: /home/krishnapranav/mj_manipulation/mujoco_manipulation/install/armos_interfaces/include/armos_interfaces/armos_interfaces/msg/detail/armos_cart_control__rosidl_typesupport_fastrtps_c.h
-- Up-to-date: /home/krishnapranav/mj_manipulation/mujoco_manipulation/install/armos_interfaces/include/armos_interfaces/armos_interfaces/msg/detail/armos_joint_control__rosidl_typesupport_fastrtps_c.h
-- Up-to-date: /home/krishnapranav/mj_manipulation/mujoco_manipulation/install/armos_interfaces/include/armos_interfaces/armos_interfaces/msg/detail/armos_telemetry__rosidl_typesupport_fastrtps_c.h
-- Up-to-date: /home/krishnapranav/mj_manipulation/mujoco_manipulation/install/armos_interfaces/include/armos_interfaces/armos_interfaces/msg/rosidl_typesupport_fastrtps_c__visibility_control.h
-- Up-to-date: /home/krishnapranav/mj_manipulation/mujoco_manipulation/install/armos_interfaces/include/armos_interfaces/armos_interfaces/srv
-- Up-to-date: /home/krishnapranav/mj_manipulation/mujoco_manipulation/install/armos_interfaces/include/armos_interfaces/armos_interfaces/srv/detail
-- Up-to-date: /home/krishnapranav/mj_manipulation/mujoco_manipulation/install/armos_interfaces/include/armos_interfaces/armos_interfaces/srv/detail/armos_set_mode__rosidl_typesupport_fastrtps_c.h
-- Up-to-date: /home/krishnapranav/mj_manipulation/mujoco_manipulation/install/armos_interfaces/lib/libarmos_interfaces__rosidl_typesupport_fastrtps_c.so
-- Up-to-date: /home/krishnapranav/mj_manipulation/mujoco_manipulation/install/armos_interfaces/include/armos_interfaces/armos_interfaces
-- Up-to-date: /home/krishnapranav/mj_manipulation/mujoco_manipulation/install/armos_interfaces/include/armos_interfaces/armos_interfaces/msg
-- Up-to-date: /home/krishnapranav/mj_manipulation/mujoco_manipulation/install/armos_interfaces/include/armos_interfaces/armos_interfaces/msg/rosidl_typesupport_introspection_c__visibility_control.h
-- Up-to-date: /home/krishnapranav/mj_manipulation/mujoco_manipulation/install/armos_interfaces/include/armos_interfaces/armos_interfaces/msg/detail
-- Up-to-date: /home/krishnapranav/mj_manipulation/mujoco_manipulation/install/armos_interfaces/include/armos_interfaces/armos_interfaces/msg/detail/armos_cart_control__rosidl_typesupport_introspection_c.h
-- Up-to-date: /home/krishnapranav/mj_manipulation/mujoco_manipulation/install/armos_interfaces/include/armos_interfaces/armos_interfaces/msg/detail/armos_telemetry__rosidl_typesupport_introspection_c.h
-- Up-to-date: /home/krishnapranav/mj_manipulation/mujoco_manipulation/install/armos_interfaces/include/armos_interfaces/armos_interfaces/msg/detail/armos_telemetry__type_support.c
-- Up-to-date: /home/krishnapranav/mj_manipulation/mujoco_manipulation/install/armos_interfaces/include/armos_interfaces/armos_interfaces/msg/detail/armos_cart_control__type_support.c
-- Up-to-date: /home/krishnapranav/mj_manipulation/mujoco_manipulation/install/armos_interfaces/include/armos_interfaces/armos_interfaces/msg/detail/armos_joint_control__type_support.c
-- Up-to-date: /home/krishnapranav/mj_manipulation/mujoco_manipulation/install/armos_interfaces/include/armos_interfaces/armos_interfaces/msg/detail/armos_joint_control__rosidl_typesupport_introspection_c.h
-- Up-to-date: /home/krishnapranav/mj_manipulation/mujoco_manipulation/install/armos_interfaces/include/armos_interfaces/armos_interfaces/srv
-- Up-to-date: /home/krishnapranav/mj_manipulation/mujoco_manipulation/install/armos_interfaces/include/armos_interfaces/armos_interfaces/srv/detail
-- Up-to-date: /home/krishnapranav/mj_manipulation/mujoco_manipulation/install/armos_interfaces/include/armos_interfaces/armos_interfaces/srv/detail/armos_set_mode__type_support.c
-- Up-to-date: /home/krishnapranav/mj_manipulation/mujoco_manipulation/install/armos_interfaces/include/armos_interfaces/armos_interfaces/srv/detail/armos_set_mode__rosidl_typesupport_introspection_c.h
-- Up-to-date: /home/krishnapranav/mj_manipulation/mujoco_manipulation/install/armos_interfaces/lib/libarmos_interfaces__rosidl_typesupport_introspection_c.so
-- Up-to-date: /home/krishnapranav/mj_manipulation/mujoco_manipulation/install/armos_interfaces/lib/libarmos_interfaces__rosidl_typesupport_c.so
-- Up-to-date: /home/krishnapranav/mj_manipulation/mujoco_manipulation/install/armos_interfaces/include/armos_interfaces/armos_interfaces
-- Up-to-date: /home/krishnapranav/mj_manipulation/mujoco_manipulation/install/armos_interfaces/include/armos_interfaces/armos_interfaces/msg
-- Up-to-date: /home/krishnapranav/mj_manipulation/mujoco_manipulation/install/armos_interfaces/include/armos_interfaces/armos_interfaces/msg/rosidl_generator_cpp__visibility_control.hpp
-- Up-to-date: /home/krishnapranav/mj_manipulation/mujoco_manipulation/install/armos_interfaces/include/armos_interfaces/armos_interfaces/msg/armos_cart_control.hpp
-- Up-to-date: /home/krishnapranav/mj_manipulation/mujoco_manipulation/install/armos_interfaces/include/armos_interfaces/armos_interfaces/msg/detail
-- Up-to-date: /home/krishnapranav/mj_manipulation/mujoco_manipulation/install/armos_interfaces/include/armos_interfaces/armos_interfaces/msg/detail/armos_cart_control__builder.hpp
-- Up-to-date: /home/krishnapranav/mj_manipulation/mujoco_manipulation/install/armos_interfaces/include/armos_interfaces/armos_interfaces/msg/detail/armos_joint_control__type_support.hpp
-- Up-to-date: /home/krishnapranav/mj_manipulation/mujoco_manipulation/install/armos_interfaces/include/armos_interfaces/armos_interfaces/msg/detail/armos_cart_control__traits.hpp
-- Up-to-date: /home/krishnapranav/mj_manipulation/mujoco_manipulation/install/armos_interfaces/include/armos_interfaces/armos_interfaces/msg/detail/armos_joint_control__struct.hpp
-- Up-to-date: /home/krishnapranav/mj_manipulation/mujoco_manipulation/install/armos_interfaces/include/armos_interfaces/armos_interfaces/msg/detail/armos_telemetry__traits.hpp
-- Up-to-date: /home/krishnapranav/mj_manipulation/mujoco_manipulation/install/armos_interfaces/include/armos_interfaces/armos_interfaces/msg/detail/armos_joint_control__builder.hpp
-- Up-to-date: /home/krishnapranav/mj_manipulation/mujoco_manipulation/install/armos_interfaces/include/armos_interfaces/armos_interfaces/msg/detail/armos_telemetry__type_support.hpp
-- Up-to-date: /home/krishnapranav/mj_manipulation/mujoco_manipulation/install/armos_interfaces/include/armos_interfaces/armos_interfaces/msg/detail/armos_telemetry__builder.hpp
-- Up-to-date: /home/krishnapranav/mj_manipulation/mujoco_manipulation/install/armos_interfaces/include/armos_interfaces/armos_interfaces/msg/detail/armos_joint_control__traits.hpp
-- Up-to-date: /home/krishnapranav/mj_manipulation/mujoco_manipulation/install/armos_interfaces/include/armos_interfaces/armos_interfaces/msg/detail/armos_cart_control__type_support.hpp
-- Up-to-date: /home/krishnapranav/mj_manipulation/mujoco_manipulation/install/armos_interfaces/include/armos_interfaces/armos_interfaces/msg/detail/armos_telemetry__struct.hpp
-- Up-to-date: /home/krishnapranav/mj_manipulation/mujoco_manipulation/install/armos_interfaces/include/armos_interfaces/armos_interfaces/msg/detail/armos_cart_control__struct.hpp
-- Up-to-date: /home/krishnapranav/mj_manipulation/mujoco_manipulation/install/armos_interfaces/include/armos_interfaces/armos_interfaces/msg/armos_telemetry.hpp
-- Up-to-date: /home/krishnapranav/mj_manipulation/mujoco_manipulation/install/armos_interfaces/include/armos_interfaces/armos_interfaces/msg/armos_joint_control.hpp
-- Up-to-date: /home/krishnapranav/mj_manipulation/mujoco_manipulation/install/armos_interfaces/include/armos_interfaces/armos_interfaces/srv
-- Up-to-date: /home/krishnapranav/mj_manipulation/mujoco_manipulation/install/armos_interfaces/include/armos_interfaces/armos_interfaces/srv/armos_set_mode.hpp
-- Up-to-date: /home/krishnapranav/mj_manipulation/mujoco_manipulation/install/armos_interfaces/include/armos_interfaces/armos_interfaces/srv/detail
-- Up-to-date: /home/krishnapranav/mj_manipulation/mujoco_manipulation/install/armos_interfaces/include/armos_interfaces/armos_interfaces/srv/detail/armos_set_mode__struct.hpp
-- Up-to-date: /home/krishnapranav/mj_manipulation/mujoco_manipulation/install/armos_interfaces/include/armos_interfaces/armos_interfaces/srv/detail/armos_set_mode__builder.hpp
-- Up-to-date: /home/krishnapranav/mj_manipulation/mujoco_manipulation/install/armos_interfaces/include/armos_interfaces/armos_interfaces/srv/detail/armos_set_mode__type_support.hpp
-- Up-to-date: /home/krishnapranav/mj_manipulation/mujoco_manipulation/install/armos_interfaces/include/armos_interfaces/armos_interfaces/srv/detail/armos_set_mode__traits.hpp
-- Up-to-date: /home/krishnapranav/mj_manipulation/mujoco_manipulation/install/armos_interfaces/include/armos_interfaces/armos_interfaces
-- Up-to-date: /home/krishnapranav/mj_manipulation/mujoco_manipulation/install/armos_interfaces/include/armos_interfaces/armos_interfaces/msg
-- Up-to-date: /home/krishnapranav/mj_manipulation/mujoco_manipulation/install/armos_interfaces/include/armos_interfaces/armos_interfaces/msg/rosidl_typesupport_fastrtps_cpp__visibility_control.h
-- Up-to-date: /home/krishnapranav/mj_manipulation/mujoco_manipulation/install/armos_interfaces/include/armos_interfaces/armos_interfaces/msg/detail
-- Up-to-date: /home/krishnapranav/mj_manipulation/mujoco_manipulation/install/armos_interfaces/include/armos_interfaces/armos_interfaces/msg/detail/armos_joint_control__rosidl_typesupport_fastrtps_cpp.hpp
-- Up-to-date: /home/krishnapranav/mj_manipulation/mujoco_manipulation/install/armos_interfaces/include/armos_interfaces/armos_interfaces/msg/detail/armos_telemetry__rosidl_typesupport_fastrtps_cpp.hpp
-- Up-to-date: /home/krishnapranav/mj_manipulation/mujoco_manipulation/install/armos_interfaces/include/armos_interfaces/armos_interfaces/msg/detail/armos_cart_control__rosidl_typesupport_fastrtps_cpp.hpp
-- Up-to-date: /home/krishnapranav/mj_manipulation/mujoco_manipulation/install/armos_interfaces/include/armos_interfaces/armos_interfaces/msg/detail/dds_fastrtps
-- Up-to-date: /home/krishnapranav/mj_manipulation/mujoco_manipulation/install/armos_interfaces/include/armos_interfaces/armos_interfaces/srv
-- Up-to-date: /home/krishnapranav/mj_manipulation/mujoco_manipulation/install/armos_interfaces/include/armos_interfaces/armos_interfaces/srv/detail
-- Up-to-date: /home/krishnapranav/mj_manipulation/mujoco_manipulation/install/armos_interfaces/include/armos_interfaces/armos_interfaces/srv/detail/armos_set_mode__rosidl_typesupport_fastrtps_cpp.hpp
-- Up-to-date: /home/krishnapranav/mj_manipulation/mujoco_manipulation/install/armos_interfaces/include/armos_interfaces/armos_interfaces/srv/detail/dds_fastrtps
-- Up-to-date: /home/krishnapranav/mj_manipulation/mujoco_manipulation/install/armos_interfaces/lib/libarmos_interfaces__rosidl_typesupport_fastrtps_cpp.so
-- Up-to-date: /home/krishnapranav/mj_manipulation/mujoco_manipulation/install/armos_interfaces/include/armos_interfaces/armos_interfaces
-- Up-to-date: /home/krishnapranav/mj_manipulation/mujoco_manipulation/install/armos_interfaces/include/armos_interfaces/armos_interfaces/msg
-- Up-to-date: /home/krishnapranav/mj_manipulation/mujoco_manipulation/install/armos_interfaces/include/armos_interfaces/armos_interfaces/msg/detail
-- Up-to-date: /home/krishnapranav/mj_manipulation/mujoco_manipulation/install/armos_interfaces/include/armos_interfaces/armos_interfaces/msg/detail/armos_telemetry__rosidl_typesupport_introspection_cpp.hpp
-- Up-to-date: /home/krishnapranav/mj_manipulation/mujoco_manipulation/install/armos_interfaces/include/armos_interfaces/armos_interfaces/msg/detail/armos_telemetry__type_support.cpp
-- Up-to-date: /home/krishnapranav/mj_manipulation/mujoco_manipulation/install/armos_interfaces/include/armos_interfaces/armos_interfaces/msg/detail/armos_cart_control__type_support.cpp
-- Up-to-date: /home/krishnapranav/mj_manipulation/mujoco_manipulation/install/armos_interfaces/include/armos_interfaces/armos_interfaces/msg/detail/armos_joint_control__rosidl_typesupport_introspection_cpp.hpp
-- Up-to-date: /home/krishnapranav/mj_manipulation/mujoco_manipulation/install/armos_interfaces/include/armos_interfaces/armos_interfaces/msg/detail/armos_joint_control__type_support.cpp
-- Up-to-date: /home/krishnapranav/mj_manipulation/mujoco_manipulation/install/armos_interfaces/include/armos_interfaces/armos_interfaces/msg/detail/armos_cart_control__rosidl_typesupport_introspection_cpp.hpp
-- Up-to-date: /home/krishnapranav/mj_manipulation/mujoco_manipulation/install/armos_interfaces/include/armos_interfaces/armos_interfaces/srv
-- Up-to-date: /home/krishnapranav/mj_manipulation/mujoco_manipulation/install/armos_interfaces/include/armos_interfaces/armos_interfaces/srv/detail
-- Up-to-date: /home/krishnapranav/mj_manipulation/mujoco_manipulation/install/armos_interfaces/include/armos_interfaces/armos_interfaces/srv/detail/armos_set_mode__type_support.cpp
-- Up-to-date: /home/krishnapranav/mj_manipulation/mujoco_manipulation/install/armos_interfaces/include/armos_interfaces/armos_interfaces/srv/detail/armos_set_mode__rosidl_typesupport_introspection_cpp.hpp
-- Up-to-date: /home/krishnapranav/mj_manipulation/mujoco_manipulation/install/armos_interfaces/lib/libarmos_interfaces__rosidl_typesupport_introspection_cpp.so
-- Up-to-date: /home/krishnapranav/mj_manipulation/mujoco_manipulation/install/armos_interfaces/lib/libarmos_interfaces__rosidl_typesupport_cpp.so
-- Up-to-date: /home/krishnapranav/mj_manipulation/mujoco_manipulation/install/armos_interfaces/share/armos_interfaces/environment/pythonpath.sh
-- Up-to-date: /home/krishnapranav/mj_manipulation/mujoco_manipulation/install/armos_interfaces/share/armos_interfaces/environment/pythonpath.dsv
-- Up-to-date: /home/krishnapranav/mj_manipulation/mujoco_manipulation/install/armos_interfaces/lib/python3.10/site-packages/armos_interfaces-0.0.0-py3.10.egg-info
-- Installing: /home/krishnapranav/mj_manipulation/mujoco_manipulation/install/armos_interfaces/lib/python3.10/site-packages/armos_interfaces-0.0.0-py3.10.egg-info/PKG-INFO
-- Installing: /home/krishnapranav/mj_manipulation/mujoco_manipulation/install/armos_interfaces/lib/python3.10/site-packages/armos_interfaces-0.0.0-py3.10.egg-info/top_level.txt
-- Installing: /home/krishnapranav/mj_manipulation/mujoco_manipulation/install/armos_interfaces/lib/python3.10/site-packages/armos_interfaces-0.0.0-py3.10.egg-info/dependency_links.txt
-- Installing: /home/krishnapranav/mj_manipulation/mujoco_manipulation/install/armos_interfaces/lib/python3.10/site-packages/armos_interfaces-0.0.0-py3.10.egg-info/SOURCES.txt
-- Up-to-date: /home/krishnapranav/mj_manipulation/mujoco_manipulation/install/armos_interfaces/lib/python3.10/site-packages/armos_interfaces
-- Up-to-date: /home/krishnapranav/mj_manipulation/mujoco_manipulation/install/armos_interfaces/lib/python3.10/site-packages/armos_interfaces/armos_interfaces_s__rosidl_typesupport_introspection_c.cpython-310-x86_64-linux-gnu.so
-- Up-to-date: /home/krishnapranav/mj_manipulation/mujoco_manipulation/install/armos_interfaces/lib/python3.10/site-packages/armos_interfaces/_armos_interfaces_s.ep.rosidl_typesupport_fastrtps_c.c
-- Up-to-date: /home/krishnapranav/mj_manipulation/mujoco_manipulation/install/armos_interfaces/lib/python3.10/site-packages/armos_interfaces/libarmos_interfaces__rosidl_generator_py.so
-- Up-to-date: /home/krishnapranav/mj_manipulation/mujoco_manipulation/install/armos_interfaces/lib/python3.10/site-packages/armos_interfaces/_armos_interfaces_s.ep.rosidl_typesupport_introspection_c.c
-- Up-to-date: /home/krishnapranav/mj_manipulation/mujoco_manipulation/install/armos_interfaces/lib/python3.10/site-packages/armos_interfaces/armos_interfaces_s__rosidl_typesupport_fastrtps_c.cpython-310-x86_64-linux-gnu.so
-- Up-to-date: /home/krishnapranav/mj_manipulation/mujoco_manipulation/install/armos_interfaces/lib/python3.10/site-packages/armos_interfaces/__init__.py
-- Up-to-date: /home/krishnapranav/mj_manipulation/mujoco_manipulation/install/armos_interfaces/lib/python3.10/site-packages/armos_interfaces/armos_interfaces_s__rosidl_typesupport_c.cpython-310-x86_64-linux-gnu.so
-- Up-to-date: /home/krishnapranav/mj_manipulation/mujoco_manipulation/install/armos_interfaces/lib/python3.10/site-packages/armos_interfaces/_armos_interfaces_s.ep.rosidl_typesupport_c.c
-- Up-to-date: /home/krishnapranav/mj_manipulation/mujoco_manipulation/install/armos_interfaces/lib/python3.10/site-packages/armos_interfaces/msg
-- Up-to-date: /home/krishnapranav/mj_manipulation/mujoco_manipulation/install/armos_interfaces/lib/python3.10/site-packages/armos_interfaces/msg/_armos_joint_control.py
-- Up-to-date: /home/krishnapranav/mj_manipulation/mujoco_manipulation/install/armos_interfaces/lib/python3.10/site-packages/armos_interfaces/msg/_armos_telemetry.py
-- Up-to-date: /home/krishnapranav/mj_manipulation/mujoco_manipulation/install/armos_interfaces/lib/python3.10/site-packages/armos_interfaces/msg/_armos_cart_control.py
-- Up-to-date: /home/krishnapranav/mj_manipulation/mujoco_manipulation/install/armos_interfaces/lib/python3.10/site-packages/armos_interfaces/msg/_armos_cart_control_s.c
-- Up-to-date: /home/krishnapranav/mj_manipulation/mujoco_manipulation/install/armos_interfaces/lib/python3.10/site-packages/armos_interfaces/msg/__init__.py
-- Up-to-date: /home/krishnapranav/mj_manipulation/mujoco_manipulation/install/armos_interfaces/lib/python3.10/site-packages/armos_interfaces/msg/_armos_telemetry_s.c
-- Up-to-date: /home/krishnapranav/mj_manipulation/mujoco_manipulation/install/armos_interfaces/lib/python3.10/site-packages/armos_interfaces/msg/_armos_joint_control_s.c
-- Up-to-date: /home/krishnapranav/mj_manipulation/mujoco_manipulation/install/armos_interfaces/lib/python3.10/site-packages/armos_interfaces/srv
-- Up-to-date: /home/krishnapranav/mj_manipulation/mujoco_manipulation/install/armos_interfaces/lib/python3.10/site-packages/armos_interfaces/srv/__init__.py
-- Up-to-date: /home/krishnapranav/mj_manipulation/mujoco_manipulation/install/armos_interfaces/lib/python3.10/site-packages/armos_interfaces/srv/_armos_set_mode.py
-- Up-to-date: /home/krishnapranav/mj_manipulation/mujoco_manipulation/install/armos_interfaces/lib/python3.10/site-packages/armos_interfaces/srv/_armos_set_mode_s.c
Listing '/home/krishnapranav/mj_manipulation/mujoco_manipulation/install/armos_interfaces/lib/python3.10/site-packages/armos_interfaces'...
Listing '/home/krishnapranav/mj_manipulation/mujoco_manipulation/install/armos_interfaces/lib/python3.10/site-packages/armos_interfaces/msg'...
Listing '/home/krishnapranav/mj_manipulation/mujoco_manipulation/install/armos_interfaces/lib/python3.10/site-packages/armos_interfaces/srv'...
-- Up-to-date: /home/krishnapranav/mj_manipulation/mujoco_manipulation/install/armos_interfaces/lib/python3.10/site-packages/armos_interfaces/armos_interfaces_s__rosidl_typesupport_fastrtps_c.cpython-310-x86_64-linux-gnu.so
-- Up-to-date: /home/krishnapranav/mj_manipulation/mujoco_manipulation/install/armos_interfaces/lib/python3.10/site-packages/armos_interfaces/armos_interfaces_s__rosidl_typesupport_introspection_c.cpython-310-x86_64-linux-gnu.so
-- Up-to-date: /home/krishnapranav/mj_manipulation/mujoco_manipulation/install/armos_interfaces/lib/python3.10/site-packages/armos_interfaces/armos_interfaces_s__rosidl_typesupport_c.cpython-310-x86_64-linux-gnu.so
-- Up-to-date: /home/krishnapranav/mj_manipulation/mujoco_manipulation/install/armos_interfaces/lib/libarmos_interfaces__rosidl_generator_py.so
-- Up-to-date: /home/krishnapranav/mj_manipulation/mujoco_manipulation/install/armos_interfaces/share/armos_interfaces/msg/ArmosTelemetry.idl
-- Up-to-date: /home/krishnapranav/mj_manipulation/mujoco_manipulation/install/armos_interfaces/share/armos_interfaces/msg/ArmosJointControl.idl
-- Up-to-date: /home/krishnapranav/mj_manipulation/mujoco_manipulation/install/armos_interfaces/share/armos_interfaces/msg/ArmosCartControl.idl
-- Up-to-date: /home/krishnapranav/mj_manipulation/mujoco_manipulation/install/armos_interfaces/share/armos_interfaces/msg/ArmosTelemetry.msg
-- Up-to-date: /home/krishnapranav/mj_manipulation/mujoco_manipulation/install/armos_interfaces/share/armos_interfaces/msg/ArmosJointControl.msg
-- Up-to-date: /home/krishnapranav/mj_manipulation/mujoco_manipulation/install/armos_interfaces/share/armos_interfaces/msg/ArmosCartControl.msg
-- Up-to-date: /home/krishnapranav/mj_manipulation/mujoco_manipulation/install/armos_interfaces/share/ament_index/resource_index/package_run_dependencies/armos_interfaces
-- Up-to-date: /home/krishnapranav/mj_manipulation/mujoco_manipulation/install/armos_interfaces/share/ament_index/resource_index/parent_prefix_path/armos_interfaces
-- Up-to-date: /home/krishnapranav/mj_manipulation/mujoco_manipulation/install/armos_interfaces/share/armos_interfaces/environment/ament_prefix_path.sh
-- Up-to-date: /home/krishnapranav/mj_manipulation/mujoco_manipulation/install/armos_interfaces/share/armos_interfaces/environment/ament_prefix_path.dsv
-- Up-to-date: /home/krishnapranav/mj_manipulation/mujoco_manipulation/install/armos_interfaces/share/armos_interfaces/environment/path.sh
-- Up-to-date: /home/krishnapranav/mj_manipulation/mujoco_manipulation/install/armos_interfaces/share/armos_interfaces/environment/path.dsv
-- Up-to-date: /home/krishnapranav/mj_manipulation/mujoco_manipulation/install/armos_interfaces/share/armos_interfaces/local_setup.bash
-- Up-to-date: /home/krishnapranav/mj_manipulation/mujoco_manipulation/install/armos_interfaces/share/armos_interfaces/local_setup.sh
-- Up-to-date: /home/krishnapranav/mj_manipulation/mujoco_manipulation/install/armos_interfaces/share/armos_interfaces/local_setup.zsh
-- Up-to-date: /home/krishnapranav/mj_manipulation/mujoco_manipulation/install/armos_interfaces/share/armos_interfaces/local_setup.dsv
-- Installing: /home/krishnapranav/mj_manipulation/mujoco_manipulation/install/armos_interfaces/share/armos_interfaces/package.dsv
-- Up-to-date: /home/krishnapranav/mj_manipulation/mujoco_manipulation/install/armos_interfaces/share/ament_index/resource_index/packages/armos_interfaces
-- Up-to-date: /home/krishnapranav/mj_manipulation/mujoco_manipulation/install/armos_interfaces/share/armos_interfaces/cmake/export_armos_interfaces__rosidl_generator_cExport.cmake
-- Up-to-date: /home/krishnapranav/mj_manipulation/mujoco_manipulation/install/armos_interfaces/share/armos_interfaces/cmake/export_armos_interfaces__rosidl_generator_cExport-noconfig.cmake
-- Up-to-date: /home/krishnapranav/mj_manipulation/mujoco_manipulation/install/armos_interfaces/share/armos_interfaces/cmake/export_armos_interfaces__rosidl_typesupport_fastrtps_cExport.cmake
-- Up-to-date: /home/krishnapranav/mj_manipulation/mujoco_manipulation/install/armos_interfaces/share/armos_interfaces/cmake/export_armos_interfaces__rosidl_typesupport_fastrtps_cExport-noconfig.cmake
-- Up-to-date: /home/krishnapranav/mj_manipulation/mujoco_manipulation/install/armos_interfaces/share/armos_interfaces/cmake/armos_interfaces__rosidl_typesupport_introspection_cExport.cmake
-- Up-to-date: /home/krishnapranav/mj_manipulation/mujoco_manipulation/install/armos_interfaces/share/armos_interfaces/cmake/armos_interfaces__rosidl_typesupport_introspection_cExport-noconfig.cmake
-- Up-to-date: /home/krishnapranav/mj_manipulation/mujoco_manipulation/install/armos_interfaces/share/armos_interfaces/cmake/armos_interfaces__rosidl_typesupport_cExport.cmake
-- Up-to-date: /home/krishnapranav/mj_manipulation/mujoco_manipulation/install/armos_interfaces/share/armos_interfaces/cmake/armos_interfaces__rosidl_typesupport_cExport-noconfig.cmake
-- Up-to-date: /home/krishnapranav/mj_manipulation/mujoco_manipulation/install/armos_interfaces/share/armos_interfaces/cmake/export_armos_interfaces__rosidl_generator_cppExport.cmake
-- Up-to-date: /home/krishnapranav/mj_manipulation/mujoco_manipulation/install/armos_interfaces/share/armos_interfaces/cmake/export_armos_interfaces__rosidl_typesupport_fastrtps_cppExport.cmake
-- Up-to-date: /home/krishnapranav/mj_manipulation/mujoco_manipulation/install/armos_interfaces/share/armos_interfaces/cmake/export_armos_interfaces__rosidl_typesupport_fastrtps_cppExport-noconfig.cmake
-- Up-to-date: /home/krishnapranav/mj_manipulation/mujoco_manipulation/install/armos_interfaces/share/armos_interfaces/cmake/armos_interfaces__rosidl_typesupport_introspection_cppExport.cmake
-- Up-to-date: /home/krishnapranav/mj_manipulation/mujoco_manipulation/install/armos_interfaces/share/armos_interfaces/cmake/armos_interfaces__rosidl_typesupport_introspection_cppExport-noconfig.cmake
-- Up-to-date: /home/krishnapranav/mj_manipulation/mujoco_manipulation/install/armos_interfaces/share/armos_interfaces/cmake/armos_interfaces__rosidl_typesupport_cppExport.cmake
-- Up-to-date: /home/krishnapranav/mj_manipulation/mujoco_manipulation/install/armos_interfaces/share/armos_interfaces/cmake/armos_interfaces__rosidl_typesupport_cppExport-noconfig.cmake
-- Up-to-date: /home/krishnapranav/mj_manipulation/mujoco_manipulation/install/armos_interfaces/share/armos_interfaces/cmake/export_armos_interfaces__rosidl_generator_pyExport.cmake
-- Up-to-date: /home/krishnapranav/mj_manipulation/mujoco_manipulation/install/armos_interfaces/share/armos_interfaces/cmake/export_armos_interfaces__rosidl_generator_pyExport-noconfig.cmake
-- Up-to-date: /home/krishnapranav/mj_manipulation/mujoco_manipulation/install/armos_interfaces/share/armos_interfaces/cmake/rosidl_cmake-extras.cmake
-- Up-to-date: /home/krishnapranav/mj_manipulation/mujoco_manipulation/install/armos_interfaces/share/armos_interfaces/cmake/ament_cmake_export_include_directories-extras.cmake
-- Up-to-date: /home/krishnapranav/mj_manipulation/mujoco_manipulation/install/armos_interfaces/share/armos_interfaces/cmake/ament_cmake_export_libraries-extras.cmake
-- Up-to-date: /home/krishnapranav/mj_manipulation/mujoco_manipulation/install/armos_interfaces/share/armos_interfaces/cmake/ament_cmake_export_targets-extras.cmake
-- Up-to-date: /home/krishnapranav/mj_manipulation/mujoco_manipulation/install/armos_interfaces/share/armos_interfaces/cmake/rosidl_cmake_export_typesupport_targets-extras.cmake
-- Up-to-date: /home/krishnapranav/mj_manipulation/mujoco_manipulation/install/armos_interfaces/share/armos_interfaces/cmake/ament_cmake_export_dependencies-extras.cmake
-- Up-to-date: /home/krishnapranav/mj_manipulation/mujoco_manipulation/install/armos_interfaces/share/armos_interfaces/cmake/rosidl_cmake_export_typesupport_libraries-extras.cmake
-- Up-to-date: /home/krishnapranav/mj_manipulation/mujoco_manipulation/install/armos_interfaces/share/armos_interfaces/cmake/armos_interfacesConfig.cmake
-- Up-to-date: /home/krishnapranav/mj_manipulation/mujoco_manipulation/install/armos_interfaces/share/armos_interfaces/cmake/armos_interfacesConfig-version.cmake
-- Up-to-date: /home/krishnapranav/mj_manipulation/mujoco_manipulation/install/armos_interfaces/share/armos_interfaces/package.xml
