[0.015s] Invoking command in '/home/krishnapranav/mj_manipulation/mujoco_manipulation/build/armos_control': CMAKE_PREFIX_PATH=${CMAKE_PREFIX_PATH}:/opt/ros/humble PS1=(armos) \[\e]0;\u@\h: \w\a\]${debian_chroot:+($debian_chroot)}\[\033[01;32m\]\u@\h\[\033[00m\]:\[\033[01;34m\]\w\[\033[00m\]\$ VIRTUAL_ENV_PROMPT=(armos) /usr/bin/cmake --build /home/krishnapranav/mj_manipulation/mujoco_manipulation/build/armos_control -- -j12 -l12
[0.039s] Invoked command in '/home/krishnapranav/mj_manipulation/mujoco_manipulation/build/armos_control' returned '0': CMAKE_PREFIX_PATH=${CMAKE_PREFIX_PATH}:/opt/ros/humble PS1=(armos) \[\e]0;\u@\h: \w\a\]${debian_chroot:+($debian_chroot)}\[\033[01;32m\]\u@\h\[\033[00m\]:\[\033[01;34m\]\w\[\033[00m\]\$ VIRTUAL_ENV_PROMPT=(armos) /usr/bin/cmake --build /home/krishnapranav/mj_manipulation/mujoco_manipulation/build/armos_control -- -j12 -l12
[0.048s] Invoking command in '/home/krishnapranav/mj_manipulation/mujoco_manipulation/build/armos_control': CMAKE_PREFIX_PATH=${CMAKE_PREFIX_PATH}:/opt/ros/humble PS1=(armos) \[\e]0;\u@\h: \w\a\]${debian_chroot:+($debian_chroot)}\[\033[01;32m\]\u@\h\[\033[00m\]:\[\033[01;34m\]\w\[\033[00m\]\$ VIRTUAL_ENV_PROMPT=(armos) /usr/bin/cmake --install /home/krishnapranav/mj_manipulation/mujoco_manipulation/build/armos_control
[0.055s] -- Install configuration: ""
[0.055s] -- Up-to-date: /home/krishnapranav/mj_manipulation/mujoco_manipulation/install/armos_control/lib/armos_control/armos_ros_sim.py
[0.055s] -- Up-to-date: /home/krishnapranav/mj_manipulation/mujoco_manipulation/install/armos_control/share/armos_control/config
[0.055s] -- Up-to-date: /home/krishnapranav/mj_manipulation/mujoco_manipulation/install/armos_control/share/armos_control/config/franka.yaml
[0.055s] -- Installing: /home/krishnapranav/mj_manipulation/mujoco_manipulation/install/armos_control/share/armos_control/config/duman.yaml
[0.055s] -- Up-to-date: /home/krishnapranav/mj_manipulation/mujoco_manipulation/install/armos_control/share/armos_control/config/dual_franka.yaml
[0.055s] -- Up-to-date: /home/krishnapranav/mj_manipulation/mujoco_manipulation/install/armos_control/share/ament_index/resource_index/package_run_dependencies/armos_control
[0.055s] -- Up-to-date: /home/krishnapranav/mj_manipulation/mujoco_manipulation/install/armos_control/share/ament_index/resource_index/parent_prefix_path/armos_control
[0.055s] -- Up-to-date: /home/krishnapranav/mj_manipulation/mujoco_manipulation/install/armos_control/share/armos_control/environment/ament_prefix_path.sh
[0.056s] -- Up-to-date: /home/krishnapranav/mj_manipulation/mujoco_manipulation/install/armos_control/share/armos_control/environment/ament_prefix_path.dsv
[0.056s] -- Up-to-date: /home/krishnapranav/mj_manipulation/mujoco_manipulation/install/armos_control/share/armos_control/environment/path.sh
[0.056s] -- Up-to-date: /home/krishnapranav/mj_manipulation/mujoco_manipulation/install/armos_control/share/armos_control/environment/path.dsv
[0.056s] -- Up-to-date: /home/krishnapranav/mj_manipulation/mujoco_manipulation/install/armos_control/share/armos_control/local_setup.bash
[0.056s] -- Up-to-date: /home/krishnapranav/mj_manipulation/mujoco_manipulation/install/armos_control/share/armos_control/local_setup.sh
[0.056s] -- Up-to-date: /home/krishnapranav/mj_manipulation/mujoco_manipulation/install/armos_control/share/armos_control/local_setup.zsh
[0.056s] -- Up-to-date: /home/krishnapranav/mj_manipulation/mujoco_manipulation/install/armos_control/share/armos_control/local_setup.dsv
[0.056s] -- Installing: /home/krishnapranav/mj_manipulation/mujoco_manipulation/install/armos_control/share/armos_control/package.dsv
[0.056s] -- Up-to-date: /home/krishnapranav/mj_manipulation/mujoco_manipulation/install/armos_control/share/ament_index/resource_index/packages/armos_control
[0.057s] -- Up-to-date: /home/krishnapranav/mj_manipulation/mujoco_manipulation/install/armos_control/share/armos_control/cmake/armos_controlConfig.cmake
[0.057s] -- Up-to-date: /home/krishnapranav/mj_manipulation/mujoco_manipulation/install/armos_control/share/armos_control/cmake/armos_controlConfig-version.cmake
[0.057s] -- Up-to-date: /home/krishnapranav/mj_manipulation/mujoco_manipulation/install/armos_control/share/armos_control/package.xml
[0.059s] Invoked command in '/home/krishnapranav/mj_manipulation/mujoco_manipulation/build/armos_control' returned '0': CMAKE_PREFIX_PATH=${CMAKE_PREFIX_PATH}:/opt/ros/humble PS1=(armos) \[\e]0;\u@\h: \w\a\]${debian_chroot:+($debian_chroot)}\[\033[01;32m\]\u@\h\[\033[00m\]:\[\033[01;34m\]\w\[\033[00m\]\$ VIRTUAL_ENV_PROMPT=(armos) /usr/bin/cmake --install /home/krishnapranav/mj_manipulation/mujoco_manipulation/build/armos_control
