[0.010s] Invoking command in '/home/krishnapranav/mj_manipulation/mujoco_manipulation/build/armos_control': CMAKE_PREFIX_PATH=${CMAKE_PREFIX_PATH}:/opt/ros/humble PS1=(armos) \[\e]0;\u@\h: \w\a\]${debian_chroot:+($debian_chroot)}\[\033[01;32m\]\u@\h\[\033[00m\]:\[\033[01;34m\]\w\[\033[00m\]\$ VIRTUAL_ENV_PROMPT=(armos) /usr/bin/cmake /home/krishnapranav/mj_manipulation/mujoco_manipulation/armos_ros2/pkgs/armos_control -DCMAKE_INSTALL_PREFIX=/home/krishnapranav/mj_manipulation/mujoco_manipulation/install/armos_control
[0.141s] -- The C compiler identification is GNU 11.4.0
[0.206s] -- The CXX compiler identification is GNU 11.4.0
[0.219s] -- Detecting C compiler ABI info
[0.285s] -- Detecting C compiler ABI info - done
[0.295s] -- Check for working C compiler: /usr/bin/cc - skipped
[0.295s] -- Detecting C compile features
[0.296s] -- Detecting C compile features - done
[0.299s] -- Detecting CXX compiler ABI info
[0.365s] -- Detecting CXX compiler ABI info - done
[0.376s] -- Check for working CXX compiler: /usr/bin/c++ - skipped
[0.376s] -- Detecting CXX compile features
[0.376s] -- Detecting CXX compile features - done
[0.385s] -- Found ament_cmake: 1.3.11 (/opt/ros/humble/share/ament_cmake/cmake)
[0.682s] -- Found Python3: /home/krishnapranav/.venvs/armos/bin/python3 (found version "3.10.12") found components: Interpreter 
[0.850s] -- Configuring done
[0.851s] -- Generating done
[0.852s] -- Build files have been written to: /home/krishnapranav/mj_manipulation/mujoco_manipulation/build/armos_control
[0.855s] Invoked command in '/home/krishnapranav/mj_manipulation/mujoco_manipulation/build/armos_control' returned '0': CMAKE_PREFIX_PATH=${CMAKE_PREFIX_PATH}:/opt/ros/humble PS1=(armos) \[\e]0;\u@\h: \w\a\]${debian_chroot:+($debian_chroot)}\[\033[01;32m\]\u@\h\[\033[00m\]:\[\033[01;34m\]\w\[\033[00m\]\$ VIRTUAL_ENV_PROMPT=(armos) /usr/bin/cmake /home/krishnapranav/mj_manipulation/mujoco_manipulation/armos_ros2/pkgs/armos_control -DCMAKE_INSTALL_PREFIX=/home/krishnapranav/mj_manipulation/mujoco_manipulation/install/armos_control
[0.857s] Invoking command in '/home/krishnapranav/mj_manipulation/mujoco_manipulation/build/armos_control': CMAKE_PREFIX_PATH=${CMAKE_PREFIX_PATH}:/opt/ros/humble PS1=(armos) \[\e]0;\u@\h: \w\a\]${debian_chroot:+($debian_chroot)}\[\033[01;32m\]\u@\h\[\033[00m\]:\[\033[01;34m\]\w\[\033[00m\]\$ VIRTUAL_ENV_PROMPT=(armos) /usr/bin/cmake --build /home/krishnapranav/mj_manipulation/mujoco_manipulation/build/armos_control -- -j12 -l12
[0.876s] Invoked command in '/home/krishnapranav/mj_manipulation/mujoco_manipulation/build/armos_control' returned '0': CMAKE_PREFIX_PATH=${CMAKE_PREFIX_PATH}:/opt/ros/humble PS1=(armos) \[\e]0;\u@\h: \w\a\]${debian_chroot:+($debian_chroot)}\[\033[01;32m\]\u@\h\[\033[00m\]:\[\033[01;34m\]\w\[\033[00m\]\$ VIRTUAL_ENV_PROMPT=(armos) /usr/bin/cmake --build /home/krishnapranav/mj_manipulation/mujoco_manipulation/build/armos_control -- -j12 -l12
[0.881s] Invoking command in '/home/krishnapranav/mj_manipulation/mujoco_manipulation/build/armos_control': CMAKE_PREFIX_PATH=${CMAKE_PREFIX_PATH}:/opt/ros/humble PS1=(armos) \[\e]0;\u@\h: \w\a\]${debian_chroot:+($debian_chroot)}\[\033[01;32m\]\u@\h\[\033[00m\]:\[\033[01;34m\]\w\[\033[00m\]\$ VIRTUAL_ENV_PROMPT=(armos) /usr/bin/cmake --install /home/krishnapranav/mj_manipulation/mujoco_manipulation/build/armos_control
[0.884s] -- Install configuration: ""
[0.884s] -- Installing: /home/krishnapranav/mj_manipulation/mujoco_manipulation/install/armos_control/lib/armos_control/armos_ros_sim.py
[0.884s] -- Installing: /home/krishnapranav/mj_manipulation/mujoco_manipulation/install/armos_control/share/armos_control/config
[0.884s] -- Installing: /home/krishnapranav/mj_manipulation/mujoco_manipulation/install/armos_control/share/armos_control/config/franka.yaml
[0.885s] -- Installing: /home/krishnapranav/mj_manipulation/mujoco_manipulation/install/armos_control/share/armos_control/config/duman.yaml
[0.885s] -- Installing: /home/krishnapranav/mj_manipulation/mujoco_manipulation/install/armos_control/share/armos_control/config/dual_franka.yaml
[0.885s] -- Installing: /home/krishnapranav/mj_manipulation/mujoco_manipulation/install/armos_control/share/ament_index/resource_index/package_run_dependencies/armos_control
[0.885s] -- Installing: /home/krishnapranav/mj_manipulation/mujoco_manipulation/install/armos_control/share/ament_index/resource_index/parent_prefix_path/armos_control
[0.885s] -- Installing: /home/krishnapranav/mj_manipulation/mujoco_manipulation/install/armos_control/share/armos_control/environment/ament_prefix_path.sh
[0.886s] -- Installing: /home/krishnapranav/mj_manipulation/mujoco_manipulation/install/armos_control/share/armos_control/environment/ament_prefix_path.dsv
[0.886s] -- Installing: /home/krishnapranav/mj_manipulation/mujoco_manipulation/install/armos_control/share/armos_control/environment/path.sh
[0.886s] -- Installing: /home/krishnapranav/mj_manipulation/mujoco_manipulation/install/armos_control/share/armos_control/environment/path.dsv
[0.886s] -- Installing: /home/krishnapranav/mj_manipulation/mujoco_manipulation/install/armos_control/share/armos_control/local_setup.bash
[0.886s] -- Installing: /home/krishnapranav/mj_manipulation/mujoco_manipulation/install/armos_control/share/armos_control/local_setup.sh
[0.886s] -- Installing: /home/krishnapranav/mj_manipulation/mujoco_manipulation/install/armos_control/share/armos_control/local_setup.zsh
[0.886s] -- Installing: /home/krishnapranav/mj_manipulation/mujoco_manipulation/install/armos_control/share/armos_control/local_setup.dsv
[0.886s] -- Installing: /home/krishnapranav/mj_manipulation/mujoco_manipulation/install/armos_control/share/armos_control/package.dsv
[0.886s] -- Installing: /home/krishnapranav/mj_manipulation/mujoco_manipulation/install/armos_control/share/ament_index/resource_index/packages/armos_control
[0.886s] -- Installing: /home/krishnapranav/mj_manipulation/mujoco_manipulation/install/armos_control/share/armos_control/cmake/armos_controlConfig.cmake
[0.886s] -- Installing: /home/krishnapranav/mj_manipulation/mujoco_manipulation/install/armos_control/share/armos_control/cmake/armos_controlConfig-version.cmake
[0.887s] -- Installing: /home/krishnapranav/mj_manipulation/mujoco_manipulation/install/armos_control/share/armos_control/package.xml
[0.888s] Invoked command in '/home/krishnapranav/mj_manipulation/mujoco_manipulation/build/armos_control' returned '0': CMAKE_PREFIX_PATH=${CMAKE_PREFIX_PATH}:/opt/ros/humble PS1=(armos) \[\e]0;\u@\h: \w\a\]${debian_chroot:+($debian_chroot)}\[\033[01;32m\]\u@\h\[\033[00m\]:\[\033[01;34m\]\w\[\033[00m\]\$ VIRTUAL_ENV_PROMPT=(armos) /usr/bin/cmake --install /home/krishnapranav/mj_manipulation/mujoco_manipulation/build/armos_control
