-- The C compiler identification is GNU 11.4.0
-- The CXX compiler identification is GNU 11.4.0
-- Detecting C compiler ABI info
-- Detecting C compiler ABI info - done
-- Check for working C compiler: /usr/bin/cc - skipped
-- Detecting C compile features
-- Detecting C compile features - done
-- Detecting CXX compiler ABI info
-- Detecting CXX compiler ABI info - done
-- Check for working CXX compiler: /usr/bin/c++ - skipped
-- Detecting CXX compile features
-- Detecting CXX compile features - done
-- Found ament_cmake: 1.3.11 (/opt/ros/humble/share/ament_cmake/cmake)
-- Found Python3: /home/krishnapranav/.venvs/armos/bin/python3 (found version "3.10.12") found components: Interpreter 
-- Found rosidl_default_generators: 1.2.0 (/opt/ros/humble/share/rosidl_default_generators/cmake)
-- Using all available rosidl_typesupport_c: rosidl_typesupport_fastrtps_c;rosidl_typesupport_introspection_c
-- Found rosidl_adapter: 3.1.6 (/opt/ros/humble/share/rosidl_adapter/cmake)
-- Using all available rosidl_typesupport_cpp: rosidl_typesupport_fastrtps_cpp;rosidl_typesupport_introspection_cpp
-- Found ament_cmake_ros: 0.10.0 (/opt/ros/humble/share/ament_cmake_ros/cmake)
-- Using all available rosidl_typesupport_c: rosidl_typesupport_fastrtps_c;rosidl_typesupport_introspection_c
-- Using all available rosidl_typesupport_cpp: rosidl_typesupport_fastrtps_cpp;rosidl_typesupport_introspection_cpp
-- Found PythonInterp: /home/krishnapranav/.venvs/armos/bin/python3 (found suitable version "3.10.12", minimum required is "3.6") 
-- Found python_cmake_module: 0.10.0 (/opt/ros/humble/share/python_cmake_module/cmake)
-- Found PythonLibs: /usr/lib/x86_64-linux-gnu/libpython3.10.so (found suitable version "3.10.12", minimum required is "3.5") 
-- Using PYTHON_EXECUTABLE: /home/krishnapranav/.venvs/armos/bin/python3
-- Using PYTHON_INCLUDE_DIRS: /usr/include/python3.10
-- Using PYTHON_LIBRARIES: /usr/lib/x86_64-linux-gnu/libpython3.10.so
-- Found PythonExtra: .so  
-- Configuring done
-- Generating done
-- Build files have been written to: /home/krishnapranav/mj_manipulation/mujoco_manipulation/build/armos_interfaces
[  1%] [34m[1mGenerating C code for ROS interfaces[0m
[  3%] [34m[1mGenerating C++ code for ROS interfaces[0m
[  3%] Built target ament_cmake_python_copy_armos_interfaces
running egg_info
creating armos_interfaces.egg-info
writing armos_interfaces.egg-info/PKG-INFO
writing dependency_links to armos_interfaces.egg-info/dependency_links.txt
writing top-level names to armos_interfaces.egg-info/top_level.txt
writing manifest file 'armos_interfaces.egg-info/SOURCES.txt'
[  5%] [32mBuilding C object CMakeFiles/armos_interfaces__rosidl_generator_c.dir/rosidl_generator_c/armos_interfaces/msg/detail/armos_telemetry__functions.c.o[0m
[  7%] [32mBuilding C object CMakeFiles/armos_interfaces__rosidl_generator_c.dir/rosidl_generator_c/armos_interfaces/srv/detail/armos_set_mode__functions.c.o[0m
[  9%] [32mBuilding C object CMakeFiles/armos_interfaces__rosidl_generator_c.dir/rosidl_generator_c/armos_interfaces/msg/detail/armos_joint_control__functions.c.o[0m
[ 10%] [32mBuilding C object CMakeFiles/armos_interfaces__rosidl_generator_c.dir/rosidl_generator_c/armos_interfaces/msg/detail/armos_cart_control__functions.c.o[0m
reading manifest file 'armos_interfaces.egg-info/SOURCES.txt'
writing manifest file 'armos_interfaces.egg-info/SOURCES.txt'
[ 10%] Built target armos_interfaces__cpp
[ 12%] [34m[1mGenerating C++ type support for eProsima Fast-RTPS[0m
[ 14%] [34m[1mGenerating C++ introspection for ROS interfaces[0m
[ 16%] [34m[1mGenerating C++ type support dispatch for ROS interfaces[0m
[ 16%] Built target ament_cmake_python_build_armos_interfaces_egg
[ 18%] [32m[1mLinking C shared library libarmos_interfaces__rosidl_generator_c.so[0m
[ 18%] Built target armos_interfaces__rosidl_generator_c
[ 20%] [34m[1mGenerating C type support for eProsima Fast-RTPS[0m
[ 23%] [34m[1mGenerating C type support dispatch for ROS interfaces[0m
[ 23%] [34m[1mGenerating C introspection for ROS interfaces[0m
[ 25%] [32mBuilding CXX object CMakeFiles/armos_interfaces__rosidl_typesupport_introspection_cpp.dir/rosidl_typesupport_introspection_cpp/armos_interfaces/srv/detail/armos_set_mode__type_support.cpp.o[0m
[ 29%] [32mBuilding CXX object CMakeFiles/armos_interfaces__rosidl_typesupport_introspection_cpp.dir/rosidl_typesupport_introspection_cpp/armos_interfaces/msg/detail/armos_joint_control__type_support.cpp.o[0m
[ 30%] [32mBuilding CXX object CMakeFiles/armos_interfaces__rosidl_typesupport_introspection_cpp.dir/rosidl_typesupport_introspection_cpp/armos_interfaces/msg/detail/armos_cart_control__type_support.cpp.o[0m
[ 29%] [32mBuilding CXX object CMakeFiles/armos_interfaces__rosidl_typesupport_introspection_cpp.dir/rosidl_typesupport_introspection_cpp/armos_interfaces/msg/detail/armos_telemetry__type_support.cpp.o[0m
[ 32%] [32mBuilding CXX object CMakeFiles/armos_interfaces__rosidl_typesupport_cpp.dir/rosidl_typesupport_cpp/armos_interfaces/srv/armos_set_mode__type_support.cpp.o[0m
[ 34%] [32mBuilding CXX object CMakeFiles/armos_interfaces__rosidl_typesupport_cpp.dir/rosidl_typesupport_cpp/armos_interfaces/msg/armos_cart_control__type_support.cpp.o[0m
[ 36%] [32mBuilding CXX object CMakeFiles/armos_interfaces__rosidl_typesupport_cpp.dir/rosidl_typesupport_cpp/armos_interfaces/msg/armos_joint_control__type_support.cpp.o[0m
[ 38%] [32mBuilding CXX object CMakeFiles/armos_interfaces__rosidl_typesupport_cpp.dir/rosidl_typesupport_cpp/armos_interfaces/msg/armos_telemetry__type_support.cpp.o[0m
[ 40%] [32mBuilding CXX object CMakeFiles/armos_interfaces__rosidl_typesupport_c.dir/rosidl_typesupport_c/armos_interfaces/srv/armos_set_mode__type_support.cpp.o[0m
[ 41%] [32mBuilding CXX object CMakeFiles/armos_interfaces__rosidl_typesupport_fastrtps_cpp.dir/rosidl_typesupport_fastrtps_cpp/armos_interfaces/srv/detail/dds_fastrtps/armos_set_mode__type_support.cpp.o[0m
[ 43%] [32mBuilding CXX object CMakeFiles/armos_interfaces__rosidl_typesupport_fastrtps_c.dir/rosidl_typesupport_fastrtps_c/armos_interfaces/srv/detail/armos_set_mode__type_support_c.cpp.o[0m
[ 45%] [32mBuilding CXX object CMakeFiles/armos_interfaces__rosidl_typesupport_c.dir/rosidl_typesupport_c/armos_interfaces/msg/armos_telemetry__type_support.cpp.o[0m
[ 47%] [32mBuilding CXX object CMakeFiles/armos_interfaces__rosidl_typesupport_c.dir/rosidl_typesupport_c/armos_interfaces/msg/armos_joint_control__type_support.cpp.o[0m
[ 49%] [32mBuilding C object CMakeFiles/armos_interfaces__rosidl_typesupport_introspection_c.dir/rosidl_typesupport_introspection_c/armos_interfaces/srv/detail/armos_set_mode__type_support.c.o[0m
[ 50%] [32mBuilding CXX object CMakeFiles/armos_interfaces__rosidl_typesupport_c.dir/rosidl_typesupport_c/armos_interfaces/msg/armos_cart_control__type_support.cpp.o[0m
[ 52%] [32mBuilding C object CMakeFiles/armos_interfaces__rosidl_typesupport_introspection_c.dir/rosidl_typesupport_introspection_c/armos_interfaces/msg/detail/armos_telemetry__type_support.c.o[0m
[ 56%] [32mBuilding C object CMakeFiles/armos_interfaces__rosidl_typesupport_introspection_c.dir/rosidl_typesupport_introspection_c/armos_interfaces/msg/detail/armos_joint_control__type_support.c.o[0m
[ 56%] [32m[1mLinking CXX shared library libarmos_interfaces__rosidl_typesupport_c.so[0m
[ 58%] [32mBuilding C object CMakeFiles/armos_interfaces__rosidl_typesupport_introspection_c.dir/rosidl_typesupport_introspection_c/armos_interfaces/msg/detail/armos_cart_control__type_support.c.o[0m
[ 60%] [32mBuilding CXX object CMakeFiles/armos_interfaces__rosidl_typesupport_fastrtps_cpp.dir/rosidl_typesupport_fastrtps_cpp/armos_interfaces/msg/detail/dds_fastrtps/armos_telemetry__type_support.cpp.o[0m
[ 60%] Built target armos_interfaces__rosidl_typesupport_c
[ 61%] [32mBuilding CXX object CMakeFiles/armos_interfaces__rosidl_typesupport_fastrtps_cpp.dir/rosidl_typesupport_fastrtps_cpp/armos_interfaces/msg/detail/dds_fastrtps/armos_joint_control__type_support.cpp.o[0m
[ 63%] [32m[1mLinking C shared library libarmos_interfaces__rosidl_typesupport_introspection_c.so[0m
[ 65%] [32mBuilding CXX object CMakeFiles/armos_interfaces__rosidl_typesupport_fastrtps_c.dir/rosidl_typesupport_fastrtps_c/armos_interfaces/msg/detail/armos_telemetry__type_support_c.cpp.o[0m
[ 65%] Built target armos_interfaces__rosidl_typesupport_introspection_c
[ 67%] [32mBuilding CXX object CMakeFiles/armos_interfaces__rosidl_typesupport_fastrtps_c.dir/rosidl_typesupport_fastrtps_c/armos_interfaces/msg/detail/armos_joint_control__type_support_c.cpp.o[0m
[ 69%] [32mBuilding CXX object CMakeFiles/armos_interfaces__rosidl_typesupport_fastrtps_c.dir/rosidl_typesupport_fastrtps_c/armos_interfaces/msg/detail/armos_cart_control__type_support_c.cpp.o[0m
[ 70%] [32mBuilding CXX object CMakeFiles/armos_interfaces__rosidl_typesupport_fastrtps_cpp.dir/rosidl_typesupport_fastrtps_cpp/armos_interfaces/msg/detail/dds_fastrtps/armos_cart_control__type_support.cpp.o[0m
[ 72%] [32m[1mLinking CXX shared library libarmos_interfaces__rosidl_typesupport_cpp.so[0m
[ 72%] Built target armos_interfaces__rosidl_typesupport_cpp
[ 74%] [32m[1mLinking CXX shared library libarmos_interfaces__rosidl_typesupport_introspection_cpp.so[0m
[ 74%] Built target armos_interfaces__rosidl_typesupport_introspection_cpp
[ 76%] [32m[1mLinking CXX shared library libarmos_interfaces__rosidl_typesupport_fastrtps_c.so[0m
[ 78%] [32m[1mLinking CXX shared library libarmos_interfaces__rosidl_typesupport_fastrtps_cpp.so[0m
[ 78%] Built target armos_interfaces__rosidl_typesupport_fastrtps_c
[ 78%] Built target armos_interfaces__rosidl_typesupport_fastrtps_cpp
[ 78%] Built target armos_interfaces
[ 80%] [34m[1mGenerating Python code for ROS interfaces[0m
[ 80%] Built target armos_interfaces__py
[ 81%] [32mBuilding C object CMakeFiles/armos_interfaces__rosidl_generator_py.dir/rosidl_generator_py/armos_interfaces/srv/_armos_set_mode_s.c.o[0m
[ 83%] [32mBuilding C object CMakeFiles/armos_interfaces__rosidl_generator_py.dir/rosidl_generator_py/armos_interfaces/msg/_armos_telemetry_s.c.o[0m
[ 85%] [32mBuilding C object CMakeFiles/armos_interfaces__rosidl_generator_py.dir/rosidl_generator_py/armos_interfaces/msg/_armos_joint_control_s.c.o[0m
[ 87%] [32mBuilding C object CMakeFiles/armos_interfaces__rosidl_generator_py.dir/rosidl_generator_py/armos_interfaces/msg/_armos_cart_control_s.c.o[0m
[ 89%] [32m[1mLinking C shared library rosidl_generator_py/armos_interfaces/libarmos_interfaces__rosidl_generator_py.so[0m
[ 89%] Built target armos_interfaces__rosidl_generator_py
[ 90%] [32mBuilding C object CMakeFiles/armos_interfaces__rosidl_typesupport_fastrtps_c__pyext.dir/rosidl_generator_py/armos_interfaces/_armos_interfaces_s.ep.rosidl_typesupport_fastrtps_c.c.o[0m
[ 92%] [32mBuilding C object CMakeFiles/armos_interfaces__rosidl_typesupport_c__pyext.dir/rosidl_generator_py/armos_interfaces/_armos_interfaces_s.ep.rosidl_typesupport_c.c.o[0m
[ 94%] [32mBuilding C object CMakeFiles/armos_interfaces__rosidl_typesupport_introspection_c__pyext.dir/rosidl_generator_py/armos_interfaces/_armos_interfaces_s.ep.rosidl_typesupport_introspection_c.c.o[0m
[ 96%] [32m[1mLinking C shared library rosidl_generator_py/armos_interfaces/armos_interfaces_s__rosidl_typesupport_fastrtps_c.cpython-310-x86_64-linux-gnu.so[0m
[ 96%] Built target armos_interfaces__rosidl_typesupport_fastrtps_c__pyext
[ 98%] [32m[1mLinking C shared library rosidl_generator_py/armos_interfaces/armos_interfaces_s__rosidl_typesupport_c.cpython-310-x86_64-linux-gnu.so[0m
[100%] [32m[1mLinking C shared library rosidl_generator_py/armos_interfaces/armos_interfaces_s__rosidl_typesupport_introspection_c.cpython-310-x86_64-linux-gnu.so[0m
[100%] Built target armos_interfaces__rosidl_typesupport_c__pyext
[100%] Built target armos_interfaces__rosidl_typesupport_introspection_c__pyext
-- Install configuration: ""
-- Installing: /home/krishnapranav/mj_manipulation/mujoco_manipulation/install/armos_interfaces/share/ament_index/resource_index/rosidl_interfaces/armos_interfaces
-- Installing: /home/krishnapranav/mj_manipulation/mujoco_manipulation/install/armos_interfaces/include/armos_interfaces/armos_interfaces
-- Installing: /home/krishnapranav/mj_manipulation/mujoco_manipulation/install/armos_interfaces/include/armos_interfaces/armos_interfaces/msg
-- Installing: /home/krishnapranav/mj_manipulation/mujoco_manipulation/install/armos_interfaces/include/armos_interfaces/armos_interfaces/msg/detail
-- Installing: /home/krishnapranav/mj_manipulation/mujoco_manipulation/install/armos_interfaces/include/armos_interfaces/armos_interfaces/msg/detail/armos_telemetry__type_support.h
-- Installing: /home/krishnapranav/mj_manipulation/mujoco_manipulation/install/armos_interfaces/include/armos_interfaces/armos_interfaces/msg/detail/armos_telemetry__struct.h
-- Installing: /home/krishnapranav/mj_manipulation/mujoco_manipulation/install/armos_interfaces/include/armos_interfaces/armos_interfaces/msg/detail/armos_joint_control__functions.h
-- Installing: /home/krishnapranav/mj_manipulation/mujoco_manipulation/install/armos_interfaces/include/armos_interfaces/armos_interfaces/msg/detail/armos_joint_control__functions.c
-- Installing: /home/krishnapranav/mj_manipulation/mujoco_manipulation/install/armos_interfaces/include/armos_interfaces/armos_interfaces/msg/detail/armos_joint_control__struct.h
-- Installing: /home/krishnapranav/mj_manipulation/mujoco_manipulation/install/armos_interfaces/include/armos_interfaces/armos_interfaces/msg/detail/armos_cart_control__type_support.h
-- Installing: /home/krishnapranav/mj_manipulation/mujoco_manipulation/install/armos_interfaces/include/armos_interfaces/armos_interfaces/msg/detail/armos_telemetry__functions.c
-- Installing: /home/krishnapranav/mj_manipulation/mujoco_manipulation/install/armos_interfaces/include/armos_interfaces/armos_interfaces/msg/detail/armos_cart_control__functions.c
-- Installing: /home/krishnapranav/mj_manipulation/mujoco_manipulation/install/armos_interfaces/include/armos_interfaces/armos_interfaces/msg/detail/armos_telemetry__functions.h
-- Installing: /home/krishnapranav/mj_manipulation/mujoco_manipulation/install/armos_interfaces/include/armos_interfaces/armos_interfaces/msg/detail/armos_cart_control__functions.h
-- Installing: /home/krishnapranav/mj_manipulation/mujoco_manipulation/install/armos_interfaces/include/armos_interfaces/armos_interfaces/msg/detail/armos_joint_control__type_support.h
-- Installing: /home/krishnapranav/mj_manipulation/mujoco_manipulation/install/armos_interfaces/include/armos_interfaces/armos_interfaces/msg/detail/armos_cart_control__struct.h
-- Installing: /home/krishnapranav/mj_manipulation/mujoco_manipulation/install/armos_interfaces/include/armos_interfaces/armos_interfaces/msg/armos_telemetry.h
-- Installing: /home/krishnapranav/mj_manipulation/mujoco_manipulation/install/armos_interfaces/include/armos_interfaces/armos_interfaces/msg/armos_joint_control.h
-- Installing: /home/krishnapranav/mj_manipulation/mujoco_manipulation/install/armos_interfaces/include/armos_interfaces/armos_interfaces/msg/armos_cart_control.h
-- Installing: /home/krishnapranav/mj_manipulation/mujoco_manipulation/install/armos_interfaces/include/armos_interfaces/armos_interfaces/msg/rosidl_generator_c__visibility_control.h
-- Installing: /home/krishnapranav/mj_manipulation/mujoco_manipulation/install/armos_interfaces/include/armos_interfaces/armos_interfaces/srv
-- Installing: /home/krishnapranav/mj_manipulation/mujoco_manipulation/install/armos_interfaces/include/armos_interfaces/armos_interfaces/srv/armos_set_mode.h
-- Installing: /home/krishnapranav/mj_manipulation/mujoco_manipulation/install/armos_interfaces/include/armos_interfaces/armos_interfaces/srv/detail
-- Installing: /home/krishnapranav/mj_manipulation/mujoco_manipulation/install/armos_interfaces/include/armos_interfaces/armos_interfaces/srv/detail/armos_set_mode__functions.c
-- Installing: /home/krishnapranav/mj_manipulation/mujoco_manipulation/install/armos_interfaces/include/armos_interfaces/armos_interfaces/srv/detail/armos_set_mode__functions.h
-- Installing: /home/krishnapranav/mj_manipulation/mujoco_manipulation/install/armos_interfaces/include/armos_interfaces/armos_interfaces/srv/detail/armos_set_mode__struct.h
-- Installing: /home/krishnapranav/mj_manipulation/mujoco_manipulation/install/armos_interfaces/include/armos_interfaces/armos_interfaces/srv/detail/armos_set_mode__type_support.h
-- Installing: /home/krishnapranav/mj_manipulation/mujoco_manipulation/install/armos_interfaces/share/armos_interfaces/environment/library_path.sh
-- Installing: /home/krishnapranav/mj_manipulation/mujoco_manipulation/install/armos_interfaces/share/armos_interfaces/environment/library_path.dsv
-- Installing: /home/krishnapranav/mj_manipulation/mujoco_manipulation/install/armos_interfaces/lib/libarmos_interfaces__rosidl_generator_c.so
-- Set runtime path of "/home/krishnapranav/mj_manipulation/mujoco_manipulation/install/armos_interfaces/lib/libarmos_interfaces__rosidl_generator_c.so" to ""
-- Up-to-date: /home/krishnapranav/mj_manipulation/mujoco_manipulation/install/armos_interfaces/include/armos_interfaces/armos_interfaces
-- Up-to-date: /home/krishnapranav/mj_manipulation/mujoco_manipulation/install/armos_interfaces/include/armos_interfaces/armos_interfaces/msg
-- Up-to-date: /home/krishnapranav/mj_manipulation/mujoco_manipulation/install/armos_interfaces/include/armos_interfaces/armos_interfaces/msg/detail
-- Installing: /home/krishnapranav/mj_manipulation/mujoco_manipulation/install/armos_interfaces/include/armos_interfaces/armos_interfaces/msg/detail/armos_cart_control__rosidl_typesupport_fastrtps_c.h
-- Installing: /home/krishnapranav/mj_manipulation/mujoco_manipulation/install/armos_interfaces/include/armos_interfaces/armos_interfaces/msg/detail/armos_joint_control__rosidl_typesupport_fastrtps_c.h
-- Installing: /home/krishnapranav/mj_manipulation/mujoco_manipulation/install/armos_interfaces/include/armos_interfaces/armos_interfaces/msg/detail/armos_telemetry__rosidl_typesupport_fastrtps_c.h
-- Installing: /home/krishnapranav/mj_manipulation/mujoco_manipulation/install/armos_interfaces/include/armos_interfaces/armos_interfaces/msg/rosidl_typesupport_fastrtps_c__visibility_control.h
-- Up-to-date: /home/krishnapranav/mj_manipulation/mujoco_manipulation/install/armos_interfaces/include/armos_interfaces/armos_interfaces/srv
-- Up-to-date: /home/krishnapranav/mj_manipulation/mujoco_manipulation/install/armos_interfaces/include/armos_interfaces/armos_interfaces/srv/detail
-- Installing: /home/krishnapranav/mj_manipulation/mujoco_manipulation/install/armos_interfaces/include/armos_interfaces/armos_interfaces/srv/detail/armos_set_mode__rosidl_typesupport_fastrtps_c.h
-- Installing: /home/krishnapranav/mj_manipulation/mujoco_manipulation/install/armos_interfaces/lib/libarmos_interfaces__rosidl_typesupport_fastrtps_c.so
-- Set runtime path of "/home/krishnapranav/mj_manipulation/mujoco_manipulation/install/armos_interfaces/lib/libarmos_interfaces__rosidl_typesupport_fastrtps_c.so" to ""
-- Up-to-date: /home/krishnapranav/mj_manipulation/mujoco_manipulation/install/armos_interfaces/include/armos_interfaces/armos_interfaces
-- Up-to-date: /home/krishnapranav/mj_manipulation/mujoco_manipulation/install/armos_interfaces/include/armos_interfaces/armos_interfaces/msg
-- Installing: /home/krishnapranav/mj_manipulation/mujoco_manipulation/install/armos_interfaces/include/armos_interfaces/armos_interfaces/msg/rosidl_typesupport_introspection_c__visibility_control.h
-- Up-to-date: /home/krishnapranav/mj_manipulation/mujoco_manipulation/install/armos_interfaces/include/armos_interfaces/armos_interfaces/msg/detail
-- Installing: /home/krishnapranav/mj_manipulation/mujoco_manipulation/install/armos_interfaces/include/armos_interfaces/armos_interfaces/msg/detail/armos_cart_control__rosidl_typesupport_introspection_c.h
-- Installing: /home/krishnapranav/mj_manipulation/mujoco_manipulation/install/armos_interfaces/include/armos_interfaces/armos_interfaces/msg/detail/armos_telemetry__rosidl_typesupport_introspection_c.h
-- Installing: /home/krishnapranav/mj_manipulation/mujoco_manipulation/install/armos_interfaces/include/armos_interfaces/armos_interfaces/msg/detail/armos_telemetry__type_support.c
-- Installing: /home/krishnapranav/mj_manipulation/mujoco_manipulation/install/armos_interfaces/include/armos_interfaces/armos_interfaces/msg/detail/armos_cart_control__type_support.c
-- Installing: /home/krishnapranav/mj_manipulation/mujoco_manipulation/install/armos_interfaces/include/armos_interfaces/armos_interfaces/msg/detail/armos_joint_control__type_support.c
-- Installing: /home/krishnapranav/mj_manipulation/mujoco_manipulation/install/armos_interfaces/include/armos_interfaces/armos_interfaces/msg/detail/armos_joint_control__rosidl_typesupport_introspection_c.h
-- Up-to-date: /home/krishnapranav/mj_manipulation/mujoco_manipulation/install/armos_interfaces/include/armos_interfaces/armos_interfaces/srv
-- Up-to-date: /home/krishnapranav/mj_manipulation/mujoco_manipulation/install/armos_interfaces/include/armos_interfaces/armos_interfaces/srv/detail
-- Installing: /home/krishnapranav/mj_manipulation/mujoco_manipulation/install/armos_interfaces/include/armos_interfaces/armos_interfaces/srv/detail/armos_set_mode__type_support.c
-- Installing: /home/krishnapranav/mj_manipulation/mujoco_manipulation/install/armos_interfaces/include/armos_interfaces/armos_interfaces/srv/detail/armos_set_mode__rosidl_typesupport_introspection_c.h
-- Installing: /home/krishnapranav/mj_manipulation/mujoco_manipulation/install/armos_interfaces/lib/libarmos_interfaces__rosidl_typesupport_introspection_c.so
-- Set runtime path of "/home/krishnapranav/mj_manipulation/mujoco_manipulation/install/armos_interfaces/lib/libarmos_interfaces__rosidl_typesupport_introspection_c.so" to ""
-- Installing: /home/krishnapranav/mj_manipulation/mujoco_manipulation/install/armos_interfaces/lib/libarmos_interfaces__rosidl_typesupport_c.so
-- Set runtime path of "/home/krishnapranav/mj_manipulation/mujoco_manipulation/install/armos_interfaces/lib/libarmos_interfaces__rosidl_typesupport_c.so" to ""
-- Up-to-date: /home/krishnapranav/mj_manipulation/mujoco_manipulation/install/armos_interfaces/include/armos_interfaces/armos_interfaces
-- Up-to-date: /home/krishnapranav/mj_manipulation/mujoco_manipulation/install/armos_interfaces/include/armos_interfaces/armos_interfaces/msg
-- Installing: /home/krishnapranav/mj_manipulation/mujoco_manipulation/install/armos_interfaces/include/armos_interfaces/armos_interfaces/msg/rosidl_generator_cpp__visibility_control.hpp
-- Installing: /home/krishnapranav/mj_manipulation/mujoco_manipulation/install/armos_interfaces/include/armos_interfaces/armos_interfaces/msg/armos_cart_control.hpp
-- Up-to-date: /home/krishnapranav/mj_manipulation/mujoco_manipulation/install/armos_interfaces/include/armos_interfaces/armos_interfaces/msg/detail
-- Installing: /home/krishnapranav/mj_manipulation/mujoco_manipulation/install/armos_interfaces/include/armos_interfaces/armos_interfaces/msg/detail/armos_cart_control__builder.hpp
-- Installing: /home/krishnapranav/mj_manipulation/mujoco_manipulation/install/armos_interfaces/include/armos_interfaces/armos_interfaces/msg/detail/armos_joint_control__type_support.hpp
-- Installing: /home/krishnapranav/mj_manipulation/mujoco_manipulation/install/armos_interfaces/include/armos_interfaces/armos_interfaces/msg/detail/armos_cart_control__traits.hpp
-- Installing: /home/krishnapranav/mj_manipulation/mujoco_manipulation/install/armos_interfaces/include/armos_interfaces/armos_interfaces/msg/detail/armos_joint_control__struct.hpp
-- Installing: /home/krishnapranav/mj_manipulation/mujoco_manipulation/install/armos_interfaces/include/armos_interfaces/armos_interfaces/msg/detail/armos_telemetry__traits.hpp
-- Installing: /home/krishnapranav/mj_manipulation/mujoco_manipulation/install/armos_interfaces/include/armos_interfaces/armos_interfaces/msg/detail/armos_joint_control__builder.hpp
-- Installing: /home/krishnapranav/mj_manipulation/mujoco_manipulation/install/armos_interfaces/include/armos_interfaces/armos_interfaces/msg/detail/armos_telemetry__type_support.hpp
-- Installing: /home/krishnapranav/mj_manipulation/mujoco_manipulation/install/armos_interfaces/include/armos_interfaces/armos_interfaces/msg/detail/armos_telemetry__builder.hpp
-- Installing: /home/krishnapranav/mj_manipulation/mujoco_manipulation/install/armos_interfaces/include/armos_interfaces/armos_interfaces/msg/detail/armos_joint_control__traits.hpp
-- Installing: /home/krishnapranav/mj_manipulation/mujoco_manipulation/install/armos_interfaces/include/armos_interfaces/armos_interfaces/msg/detail/armos_cart_control__type_support.hpp
-- Installing: /home/krishnapranav/mj_manipulation/mujoco_manipulation/install/armos_interfaces/include/armos_interfaces/armos_interfaces/msg/detail/armos_telemetry__struct.hpp
-- Installing: /home/krishnapranav/mj_manipulation/mujoco_manipulation/install/armos_interfaces/include/armos_interfaces/armos_interfaces/msg/detail/armos_cart_control__struct.hpp
-- Installing: /home/krishnapranav/mj_manipulation/mujoco_manipulation/install/armos_interfaces/include/armos_interfaces/armos_interfaces/msg/armos_telemetry.hpp
-- Installing: /home/krishnapranav/mj_manipulation/mujoco_manipulation/install/armos_interfaces/include/armos_interfaces/armos_interfaces/msg/armos_joint_control.hpp
-- Up-to-date: /home/krishnapranav/mj_manipulation/mujoco_manipulation/install/armos_interfaces/include/armos_interfaces/armos_interfaces/srv
-- Installing: /home/krishnapranav/mj_manipulation/mujoco_manipulation/install/armos_interfaces/include/armos_interfaces/armos_interfaces/srv/armos_set_mode.hpp
-- Up-to-date: /home/krishnapranav/mj_manipulation/mujoco_manipulation/install/armos_interfaces/include/armos_interfaces/armos_interfaces/srv/detail
-- Installing: /home/krishnapranav/mj_manipulation/mujoco_manipulation/install/armos_interfaces/include/armos_interfaces/armos_interfaces/srv/detail/armos_set_mode__struct.hpp
-- Installing: /home/krishnapranav/mj_manipulation/mujoco_manipulation/install/armos_interfaces/include/armos_interfaces/armos_interfaces/srv/detail/armos_set_mode__builder.hpp
-- Installing: /home/krishnapranav/mj_manipulation/mujoco_manipulation/install/armos_interfaces/include/armos_interfaces/armos_interfaces/srv/detail/armos_set_mode__type_support.hpp
-- Installing: /home/krishnapranav/mj_manipulation/mujoco_manipulation/install/armos_interfaces/include/armos_interfaces/armos_interfaces/srv/detail/armos_set_mode__traits.hpp
-- Up-to-date: /home/krishnapranav/mj_manipulation/mujoco_manipulation/install/armos_interfaces/include/armos_interfaces/armos_interfaces
-- Up-to-date: /home/krishnapranav/mj_manipulation/mujoco_manipulation/install/armos_interfaces/include/armos_interfaces/armos_interfaces/msg
-- Installing: /home/krishnapranav/mj_manipulation/mujoco_manipulation/install/armos_interfaces/include/armos_interfaces/armos_interfaces/msg/rosidl_typesupport_fastrtps_cpp__visibility_control.h
-- Up-to-date: /home/krishnapranav/mj_manipulation/mujoco_manipulation/install/armos_interfaces/include/armos_interfaces/armos_interfaces/msg/detail
-- Installing: /home/krishnapranav/mj_manipulation/mujoco_manipulation/install/armos_interfaces/include/armos_interfaces/armos_interfaces/msg/detail/armos_joint_control__rosidl_typesupport_fastrtps_cpp.hpp
-- Installing: /home/krishnapranav/mj_manipulation/mujoco_manipulation/install/armos_interfaces/include/armos_interfaces/armos_interfaces/msg/detail/armos_telemetry__rosidl_typesupport_fastrtps_cpp.hpp
-- Installing: /home/krishnapranav/mj_manipulation/mujoco_manipulation/install/armos_interfaces/include/armos_interfaces/armos_interfaces/msg/detail/armos_cart_control__rosidl_typesupport_fastrtps_cpp.hpp
-- Installing: /home/krishnapranav/mj_manipulation/mujoco_manipulation/install/armos_interfaces/include/armos_interfaces/armos_interfaces/msg/detail/dds_fastrtps
-- Up-to-date: /home/krishnapranav/mj_manipulation/mujoco_manipulation/install/armos_interfaces/include/armos_interfaces/armos_interfaces/srv
-- Up-to-date: /home/krishnapranav/mj_manipulation/mujoco_manipulation/install/armos_interfaces/include/armos_interfaces/armos_interfaces/srv/detail
-- Installing: /home/krishnapranav/mj_manipulation/mujoco_manipulation/install/armos_interfaces/include/armos_interfaces/armos_interfaces/srv/detail/armos_set_mode__rosidl_typesupport_fastrtps_cpp.hpp
-- Installing: /home/krishnapranav/mj_manipulation/mujoco_manipulation/install/armos_interfaces/include/armos_interfaces/armos_interfaces/srv/detail/dds_fastrtps
-- Installing: /home/krishnapranav/mj_manipulation/mujoco_manipulation/install/armos_interfaces/lib/libarmos_interfaces__rosidl_typesupport_fastrtps_cpp.so
-- Set runtime path of "/home/krishnapranav/mj_manipulation/mujoco_manipulation/install/armos_interfaces/lib/libarmos_interfaces__rosidl_typesupport_fastrtps_cpp.so" to ""
-- Up-to-date: /home/krishnapranav/mj_manipulation/mujoco_manipulation/install/armos_interfaces/include/armos_interfaces/armos_interfaces
-- Up-to-date: /home/krishnapranav/mj_manipulation/mujoco_manipulation/install/armos_interfaces/include/armos_interfaces/armos_interfaces/msg
-- Up-to-date: /home/krishnapranav/mj_manipulation/mujoco_manipulation/install/armos_interfaces/include/armos_interfaces/armos_interfaces/msg/detail
-- Installing: /home/krishnapranav/mj_manipulation/mujoco_manipulation/install/armos_interfaces/include/armos_interfaces/armos_interfaces/msg/detail/armos_telemetry__rosidl_typesupport_introspection_cpp.hpp
-- Installing: /home/krishnapranav/mj_manipulation/mujoco_manipulation/install/armos_interfaces/include/armos_interfaces/armos_interfaces/msg/detail/armos_telemetry__type_support.cpp
-- Installing: /home/krishnapranav/mj_manipulation/mujoco_manipulation/install/armos_interfaces/include/armos_interfaces/armos_interfaces/msg/detail/armos_cart_control__type_support.cpp
-- Installing: /home/krishnapranav/mj_manipulation/mujoco_manipulation/install/armos_interfaces/include/armos_interfaces/armos_interfaces/msg/detail/armos_joint_control__rosidl_typesupport_introspection_cpp.hpp
-- Installing: /home/krishnapranav/mj_manipulation/mujoco_manipulation/install/armos_interfaces/include/armos_interfaces/armos_interfaces/msg/detail/armos_joint_control__type_support.cpp
-- Installing: /home/krishnapranav/mj_manipulation/mujoco_manipulation/install/armos_interfaces/include/armos_interfaces/armos_interfaces/msg/detail/armos_cart_control__rosidl_typesupport_introspection_cpp.hpp
-- Up-to-date: /home/krishnapranav/mj_manipulation/mujoco_manipulation/install/armos_interfaces/include/armos_interfaces/armos_interfaces/srv
-- Up-to-date: /home/krishnapranav/mj_manipulation/mujoco_manipulation/install/armos_interfaces/include/armos_interfaces/armos_interfaces/srv/detail
-- Installing: /home/krishnapranav/mj_manipulation/mujoco_manipulation/install/armos_interfaces/include/armos_interfaces/armos_interfaces/srv/detail/armos_set_mode__type_support.cpp
-- Installing: /home/krishnapranav/mj_manipulation/mujoco_manipulation/install/armos_interfaces/include/armos_interfaces/armos_interfaces/srv/detail/armos_set_mode__rosidl_typesupport_introspection_cpp.hpp
-- Installing: /home/krishnapranav/mj_manipulation/mujoco_manipulation/install/armos_interfaces/lib/libarmos_interfaces__rosidl_typesupport_introspection_cpp.so
-- Set runtime path of "/home/krishnapranav/mj_manipulation/mujoco_manipulation/install/armos_interfaces/lib/libarmos_interfaces__rosidl_typesupport_introspection_cpp.so" to ""
-- Installing: /home/krishnapranav/mj_manipulation/mujoco_manipulation/install/armos_interfaces/lib/libarmos_interfaces__rosidl_typesupport_cpp.so
-- Set runtime path of "/home/krishnapranav/mj_manipulation/mujoco_manipulation/install/armos_interfaces/lib/libarmos_interfaces__rosidl_typesupport_cpp.so" to ""
-- Installing: /home/krishnapranav/mj_manipulation/mujoco_manipulation/install/armos_interfaces/share/armos_interfaces/environment/pythonpath.sh
-- Installing: /home/krishnapranav/mj_manipulation/mujoco_manipulation/install/armos_interfaces/share/armos_interfaces/environment/pythonpath.dsv
-- Installing: /home/krishnapranav/mj_manipulation/mujoco_manipulation/install/armos_interfaces/lib/python3.10/site-packages/armos_interfaces-0.0.0-py3.10.egg-info
-- Installing: /home/krishnapranav/mj_manipulation/mujoco_manipulation/install/armos_interfaces/lib/python3.10/site-packages/armos_interfaces-0.0.0-py3.10.egg-info/PKG-INFO
-- Installing: /home/krishnapranav/mj_manipulation/mujoco_manipulation/install/armos_interfaces/lib/python3.10/site-packages/armos_interfaces-0.0.0-py3.10.egg-info/top_level.txt
-- Installing: /home/krishnapranav/mj_manipulation/mujoco_manipulation/install/armos_interfaces/lib/python3.10/site-packages/armos_interfaces-0.0.0-py3.10.egg-info/dependency_links.txt
-- Installing: /home/krishnapranav/mj_manipulation/mujoco_manipulation/install/armos_interfaces/lib/python3.10/site-packages/armos_interfaces-0.0.0-py3.10.egg-info/SOURCES.txt
-- Installing: /home/krishnapranav/mj_manipulation/mujoco_manipulation/install/armos_interfaces/lib/python3.10/site-packages/armos_interfaces
-- Installing: /home/krishnapranav/mj_manipulation/mujoco_manipulation/install/armos_interfaces/lib/python3.10/site-packages/armos_interfaces/armos_interfaces_s__rosidl_typesupport_introspection_c.cpython-310-x86_64-linux-gnu.so
-- Installing: /home/krishnapranav/mj_manipulation/mujoco_manipulation/install/armos_interfaces/lib/python3.10/site-packages/armos_interfaces/_armos_interfaces_s.ep.rosidl_typesupport_fastrtps_c.c
-- Installing: /home/krishnapranav/mj_manipulation/mujoco_manipulation/install/armos_interfaces/lib/python3.10/site-packages/armos_interfaces/libarmos_interfaces__rosidl_generator_py.so
-- Installing: /home/krishnapranav/mj_manipulation/mujoco_manipulation/install/armos_interfaces/lib/python3.10/site-packages/armos_interfaces/_armos_interfaces_s.ep.rosidl_typesupport_introspection_c.c
-- Installing: /home/krishnapranav/mj_manipulation/mujoco_manipulation/install/armos_interfaces/lib/python3.10/site-packages/armos_interfaces/armos_interfaces_s__rosidl_typesupport_fastrtps_c.cpython-310-x86_64-linux-gnu.so
-- Installing: /home/krishnapranav/mj_manipulation/mujoco_manipulation/install/armos_interfaces/lib/python3.10/site-packages/armos_interfaces/__init__.py
-- Installing: /home/krishnapranav/mj_manipulation/mujoco_manipulation/install/armos_interfaces/lib/python3.10/site-packages/armos_interfaces/armos_interfaces_s__rosidl_typesupport_c.cpython-310-x86_64-linux-gnu.so
-- Installing: /home/krishnapranav/mj_manipulation/mujoco_manipulation/install/armos_interfaces/lib/python3.10/site-packages/armos_interfaces/_armos_interfaces_s.ep.rosidl_typesupport_c.c
-- Installing: /home/krishnapranav/mj_manipulation/mujoco_manipulation/install/armos_interfaces/lib/python3.10/site-packages/armos_interfaces/msg
-- Installing: /home/krishnapranav/mj_manipulation/mujoco_manipulation/install/armos_interfaces/lib/python3.10/site-packages/armos_interfaces/msg/_armos_joint_control.py
-- Installing: /home/krishnapranav/mj_manipulation/mujoco_manipulation/install/armos_interfaces/lib/python3.10/site-packages/armos_interfaces/msg/_armos_telemetry.py
-- Installing: /home/krishnapranav/mj_manipulation/mujoco_manipulation/install/armos_interfaces/lib/python3.10/site-packages/armos_interfaces/msg/_armos_cart_control.py
-- Installing: /home/krishnapranav/mj_manipulation/mujoco_manipulation/install/armos_interfaces/lib/python3.10/site-packages/armos_interfaces/msg/_armos_cart_control_s.c
-- Installing: /home/krishnapranav/mj_manipulation/mujoco_manipulation/install/armos_interfaces/lib/python3.10/site-packages/armos_interfaces/msg/__init__.py
-- Installing: /home/krishnapranav/mj_manipulation/mujoco_manipulation/install/armos_interfaces/lib/python3.10/site-packages/armos_interfaces/msg/_armos_telemetry_s.c
-- Installing: /home/krishnapranav/mj_manipulation/mujoco_manipulation/install/armos_interfaces/lib/python3.10/site-packages/armos_interfaces/msg/_armos_joint_control_s.c
-- Installing: /home/krishnapranav/mj_manipulation/mujoco_manipulation/install/armos_interfaces/lib/python3.10/site-packages/armos_interfaces/srv
-- Installing: /home/krishnapranav/mj_manipulation/mujoco_manipulation/install/armos_interfaces/lib/python3.10/site-packages/armos_interfaces/srv/__init__.py
-- Installing: /home/krishnapranav/mj_manipulation/mujoco_manipulation/install/armos_interfaces/lib/python3.10/site-packages/armos_interfaces/srv/_armos_set_mode.py
-- Installing: /home/krishnapranav/mj_manipulation/mujoco_manipulation/install/armos_interfaces/lib/python3.10/site-packages/armos_interfaces/srv/_armos_set_mode_s.c
Listing '/home/krishnapranav/mj_manipulation/mujoco_manipulation/install/armos_interfaces/lib/python3.10/site-packages/armos_interfaces'...
Compiling '/home/krishnapranav/mj_manipulation/mujoco_manipulation/install/armos_interfaces/lib/python3.10/site-packages/armos_interfaces/__init__.py'...
Listing '/home/krishnapranav/mj_manipulation/mujoco_manipulation/install/armos_interfaces/lib/python3.10/site-packages/armos_interfaces/msg'...
Compiling '/home/krishnapranav/mj_manipulation/mujoco_manipulation/install/armos_interfaces/lib/python3.10/site-packages/armos_interfaces/msg/__init__.py'...
Compiling '/home/krishnapranav/mj_manipulation/mujoco_manipulation/install/armos_interfaces/lib/python3.10/site-packages/armos_interfaces/msg/_armos_cart_control.py'...
Compiling '/home/krishnapranav/mj_manipulation/mujoco_manipulation/install/armos_interfaces/lib/python3.10/site-packages/armos_interfaces/msg/_armos_joint_control.py'...
Compiling '/home/krishnapranav/mj_manipulation/mujoco_manipulation/install/armos_interfaces/lib/python3.10/site-packages/armos_interfaces/msg/_armos_telemetry.py'...
Listing '/home/krishnapranav/mj_manipulation/mujoco_manipulation/install/armos_interfaces/lib/python3.10/site-packages/armos_interfaces/srv'...
Compiling '/home/krishnapranav/mj_manipulation/mujoco_manipulation/install/armos_interfaces/lib/python3.10/site-packages/armos_interfaces/srv/__init__.py'...
Compiling '/home/krishnapranav/mj_manipulation/mujoco_manipulation/install/armos_interfaces/lib/python3.10/site-packages/armos_interfaces/srv/_armos_set_mode.py'...
-- Installing: /home/krishnapranav/mj_manipulation/mujoco_manipulation/install/armos_interfaces/lib/python3.10/site-packages/armos_interfaces/armos_interfaces_s__rosidl_typesupport_fastrtps_c.cpython-310-x86_64-linux-gnu.so
-- Set runtime path of "/home/krishnapranav/mj_manipulation/mujoco_manipulation/install/armos_interfaces/lib/python3.10/site-packages/armos_interfaces/armos_interfaces_s__rosidl_typesupport_fastrtps_c.cpython-310-x86_64-linux-gnu.so" to ""
-- Installing: /home/krishnapranav/mj_manipulation/mujoco_manipulation/install/armos_interfaces/lib/python3.10/site-packages/armos_interfaces/armos_interfaces_s__rosidl_typesupport_introspection_c.cpython-310-x86_64-linux-gnu.so
-- Set runtime path of "/home/krishnapranav/mj_manipulation/mujoco_manipulation/install/armos_interfaces/lib/python3.10/site-packages/armos_interfaces/armos_interfaces_s__rosidl_typesupport_introspection_c.cpython-310-x86_64-linux-gnu.so" to ""
-- Installing: /home/krishnapranav/mj_manipulation/mujoco_manipulation/install/armos_interfaces/lib/python3.10/site-packages/armos_interfaces/armos_interfaces_s__rosidl_typesupport_c.cpython-310-x86_64-linux-gnu.so
-- Set runtime path of "/home/krishnapranav/mj_manipulation/mujoco_manipulation/install/armos_interfaces/lib/python3.10/site-packages/armos_interfaces/armos_interfaces_s__rosidl_typesupport_c.cpython-310-x86_64-linux-gnu.so" to ""
-- Installing: /home/krishnapranav/mj_manipulation/mujoco_manipulation/install/armos_interfaces/lib/libarmos_interfaces__rosidl_generator_py.so
-- Set runtime path of "/home/krishnapranav/mj_manipulation/mujoco_manipulation/install/armos_interfaces/lib/libarmos_interfaces__rosidl_generator_py.so" to ""
-- Installing: /home/krishnapranav/mj_manipulation/mujoco_manipulation/install/armos_interfaces/share/armos_interfaces/srv/ArmosSetMode.idl
-- Installing: /home/krishnapranav/mj_manipulation/mujoco_manipulation/install/armos_interfaces/share/armos_interfaces/msg/ArmosTelemetry.idl
-- Installing: /home/krishnapranav/mj_manipulation/mujoco_manipulation/install/armos_interfaces/share/armos_interfaces/msg/ArmosJointControl.idl
-- Installing: /home/krishnapranav/mj_manipulation/mujoco_manipulation/install/armos_interfaces/share/armos_interfaces/msg/ArmosCartControl.idl
-- Installing: /home/krishnapranav/mj_manipulation/mujoco_manipulation/install/armos_interfaces/share/armos_interfaces/srv/ArmosSetMode.srv
-- Installing: /home/krishnapranav/mj_manipulation/mujoco_manipulation/install/armos_interfaces/share/armos_interfaces/srv/ArmosSetMode_Request.msg
-- Installing: /home/krishnapranav/mj_manipulation/mujoco_manipulation/install/armos_interfaces/share/armos_interfaces/srv/ArmosSetMode_Response.msg
-- Installing: /home/krishnapranav/mj_manipulation/mujoco_manipulation/install/armos_interfaces/share/armos_interfaces/msg/ArmosTelemetry.msg
-- Installing: /home/krishnapranav/mj_manipulation/mujoco_manipulation/install/armos_interfaces/share/armos_interfaces/msg/ArmosJointControl.msg
-- Installing: /home/krishnapranav/mj_manipulation/mujoco_manipulation/install/armos_interfaces/share/armos_interfaces/msg/ArmosCartControl.msg
-- Installing: /home/krishnapranav/mj_manipulation/mujoco_manipulation/install/armos_interfaces/share/ament_index/resource_index/package_run_dependencies/armos_interfaces
-- Installing: /home/krishnapranav/mj_manipulation/mujoco_manipulation/install/armos_interfaces/share/ament_index/resource_index/parent_prefix_path/armos_interfaces
-- Installing: /home/krishnapranav/mj_manipulation/mujoco_manipulation/install/armos_interfaces/share/armos_interfaces/environment/ament_prefix_path.sh
-- Installing: /home/krishnapranav/mj_manipulation/mujoco_manipulation/install/armos_interfaces/share/armos_interfaces/environment/ament_prefix_path.dsv
-- Installing: /home/krishnapranav/mj_manipulation/mujoco_manipulation/install/armos_interfaces/share/armos_interfaces/environment/path.sh
-- Installing: /home/krishnapranav/mj_manipulation/mujoco_manipulation/install/armos_interfaces/share/armos_interfaces/environment/path.dsv
-- Installing: /home/krishnapranav/mj_manipulation/mujoco_manipulation/install/armos_interfaces/share/armos_interfaces/local_setup.bash
-- Installing: /home/krishnapranav/mj_manipulation/mujoco_manipulation/install/armos_interfaces/share/armos_interfaces/local_setup.sh
-- Installing: /home/krishnapranav/mj_manipulation/mujoco_manipulation/install/armos_interfaces/share/armos_interfaces/local_setup.zsh
-- Installing: /home/krishnapranav/mj_manipulation/mujoco_manipulation/install/armos_interfaces/share/armos_interfaces/local_setup.dsv
-- Installing: /home/krishnapranav/mj_manipulation/mujoco_manipulation/install/armos_interfaces/share/armos_interfaces/package.dsv
-- Installing: /home/krishnapranav/mj_manipulation/mujoco_manipulation/install/armos_interfaces/share/ament_index/resource_index/packages/armos_interfaces
-- Installing: /home/krishnapranav/mj_manipulation/mujoco_manipulation/install/armos_interfaces/share/armos_interfaces/cmake/export_armos_interfaces__rosidl_generator_cExport.cmake
-- Installing: /home/krishnapranav/mj_manipulation/mujoco_manipulation/install/armos_interfaces/share/armos_interfaces/cmake/export_armos_interfaces__rosidl_generator_cExport-noconfig.cmake
-- Installing: /home/krishnapranav/mj_manipulation/mujoco_manipulation/install/armos_interfaces/share/armos_interfaces/cmake/export_armos_interfaces__rosidl_typesupport_fastrtps_cExport.cmake
-- Installing: /home/krishnapranav/mj_manipulation/mujoco_manipulation/install/armos_interfaces/share/armos_interfaces/cmake/export_armos_interfaces__rosidl_typesupport_fastrtps_cExport-noconfig.cmake
-- Installing: /home/krishnapranav/mj_manipulation/mujoco_manipulation/install/armos_interfaces/share/armos_interfaces/cmake/armos_interfaces__rosidl_typesupport_introspection_cExport.cmake
-- Installing: /home/krishnapranav/mj_manipulation/mujoco_manipulation/install/armos_interfaces/share/armos_interfaces/cmake/armos_interfaces__rosidl_typesupport_introspection_cExport-noconfig.cmake
-- Installing: /home/krishnapranav/mj_manipulation/mujoco_manipulation/install/armos_interfaces/share/armos_interfaces/cmake/armos_interfaces__rosidl_typesupport_cExport.cmake
-- Installing: /home/krishnapranav/mj_manipulation/mujoco_manipulation/install/armos_interfaces/share/armos_interfaces/cmake/armos_interfaces__rosidl_typesupport_cExport-noconfig.cmake
-- Installing: /home/krishnapranav/mj_manipulation/mujoco_manipulation/install/armos_interfaces/share/armos_interfaces/cmake/export_armos_interfaces__rosidl_generator_cppExport.cmake
-- Installing: /home/krishnapranav/mj_manipulation/mujoco_manipulation/install/armos_interfaces/share/armos_interfaces/cmake/export_armos_interfaces__rosidl_typesupport_fastrtps_cppExport.cmake
-- Installing: /home/krishnapranav/mj_manipulation/mujoco_manipulation/install/armos_interfaces/share/armos_interfaces/cmake/export_armos_interfaces__rosidl_typesupport_fastrtps_cppExport-noconfig.cmake
-- Installing: /home/krishnapranav/mj_manipulation/mujoco_manipulation/install/armos_interfaces/share/armos_interfaces/cmake/armos_interfaces__rosidl_typesupport_introspection_cppExport.cmake
-- Installing: /home/krishnapranav/mj_manipulation/mujoco_manipulation/install/armos_interfaces/share/armos_interfaces/cmake/armos_interfaces__rosidl_typesupport_introspection_cppExport-noconfig.cmake
-- Installing: /home/krishnapranav/mj_manipulation/mujoco_manipulation/install/armos_interfaces/share/armos_interfaces/cmake/armos_interfaces__rosidl_typesupport_cppExport.cmake
-- Installing: /home/krishnapranav/mj_manipulation/mujoco_manipulation/install/armos_interfaces/share/armos_interfaces/cmake/armos_interfaces__rosidl_typesupport_cppExport-noconfig.cmake
-- Installing: /home/krishnapranav/mj_manipulation/mujoco_manipulation/install/armos_interfaces/share/armos_interfaces/cmake/export_armos_interfaces__rosidl_generator_pyExport.cmake
-- Installing: /home/krishnapranav/mj_manipulation/mujoco_manipulation/install/armos_interfaces/share/armos_interfaces/cmake/export_armos_interfaces__rosidl_generator_pyExport-noconfig.cmake
-- Installing: /home/krishnapranav/mj_manipulation/mujoco_manipulation/install/armos_interfaces/share/armos_interfaces/cmake/rosidl_cmake-extras.cmake
-- Installing: /home/krishnapranav/mj_manipulation/mujoco_manipulation/install/armos_interfaces/share/armos_interfaces/cmake/ament_cmake_export_include_directories-extras.cmake
-- Installing: /home/krishnapranav/mj_manipulation/mujoco_manipulation/install/armos_interfaces/share/armos_interfaces/cmake/ament_cmake_export_libraries-extras.cmake
-- Installing: /home/krishnapranav/mj_manipulation/mujoco_manipulation/install/armos_interfaces/share/armos_interfaces/cmake/ament_cmake_export_targets-extras.cmake
-- Installing: /home/krishnapranav/mj_manipulation/mujoco_manipulation/install/armos_interfaces/share/armos_interfaces/cmake/rosidl_cmake_export_typesupport_targets-extras.cmake
-- Installing: /home/krishnapranav/mj_manipulation/mujoco_manipulation/install/armos_interfaces/share/armos_interfaces/cmake/ament_cmake_export_dependencies-extras.cmake
-- Installing: /home/krishnapranav/mj_manipulation/mujoco_manipulation/install/armos_interfaces/share/armos_interfaces/cmake/rosidl_cmake_export_typesupport_libraries-extras.cmake
-- Installing: /home/krishnapranav/mj_manipulation/mujoco_manipulation/install/armos_interfaces/share/armos_interfaces/cmake/armos_interfacesConfig.cmake
-- Installing: /home/krishnapranav/mj_manipulation/mujoco_manipulation/install/armos_interfaces/share/armos_interfaces/cmake/armos_interfacesConfig-version.cmake
-- Installing: /home/krishnapranav/mj_manipulation/mujoco_manipulation/install/armos_interfaces/share/armos_interfaces/package.xml
