[0.009s] Invoking command in '/home/krishnapranav/mj_manipulation/mujoco_manipulation/build/armos_interfaces': CMAKE_PREFIX_PATH=${CMAKE_PREFIX_PATH}:/opt/ros/humble PS1=(armos) \[\e]0;\u@\h: \w\a\]${debian_chroot:+($debian_chroot)}\[\033[01;32m\]\u@\h\[\033[00m\]:\[\033[01;34m\]\w\[\033[00m\]\$ VIRTUAL_ENV_PROMPT=(armos) /usr/bin/cmake /home/krishnapranav/mj_manipulation/mujoco_manipulation/armos_ros2/pkgs/armos_interfaces -DCMAKE_INSTALL_PREFIX=/home/krishnapranav/mj_manipulation/mujoco_manipulation/install/armos_interfaces
[0.128s] -- The C compiler identification is GNU 11.4.0
[0.204s] -- The CXX compiler identification is GNU 11.4.0
[0.214s] -- Detecting C compiler ABI info
[0.281s] -- Detecting C compiler ABI info - done
[0.288s] -- Check for working C compiler: /usr/bin/cc - skipped
[0.288s] -- Detecting C compile features
[0.289s] -- Detecting C compile features - done
[0.291s] -- Detecting CXX compiler ABI info
[0.367s] -- Detecting CXX compiler ABI info - done
[0.378s] -- Check for working CXX compiler: /usr/bin/c++ - skipped
[0.378s] -- Detecting CXX compile features
[0.379s] -- Detecting CXX compile features - done
[0.383s] -- Found ament_cmake: 1.3.11 (/opt/ros/humble/share/ament_cmake/cmake)
[0.680s] -- Found Python3: /home/krishnapranav/.venvs/armos/bin/python3 (found version "3.10.12") found components: Interpreter 
[0.788s] -- Found rosidl_default_generators: 1.2.0 (/opt/ros/humble/share/rosidl_default_generators/cmake)
[0.795s] -- Using all available rosidl_typesupport_c: rosidl_typesupport_fastrtps_c;rosidl_typesupport_introspection_c
[0.808s] -- Found rosidl_adapter: 3.1.6 (/opt/ros/humble/share/rosidl_adapter/cmake)
[0.884s] -- Using all available rosidl_typesupport_cpp: rosidl_typesupport_fastrtps_cpp;rosidl_typesupport_introspection_cpp
[1.117s] -- Found ament_cmake_ros: 0.10.0 (/opt/ros/humble/share/ament_cmake_ros/cmake)
[1.209s] -- Using all available rosidl_typesupport_c: rosidl_typesupport_fastrtps_c;rosidl_typesupport_introspection_c
[1.329s] -- Using all available rosidl_typesupport_cpp: rosidl_typesupport_fastrtps_cpp;rosidl_typesupport_introspection_cpp
[1.369s] -- Found PythonInterp: /home/krishnapranav/.venvs/armos/bin/python3 (found suitable version "3.10.12", minimum required is "3.6") 
[1.372s] -- Found python_cmake_module: 0.10.0 (/opt/ros/humble/share/python_cmake_module/cmake)
[1.404s] -- Found PythonLibs: /usr/lib/x86_64-linux-gnu/libpython3.10.so (found suitable version "3.10.12", minimum required is "3.5") 
[1.404s] -- Using PYTHON_EXECUTABLE: /home/krishnapranav/.venvs/armos/bin/python3
[1.404s] -- Using PYTHON_INCLUDE_DIRS: /usr/include/python3.10
[1.404s] -- Using PYTHON_LIBRARIES: /usr/lib/x86_64-linux-gnu/libpython3.10.so
[1.431s] -- Found PythonExtra: .so  
[1.496s] -- Configuring done
[1.529s] -- Generating done
[1.538s] -- Build files have been written to: /home/krishnapranav/mj_manipulation/mujoco_manipulation/build/armos_interfaces
[1.544s] Invoked command in '/home/krishnapranav/mj_manipulation/mujoco_manipulation/build/armos_interfaces' returned '0': CMAKE_PREFIX_PATH=${CMAKE_PREFIX_PATH}:/opt/ros/humble PS1=(armos) \[\e]0;\u@\h: \w\a\]${debian_chroot:+($debian_chroot)}\[\033[01;32m\]\u@\h\[\033[00m\]:\[\033[01;34m\]\w\[\033[00m\]\$ VIRTUAL_ENV_PROMPT=(armos) /usr/bin/cmake /home/krishnapranav/mj_manipulation/mujoco_manipulation/armos_ros2/pkgs/armos_interfaces -DCMAKE_INSTALL_PREFIX=/home/krishnapranav/mj_manipulation/mujoco_manipulation/install/armos_interfaces
[1.545s] Invoking command in '/home/krishnapranav/mj_manipulation/mujoco_manipulation/build/armos_interfaces': CMAKE_PREFIX_PATH=${CMAKE_PREFIX_PATH}:/opt/ros/humble PS1=(armos) \[\e]0;\u@\h: \w\a\]${debian_chroot:+($debian_chroot)}\[\033[01;32m\]\u@\h\[\033[00m\]:\[\033[01;34m\]\w\[\033[00m\]\$ VIRTUAL_ENV_PROMPT=(armos) /usr/bin/cmake --build /home/krishnapranav/mj_manipulation/mujoco_manipulation/build/armos_interfaces -- -j12 -l12
[1.570s] [  1%] [34m[1mGenerating C code for ROS interfaces[0m
[1.576s] [  3%] [34m[1mGenerating C++ code for ROS interfaces[0m
[1.579s] [  3%] Built target ament_cmake_python_copy_armos_interfaces
[1.881s] running egg_info
[1.923s] creating armos_interfaces.egg-info
[1.923s] writing armos_interfaces.egg-info/PKG-INFO
[1.923s] writing dependency_links to armos_interfaces.egg-info/dependency_links.txt
[1.924s] writing top-level names to armos_interfaces.egg-info/top_level.txt
[1.924s] writing manifest file 'armos_interfaces.egg-info/SOURCES.txt'
[1.993s] [  5%] [32mBuilding C object CMakeFiles/armos_interfaces__rosidl_generator_c.dir/rosidl_generator_c/armos_interfaces/msg/detail/armos_telemetry__functions.c.o[0m
[1.994s] [  7%] [32mBuilding C object CMakeFiles/armos_interfaces__rosidl_generator_c.dir/rosidl_generator_c/armos_interfaces/srv/detail/armos_set_mode__functions.c.o[0m
[1.994s] [  9%] [32mBuilding C object CMakeFiles/armos_interfaces__rosidl_generator_c.dir/rosidl_generator_c/armos_interfaces/msg/detail/armos_joint_control__functions.c.o[0m
[1.994s] [ 10%] [32mBuilding C object CMakeFiles/armos_interfaces__rosidl_generator_c.dir/rosidl_generator_c/armos_interfaces/msg/detail/armos_cart_control__functions.c.o[0m
[2.006s] reading manifest file 'armos_interfaces.egg-info/SOURCES.txt'
[2.009s] writing manifest file 'armos_interfaces.egg-info/SOURCES.txt'
[2.026s] [ 10%] Built target armos_interfaces__cpp
[2.036s] [ 12%] [34m[1mGenerating C++ type support for eProsima Fast-RTPS[0m
[2.036s] [ 14%] [34m[1mGenerating C++ introspection for ROS interfaces[0m
[2.036s] [ 16%] [34m[1mGenerating C++ type support dispatch for ROS interfaces[0m
[2.036s] [ 16%] Built target ament_cmake_python_build_armos_interfaces_egg
[2.052s] [ 18%] [32m[1mLinking C shared library libarmos_interfaces__rosidl_generator_c.so[0m
[2.076s] [ 18%] Built target armos_interfaces__rosidl_generator_c
[2.081s] [ 20%] [34m[1mGenerating C type support for eProsima Fast-RTPS[0m
[2.082s] [ 23%] [34m[1mGenerating C type support dispatch for ROS interfaces[0m
[2.082s] [ 23%] [34m[1mGenerating C introspection for ROS interfaces[0m
[2.281s] [ 25%] [32mBuilding CXX object CMakeFiles/armos_interfaces__rosidl_typesupport_introspection_cpp.dir/rosidl_typesupport_introspection_cpp/armos_interfaces/srv/detail/armos_set_mode__type_support.cpp.o[0m
[2.281s] [ 29%] [32mBuilding CXX object CMakeFiles/armos_interfaces__rosidl_typesupport_introspection_cpp.dir/rosidl_typesupport_introspection_cpp/armos_interfaces/msg/detail/armos_joint_control__type_support.cpp.o[0m
[2.281s] [ 30%] [32mBuilding CXX object CMakeFiles/armos_interfaces__rosidl_typesupport_introspection_cpp.dir/rosidl_typesupport_introspection_cpp/armos_interfaces/msg/detail/armos_cart_control__type_support.cpp.o[0m
[2.281s] [ 29%] [32mBuilding CXX object CMakeFiles/armos_interfaces__rosidl_typesupport_introspection_cpp.dir/rosidl_typesupport_introspection_cpp/armos_interfaces/msg/detail/armos_telemetry__type_support.cpp.o[0m
[2.449s] [ 32%] [32mBuilding CXX object CMakeFiles/armos_interfaces__rosidl_typesupport_cpp.dir/rosidl_typesupport_cpp/armos_interfaces/srv/armos_set_mode__type_support.cpp.o[0m
[2.452s] [ 34%] [32mBuilding CXX object CMakeFiles/armos_interfaces__rosidl_typesupport_cpp.dir/rosidl_typesupport_cpp/armos_interfaces/msg/armos_cart_control__type_support.cpp.o[0m
[2.452s] [ 36%] [32mBuilding CXX object CMakeFiles/armos_interfaces__rosidl_typesupport_cpp.dir/rosidl_typesupport_cpp/armos_interfaces/msg/armos_joint_control__type_support.cpp.o[0m
[2.459s] [ 38%] [32mBuilding CXX object CMakeFiles/armos_interfaces__rosidl_typesupport_cpp.dir/rosidl_typesupport_cpp/armos_interfaces/msg/armos_telemetry__type_support.cpp.o[0m
[2.535s] [ 40%] [32mBuilding CXX object CMakeFiles/armos_interfaces__rosidl_typesupport_c.dir/rosidl_typesupport_c/armos_interfaces/srv/armos_set_mode__type_support.cpp.o[0m
[2.541s] [ 41%] [32mBuilding CXX object CMakeFiles/armos_interfaces__rosidl_typesupport_fastrtps_cpp.dir/rosidl_typesupport_fastrtps_cpp/armos_interfaces/srv/detail/dds_fastrtps/armos_set_mode__type_support.cpp.o[0m
[2.544s] [ 43%] [32mBuilding CXX object CMakeFiles/armos_interfaces__rosidl_typesupport_fastrtps_c.dir/rosidl_typesupport_fastrtps_c/armos_interfaces/srv/detail/armos_set_mode__type_support_c.cpp.o[0m
[2.585s] [ 45%] [32mBuilding CXX object CMakeFiles/armos_interfaces__rosidl_typesupport_c.dir/rosidl_typesupport_c/armos_interfaces/msg/armos_telemetry__type_support.cpp.o[0m
[2.614s] [ 47%] [32mBuilding CXX object CMakeFiles/armos_interfaces__rosidl_typesupport_c.dir/rosidl_typesupport_c/armos_interfaces/msg/armos_joint_control__type_support.cpp.o[0m
[2.625s] [ 49%] [32mBuilding C object CMakeFiles/armos_interfaces__rosidl_typesupport_introspection_c.dir/rosidl_typesupport_introspection_c/armos_interfaces/srv/detail/armos_set_mode__type_support.c.o[0m
[2.637s] [ 50%] [32mBuilding CXX object CMakeFiles/armos_interfaces__rosidl_typesupport_c.dir/rosidl_typesupport_c/armos_interfaces/msg/armos_cart_control__type_support.cpp.o[0m
[2.656s] [ 52%] [32mBuilding C object CMakeFiles/armos_interfaces__rosidl_typesupport_introspection_c.dir/rosidl_typesupport_introspection_c/armos_interfaces/msg/detail/armos_telemetry__type_support.c.o[0m
[2.668s] [ 56%] [32mBuilding C object CMakeFiles/armos_interfaces__rosidl_typesupport_introspection_c.dir/rosidl_typesupport_introspection_c/armos_interfaces/msg/detail/armos_joint_control__type_support.c.o[0m
[2.669s] [ 56%] [32m[1mLinking CXX shared library libarmos_interfaces__rosidl_typesupport_c.so[0m
[2.709s] [ 58%] [32mBuilding C object CMakeFiles/armos_interfaces__rosidl_typesupport_introspection_c.dir/rosidl_typesupport_introspection_c/armos_interfaces/msg/detail/armos_cart_control__type_support.c.o[0m
[2.716s] [ 60%] [32mBuilding CXX object CMakeFiles/armos_interfaces__rosidl_typesupport_fastrtps_cpp.dir/rosidl_typesupport_fastrtps_cpp/armos_interfaces/msg/detail/dds_fastrtps/armos_telemetry__type_support.cpp.o[0m
[2.741s] [ 60%] Built target armos_interfaces__rosidl_typesupport_c
[2.748s] [ 61%] [32mBuilding CXX object CMakeFiles/armos_interfaces__rosidl_typesupport_fastrtps_cpp.dir/rosidl_typesupport_fastrtps_cpp/armos_interfaces/msg/detail/dds_fastrtps/armos_joint_control__type_support.cpp.o[0m
[2.758s] [ 63%] [32m[1mLinking C shared library libarmos_interfaces__rosidl_typesupport_introspection_c.so[0m
[2.771s] [ 65%] [32mBuilding CXX object CMakeFiles/armos_interfaces__rosidl_typesupport_fastrtps_c.dir/rosidl_typesupport_fastrtps_c/armos_interfaces/msg/detail/armos_telemetry__type_support_c.cpp.o[0m
[2.803s] [ 65%] Built target armos_interfaces__rosidl_typesupport_introspection_c
[2.808s] [ 67%] [32mBuilding CXX object CMakeFiles/armos_interfaces__rosidl_typesupport_fastrtps_c.dir/rosidl_typesupport_fastrtps_c/armos_interfaces/msg/detail/armos_joint_control__type_support_c.cpp.o[0m
[2.813s] [ 69%] [32mBuilding CXX object CMakeFiles/armos_interfaces__rosidl_typesupport_fastrtps_c.dir/rosidl_typesupport_fastrtps_c/armos_interfaces/msg/detail/armos_cart_control__type_support_c.cpp.o[0m
[2.822s] [ 70%] [32mBuilding CXX object CMakeFiles/armos_interfaces__rosidl_typesupport_fastrtps_cpp.dir/rosidl_typesupport_fastrtps_cpp/armos_interfaces/msg/detail/dds_fastrtps/armos_cart_control__type_support.cpp.o[0m
[2.854s] [ 72%] [32m[1mLinking CXX shared library libarmos_interfaces__rosidl_typesupport_cpp.so[0m
[2.892s] [ 72%] Built target armos_interfaces__rosidl_typesupport_cpp
[2.895s] [ 74%] [32m[1mLinking CXX shared library libarmos_interfaces__rosidl_typesupport_introspection_cpp.so[0m
[3.002s] [ 74%] Built target armos_interfaces__rosidl_typesupport_introspection_cpp
[3.235s] [ 76%] [32m[1mLinking CXX shared library libarmos_interfaces__rosidl_typesupport_fastrtps_c.so[0m
[3.287s] [ 78%] [32m[1mLinking CXX shared library libarmos_interfaces__rosidl_typesupport_fastrtps_cpp.so[0m
[3.312s] [ 78%] Built target armos_interfaces__rosidl_typesupport_fastrtps_c
[3.334s] [ 78%] Built target armos_interfaces__rosidl_typesupport_fastrtps_cpp
[3.345s] [ 78%] Built target armos_interfaces
[3.358s] [ 80%] [34m[1mGenerating Python code for ROS interfaces[0m
[3.869s] [ 80%] Built target armos_interfaces__py
[3.881s] [ 81%] [32mBuilding C object CMakeFiles/armos_interfaces__rosidl_generator_py.dir/rosidl_generator_py/armos_interfaces/srv/_armos_set_mode_s.c.o[0m
[3.881s] [ 83%] [32mBuilding C object CMakeFiles/armos_interfaces__rosidl_generator_py.dir/rosidl_generator_py/armos_interfaces/msg/_armos_telemetry_s.c.o[0m
[3.881s] [ 85%] [32mBuilding C object CMakeFiles/armos_interfaces__rosidl_generator_py.dir/rosidl_generator_py/armos_interfaces/msg/_armos_joint_control_s.c.o[0m
[3.882s] [ 87%] [32mBuilding C object CMakeFiles/armos_interfaces__rosidl_generator_py.dir/rosidl_generator_py/armos_interfaces/msg/_armos_cart_control_s.c.o[0m
[3.997s] [ 89%] [32m[1mLinking C shared library rosidl_generator_py/armos_interfaces/libarmos_interfaces__rosidl_generator_py.so[0m
[4.025s] [ 89%] Built target armos_interfaces__rosidl_generator_py
[4.036s] [ 90%] [32mBuilding C object CMakeFiles/armos_interfaces__rosidl_typesupport_fastrtps_c__pyext.dir/rosidl_generator_py/armos_interfaces/_armos_interfaces_s.ep.rosidl_typesupport_fastrtps_c.c.o[0m
[4.037s] [ 92%] [32mBuilding C object CMakeFiles/armos_interfaces__rosidl_typesupport_c__pyext.dir/rosidl_generator_py/armos_interfaces/_armos_interfaces_s.ep.rosidl_typesupport_c.c.o[0m
[4.039s] [ 94%] [32mBuilding C object CMakeFiles/armos_interfaces__rosidl_typesupport_introspection_c__pyext.dir/rosidl_generator_py/armos_interfaces/_armos_interfaces_s.ep.rosidl_typesupport_introspection_c.c.o[0m
[4.107s] [ 96%] [32m[1mLinking C shared library rosidl_generator_py/armos_interfaces/armos_interfaces_s__rosidl_typesupport_fastrtps_c.cpython-310-x86_64-linux-gnu.so[0m
[4.131s] [ 96%] Built target armos_interfaces__rosidl_typesupport_fastrtps_c__pyext
[4.131s] [ 98%] [32m[1mLinking C shared library rosidl_generator_py/armos_interfaces/armos_interfaces_s__rosidl_typesupport_c.cpython-310-x86_64-linux-gnu.so[0m
[4.141s] [100%] [32m[1mLinking C shared library rosidl_generator_py/armos_interfaces/armos_interfaces_s__rosidl_typesupport_introspection_c.cpython-310-x86_64-linux-gnu.so[0m
[4.158s] [100%] Built target armos_interfaces__rosidl_typesupport_c__pyext
[4.164s] [100%] Built target armos_interfaces__rosidl_typesupport_introspection_c__pyext
[4.171s] Invoked command in '/home/krishnapranav/mj_manipulation/mujoco_manipulation/build/armos_interfaces' returned '0': CMAKE_PREFIX_PATH=${CMAKE_PREFIX_PATH}:/opt/ros/humble PS1=(armos) \[\e]0;\u@\h: \w\a\]${debian_chroot:+($debian_chroot)}\[\033[01;32m\]\u@\h\[\033[00m\]:\[\033[01;34m\]\w\[\033[00m\]\$ VIRTUAL_ENV_PROMPT=(armos) /usr/bin/cmake --build /home/krishnapranav/mj_manipulation/mujoco_manipulation/build/armos_interfaces -- -j12 -l12
[4.173s] Invoking command in '/home/krishnapranav/mj_manipulation/mujoco_manipulation/build/armos_interfaces': CMAKE_PREFIX_PATH=${CMAKE_PREFIX_PATH}:/opt/ros/humble PS1=(armos) \[\e]0;\u@\h: \w\a\]${debian_chroot:+($debian_chroot)}\[\033[01;32m\]\u@\h\[\033[00m\]:\[\033[01;34m\]\w\[\033[00m\]\$ VIRTUAL_ENV_PROMPT=(armos) /usr/bin/cmake --install /home/krishnapranav/mj_manipulation/mujoco_manipulation/build/armos_interfaces
[4.177s] -- Install configuration: ""
[4.177s] -- Installing: /home/krishnapranav/mj_manipulation/mujoco_manipulation/install/armos_interfaces/share/ament_index/resource_index/rosidl_interfaces/armos_interfaces
[4.177s] -- Installing: /home/krishnapranav/mj_manipulation/mujoco_manipulation/install/armos_interfaces/include/armos_interfaces/armos_interfaces
[4.177s] -- Installing: /home/krishnapranav/mj_manipulation/mujoco_manipulation/install/armos_interfaces/include/armos_interfaces/armos_interfaces/msg
[4.178s] -- Installing: /home/krishnapranav/mj_manipulation/mujoco_manipulation/install/armos_interfaces/include/armos_interfaces/armos_interfaces/msg/detail
[4.178s] -- Installing: /home/krishnapranav/mj_manipulation/mujoco_manipulation/install/armos_interfaces/include/armos_interfaces/armos_interfaces/msg/detail/armos_telemetry__type_support.h
[4.178s] -- Installing: /home/krishnapranav/mj_manipulation/mujoco_manipulation/install/armos_interfaces/include/armos_interfaces/armos_interfaces/msg/detail/armos_telemetry__struct.h
[4.178s] -- Installing: /home/krishnapranav/mj_manipulation/mujoco_manipulation/install/armos_interfaces/include/armos_interfaces/armos_interfaces/msg/detail/armos_joint_control__functions.h
[4.178s] -- Installing: /home/krishnapranav/mj_manipulation/mujoco_manipulation/install/armos_interfaces/include/armos_interfaces/armos_interfaces/msg/detail/armos_joint_control__functions.c
[4.178s] -- Installing: /home/krishnapranav/mj_manipulation/mujoco_manipulation/install/armos_interfaces/include/armos_interfaces/armos_interfaces/msg/detail/armos_joint_control__struct.h
[4.178s] -- Installing: /home/krishnapranav/mj_manipulation/mujoco_manipulation/install/armos_interfaces/include/armos_interfaces/armos_interfaces/msg/detail/armos_cart_control__type_support.h
[4.178s] -- Installing: /home/krishnapranav/mj_manipulation/mujoco_manipulation/install/armos_interfaces/include/armos_interfaces/armos_interfaces/msg/detail/armos_telemetry__functions.c
[4.178s] -- Installing: /home/krishnapranav/mj_manipulation/mujoco_manipulation/install/armos_interfaces/include/armos_interfaces/armos_interfaces/msg/detail/armos_cart_control__functions.c
[4.179s] -- Installing: /home/krishnapranav/mj_manipulation/mujoco_manipulation/install/armos_interfaces/include/armos_interfaces/armos_interfaces/msg/detail/armos_telemetry__functions.h
[4.179s] -- Installing: /home/krishnapranav/mj_manipulation/mujoco_manipulation/install/armos_interfaces/include/armos_interfaces/armos_interfaces/msg/detail/armos_cart_control__functions.h
[4.179s] -- Installing: /home/krishnapranav/mj_manipulation/mujoco_manipulation/install/armos_interfaces/include/armos_interfaces/armos_interfaces/msg/detail/armos_joint_control__type_support.h
[4.179s] -- Installing: /home/krishnapranav/mj_manipulation/mujoco_manipulation/install/armos_interfaces/include/armos_interfaces/armos_interfaces/msg/detail/armos_cart_control__struct.h
[4.179s] -- Installing: /home/krishnapranav/mj_manipulation/mujoco_manipulation/install/armos_interfaces/include/armos_interfaces/armos_interfaces/msg/armos_telemetry.h
[4.179s] -- Installing: /home/krishnapranav/mj_manipulation/mujoco_manipulation/install/armos_interfaces/include/armos_interfaces/armos_interfaces/msg/armos_joint_control.h
[4.179s] -- Installing: /home/krishnapranav/mj_manipulation/mujoco_manipulation/install/armos_interfaces/include/armos_interfaces/armos_interfaces/msg/armos_cart_control.h
[4.179s] -- Installing: /home/krishnapranav/mj_manipulation/mujoco_manipulation/install/armos_interfaces/include/armos_interfaces/armos_interfaces/msg/rosidl_generator_c__visibility_control.h
[4.179s] -- Installing: /home/krishnapranav/mj_manipulation/mujoco_manipulation/install/armos_interfaces/include/armos_interfaces/armos_interfaces/srv
[4.179s] -- Installing: /home/krishnapranav/mj_manipulation/mujoco_manipulation/install/armos_interfaces/include/armos_interfaces/armos_interfaces/srv/armos_set_mode.h
[4.180s] -- Installing: /home/krishnapranav/mj_manipulation/mujoco_manipulation/install/armos_interfaces/include/armos_interfaces/armos_interfaces/srv/detail
[4.180s] -- Installing: /home/krishnapranav/mj_manipulation/mujoco_manipulation/install/armos_interfaces/include/armos_interfaces/armos_interfaces/srv/detail/armos_set_mode__functions.c
[4.180s] -- Installing: /home/krishnapranav/mj_manipulation/mujoco_manipulation/install/armos_interfaces/include/armos_interfaces/armos_interfaces/srv/detail/armos_set_mode__functions.h
[4.180s] -- Installing: /home/krishnapranav/mj_manipulation/mujoco_manipulation/install/armos_interfaces/include/armos_interfaces/armos_interfaces/srv/detail/armos_set_mode__struct.h
[4.180s] -- Installing: /home/krishnapranav/mj_manipulation/mujoco_manipulation/install/armos_interfaces/include/armos_interfaces/armos_interfaces/srv/detail/armos_set_mode__type_support.h
[4.180s] -- Installing: /home/krishnapranav/mj_manipulation/mujoco_manipulation/install/armos_interfaces/share/armos_interfaces/environment/library_path.sh
[4.180s] -- Installing: /home/krishnapranav/mj_manipulation/mujoco_manipulation/install/armos_interfaces/share/armos_interfaces/environment/library_path.dsv
[4.181s] -- Installing: /home/krishnapranav/mj_manipulation/mujoco_manipulation/install/armos_interfaces/lib/libarmos_interfaces__rosidl_generator_c.so
[4.181s] -- Set runtime path of "/home/krishnapranav/mj_manipulation/mujoco_manipulation/install/armos_interfaces/lib/libarmos_interfaces__rosidl_generator_c.so" to ""
[4.181s] -- Up-to-date: /home/krishnapranav/mj_manipulation/mujoco_manipulation/install/armos_interfaces/include/armos_interfaces/armos_interfaces
[4.181s] -- Up-to-date: /home/krishnapranav/mj_manipulation/mujoco_manipulation/install/armos_interfaces/include/armos_interfaces/armos_interfaces/msg
[4.181s] -- Up-to-date: /home/krishnapranav/mj_manipulation/mujoco_manipulation/install/armos_interfaces/include/armos_interfaces/armos_interfaces/msg/detail
[4.181s] -- Installing: /home/krishnapranav/mj_manipulation/mujoco_manipulation/install/armos_interfaces/include/armos_interfaces/armos_interfaces/msg/detail/armos_cart_control__rosidl_typesupport_fastrtps_c.h
[4.182s] -- Installing: /home/krishnapranav/mj_manipulation/mujoco_manipulation/install/armos_interfaces/include/armos_interfaces/armos_interfaces/msg/detail/armos_joint_control__rosidl_typesupport_fastrtps_c.h
[4.182s] -- Installing: /home/krishnapranav/mj_manipulation/mujoco_manipulation/install/armos_interfaces/include/armos_interfaces/armos_interfaces/msg/detail/armos_telemetry__rosidl_typesupport_fastrtps_c.h
[4.182s] -- Installing: /home/krishnapranav/mj_manipulation/mujoco_manipulation/install/armos_interfaces/include/armos_interfaces/armos_interfaces/msg/rosidl_typesupport_fastrtps_c__visibility_control.h
[4.182s] -- Up-to-date: /home/krishnapranav/mj_manipulation/mujoco_manipulation/install/armos_interfaces/include/armos_interfaces/armos_interfaces/srv
[4.182s] -- Up-to-date: /home/krishnapranav/mj_manipulation/mujoco_manipulation/install/armos_interfaces/include/armos_interfaces/armos_interfaces/srv/detail
[4.182s] -- Installing: /home/krishnapranav/mj_manipulation/mujoco_manipulation/install/armos_interfaces/include/armos_interfaces/armos_interfaces/srv/detail/armos_set_mode__rosidl_typesupport_fastrtps_c.h
[4.182s] -- Installing: /home/krishnapranav/mj_manipulation/mujoco_manipulation/install/armos_interfaces/lib/libarmos_interfaces__rosidl_typesupport_fastrtps_c.so
[4.182s] -- Set runtime path of "/home/krishnapranav/mj_manipulation/mujoco_manipulation/install/armos_interfaces/lib/libarmos_interfaces__rosidl_typesupport_fastrtps_c.so" to ""
[4.183s] -- Up-to-date: /home/krishnapranav/mj_manipulation/mujoco_manipulation/install/armos_interfaces/include/armos_interfaces/armos_interfaces
[4.183s] -- Up-to-date: /home/krishnapranav/mj_manipulation/mujoco_manipulation/install/armos_interfaces/include/armos_interfaces/armos_interfaces/msg
[4.183s] -- Installing: /home/krishnapranav/mj_manipulation/mujoco_manipulation/install/armos_interfaces/include/armos_interfaces/armos_interfaces/msg/rosidl_typesupport_introspection_c__visibility_control.h
[4.183s] -- Up-to-date: /home/krishnapranav/mj_manipulation/mujoco_manipulation/install/armos_interfaces/include/armos_interfaces/armos_interfaces/msg/detail
[4.183s] -- Installing: /home/krishnapranav/mj_manipulation/mujoco_manipulation/install/armos_interfaces/include/armos_interfaces/armos_interfaces/msg/detail/armos_cart_control__rosidl_typesupport_introspection_c.h
[4.183s] -- Installing: /home/krishnapranav/mj_manipulation/mujoco_manipulation/install/armos_interfaces/include/armos_interfaces/armos_interfaces/msg/detail/armos_telemetry__rosidl_typesupport_introspection_c.h
[4.183s] -- Installing: /home/krishnapranav/mj_manipulation/mujoco_manipulation/install/armos_interfaces/include/armos_interfaces/armos_interfaces/msg/detail/armos_telemetry__type_support.c
[4.183s] -- Installing: /home/krishnapranav/mj_manipulation/mujoco_manipulation/install/armos_interfaces/include/armos_interfaces/armos_interfaces/msg/detail/armos_cart_control__type_support.c
[4.183s] -- Installing: /home/krishnapranav/mj_manipulation/mujoco_manipulation/install/armos_interfaces/include/armos_interfaces/armos_interfaces/msg/detail/armos_joint_control__type_support.c
[4.183s] -- Installing: /home/krishnapranav/mj_manipulation/mujoco_manipulation/install/armos_interfaces/include/armos_interfaces/armos_interfaces/msg/detail/armos_joint_control__rosidl_typesupport_introspection_c.h
[4.184s] -- Up-to-date: /home/krishnapranav/mj_manipulation/mujoco_manipulation/install/armos_interfaces/include/armos_interfaces/armos_interfaces/srv
[4.184s] -- Up-to-date: /home/krishnapranav/mj_manipulation/mujoco_manipulation/install/armos_interfaces/include/armos_interfaces/armos_interfaces/srv/detail
[4.184s] -- Installing: /home/krishnapranav/mj_manipulation/mujoco_manipulation/install/armos_interfaces/include/armos_interfaces/armos_interfaces/srv/detail/armos_set_mode__type_support.c
[4.184s] -- Installing: /home/krishnapranav/mj_manipulation/mujoco_manipulation/install/armos_interfaces/include/armos_interfaces/armos_interfaces/srv/detail/armos_set_mode__rosidl_typesupport_introspection_c.h
[4.184s] -- Installing: /home/krishnapranav/mj_manipulation/mujoco_manipulation/install/armos_interfaces/lib/libarmos_interfaces__rosidl_typesupport_introspection_c.so
[4.184s] -- Set runtime path of "/home/krishnapranav/mj_manipulation/mujoco_manipulation/install/armos_interfaces/lib/libarmos_interfaces__rosidl_typesupport_introspection_c.so" to ""
[4.184s] -- Installing: /home/krishnapranav/mj_manipulation/mujoco_manipulation/install/armos_interfaces/lib/libarmos_interfaces__rosidl_typesupport_c.so
[4.185s] -- Set runtime path of "/home/krishnapranav/mj_manipulation/mujoco_manipulation/install/armos_interfaces/lib/libarmos_interfaces__rosidl_typesupport_c.so" to ""
[4.185s] -- Up-to-date: /home/krishnapranav/mj_manipulation/mujoco_manipulation/install/armos_interfaces/include/armos_interfaces/armos_interfaces
[4.185s] -- Up-to-date: /home/krishnapranav/mj_manipulation/mujoco_manipulation/install/armos_interfaces/include/armos_interfaces/armos_interfaces/msg
[4.185s] -- Installing: /home/krishnapranav/mj_manipulation/mujoco_manipulation/install/armos_interfaces/include/armos_interfaces/armos_interfaces/msg/rosidl_generator_cpp__visibility_control.hpp
[4.185s] -- Installing: /home/krishnapranav/mj_manipulation/mujoco_manipulation/install/armos_interfaces/include/armos_interfaces/armos_interfaces/msg/armos_cart_control.hpp
[4.185s] -- Up-to-date: /home/krishnapranav/mj_manipulation/mujoco_manipulation/install/armos_interfaces/include/armos_interfaces/armos_interfaces/msg/detail
[4.185s] -- Installing: /home/krishnapranav/mj_manipulation/mujoco_manipulation/install/armos_interfaces/include/armos_interfaces/armos_interfaces/msg/detail/armos_cart_control__builder.hpp
[4.185s] -- Installing: /home/krishnapranav/mj_manipulation/mujoco_manipulation/install/armos_interfaces/include/armos_interfaces/armos_interfaces/msg/detail/armos_joint_control__type_support.hpp
[4.186s] -- Installing: /home/krishnapranav/mj_manipulation/mujoco_manipulation/install/armos_interfaces/include/armos_interfaces/armos_interfaces/msg/detail/armos_cart_control__traits.hpp
[4.186s] -- Installing: /home/krishnapranav/mj_manipulation/mujoco_manipulation/install/armos_interfaces/include/armos_interfaces/armos_interfaces/msg/detail/armos_joint_control__struct.hpp
[4.186s] -- Installing: /home/krishnapranav/mj_manipulation/mujoco_manipulation/install/armos_interfaces/include/armos_interfaces/armos_interfaces/msg/detail/armos_telemetry__traits.hpp
[4.186s] -- Installing: /home/krishnapranav/mj_manipulation/mujoco_manipulation/install/armos_interfaces/include/armos_interfaces/armos_interfaces/msg/detail/armos_joint_control__builder.hpp
[4.186s] -- Installing: /home/krishnapranav/mj_manipulation/mujoco_manipulation/install/armos_interfaces/include/armos_interfaces/armos_interfaces/msg/detail/armos_telemetry__type_support.hpp
[4.186s] -- Installing: /home/krishnapranav/mj_manipulation/mujoco_manipulation/install/armos_interfaces/include/armos_interfaces/armos_interfaces/msg/detail/armos_telemetry__builder.hpp
[4.186s] -- Installing: /home/krishnapranav/mj_manipulation/mujoco_manipulation/install/armos_interfaces/include/armos_interfaces/armos_interfaces/msg/detail/armos_joint_control__traits.hpp
[4.186s] -- Installing: /home/krishnapranav/mj_manipulation/mujoco_manipulation/install/armos_interfaces/include/armos_interfaces/armos_interfaces/msg/detail/armos_cart_control__type_support.hpp
[4.186s] -- Installing: /home/krishnapranav/mj_manipulation/mujoco_manipulation/install/armos_interfaces/include/armos_interfaces/armos_interfaces/msg/detail/armos_telemetry__struct.hpp
[4.187s] -- Installing: /home/krishnapranav/mj_manipulation/mujoco_manipulation/install/armos_interfaces/include/armos_interfaces/armos_interfaces/msg/detail/armos_cart_control__struct.hpp
[4.187s] -- Installing: /home/krishnapranav/mj_manipulation/mujoco_manipulation/install/armos_interfaces/include/armos_interfaces/armos_interfaces/msg/armos_telemetry.hpp
[4.187s] -- Installing: /home/krishnapranav/mj_manipulation/mujoco_manipulation/install/armos_interfaces/include/armos_interfaces/armos_interfaces/msg/armos_joint_control.hpp
[4.187s] -- Up-to-date: /home/krishnapranav/mj_manipulation/mujoco_manipulation/install/armos_interfaces/include/armos_interfaces/armos_interfaces/srv
[4.187s] -- Installing: /home/krishnapranav/mj_manipulation/mujoco_manipulation/install/armos_interfaces/include/armos_interfaces/armos_interfaces/srv/armos_set_mode.hpp
[4.187s] -- Up-to-date: /home/krishnapranav/mj_manipulation/mujoco_manipulation/install/armos_interfaces/include/armos_interfaces/armos_interfaces/srv/detail
[4.187s] -- Installing: /home/krishnapranav/mj_manipulation/mujoco_manipulation/install/armos_interfaces/include/armos_interfaces/armos_interfaces/srv/detail/armos_set_mode__struct.hpp
[4.187s] -- Installing: /home/krishnapranav/mj_manipulation/mujoco_manipulation/install/armos_interfaces/include/armos_interfaces/armos_interfaces/srv/detail/armos_set_mode__builder.hpp
[4.187s] -- Installing: /home/krishnapranav/mj_manipulation/mujoco_manipulation/install/armos_interfaces/include/armos_interfaces/armos_interfaces/srv/detail/armos_set_mode__type_support.hpp
[4.187s] -- Installing: /home/krishnapranav/mj_manipulation/mujoco_manipulation/install/armos_interfaces/include/armos_interfaces/armos_interfaces/srv/detail/armos_set_mode__traits.hpp
[4.188s] -- Up-to-date: /home/krishnapranav/mj_manipulation/mujoco_manipulation/install/armos_interfaces/include/armos_interfaces/armos_interfaces
[4.188s] -- Up-to-date: /home/krishnapranav/mj_manipulation/mujoco_manipulation/install/armos_interfaces/include/armos_interfaces/armos_interfaces/msg
[4.188s] -- Installing: /home/krishnapranav/mj_manipulation/mujoco_manipulation/install/armos_interfaces/include/armos_interfaces/armos_interfaces/msg/rosidl_typesupport_fastrtps_cpp__visibility_control.h
[4.188s] -- Up-to-date: /home/krishnapranav/mj_manipulation/mujoco_manipulation/install/armos_interfaces/include/armos_interfaces/armos_interfaces/msg/detail
[4.188s] -- Installing: /home/krishnapranav/mj_manipulation/mujoco_manipulation/install/armos_interfaces/include/armos_interfaces/armos_interfaces/msg/detail/armos_joint_control__rosidl_typesupport_fastrtps_cpp.hpp
[4.188s] -- Installing: /home/krishnapranav/mj_manipulation/mujoco_manipulation/install/armos_interfaces/include/armos_interfaces/armos_interfaces/msg/detail/armos_telemetry__rosidl_typesupport_fastrtps_cpp.hpp
[4.188s] -- Installing: /home/krishnapranav/mj_manipulation/mujoco_manipulation/install/armos_interfaces/include/armos_interfaces/armos_interfaces/msg/detail/armos_cart_control__rosidl_typesupport_fastrtps_cpp.hpp
[4.188s] -- Installing: /home/krishnapranav/mj_manipulation/mujoco_manipulation/install/armos_interfaces/include/armos_interfaces/armos_interfaces/msg/detail/dds_fastrtps
[4.188s] -- Up-to-date: /home/krishnapranav/mj_manipulation/mujoco_manipulation/install/armos_interfaces/include/armos_interfaces/armos_interfaces/srv
[4.188s] -- Up-to-date: /home/krishnapranav/mj_manipulation/mujoco_manipulation/install/armos_interfaces/include/armos_interfaces/armos_interfaces/srv/detail
[4.189s] -- Installing: /home/krishnapranav/mj_manipulation/mujoco_manipulation/install/armos_interfaces/include/armos_interfaces/armos_interfaces/srv/detail/armos_set_mode__rosidl_typesupport_fastrtps_cpp.hpp
[4.189s] -- Installing: /home/krishnapranav/mj_manipulation/mujoco_manipulation/install/armos_interfaces/include/armos_interfaces/armos_interfaces/srv/detail/dds_fastrtps
[4.189s] -- Installing: /home/krishnapranav/mj_manipulation/mujoco_manipulation/install/armos_interfaces/lib/libarmos_interfaces__rosidl_typesupport_fastrtps_cpp.so
[4.189s] -- Set runtime path of "/home/krishnapranav/mj_manipulation/mujoco_manipulation/install/armos_interfaces/lib/libarmos_interfaces__rosidl_typesupport_fastrtps_cpp.so" to ""
[4.189s] -- Up-to-date: /home/krishnapranav/mj_manipulation/mujoco_manipulation/install/armos_interfaces/include/armos_interfaces/armos_interfaces
[4.189s] -- Up-to-date: /home/krishnapranav/mj_manipulation/mujoco_manipulation/install/armos_interfaces/include/armos_interfaces/armos_interfaces/msg
[4.189s] -- Up-to-date: /home/krishnapranav/mj_manipulation/mujoco_manipulation/install/armos_interfaces/include/armos_interfaces/armos_interfaces/msg/detail
[4.189s] -- Installing: /home/krishnapranav/mj_manipulation/mujoco_manipulation/install/armos_interfaces/include/armos_interfaces/armos_interfaces/msg/detail/armos_telemetry__rosidl_typesupport_introspection_cpp.hpp
[4.189s] -- Installing: /home/krishnapranav/mj_manipulation/mujoco_manipulation/install/armos_interfaces/include/armos_interfaces/armos_interfaces/msg/detail/armos_telemetry__type_support.cpp
[4.190s] -- Installing: /home/krishnapranav/mj_manipulation/mujoco_manipulation/install/armos_interfaces/include/armos_interfaces/armos_interfaces/msg/detail/armos_cart_control__type_support.cpp
[4.190s] -- Installing: /home/krishnapranav/mj_manipulation/mujoco_manipulation/install/armos_interfaces/include/armos_interfaces/armos_interfaces/msg/detail/armos_joint_control__rosidl_typesupport_introspection_cpp.hpp
[4.190s] -- Installing: /home/krishnapranav/mj_manipulation/mujoco_manipulation/install/armos_interfaces/include/armos_interfaces/armos_interfaces/msg/detail/armos_joint_control__type_support.cpp
[4.190s] -- Installing: /home/krishnapranav/mj_manipulation/mujoco_manipulation/install/armos_interfaces/include/armos_interfaces/armos_interfaces/msg/detail/armos_cart_control__rosidl_typesupport_introspection_cpp.hpp
[4.190s] -- Up-to-date: /home/krishnapranav/mj_manipulation/mujoco_manipulation/install/armos_interfaces/include/armos_interfaces/armos_interfaces/srv
[4.190s] -- Up-to-date: /home/krishnapranav/mj_manipulation/mujoco_manipulation/install/armos_interfaces/include/armos_interfaces/armos_interfaces/srv/detail
[4.190s] -- Installing: /home/krishnapranav/mj_manipulation/mujoco_manipulation/install/armos_interfaces/include/armos_interfaces/armos_interfaces/srv/detail/armos_set_mode__type_support.cpp
[4.190s] -- Installing: /home/krishnapranav/mj_manipulation/mujoco_manipulation/install/armos_interfaces/include/armos_interfaces/armos_interfaces/srv/detail/armos_set_mode__rosidl_typesupport_introspection_cpp.hpp
[4.190s] -- Installing: /home/krishnapranav/mj_manipulation/mujoco_manipulation/install/armos_interfaces/lib/libarmos_interfaces__rosidl_typesupport_introspection_cpp.so
[4.191s] -- Set runtime path of "/home/krishnapranav/mj_manipulation/mujoco_manipulation/install/armos_interfaces/lib/libarmos_interfaces__rosidl_typesupport_introspection_cpp.so" to ""
[4.191s] -- Installing: /home/krishnapranav/mj_manipulation/mujoco_manipulation/install/armos_interfaces/lib/libarmos_interfaces__rosidl_typesupport_cpp.so
[4.191s] -- Set runtime path of "/home/krishnapranav/mj_manipulation/mujoco_manipulation/install/armos_interfaces/lib/libarmos_interfaces__rosidl_typesupport_cpp.so" to ""
[4.191s] -- Installing: /home/krishnapranav/mj_manipulation/mujoco_manipulation/install/armos_interfaces/share/armos_interfaces/environment/pythonpath.sh
[4.191s] -- Installing: /home/krishnapranav/mj_manipulation/mujoco_manipulation/install/armos_interfaces/share/armos_interfaces/environment/pythonpath.dsv
[4.192s] -- Installing: /home/krishnapranav/mj_manipulation/mujoco_manipulation/install/armos_interfaces/lib/python3.10/site-packages/armos_interfaces-0.0.0-py3.10.egg-info
[4.192s] -- Installing: /home/krishnapranav/mj_manipulation/mujoco_manipulation/install/armos_interfaces/lib/python3.10/site-packages/armos_interfaces-0.0.0-py3.10.egg-info/PKG-INFO
[4.192s] -- Installing: /home/krishnapranav/mj_manipulation/mujoco_manipulation/install/armos_interfaces/lib/python3.10/site-packages/armos_interfaces-0.0.0-py3.10.egg-info/top_level.txt
[4.192s] -- Installing: /home/krishnapranav/mj_manipulation/mujoco_manipulation/install/armos_interfaces/lib/python3.10/site-packages/armos_interfaces-0.0.0-py3.10.egg-info/dependency_links.txt
[4.192s] -- Installing: /home/krishnapranav/mj_manipulation/mujoco_manipulation/install/armos_interfaces/lib/python3.10/site-packages/armos_interfaces-0.0.0-py3.10.egg-info/SOURCES.txt
[4.192s] -- Installing: /home/krishnapranav/mj_manipulation/mujoco_manipulation/install/armos_interfaces/lib/python3.10/site-packages/armos_interfaces
[4.192s] -- Installing: /home/krishnapranav/mj_manipulation/mujoco_manipulation/install/armos_interfaces/lib/python3.10/site-packages/armos_interfaces/armos_interfaces_s__rosidl_typesupport_introspection_c.cpython-310-x86_64-linux-gnu.so
[4.192s] -- Installing: /home/krishnapranav/mj_manipulation/mujoco_manipulation/install/armos_interfaces/lib/python3.10/site-packages/armos_interfaces/_armos_interfaces_s.ep.rosidl_typesupport_fastrtps_c.c
[4.192s] -- Installing: /home/krishnapranav/mj_manipulation/mujoco_manipulation/install/armos_interfaces/lib/python3.10/site-packages/armos_interfaces/libarmos_interfaces__rosidl_generator_py.so
[4.193s] -- Installing: /home/krishnapranav/mj_manipulation/mujoco_manipulation/install/armos_interfaces/lib/python3.10/site-packages/armos_interfaces/_armos_interfaces_s.ep.rosidl_typesupport_introspection_c.c
[4.193s] -- Installing: /home/krishnapranav/mj_manipulation/mujoco_manipulation/install/armos_interfaces/lib/python3.10/site-packages/armos_interfaces/armos_interfaces_s__rosidl_typesupport_fastrtps_c.cpython-310-x86_64-linux-gnu.so
[4.193s] -- Installing: /home/krishnapranav/mj_manipulation/mujoco_manipulation/install/armos_interfaces/lib/python3.10/site-packages/armos_interfaces/__init__.py
[4.193s] -- Installing: /home/krishnapranav/mj_manipulation/mujoco_manipulation/install/armos_interfaces/lib/python3.10/site-packages/armos_interfaces/armos_interfaces_s__rosidl_typesupport_c.cpython-310-x86_64-linux-gnu.so
[4.193s] -- Installing: /home/krishnapranav/mj_manipulation/mujoco_manipulation/install/armos_interfaces/lib/python3.10/site-packages/armos_interfaces/_armos_interfaces_s.ep.rosidl_typesupport_c.c
[4.193s] -- Installing: /home/krishnapranav/mj_manipulation/mujoco_manipulation/install/armos_interfaces/lib/python3.10/site-packages/armos_interfaces/msg
[4.193s] -- Installing: /home/krishnapranav/mj_manipulation/mujoco_manipulation/install/armos_interfaces/lib/python3.10/site-packages/armos_interfaces/msg/_armos_joint_control.py
[4.193s] -- Installing: /home/krishnapranav/mj_manipulation/mujoco_manipulation/install/armos_interfaces/lib/python3.10/site-packages/armos_interfaces/msg/_armos_telemetry.py
[4.194s] -- Installing: /home/krishnapranav/mj_manipulation/mujoco_manipulation/install/armos_interfaces/lib/python3.10/site-packages/armos_interfaces/msg/_armos_cart_control.py
[4.194s] -- Installing: /home/krishnapranav/mj_manipulation/mujoco_manipulation/install/armos_interfaces/lib/python3.10/site-packages/armos_interfaces/msg/_armos_cart_control_s.c
[4.194s] -- Installing: /home/krishnapranav/mj_manipulation/mujoco_manipulation/install/armos_interfaces/lib/python3.10/site-packages/armos_interfaces/msg/__init__.py
[4.194s] -- Installing: /home/krishnapranav/mj_manipulation/mujoco_manipulation/install/armos_interfaces/lib/python3.10/site-packages/armos_interfaces/msg/_armos_telemetry_s.c
[4.194s] -- Installing: /home/krishnapranav/mj_manipulation/mujoco_manipulation/install/armos_interfaces/lib/python3.10/site-packages/armos_interfaces/msg/_armos_joint_control_s.c
[4.194s] -- Installing: /home/krishnapranav/mj_manipulation/mujoco_manipulation/install/armos_interfaces/lib/python3.10/site-packages/armos_interfaces/srv
[4.194s] -- Installing: /home/krishnapranav/mj_manipulation/mujoco_manipulation/install/armos_interfaces/lib/python3.10/site-packages/armos_interfaces/srv/__init__.py
[4.194s] -- Installing: /home/krishnapranav/mj_manipulation/mujoco_manipulation/install/armos_interfaces/lib/python3.10/site-packages/armos_interfaces/srv/_armos_set_mode.py
[4.195s] -- Installing: /home/krishnapranav/mj_manipulation/mujoco_manipulation/install/armos_interfaces/lib/python3.10/site-packages/armos_interfaces/srv/_armos_set_mode_s.c
[4.229s] Listing '/home/krishnapranav/mj_manipulation/mujoco_manipulation/install/armos_interfaces/lib/python3.10/site-packages/armos_interfaces'...
[4.230s] Compiling '/home/krishnapranav/mj_manipulation/mujoco_manipulation/install/armos_interfaces/lib/python3.10/site-packages/armos_interfaces/__init__.py'...
[4.230s] Listing '/home/krishnapranav/mj_manipulation/mujoco_manipulation/install/armos_interfaces/lib/python3.10/site-packages/armos_interfaces/msg'...
[4.230s] Compiling '/home/krishnapranav/mj_manipulation/mujoco_manipulation/install/armos_interfaces/lib/python3.10/site-packages/armos_interfaces/msg/__init__.py'...
[4.230s] Compiling '/home/krishnapranav/mj_manipulation/mujoco_manipulation/install/armos_interfaces/lib/python3.10/site-packages/armos_interfaces/msg/_armos_cart_control.py'...
[4.230s] Compiling '/home/krishnapranav/mj_manipulation/mujoco_manipulation/install/armos_interfaces/lib/python3.10/site-packages/armos_interfaces/msg/_armos_joint_control.py'...
[4.230s] Compiling '/home/krishnapranav/mj_manipulation/mujoco_manipulation/install/armos_interfaces/lib/python3.10/site-packages/armos_interfaces/msg/_armos_telemetry.py'...
[4.230s] Listing '/home/krishnapranav/mj_manipulation/mujoco_manipulation/install/armos_interfaces/lib/python3.10/site-packages/armos_interfaces/srv'...
[4.230s] Compiling '/home/krishnapranav/mj_manipulation/mujoco_manipulation/install/armos_interfaces/lib/python3.10/site-packages/armos_interfaces/srv/__init__.py'...
[4.230s] Compiling '/home/krishnapranav/mj_manipulation/mujoco_manipulation/install/armos_interfaces/lib/python3.10/site-packages/armos_interfaces/srv/_armos_set_mode.py'...
[4.233s] -- Installing: /home/krishnapranav/mj_manipulation/mujoco_manipulation/install/armos_interfaces/lib/python3.10/site-packages/armos_interfaces/armos_interfaces_s__rosidl_typesupport_fastrtps_c.cpython-310-x86_64-linux-gnu.so
[4.233s] -- Set runtime path of "/home/krishnapranav/mj_manipulation/mujoco_manipulation/install/armos_interfaces/lib/python3.10/site-packages/armos_interfaces/armos_interfaces_s__rosidl_typesupport_fastrtps_c.cpython-310-x86_64-linux-gnu.so" to ""
[4.233s] -- Installing: /home/krishnapranav/mj_manipulation/mujoco_manipulation/install/armos_interfaces/lib/python3.10/site-packages/armos_interfaces/armos_interfaces_s__rosidl_typesupport_introspection_c.cpython-310-x86_64-linux-gnu.so
[4.234s] -- Set runtime path of "/home/krishnapranav/mj_manipulation/mujoco_manipulation/install/armos_interfaces/lib/python3.10/site-packages/armos_interfaces/armos_interfaces_s__rosidl_typesupport_introspection_c.cpython-310-x86_64-linux-gnu.so" to ""
[4.234s] -- Installing: /home/krishnapranav/mj_manipulation/mujoco_manipulation/install/armos_interfaces/lib/python3.10/site-packages/armos_interfaces/armos_interfaces_s__rosidl_typesupport_c.cpython-310-x86_64-linux-gnu.so
[4.234s] -- Set runtime path of "/home/krishnapranav/mj_manipulation/mujoco_manipulation/install/armos_interfaces/lib/python3.10/site-packages/armos_interfaces/armos_interfaces_s__rosidl_typesupport_c.cpython-310-x86_64-linux-gnu.so" to ""
[4.234s] -- Installing: /home/krishnapranav/mj_manipulation/mujoco_manipulation/install/armos_interfaces/lib/libarmos_interfaces__rosidl_generator_py.so
[4.234s] -- Set runtime path of "/home/krishnapranav/mj_manipulation/mujoco_manipulation/install/armos_interfaces/lib/libarmos_interfaces__rosidl_generator_py.so" to ""
[4.234s] -- Installing: /home/krishnapranav/mj_manipulation/mujoco_manipulation/install/armos_interfaces/share/armos_interfaces/srv/ArmosSetMode.idl
[4.234s] -- Installing: /home/krishnapranav/mj_manipulation/mujoco_manipulation/install/armos_interfaces/share/armos_interfaces/msg/ArmosTelemetry.idl
[4.234s] -- Installing: /home/krishnapranav/mj_manipulation/mujoco_manipulation/install/armos_interfaces/share/armos_interfaces/msg/ArmosJointControl.idl
[4.235s] -- Installing: /home/krishnapranav/mj_manipulation/mujoco_manipulation/install/armos_interfaces/share/armos_interfaces/msg/ArmosCartControl.idl
[4.235s] -- Installing: /home/krishnapranav/mj_manipulation/mujoco_manipulation/install/armos_interfaces/share/armos_interfaces/srv/ArmosSetMode.srv
[4.235s] -- Installing: /home/krishnapranav/mj_manipulation/mujoco_manipulation/install/armos_interfaces/share/armos_interfaces/srv/ArmosSetMode_Request.msg
[4.235s] -- Installing: /home/krishnapranav/mj_manipulation/mujoco_manipulation/install/armos_interfaces/share/armos_interfaces/srv/ArmosSetMode_Response.msg
[4.235s] -- Installing: /home/krishnapranav/mj_manipulation/mujoco_manipulation/install/armos_interfaces/share/armos_interfaces/msg/ArmosTelemetry.msg
[4.235s] -- Installing: /home/krishnapranav/mj_manipulation/mujoco_manipulation/install/armos_interfaces/share/armos_interfaces/msg/ArmosJointControl.msg
[4.235s] -- Installing: /home/krishnapranav/mj_manipulation/mujoco_manipulation/install/armos_interfaces/share/armos_interfaces/msg/ArmosCartControl.msg
[4.235s] -- Installing: /home/krishnapranav/mj_manipulation/mujoco_manipulation/install/armos_interfaces/share/ament_index/resource_index/package_run_dependencies/armos_interfaces
[4.235s] -- Installing: /home/krishnapranav/mj_manipulation/mujoco_manipulation/install/armos_interfaces/share/ament_index/resource_index/parent_prefix_path/armos_interfaces
[4.235s] -- Installing: /home/krishnapranav/mj_manipulation/mujoco_manipulation/install/armos_interfaces/share/armos_interfaces/environment/ament_prefix_path.sh
[4.236s] -- Installing: /home/krishnapranav/mj_manipulation/mujoco_manipulation/install/armos_interfaces/share/armos_interfaces/environment/ament_prefix_path.dsv
[4.236s] -- Installing: /home/krishnapranav/mj_manipulation/mujoco_manipulation/install/armos_interfaces/share/armos_interfaces/environment/path.sh
[4.236s] -- Installing: /home/krishnapranav/mj_manipulation/mujoco_manipulation/install/armos_interfaces/share/armos_interfaces/environment/path.dsv
[4.236s] -- Installing: /home/krishnapranav/mj_manipulation/mujoco_manipulation/install/armos_interfaces/share/armos_interfaces/local_setup.bash
[4.236s] -- Installing: /home/krishnapranav/mj_manipulation/mujoco_manipulation/install/armos_interfaces/share/armos_interfaces/local_setup.sh
[4.236s] -- Installing: /home/krishnapranav/mj_manipulation/mujoco_manipulation/install/armos_interfaces/share/armos_interfaces/local_setup.zsh
[4.236s] -- Installing: /home/krishnapranav/mj_manipulation/mujoco_manipulation/install/armos_interfaces/share/armos_interfaces/local_setup.dsv
[4.236s] -- Installing: /home/krishnapranav/mj_manipulation/mujoco_manipulation/install/armos_interfaces/share/armos_interfaces/package.dsv
[4.236s] -- Installing: /home/krishnapranav/mj_manipulation/mujoco_manipulation/install/armos_interfaces/share/ament_index/resource_index/packages/armos_interfaces
[4.236s] -- Installing: /home/krishnapranav/mj_manipulation/mujoco_manipulation/install/armos_interfaces/share/armos_interfaces/cmake/export_armos_interfaces__rosidl_generator_cExport.cmake
[4.236s] -- Installing: /home/krishnapranav/mj_manipulation/mujoco_manipulation/install/armos_interfaces/share/armos_interfaces/cmake/export_armos_interfaces__rosidl_generator_cExport-noconfig.cmake
[4.237s] -- Installing: /home/krishnapranav/mj_manipulation/mujoco_manipulation/install/armos_interfaces/share/armos_interfaces/cmake/export_armos_interfaces__rosidl_typesupport_fastrtps_cExport.cmake
[4.237s] -- Installing: /home/krishnapranav/mj_manipulation/mujoco_manipulation/install/armos_interfaces/share/armos_interfaces/cmake/export_armos_interfaces__rosidl_typesupport_fastrtps_cExport-noconfig.cmake
[4.237s] -- Installing: /home/krishnapranav/mj_manipulation/mujoco_manipulation/install/armos_interfaces/share/armos_interfaces/cmake/armos_interfaces__rosidl_typesupport_introspection_cExport.cmake
[4.237s] -- Installing: /home/krishnapranav/mj_manipulation/mujoco_manipulation/install/armos_interfaces/share/armos_interfaces/cmake/armos_interfaces__rosidl_typesupport_introspection_cExport-noconfig.cmake
[4.237s] -- Installing: /home/krishnapranav/mj_manipulation/mujoco_manipulation/install/armos_interfaces/share/armos_interfaces/cmake/armos_interfaces__rosidl_typesupport_cExport.cmake
[4.237s] -- Installing: /home/krishnapranav/mj_manipulation/mujoco_manipulation/install/armos_interfaces/share/armos_interfaces/cmake/armos_interfaces__rosidl_typesupport_cExport-noconfig.cmake
[4.237s] -- Installing: /home/krishnapranav/mj_manipulation/mujoco_manipulation/install/armos_interfaces/share/armos_interfaces/cmake/export_armos_interfaces__rosidl_generator_cppExport.cmake
[4.237s] -- Installing: /home/krishnapranav/mj_manipulation/mujoco_manipulation/install/armos_interfaces/share/armos_interfaces/cmake/export_armos_interfaces__rosidl_typesupport_fastrtps_cppExport.cmake
[4.237s] -- Installing: /home/krishnapranav/mj_manipulation/mujoco_manipulation/install/armos_interfaces/share/armos_interfaces/cmake/export_armos_interfaces__rosidl_typesupport_fastrtps_cppExport-noconfig.cmake
[4.237s] -- Installing: /home/krishnapranav/mj_manipulation/mujoco_manipulation/install/armos_interfaces/share/armos_interfaces/cmake/armos_interfaces__rosidl_typesupport_introspection_cppExport.cmake
[4.238s] -- Installing: /home/krishnapranav/mj_manipulation/mujoco_manipulation/install/armos_interfaces/share/armos_interfaces/cmake/armos_interfaces__rosidl_typesupport_introspection_cppExport-noconfig.cmake
[4.238s] -- Installing: /home/krishnapranav/mj_manipulation/mujoco_manipulation/install/armos_interfaces/share/armos_interfaces/cmake/armos_interfaces__rosidl_typesupport_cppExport.cmake
[4.238s] -- Installing: /home/krishnapranav/mj_manipulation/mujoco_manipulation/install/armos_interfaces/share/armos_interfaces/cmake/armos_interfaces__rosidl_typesupport_cppExport-noconfig.cmake
[4.239s] -- Installing: /home/krishnapranav/mj_manipulation/mujoco_manipulation/install/armos_interfaces/share/armos_interfaces/cmake/export_armos_interfaces__rosidl_generator_pyExport.cmake
[4.239s] -- Installing: /home/krishnapranav/mj_manipulation/mujoco_manipulation/install/armos_interfaces/share/armos_interfaces/cmake/export_armos_interfaces__rosidl_generator_pyExport-noconfig.cmake
[4.240s] -- Installing: /home/krishnapranav/mj_manipulation/mujoco_manipulation/install/armos_interfaces/share/armos_interfaces/cmake/rosidl_cmake-extras.cmake
[4.240s] -- Installing: /home/krishnapranav/mj_manipulation/mujoco_manipulation/install/armos_interfaces/share/armos_interfaces/cmake/ament_cmake_export_include_directories-extras.cmake
[4.240s] -- Installing: /home/krishnapranav/mj_manipulation/mujoco_manipulation/install/armos_interfaces/share/armos_interfaces/cmake/ament_cmake_export_libraries-extras.cmake
[4.240s] -- Installing: /home/krishnapranav/mj_manipulation/mujoco_manipulation/install/armos_interfaces/share/armos_interfaces/cmake/ament_cmake_export_targets-extras.cmake
[4.240s] -- Installing: /home/krishnapranav/mj_manipulation/mujoco_manipulation/install/armos_interfaces/share/armos_interfaces/cmake/rosidl_cmake_export_typesupport_targets-extras.cmake
[4.240s] -- Installing: /home/krishnapranav/mj_manipulation/mujoco_manipulation/install/armos_interfaces/share/armos_interfaces/cmake/ament_cmake_export_dependencies-extras.cmake
[4.240s] -- Installing: /home/krishnapranav/mj_manipulation/mujoco_manipulation/install/armos_interfaces/share/armos_interfaces/cmake/rosidl_cmake_export_typesupport_libraries-extras.cmake
[4.240s] -- Installing: /home/krishnapranav/mj_manipulation/mujoco_manipulation/install/armos_interfaces/share/armos_interfaces/cmake/armos_interfacesConfig.cmake
[4.240s] -- Installing: /home/krishnapranav/mj_manipulation/mujoco_manipulation/install/armos_interfaces/share/armos_interfaces/cmake/armos_interfacesConfig-version.cmake
[4.240s] -- Installing: /home/krishnapranav/mj_manipulation/mujoco_manipulation/install/armos_interfaces/share/armos_interfaces/package.xml
[4.241s] Invoked command in '/home/krishnapranav/mj_manipulation/mujoco_manipulation/build/armos_interfaces' returned '0': CMAKE_PREFIX_PATH=${CMAKE_PREFIX_PATH}:/opt/ros/humble PS1=(armos) \[\e]0;\u@\h: \w\a\]${debian_chroot:+($debian_chroot)}\[\033[01;32m\]\u@\h\[\033[00m\]:\[\033[01;34m\]\w\[\033[00m\]\$ VIRTUAL_ENV_PROMPT=(armos) /usr/bin/cmake --install /home/krishnapranav/mj_manipulation/mujoco_manipulation/build/armos_interfaces
