[0.314s] DEBUG:colcon:Command line arguments: ['/usr/bin/colcon', 'build']
[0.314s] DEBUG:colcon:Parsed command line arguments: Namespace(log_base=None, log_level=None, verb_name='build', build_base='build', install_base='install', merge_install=False, symlink_install=False, test_result_base=None, continue_on_error=False, executor='parallel', parallel_workers=12, event_handlers=None, ignore_user_meta=False, metas=['./colcon.meta'], base_paths=['.'], packages_ignore=None, packages_ignore_regex=None, paths=None, packages_up_to=None, packages_up_to_regex=None, packages_above=None, packages_above_and_dependencies=None, packages_above_depth=None, packages_select_by_dep=None, packages_skip_by_dep=None, packages_skip_up_to=None, packages_select_build_failed=False, packages_skip_build_finished=False, packages_select_test_failures=False, packages_skip_test_passed=False, packages_select=None, packages_skip=None, packages_select_regex=None, packages_skip_regex=None, packages_start=None, packages_end=None, allow_overriding=[], cmake_args=None, cmake_target=None, cmake_target_skip_unavailable=False, cmake_clean_cache=False, cmake_clean_first=False, cmake_force_configure=False, ament_cmake_args=None, catkin_cmake_args=None, catkin_skip_building_tests=False, mixin_files=None, mixin=None, verb_parser=<colcon_mixin.mixin.mixin_argument.MixinArgumentDecorator object at 0x70f5e880d7e0>, verb_extension=<colcon_core.verb.build.BuildVerb object at 0x70f5e880d1e0>, main=<bound method BuildVerb.main of <colcon_core.verb.build.BuildVerb object at 0x70f5e880d1e0>>, mixin_verb=('build',))
[0.345s] Level 1:colcon.colcon_core.package_discovery:discover_packages(colcon_meta) check parameters
[0.345s] Level 1:colcon.colcon_core.package_discovery:discover_packages(recursive) check parameters
[0.345s] Level 1:colcon.colcon_core.package_discovery:discover_packages(ignore) check parameters
[0.345s] Level 1:colcon.colcon_core.package_discovery:discover_packages(path) check parameters
[0.345s] Level 1:colcon.colcon_core.package_discovery:discover_packages(colcon_meta) discover
[0.345s] Level 1:colcon.colcon_core.package_discovery:discover_packages(recursive) discover
[0.345s] INFO:colcon.colcon_core.package_discovery:Crawling recursively for packages in '/home/krishnapranav/mj_manipulation/mujoco_manipulation'
[0.345s] Level 1:colcon.colcon_core.package_identification:_identify(.) by extensions ['ignore', 'ignore_ament_install']
[0.345s] Level 1:colcon.colcon_core.package_identification:_identify(.) by extension 'ignore'
[0.345s] Level 1:colcon.colcon_core.package_identification:_identify(.) by extension 'ignore_ament_install'
[0.345s] Level 1:colcon.colcon_core.package_identification:_identify(.) by extensions ['colcon_pkg']
[0.345s] Level 1:colcon.colcon_core.package_identification:_identify(.) by extension 'colcon_pkg'
[0.345s] Level 1:colcon.colcon_core.package_identification:_identify(.) by extensions ['colcon_meta']
[0.345s] Level 1:colcon.colcon_core.package_identification:_identify(.) by extension 'colcon_meta'
[0.345s] Level 1:colcon.colcon_core.package_identification:_identify(.) by extensions ['ros']
[0.345s] Level 1:colcon.colcon_core.package_identification:_identify(.) by extension 'ros'
[0.362s] Level 1:colcon.colcon_core.package_identification:_identify(.) by extensions ['cmake', 'python']
[0.362s] Level 1:colcon.colcon_core.package_identification:_identify(.) by extension 'cmake'
[0.362s] Level 1:colcon.colcon_core.package_identification:_identify(.) by extension 'python'
[0.362s] Level 1:colcon.colcon_core.package_identification:_identify(.) by extensions ['python_setup_py']
[0.362s] Level 1:colcon.colcon_core.package_identification:_identify(.) by extension 'python_setup_py'
[0.362s] Level 1:colcon.colcon_core.package_identification:_identify(armos_ros2) by extensions ['ignore', 'ignore_ament_install']
[0.362s] Level 1:colcon.colcon_core.package_identification:_identify(armos_ros2) by extension 'ignore'
[0.362s] Level 1:colcon.colcon_core.package_identification:_identify(armos_ros2) by extension 'ignore_ament_install'
[0.362s] Level 1:colcon.colcon_core.package_identification:_identify(armos_ros2) by extensions ['colcon_pkg']
[0.362s] Level 1:colcon.colcon_core.package_identification:_identify(armos_ros2) by extension 'colcon_pkg'
[0.362s] Level 1:colcon.colcon_core.package_identification:_identify(armos_ros2) by extensions ['colcon_meta']
[0.362s] Level 1:colcon.colcon_core.package_identification:_identify(armos_ros2) by extension 'colcon_meta'
[0.363s] Level 1:colcon.colcon_core.package_identification:_identify(armos_ros2) by extensions ['ros']
[0.363s] Level 1:colcon.colcon_core.package_identification:_identify(armos_ros2) by extension 'ros'
[0.363s] Level 1:colcon.colcon_core.package_identification:_identify(armos_ros2) by extensions ['cmake', 'python']
[0.363s] Level 1:colcon.colcon_core.package_identification:_identify(armos_ros2) by extension 'cmake'
[0.363s] Level 1:colcon.colcon_core.package_identification:_identify(armos_ros2) by extension 'python'
[0.363s] Level 1:colcon.colcon_core.package_identification:_identify(armos_ros2) by extensions ['python_setup_py']
[0.363s] Level 1:colcon.colcon_core.package_identification:_identify(armos_ros2) by extension 'python_setup_py'
[0.363s] Level 1:colcon.colcon_core.package_identification:_identify(armos_ros2/pkgs) by extensions ['ignore', 'ignore_ament_install']
[0.363s] Level 1:colcon.colcon_core.package_identification:_identify(armos_ros2/pkgs) by extension 'ignore'
[0.363s] Level 1:colcon.colcon_core.package_identification:_identify(armos_ros2/pkgs) by extension 'ignore_ament_install'
[0.363s] Level 1:colcon.colcon_core.package_identification:_identify(armos_ros2/pkgs) by extensions ['colcon_pkg']
[0.363s] Level 1:colcon.colcon_core.package_identification:_identify(armos_ros2/pkgs) by extension 'colcon_pkg'
[0.363s] Level 1:colcon.colcon_core.package_identification:_identify(armos_ros2/pkgs) by extensions ['colcon_meta']
[0.363s] Level 1:colcon.colcon_core.package_identification:_identify(armos_ros2/pkgs) by extension 'colcon_meta'
[0.363s] Level 1:colcon.colcon_core.package_identification:_identify(armos_ros2/pkgs) by extensions ['ros']
[0.363s] Level 1:colcon.colcon_core.package_identification:_identify(armos_ros2/pkgs) by extension 'ros'
[0.363s] Level 1:colcon.colcon_core.package_identification:_identify(armos_ros2/pkgs) by extensions ['cmake', 'python']
[0.363s] Level 1:colcon.colcon_core.package_identification:_identify(armos_ros2/pkgs) by extension 'cmake'
[0.363s] Level 1:colcon.colcon_core.package_identification:_identify(armos_ros2/pkgs) by extension 'python'
[0.363s] Level 1:colcon.colcon_core.package_identification:_identify(armos_ros2/pkgs) by extensions ['python_setup_py']
[0.363s] Level 1:colcon.colcon_core.package_identification:_identify(armos_ros2/pkgs) by extension 'python_setup_py'
[0.363s] Level 1:colcon.colcon_core.package_identification:_identify(armos_ros2/pkgs/armos_control) by extensions ['ignore', 'ignore_ament_install']
[0.363s] Level 1:colcon.colcon_core.package_identification:_identify(armos_ros2/pkgs/armos_control) by extension 'ignore'
[0.363s] Level 1:colcon.colcon_core.package_identification:_identify(armos_ros2/pkgs/armos_control) by extension 'ignore_ament_install'
[0.363s] Level 1:colcon.colcon_core.package_identification:_identify(armos_ros2/pkgs/armos_control) by extensions ['colcon_pkg']
[0.363s] Level 1:colcon.colcon_core.package_identification:_identify(armos_ros2/pkgs/armos_control) by extension 'colcon_pkg'
[0.363s] Level 1:colcon.colcon_core.package_identification:_identify(armos_ros2/pkgs/armos_control) by extensions ['colcon_meta']
[0.363s] Level 1:colcon.colcon_core.package_identification:_identify(armos_ros2/pkgs/armos_control) by extension 'colcon_meta'
[0.363s] Level 1:colcon.colcon_core.package_identification:_identify(armos_ros2/pkgs/armos_control) by extensions ['ros']
[0.363s] Level 1:colcon.colcon_core.package_identification:_identify(armos_ros2/pkgs/armos_control) by extension 'ros'
[0.366s] DEBUG:colcon.colcon_core.package_identification:Package 'armos_ros2/pkgs/armos_control' with type 'ros.ament_cmake' and name 'armos_control'
[0.367s] Level 1:colcon.colcon_core.package_identification:_identify(armos_ros2/pkgs/armos_interfaces) by extensions ['ignore', 'ignore_ament_install']
[0.367s] Level 1:colcon.colcon_core.package_identification:_identify(armos_ros2/pkgs/armos_interfaces) by extension 'ignore'
[0.367s] Level 1:colcon.colcon_core.package_identification:_identify(armos_ros2/pkgs/armos_interfaces) by extension 'ignore_ament_install'
[0.367s] Level 1:colcon.colcon_core.package_identification:_identify(armos_ros2/pkgs/armos_interfaces) by extensions ['colcon_pkg']
[0.367s] Level 1:colcon.colcon_core.package_identification:_identify(armos_ros2/pkgs/armos_interfaces) by extension 'colcon_pkg'
[0.367s] Level 1:colcon.colcon_core.package_identification:_identify(armos_ros2/pkgs/armos_interfaces) by extensions ['colcon_meta']
[0.367s] Level 1:colcon.colcon_core.package_identification:_identify(armos_ros2/pkgs/armos_interfaces) by extension 'colcon_meta'
[0.367s] Level 1:colcon.colcon_core.package_identification:_identify(armos_ros2/pkgs/armos_interfaces) by extensions ['ros']
[0.367s] Level 1:colcon.colcon_core.package_identification:_identify(armos_ros2/pkgs/armos_interfaces) by extension 'ros'
[0.368s] DEBUG:colcon.colcon_core.package_identification:Package 'armos_ros2/pkgs/armos_interfaces' with type 'ros.ament_cmake' and name 'armos_interfaces'
[0.368s] Level 1:colcon.colcon_core.package_identification:_identify(armos_sim) by extensions ['ignore', 'ignore_ament_install']
[0.368s] Level 1:colcon.colcon_core.package_identification:_identify(armos_sim) by extension 'ignore'
[0.368s] Level 1:colcon.colcon_core.package_identification:_identify(armos_sim) by extension 'ignore_ament_install'
[0.368s] Level 1:colcon.colcon_core.package_identification:_identify(armos_sim) by extensions ['colcon_pkg']
[0.368s] Level 1:colcon.colcon_core.package_identification:_identify(armos_sim) by extension 'colcon_pkg'
[0.368s] Level 1:colcon.colcon_core.package_identification:_identify(armos_sim) by extensions ['colcon_meta']
[0.368s] Level 1:colcon.colcon_core.package_identification:_identify(armos_sim) by extension 'colcon_meta'
[0.368s] Level 1:colcon.colcon_core.package_identification:_identify(armos_sim) by extensions ['ros']
[0.368s] Level 1:colcon.colcon_core.package_identification:_identify(armos_sim) by extension 'ros'
[0.368s] Level 1:colcon.colcon_core.package_identification:_identify(armos_sim) by extensions ['cmake', 'python']
[0.368s] Level 1:colcon.colcon_core.package_identification:_identify(armos_sim) by extension 'cmake'
[0.368s] Level 1:colcon.colcon_core.package_identification:_identify(armos_sim) by extension 'python'
[0.368s] Level 1:colcon.colcon_core.package_identification:_identify(armos_sim) by extensions ['python_setup_py']
[0.368s] Level 1:colcon.colcon_core.package_identification:_identify(armos_sim) by extension 'python_setup_py'
[0.368s] Level 1:colcon.colcon_core.package_identification:_identify(armos_sim/armos.egg-info) by extensions ['ignore', 'ignore_ament_install']
[0.368s] Level 1:colcon.colcon_core.package_identification:_identify(armos_sim/armos.egg-info) by extension 'ignore'
[0.368s] Level 1:colcon.colcon_core.package_identification:_identify(armos_sim/armos.egg-info) by extension 'ignore_ament_install'
[0.368s] Level 1:colcon.colcon_core.package_identification:_identify(armos_sim/armos.egg-info) by extensions ['colcon_pkg']
[0.368s] Level 1:colcon.colcon_core.package_identification:_identify(armos_sim/armos.egg-info) by extension 'colcon_pkg'
[0.368s] Level 1:colcon.colcon_core.package_identification:_identify(armos_sim/armos.egg-info) by extensions ['colcon_meta']
[0.368s] Level 1:colcon.colcon_core.package_identification:_identify(armos_sim/armos.egg-info) by extension 'colcon_meta'
[0.368s] Level 1:colcon.colcon_core.package_identification:_identify(armos_sim/armos.egg-info) by extensions ['ros']
[0.368s] Level 1:colcon.colcon_core.package_identification:_identify(armos_sim/armos.egg-info) by extension 'ros'
[0.368s] Level 1:colcon.colcon_core.package_identification:_identify(armos_sim/armos.egg-info) by extensions ['cmake', 'python']
[0.368s] Level 1:colcon.colcon_core.package_identification:_identify(armos_sim/armos.egg-info) by extension 'cmake'
[0.368s] Level 1:colcon.colcon_core.package_identification:_identify(armos_sim/armos.egg-info) by extension 'python'
[0.368s] Level 1:colcon.colcon_core.package_identification:_identify(armos_sim/armos.egg-info) by extensions ['python_setup_py']
[0.368s] Level 1:colcon.colcon_core.package_identification:_identify(armos_sim/armos.egg-info) by extension 'python_setup_py'
[0.368s] Level 1:colcon.colcon_core.package_identification:_identify(armos_sim/assets) by extensions ['ignore', 'ignore_ament_install']
[0.369s] Level 1:colcon.colcon_core.package_identification:_identify(armos_sim/assets) by extension 'ignore'
[0.369s] Level 1:colcon.colcon_core.package_identification:_identify(armos_sim/assets) by extension 'ignore_ament_install'
[0.369s] Level 1:colcon.colcon_core.package_identification:_identify(armos_sim/assets) by extensions ['colcon_pkg']
[0.369s] Level 1:colcon.colcon_core.package_identification:_identify(armos_sim/assets) by extension 'colcon_pkg'
[0.369s] Level 1:colcon.colcon_core.package_identification:_identify(armos_sim/assets) by extensions ['colcon_meta']
[0.369s] Level 1:colcon.colcon_core.package_identification:_identify(armos_sim/assets) by extension 'colcon_meta'
[0.369s] Level 1:colcon.colcon_core.package_identification:_identify(armos_sim/assets) by extensions ['ros']
[0.369s] Level 1:colcon.colcon_core.package_identification:_identify(armos_sim/assets) by extension 'ros'
[0.369s] Level 1:colcon.colcon_core.package_identification:_identify(armos_sim/assets) by extensions ['cmake', 'python']
[0.369s] Level 1:colcon.colcon_core.package_identification:_identify(armos_sim/assets) by extension 'cmake'
[0.369s] Level 1:colcon.colcon_core.package_identification:_identify(armos_sim/assets) by extension 'python'
[0.369s] Level 1:colcon.colcon_core.package_identification:_identify(armos_sim/assets) by extensions ['python_setup_py']
[0.369s] Level 1:colcon.colcon_core.package_identification:_identify(armos_sim/assets) by extension 'python_setup_py'
[0.369s] Level 1:colcon.colcon_core.package_identification:_identify(armos_sim/assets/duman) by extensions ['ignore', 'ignore_ament_install']
[0.369s] Level 1:colcon.colcon_core.package_identification:_identify(armos_sim/assets/duman) by extension 'ignore'
[0.369s] Level 1:colcon.colcon_core.package_identification:_identify(armos_sim/assets/duman) by extension 'ignore_ament_install'
[0.369s] Level 1:colcon.colcon_core.package_identification:_identify(armos_sim/assets/duman) by extensions ['colcon_pkg']
[0.369s] Level 1:colcon.colcon_core.package_identification:_identify(armos_sim/assets/duman) by extension 'colcon_pkg'
[0.369s] Level 1:colcon.colcon_core.package_identification:_identify(armos_sim/assets/duman) by extensions ['colcon_meta']
[0.369s] Level 1:colcon.colcon_core.package_identification:_identify(armos_sim/assets/duman) by extension 'colcon_meta'
[0.369s] Level 1:colcon.colcon_core.package_identification:_identify(armos_sim/assets/duman) by extensions ['ros']
[0.369s] Level 1:colcon.colcon_core.package_identification:_identify(armos_sim/assets/duman) by extension 'ros'
[0.369s] Level 1:colcon.colcon_core.package_identification:_identify(armos_sim/assets/duman) by extensions ['cmake', 'python']
[0.369s] Level 1:colcon.colcon_core.package_identification:_identify(armos_sim/assets/duman) by extension 'cmake'
[0.369s] Level 1:colcon.colcon_core.package_identification:_identify(armos_sim/assets/duman) by extension 'python'
[0.369s] Level 1:colcon.colcon_core.package_identification:_identify(armos_sim/assets/duman) by extensions ['python_setup_py']
[0.369s] Level 1:colcon.colcon_core.package_identification:_identify(armos_sim/assets/duman) by extension 'python_setup_py'
[0.369s] Level 1:colcon.colcon_core.package_identification:_identify(armos_sim/assets/duman/meshes) by extensions ['ignore', 'ignore_ament_install']
[0.369s] Level 1:colcon.colcon_core.package_identification:_identify(armos_sim/assets/duman/meshes) by extension 'ignore'
[0.369s] Level 1:colcon.colcon_core.package_identification:_identify(armos_sim/assets/duman/meshes) by extension 'ignore_ament_install'
[0.369s] Level 1:colcon.colcon_core.package_identification:_identify(armos_sim/assets/duman/meshes) by extensions ['colcon_pkg']
[0.369s] Level 1:colcon.colcon_core.package_identification:_identify(armos_sim/assets/duman/meshes) by extension 'colcon_pkg'
[0.369s] Level 1:colcon.colcon_core.package_identification:_identify(armos_sim/assets/duman/meshes) by extensions ['colcon_meta']
[0.369s] Level 1:colcon.colcon_core.package_identification:_identify(armos_sim/assets/duman/meshes) by extension 'colcon_meta'
[0.369s] Level 1:colcon.colcon_core.package_identification:_identify(armos_sim/assets/duman/meshes) by extensions ['ros']
[0.369s] Level 1:colcon.colcon_core.package_identification:_identify(armos_sim/assets/duman/meshes) by extension 'ros'
[0.369s] Level 1:colcon.colcon_core.package_identification:_identify(armos_sim/assets/duman/meshes) by extensions ['cmake', 'python']
[0.369s] Level 1:colcon.colcon_core.package_identification:_identify(armos_sim/assets/duman/meshes) by extension 'cmake'
[0.369s] Level 1:colcon.colcon_core.package_identification:_identify(armos_sim/assets/duman/meshes) by extension 'python'
[0.369s] Level 1:colcon.colcon_core.package_identification:_identify(armos_sim/assets/duman/meshes) by extensions ['python_setup_py']
[0.369s] Level 1:colcon.colcon_core.package_identification:_identify(armos_sim/assets/duman/meshes) by extension 'python_setup_py'
[0.370s] Level 1:colcon.colcon_core.package_identification:_identify(armos_sim/assets/duman/meshes/grippers) by extensions ['ignore', 'ignore_ament_install']
[0.370s] Level 1:colcon.colcon_core.package_identification:_identify(armos_sim/assets/duman/meshes/grippers) by extension 'ignore'
[0.370s] Level 1:colcon.colcon_core.package_identification:_identify(armos_sim/assets/duman/meshes/grippers) by extension 'ignore_ament_install'
[0.370s] Level 1:colcon.colcon_core.package_identification:_identify(armos_sim/assets/duman/meshes/grippers) by extensions ['colcon_pkg']
[0.370s] Level 1:colcon.colcon_core.package_identification:_identify(armos_sim/assets/duman/meshes/grippers) by extension 'colcon_pkg'
[0.370s] Level 1:colcon.colcon_core.package_identification:_identify(armos_sim/assets/duman/meshes/grippers) by extensions ['colcon_meta']
[0.370s] Level 1:colcon.colcon_core.package_identification:_identify(armos_sim/assets/duman/meshes/grippers) by extension 'colcon_meta'
[0.370s] Level 1:colcon.colcon_core.package_identification:_identify(armos_sim/assets/duman/meshes/grippers) by extensions ['ros']
[0.370s] Level 1:colcon.colcon_core.package_identification:_identify(armos_sim/assets/duman/meshes/grippers) by extension 'ros'
[0.370s] Level 1:colcon.colcon_core.package_identification:_identify(armos_sim/assets/duman/meshes/grippers) by extensions ['cmake', 'python']
[0.370s] Level 1:colcon.colcon_core.package_identification:_identify(armos_sim/assets/duman/meshes/grippers) by extension 'cmake'
[0.370s] Level 1:colcon.colcon_core.package_identification:_identify(armos_sim/assets/duman/meshes/grippers) by extension 'python'
[0.370s] Level 1:colcon.colcon_core.package_identification:_identify(armos_sim/assets/duman/meshes/grippers) by extensions ['python_setup_py']
[0.370s] Level 1:colcon.colcon_core.package_identification:_identify(armos_sim/assets/duman/meshes/grippers) by extension 'python_setup_py'
[0.370s] Level 1:colcon.colcon_core.package_identification:_identify(armos_sim/assets/duman/meshes/grippers/dg3fm) by extensions ['ignore', 'ignore_ament_install']
[0.370s] Level 1:colcon.colcon_core.package_identification:_identify(armos_sim/assets/duman/meshes/grippers/dg3fm) by extension 'ignore'
[0.370s] Level 1:colcon.colcon_core.package_identification:_identify(armos_sim/assets/duman/meshes/grippers/dg3fm) by extension 'ignore_ament_install'
[0.370s] Level 1:colcon.colcon_core.package_identification:_identify(armos_sim/assets/duman/meshes/grippers/dg3fm) by extensions ['colcon_pkg']
[0.370s] Level 1:colcon.colcon_core.package_identification:_identify(armos_sim/assets/duman/meshes/grippers/dg3fm) by extension 'colcon_pkg'
[0.370s] Level 1:colcon.colcon_core.package_identification:_identify(armos_sim/assets/duman/meshes/grippers/dg3fm) by extensions ['colcon_meta']
[0.370s] Level 1:colcon.colcon_core.package_identification:_identify(armos_sim/assets/duman/meshes/grippers/dg3fm) by extension 'colcon_meta'
[0.370s] Level 1:colcon.colcon_core.package_identification:_identify(armos_sim/assets/duman/meshes/grippers/dg3fm) by extensions ['ros']
[0.370s] Level 1:colcon.colcon_core.package_identification:_identify(armos_sim/assets/duman/meshes/grippers/dg3fm) by extension 'ros'
[0.370s] Level 1:colcon.colcon_core.package_identification:_identify(armos_sim/assets/duman/meshes/grippers/dg3fm) by extensions ['cmake', 'python']
[0.370s] Level 1:colcon.colcon_core.package_identification:_identify(armos_sim/assets/duman/meshes/grippers/dg3fm) by extension 'cmake'
[0.370s] Level 1:colcon.colcon_core.package_identification:_identify(armos_sim/assets/duman/meshes/grippers/dg3fm) by extension 'python'
[0.370s] Level 1:colcon.colcon_core.package_identification:_identify(armos_sim/assets/duman/meshes/grippers/dg3fm) by extensions ['python_setup_py']
[0.370s] Level 1:colcon.colcon_core.package_identification:_identify(armos_sim/assets/duman/meshes/grippers/dg3fm) by extension 'python_setup_py'
[0.370s] Level 1:colcon.colcon_core.package_identification:_identify(armos_sim/assets/duman/meshes/grippers/dh_robotics_ag145) by extensions ['ignore', 'ignore_ament_install']
[0.370s] Level 1:colcon.colcon_core.package_identification:_identify(armos_sim/assets/duman/meshes/grippers/dh_robotics_ag145) by extension 'ignore'
[0.370s] Level 1:colcon.colcon_core.package_identification:_identify(armos_sim/assets/duman/meshes/grippers/dh_robotics_ag145) by extension 'ignore_ament_install'
[0.370s] Level 1:colcon.colcon_core.package_identification:_identify(armos_sim/assets/duman/meshes/grippers/dh_robotics_ag145) by extensions ['colcon_pkg']
[0.370s] Level 1:colcon.colcon_core.package_identification:_identify(armos_sim/assets/duman/meshes/grippers/dh_robotics_ag145) by extension 'colcon_pkg'
[0.370s] Level 1:colcon.colcon_core.package_identification:_identify(armos_sim/assets/duman/meshes/grippers/dh_robotics_ag145) by extensions ['colcon_meta']
[0.370s] Level 1:colcon.colcon_core.package_identification:_identify(armos_sim/assets/duman/meshes/grippers/dh_robotics_ag145) by extension 'colcon_meta'
[0.370s] Level 1:colcon.colcon_core.package_identification:_identify(armos_sim/assets/duman/meshes/grippers/dh_robotics_ag145) by extensions ['ros']
[0.370s] Level 1:colcon.colcon_core.package_identification:_identify(armos_sim/assets/duman/meshes/grippers/dh_robotics_ag145) by extension 'ros'
[0.370s] Level 1:colcon.colcon_core.package_identification:_identify(armos_sim/assets/duman/meshes/grippers/dh_robotics_ag145) by extensions ['cmake', 'python']
[0.370s] Level 1:colcon.colcon_core.package_identification:_identify(armos_sim/assets/duman/meshes/grippers/dh_robotics_ag145) by extension 'cmake'
[0.371s] Level 1:colcon.colcon_core.package_identification:_identify(armos_sim/assets/duman/meshes/grippers/dh_robotics_ag145) by extension 'python'
[0.371s] Level 1:colcon.colcon_core.package_identification:_identify(armos_sim/assets/duman/meshes/grippers/dh_robotics_ag145) by extensions ['python_setup_py']
[0.371s] Level 1:colcon.colcon_core.package_identification:_identify(armos_sim/assets/duman/meshes/grippers/dh_robotics_ag145) by extension 'python_setup_py'
[0.371s] Level 1:colcon.colcon_core.package_identification:_identify(armos_sim/assets/franka_emika_panda) by extensions ['ignore', 'ignore_ament_install']
[0.371s] Level 1:colcon.colcon_core.package_identification:_identify(armos_sim/assets/franka_emika_panda) by extension 'ignore'
[0.371s] Level 1:colcon.colcon_core.package_identification:_identify(armos_sim/assets/franka_emika_panda) by extension 'ignore_ament_install'
[0.371s] Level 1:colcon.colcon_core.package_identification:_identify(armos_sim/assets/franka_emika_panda) by extensions ['colcon_pkg']
[0.371s] Level 1:colcon.colcon_core.package_identification:_identify(armos_sim/assets/franka_emika_panda) by extension 'colcon_pkg'
[0.371s] Level 1:colcon.colcon_core.package_identification:_identify(armos_sim/assets/franka_emika_panda) by extensions ['colcon_meta']
[0.371s] Level 1:colcon.colcon_core.package_identification:_identify(armos_sim/assets/franka_emika_panda) by extension 'colcon_meta'
[0.371s] Level 1:colcon.colcon_core.package_identification:_identify(armos_sim/assets/franka_emika_panda) by extensions ['ros']
[0.371s] Level 1:colcon.colcon_core.package_identification:_identify(armos_sim/assets/franka_emika_panda) by extension 'ros'
[0.371s] Level 1:colcon.colcon_core.package_identification:_identify(armos_sim/assets/franka_emika_panda) by extensions ['cmake', 'python']
[0.371s] Level 1:colcon.colcon_core.package_identification:_identify(armos_sim/assets/franka_emika_panda) by extension 'cmake'
[0.371s] Level 1:colcon.colcon_core.package_identification:_identify(armos_sim/assets/franka_emika_panda) by extension 'python'
[0.371s] Level 1:colcon.colcon_core.package_identification:_identify(armos_sim/assets/franka_emika_panda) by extensions ['python_setup_py']
[0.371s] Level 1:colcon.colcon_core.package_identification:_identify(armos_sim/assets/franka_emika_panda) by extension 'python_setup_py'
[0.371s] Level 1:colcon.colcon_core.package_identification:_identify(armos_sim/assets/franka_emika_panda/assets) by extensions ['ignore', 'ignore_ament_install']
[0.371s] Level 1:colcon.colcon_core.package_identification:_identify(armos_sim/assets/franka_emika_panda/assets) by extension 'ignore'
[0.371s] Level 1:colcon.colcon_core.package_identification:_identify(armos_sim/assets/franka_emika_panda/assets) by extension 'ignore_ament_install'
[0.371s] Level 1:colcon.colcon_core.package_identification:_identify(armos_sim/assets/franka_emika_panda/assets) by extensions ['colcon_pkg']
[0.371s] Level 1:colcon.colcon_core.package_identification:_identify(armos_sim/assets/franka_emika_panda/assets) by extension 'colcon_pkg'
[0.371s] Level 1:colcon.colcon_core.package_identification:_identify(armos_sim/assets/franka_emika_panda/assets) by extensions ['colcon_meta']
[0.371s] Level 1:colcon.colcon_core.package_identification:_identify(armos_sim/assets/franka_emika_panda/assets) by extension 'colcon_meta'
[0.371s] Level 1:colcon.colcon_core.package_identification:_identify(armos_sim/assets/franka_emika_panda/assets) by extensions ['ros']
[0.371s] Level 1:colcon.colcon_core.package_identification:_identify(armos_sim/assets/franka_emika_panda/assets) by extension 'ros'
[0.371s] Level 1:colcon.colcon_core.package_identification:_identify(armos_sim/assets/franka_emika_panda/assets) by extensions ['cmake', 'python']
[0.371s] Level 1:colcon.colcon_core.package_identification:_identify(armos_sim/assets/franka_emika_panda/assets) by extension 'cmake'
[0.371s] Level 1:colcon.colcon_core.package_identification:_identify(armos_sim/assets/franka_emika_panda/assets) by extension 'python'
[0.371s] Level 1:colcon.colcon_core.package_identification:_identify(armos_sim/assets/franka_emika_panda/assets) by extensions ['python_setup_py']
[0.371s] Level 1:colcon.colcon_core.package_identification:_identify(armos_sim/assets/franka_emika_panda/assets) by extension 'python_setup_py'
[0.371s] Level 1:colcon.colcon_core.package_identification:_identify(armos_sim/examples) by extensions ['ignore', 'ignore_ament_install']
[0.371s] Level 1:colcon.colcon_core.package_identification:_identify(armos_sim/examples) by extension 'ignore'
[0.371s] Level 1:colcon.colcon_core.package_identification:_identify(armos_sim/examples) by extension 'ignore_ament_install'
[0.371s] Level 1:colcon.colcon_core.package_identification:_identify(armos_sim/examples) by extensions ['colcon_pkg']
[0.371s] Level 1:colcon.colcon_core.package_identification:_identify(armos_sim/examples) by extension 'colcon_pkg'
[0.371s] Level 1:colcon.colcon_core.package_identification:_identify(armos_sim/examples) by extensions ['colcon_meta']
[0.371s] Level 1:colcon.colcon_core.package_identification:_identify(armos_sim/examples) by extension 'colcon_meta'
[0.371s] Level 1:colcon.colcon_core.package_identification:_identify(armos_sim/examples) by extensions ['ros']
[0.371s] Level 1:colcon.colcon_core.package_identification:_identify(armos_sim/examples) by extension 'ros'
[0.371s] Level 1:colcon.colcon_core.package_identification:_identify(armos_sim/examples) by extensions ['cmake', 'python']
[0.372s] Level 1:colcon.colcon_core.package_identification:_identify(armos_sim/examples) by extension 'cmake'
[0.372s] Level 1:colcon.colcon_core.package_identification:_identify(armos_sim/examples) by extension 'python'
[0.372s] Level 1:colcon.colcon_core.package_identification:_identify(armos_sim/examples) by extensions ['python_setup_py']
[0.372s] Level 1:colcon.colcon_core.package_identification:_identify(armos_sim/examples) by extension 'python_setup_py'
[0.372s] Level 1:colcon.colcon_core.package_identification:_identify(armos_sim/sim) by extensions ['ignore', 'ignore_ament_install']
[0.372s] Level 1:colcon.colcon_core.package_identification:_identify(armos_sim/sim) by extension 'ignore'
[0.372s] Level 1:colcon.colcon_core.package_identification:_identify(armos_sim/sim) by extension 'ignore_ament_install'
[0.372s] Level 1:colcon.colcon_core.package_identification:_identify(armos_sim/sim) by extensions ['colcon_pkg']
[0.372s] Level 1:colcon.colcon_core.package_identification:_identify(armos_sim/sim) by extension 'colcon_pkg'
[0.372s] Level 1:colcon.colcon_core.package_identification:_identify(armos_sim/sim) by extensions ['colcon_meta']
[0.372s] Level 1:colcon.colcon_core.package_identification:_identify(armos_sim/sim) by extension 'colcon_meta'
[0.372s] Level 1:colcon.colcon_core.package_identification:_identify(armos_sim/sim) by extensions ['ros']
[0.372s] Level 1:colcon.colcon_core.package_identification:_identify(armos_sim/sim) by extension 'ros'
[0.372s] Level 1:colcon.colcon_core.package_identification:_identify(armos_sim/sim) by extensions ['cmake', 'python']
[0.372s] Level 1:colcon.colcon_core.package_identification:_identify(armos_sim/sim) by extension 'cmake'
[0.372s] Level 1:colcon.colcon_core.package_identification:_identify(armos_sim/sim) by extension 'python'
[0.372s] Level 1:colcon.colcon_core.package_identification:_identify(armos_sim/sim) by extensions ['python_setup_py']
[0.372s] Level 1:colcon.colcon_core.package_identification:_identify(armos_sim/sim) by extension 'python_setup_py'
[0.372s] Level 1:colcon.colcon_core.package_identification:_identify(armos_sim/sim/__pycache__) by extensions ['ignore', 'ignore_ament_install']
[0.372s] Level 1:colcon.colcon_core.package_identification:_identify(armos_sim/sim/__pycache__) by extension 'ignore'
[0.372s] Level 1:colcon.colcon_core.package_identification:_identify(armos_sim/sim/__pycache__) by extension 'ignore_ament_install'
[0.372s] Level 1:colcon.colcon_core.package_identification:_identify(armos_sim/sim/__pycache__) by extensions ['colcon_pkg']
[0.372s] Level 1:colcon.colcon_core.package_identification:_identify(armos_sim/sim/__pycache__) by extension 'colcon_pkg'
[0.372s] Level 1:colcon.colcon_core.package_identification:_identify(armos_sim/sim/__pycache__) by extensions ['colcon_meta']
[0.372s] Level 1:colcon.colcon_core.package_identification:_identify(armos_sim/sim/__pycache__) by extension 'colcon_meta'
[0.372s] Level 1:colcon.colcon_core.package_identification:_identify(armos_sim/sim/__pycache__) by extensions ['ros']
[0.372s] Level 1:colcon.colcon_core.package_identification:_identify(armos_sim/sim/__pycache__) by extension 'ros'
[0.372s] Level 1:colcon.colcon_core.package_identification:_identify(armos_sim/sim/__pycache__) by extensions ['cmake', 'python']
[0.372s] Level 1:colcon.colcon_core.package_identification:_identify(armos_sim/sim/__pycache__) by extension 'cmake'
[0.372s] Level 1:colcon.colcon_core.package_identification:_identify(armos_sim/sim/__pycache__) by extension 'python'
[0.372s] Level 1:colcon.colcon_core.package_identification:_identify(armos_sim/sim/__pycache__) by extensions ['python_setup_py']
[0.372s] Level 1:colcon.colcon_core.package_identification:_identify(armos_sim/sim/__pycache__) by extension 'python_setup_py'
[0.372s] Level 1:colcon.colcon_core.package_identification:_identify(build) by extensions ['ignore', 'ignore_ament_install']
[0.372s] Level 1:colcon.colcon_core.package_identification:_identify(build) by extension 'ignore'
[0.372s] Level 1:colcon.colcon_core.package_identification:_identify(build) ignored
[0.372s] Level 1:colcon.colcon_core.package_identification:_identify(install) by extensions ['ignore', 'ignore_ament_install']
[0.372s] Level 1:colcon.colcon_core.package_identification:_identify(install) by extension 'ignore'
[0.372s] Level 1:colcon.colcon_core.package_identification:_identify(install) ignored
[0.373s] Level 1:colcon.colcon_core.package_identification:_identify(log) by extensions ['ignore', 'ignore_ament_install']
[0.373s] Level 1:colcon.colcon_core.package_identification:_identify(log) by extension 'ignore'
[0.373s] Level 1:colcon.colcon_core.package_identification:_identify(log) ignored
[0.373s] Level 1:colcon.colcon_core.package_identification:_identify(robot_kinematics) by extensions ['ignore', 'ignore_ament_install']
[0.373s] Level 1:colcon.colcon_core.package_identification:_identify(robot_kinematics) by extension 'ignore'
[0.373s] Level 1:colcon.colcon_core.package_identification:_identify(robot_kinematics) by extension 'ignore_ament_install'
[0.373s] Level 1:colcon.colcon_core.package_identification:_identify(robot_kinematics) by extensions ['colcon_pkg']
[0.373s] Level 1:colcon.colcon_core.package_identification:_identify(robot_kinematics) by extension 'colcon_pkg'
[0.373s] Level 1:colcon.colcon_core.package_identification:_identify(robot_kinematics) by extensions ['colcon_meta']
[0.373s] Level 1:colcon.colcon_core.package_identification:_identify(robot_kinematics) by extension 'colcon_meta'
[0.373s] Level 1:colcon.colcon_core.package_identification:_identify(robot_kinematics) by extensions ['ros']
[0.373s] Level 1:colcon.colcon_core.package_identification:_identify(robot_kinematics) by extension 'ros'
[0.373s] Level 1:colcon.colcon_core.package_identification:_identify(robot_kinematics) by extensions ['cmake', 'python']
[0.373s] Level 1:colcon.colcon_core.package_identification:_identify(robot_kinematics) by extension 'cmake'
[0.373s] Level 1:colcon.colcon_core.package_identification:_identify(robot_kinematics) by extension 'python'
[0.373s] Level 1:colcon.colcon_core.package_identification:_identify(robot_kinematics) by extensions ['python_setup_py']
[0.373s] Level 1:colcon.colcon_core.package_identification:_identify(robot_kinematics) by extension 'python_setup_py'
[0.373s] Level 1:colcon.colcon_core.package_identification:_identify(robot_kinematics/controller) by extensions ['ignore', 'ignore_ament_install']
[0.373s] Level 1:colcon.colcon_core.package_identification:_identify(robot_kinematics/controller) by extension 'ignore'
[0.373s] Level 1:colcon.colcon_core.package_identification:_identify(robot_kinematics/controller) by extension 'ignore_ament_install'
[0.373s] Level 1:colcon.colcon_core.package_identification:_identify(robot_kinematics/controller) by extensions ['colcon_pkg']
[0.373s] Level 1:colcon.colcon_core.package_identification:_identify(robot_kinematics/controller) by extension 'colcon_pkg'
[0.373s] Level 1:colcon.colcon_core.package_identification:_identify(robot_kinematics/controller) by extensions ['colcon_meta']
[0.373s] Level 1:colcon.colcon_core.package_identification:_identify(robot_kinematics/controller) by extension 'colcon_meta'
[0.373s] Level 1:colcon.colcon_core.package_identification:_identify(robot_kinematics/controller) by extensions ['ros']
[0.373s] Level 1:colcon.colcon_core.package_identification:_identify(robot_kinematics/controller) by extension 'ros'
[0.373s] Level 1:colcon.colcon_core.package_identification:_identify(robot_kinematics/controller) by extensions ['cmake', 'python']
[0.373s] Level 1:colcon.colcon_core.package_identification:_identify(robot_kinematics/controller) by extension 'cmake'
[0.373s] Level 1:colcon.colcon_core.package_identification:_identify(robot_kinematics/controller) by extension 'python'
[0.373s] Level 1:colcon.colcon_core.package_identification:_identify(robot_kinematics/controller) by extensions ['python_setup_py']
[0.373s] Level 1:colcon.colcon_core.package_identification:_identify(robot_kinematics/controller) by extension 'python_setup_py'
[0.373s] Level 1:colcon.colcon_core.package_identification:_identify(robot_kinematics/kinematics) by extensions ['ignore', 'ignore_ament_install']
[0.373s] Level 1:colcon.colcon_core.package_identification:_identify(robot_kinematics/kinematics) by extension 'ignore'
[0.373s] Level 1:colcon.colcon_core.package_identification:_identify(robot_kinematics/kinematics) by extension 'ignore_ament_install'
[0.373s] Level 1:colcon.colcon_core.package_identification:_identify(robot_kinematics/kinematics) by extensions ['colcon_pkg']
[0.373s] Level 1:colcon.colcon_core.package_identification:_identify(robot_kinematics/kinematics) by extension 'colcon_pkg'
[0.373s] Level 1:colcon.colcon_core.package_identification:_identify(robot_kinematics/kinematics) by extensions ['colcon_meta']
[0.373s] Level 1:colcon.colcon_core.package_identification:_identify(robot_kinematics/kinematics) by extension 'colcon_meta'
[0.373s] Level 1:colcon.colcon_core.package_identification:_identify(robot_kinematics/kinematics) by extensions ['ros']
[0.373s] Level 1:colcon.colcon_core.package_identification:_identify(robot_kinematics/kinematics) by extension 'ros'
[0.373s] Level 1:colcon.colcon_core.package_identification:_identify(robot_kinematics/kinematics) by extensions ['cmake', 'python']
[0.374s] Level 1:colcon.colcon_core.package_identification:_identify(robot_kinematics/kinematics) by extension 'cmake'
[0.374s] Level 1:colcon.colcon_core.package_identification:_identify(robot_kinematics/kinematics) by extension 'python'
[0.374s] Level 1:colcon.colcon_core.package_identification:_identify(robot_kinematics/kinematics) by extensions ['python_setup_py']
[0.374s] Level 1:colcon.colcon_core.package_identification:_identify(robot_kinematics/kinematics) by extension 'python_setup_py'
[0.374s] Level 1:colcon.colcon_core.package_identification:_identify(robot_kinematics/manyplot) by extensions ['ignore', 'ignore_ament_install']
[0.374s] Level 1:colcon.colcon_core.package_identification:_identify(robot_kinematics/manyplot) by extension 'ignore'
[0.374s] Level 1:colcon.colcon_core.package_identification:_identify(robot_kinematics/manyplot) by extension 'ignore_ament_install'
[0.374s] Level 1:colcon.colcon_core.package_identification:_identify(robot_kinematics/manyplot) by extensions ['colcon_pkg']
[0.374s] Level 1:colcon.colcon_core.package_identification:_identify(robot_kinematics/manyplot) by extension 'colcon_pkg'
[0.374s] Level 1:colcon.colcon_core.package_identification:_identify(robot_kinematics/manyplot) by extensions ['colcon_meta']
[0.374s] Level 1:colcon.colcon_core.package_identification:_identify(robot_kinematics/manyplot) by extension 'colcon_meta'
[0.374s] Level 1:colcon.colcon_core.package_identification:_identify(robot_kinematics/manyplot) by extensions ['ros']
[0.374s] Level 1:colcon.colcon_core.package_identification:_identify(robot_kinematics/manyplot) by extension 'ros'
[0.374s] Level 1:colcon.colcon_core.package_identification:_identify(robot_kinematics/manyplot) by extensions ['cmake', 'python']
[0.374s] Level 1:colcon.colcon_core.package_identification:_identify(robot_kinematics/manyplot) by extension 'cmake'
[0.374s] Level 1:colcon.colcon_core.package_identification:_identify(robot_kinematics/manyplot) by extension 'python'
[0.374s] Level 1:colcon.colcon_core.package_identification:_identify(robot_kinematics/manyplot) by extensions ['python_setup_py']
[0.374s] Level 1:colcon.colcon_core.package_identification:_identify(robot_kinematics/manyplot) by extension 'python_setup_py'
[0.374s] Level 1:colcon.colcon_core.package_identification:_identify(robot_kinematics/manyplot/__pycache__) by extensions ['ignore', 'ignore_ament_install']
[0.374s] Level 1:colcon.colcon_core.package_identification:_identify(robot_kinematics/manyplot/__pycache__) by extension 'ignore'
[0.374s] Level 1:colcon.colcon_core.package_identification:_identify(robot_kinematics/manyplot/__pycache__) by extension 'ignore_ament_install'
[0.374s] Level 1:colcon.colcon_core.package_identification:_identify(robot_kinematics/manyplot/__pycache__) by extensions ['colcon_pkg']
[0.374s] Level 1:colcon.colcon_core.package_identification:_identify(robot_kinematics/manyplot/__pycache__) by extension 'colcon_pkg'
[0.374s] Level 1:colcon.colcon_core.package_identification:_identify(robot_kinematics/manyplot/__pycache__) by extensions ['colcon_meta']
[0.374s] Level 1:colcon.colcon_core.package_identification:_identify(robot_kinematics/manyplot/__pycache__) by extension 'colcon_meta'
[0.374s] Level 1:colcon.colcon_core.package_identification:_identify(robot_kinematics/manyplot/__pycache__) by extensions ['ros']
[0.374s] Level 1:colcon.colcon_core.package_identification:_identify(robot_kinematics/manyplot/__pycache__) by extension 'ros'
[0.374s] Level 1:colcon.colcon_core.package_identification:_identify(robot_kinematics/manyplot/__pycache__) by extensions ['cmake', 'python']
[0.374s] Level 1:colcon.colcon_core.package_identification:_identify(robot_kinematics/manyplot/__pycache__) by extension 'cmake'
[0.374s] Level 1:colcon.colcon_core.package_identification:_identify(robot_kinematics/manyplot/__pycache__) by extension 'python'
[0.374s] Level 1:colcon.colcon_core.package_identification:_identify(robot_kinematics/manyplot/__pycache__) by extensions ['python_setup_py']
[0.374s] Level 1:colcon.colcon_core.package_identification:_identify(robot_kinematics/manyplot/__pycache__) by extension 'python_setup_py'
[0.374s] Level 1:colcon.colcon_core.package_identification:_identify(robot_kinematics/trajectory) by extensions ['ignore', 'ignore_ament_install']
[0.374s] Level 1:colcon.colcon_core.package_identification:_identify(robot_kinematics/trajectory) by extension 'ignore'
[0.374s] Level 1:colcon.colcon_core.package_identification:_identify(robot_kinematics/trajectory) by extension 'ignore_ament_install'
[0.374s] Level 1:colcon.colcon_core.package_identification:_identify(robot_kinematics/trajectory) by extensions ['colcon_pkg']
[0.374s] Level 1:colcon.colcon_core.package_identification:_identify(robot_kinematics/trajectory) by extension 'colcon_pkg'
[0.374s] Level 1:colcon.colcon_core.package_identification:_identify(robot_kinematics/trajectory) by extensions ['colcon_meta']
[0.374s] Level 1:colcon.colcon_core.package_identification:_identify(robot_kinematics/trajectory) by extension 'colcon_meta'
[0.374s] Level 1:colcon.colcon_core.package_identification:_identify(robot_kinematics/trajectory) by extensions ['ros']
[0.374s] Level 1:colcon.colcon_core.package_identification:_identify(robot_kinematics/trajectory) by extension 'ros'
[0.374s] Level 1:colcon.colcon_core.package_identification:_identify(robot_kinematics/trajectory) by extensions ['cmake', 'python']
[0.374s] Level 1:colcon.colcon_core.package_identification:_identify(robot_kinematics/trajectory) by extension 'cmake'
[0.374s] Level 1:colcon.colcon_core.package_identification:_identify(robot_kinematics/trajectory) by extension 'python'
[0.375s] Level 1:colcon.colcon_core.package_identification:_identify(robot_kinematics/trajectory) by extensions ['python_setup_py']
[0.375s] Level 1:colcon.colcon_core.package_identification:_identify(robot_kinematics/trajectory) by extension 'python_setup_py'
[0.375s] Level 1:colcon.colcon_core.package_discovery:discover_packages(recursive) using defaults
[0.375s] Level 1:colcon.colcon_core.package_discovery:discover_packages(ignore) discover
[0.375s] Level 1:colcon.colcon_core.package_discovery:discover_packages(ignore) using defaults
[0.375s] Level 1:colcon.colcon_core.package_discovery:discover_packages(path) discover
[0.375s] Level 1:colcon.colcon_core.package_discovery:discover_packages(path) using defaults
[0.390s] Level 1:colcon.colcon_core.package_discovery:discover_packages(prefix_path) check parameters
[0.390s] Level 1:colcon.colcon_core.package_discovery:discover_packages(prefix_path) discover
[0.393s] DEBUG:colcon.colcon_installed_package_information.package_discovery:Found 3 installed packages in /home/krishnapranav/microros_ws/install
[0.394s] DEBUG:colcon.colcon_installed_package_information.package_discovery:Found 495 installed packages in /opt/ros/humble
[0.395s] Level 1:colcon.colcon_core.package_discovery:discover_packages(prefix_path) using defaults
[0.438s] Level 5:colcon.colcon_core.verb:set package 'armos_control' build argument 'cmake_args' from command line to 'None'
[0.438s] Level 5:colcon.colcon_core.verb:set package 'armos_control' build argument 'cmake_target' from command line to 'None'
[0.438s] Level 5:colcon.colcon_core.verb:set package 'armos_control' build argument 'cmake_target_skip_unavailable' from command line to 'False'
[0.438s] Level 5:colcon.colcon_core.verb:set package 'armos_control' build argument 'cmake_clean_cache' from command line to 'False'
[0.438s] Level 5:colcon.colcon_core.verb:set package 'armos_control' build argument 'cmake_clean_first' from command line to 'False'
[0.438s] Level 5:colcon.colcon_core.verb:set package 'armos_control' build argument 'cmake_force_configure' from command line to 'False'
[0.438s] Level 5:colcon.colcon_core.verb:set package 'armos_control' build argument 'ament_cmake_args' from command line to 'None'
[0.438s] Level 5:colcon.colcon_core.verb:set package 'armos_control' build argument 'catkin_cmake_args' from command line to 'None'
[0.439s] Level 5:colcon.colcon_core.verb:set package 'armos_control' build argument 'catkin_skip_building_tests' from command line to 'False'
[0.439s] DEBUG:colcon.colcon_core.verb:Building package 'armos_control' with the following arguments: {'ament_cmake_args': None, 'build_base': '/home/krishnapranav/mj_manipulation/mujoco_manipulation/build/armos_control', 'catkin_cmake_args': None, 'catkin_skip_building_tests': False, 'cmake_args': None, 'cmake_clean_cache': False, 'cmake_clean_first': False, 'cmake_force_configure': False, 'cmake_target': None, 'cmake_target_skip_unavailable': False, 'install_base': '/home/krishnapranav/mj_manipulation/mujoco_manipulation/install/armos_control', 'merge_install': False, 'path': '/home/krishnapranav/mj_manipulation/mujoco_manipulation/armos_ros2/pkgs/armos_control', 'symlink_install': False, 'test_result_base': None}
[0.439s] Level 5:colcon.colcon_core.verb:set package 'armos_interfaces' build argument 'cmake_args' from command line to 'None'
[0.439s] Level 5:colcon.colcon_core.verb:set package 'armos_interfaces' build argument 'cmake_target' from command line to 'None'
[0.439s] Level 5:colcon.colcon_core.verb:set package 'armos_interfaces' build argument 'cmake_target_skip_unavailable' from command line to 'False'
[0.439s] Level 5:colcon.colcon_core.verb:set package 'armos_interfaces' build argument 'cmake_clean_cache' from command line to 'False'
[0.439s] Level 5:colcon.colcon_core.verb:set package 'armos_interfaces' build argument 'cmake_clean_first' from command line to 'False'
[0.439s] Level 5:colcon.colcon_core.verb:set package 'armos_interfaces' build argument 'cmake_force_configure' from command line to 'False'
[0.439s] Level 5:colcon.colcon_core.verb:set package 'armos_interfaces' build argument 'ament_cmake_args' from command line to 'None'
[0.439s] Level 5:colcon.colcon_core.verb:set package 'armos_interfaces' build argument 'catkin_cmake_args' from command line to 'None'
[0.439s] Level 5:colcon.colcon_core.verb:set package 'armos_interfaces' build argument 'catkin_skip_building_tests' from command line to 'False'
[0.439s] DEBUG:colcon.colcon_core.verb:Building package 'armos_interfaces' with the following arguments: {'ament_cmake_args': None, 'build_base': '/home/krishnapranav/mj_manipulation/mujoco_manipulation/build/armos_interfaces', 'catkin_cmake_args': None, 'catkin_skip_building_tests': False, 'cmake_args': None, 'cmake_clean_cache': False, 'cmake_clean_first': False, 'cmake_force_configure': False, 'cmake_target': None, 'cmake_target_skip_unavailable': False, 'install_base': '/home/krishnapranav/mj_manipulation/mujoco_manipulation/install/armos_interfaces', 'merge_install': False, 'path': '/home/krishnapranav/mj_manipulation/mujoco_manipulation/armos_ros2/pkgs/armos_interfaces', 'symlink_install': False, 'test_result_base': None}
[0.439s] INFO:colcon.colcon_core.executor:Executing jobs using 'parallel' executor
[0.440s] DEBUG:colcon.colcon_parallel_executor.executor.parallel:run_until_complete
[0.440s] INFO:colcon.colcon_ros.task.ament_cmake.build:Building ROS package in '/home/krishnapranav/mj_manipulation/mujoco_manipulation/armos_ros2/pkgs/armos_control' with build type 'ament_cmake'
[0.440s] INFO:colcon.colcon_cmake.task.cmake.build:Building CMake package in '/home/krishnapranav/mj_manipulation/mujoco_manipulation/armos_ros2/pkgs/armos_control'
[0.443s] INFO:colcon.colcon_core.plugin_system:Skipping extension 'colcon_core.shell.bat': Not used on non-Windows systems
[0.443s] INFO:colcon.colcon_core.shell:Skip shell extension 'powershell' for command environment: Not usable outside of PowerShell
[0.443s] DEBUG:colcon.colcon_core.shell:Skip shell extension 'dsv' for command environment
[0.446s] INFO:colcon.colcon_ros.task.ament_cmake.build:Building ROS package in '/home/krishnapranav/mj_manipulation/mujoco_manipulation/armos_ros2/pkgs/armos_interfaces' with build type 'ament_cmake'
[0.446s] INFO:colcon.colcon_cmake.task.cmake.build:Building CMake package in '/home/krishnapranav/mj_manipulation/mujoco_manipulation/armos_ros2/pkgs/armos_interfaces'
[0.446s] INFO:colcon.colcon_core.shell:Skip shell extension 'powershell' for command environment: Not usable outside of PowerShell
[0.446s] DEBUG:colcon.colcon_core.shell:Skip shell extension 'dsv' for command environment
[0.451s] DEBUG:colcon.colcon_core.event_handler.log_command:Invoking command in '/home/krishnapranav/mj_manipulation/mujoco_manipulation/build/armos_control': CMAKE_PREFIX_PATH=${CMAKE_PREFIX_PATH}:/opt/ros/humble PS1=(armos) \[\e]0;\u@\h: \w\a\]${debian_chroot:+($debian_chroot)}\[\033[01;32m\]\u@\h\[\033[00m\]:\[\033[01;34m\]\w\[\033[00m\]\$ VIRTUAL_ENV_PROMPT=(armos) /usr/bin/cmake /home/krishnapranav/mj_manipulation/mujoco_manipulation/armos_ros2/pkgs/armos_control -DCMAKE_INSTALL_PREFIX=/home/krishnapranav/mj_manipulation/mujoco_manipulation/install/armos_control
[0.455s] DEBUG:colcon.colcon_core.event_handler.log_command:Invoking command in '/home/krishnapranav/mj_manipulation/mujoco_manipulation/build/armos_interfaces': CMAKE_PREFIX_PATH=${CMAKE_PREFIX_PATH}:/opt/ros/humble PS1=(armos) \[\e]0;\u@\h: \w\a\]${debian_chroot:+($debian_chroot)}\[\033[01;32m\]\u@\h\[\033[00m\]:\[\033[01;34m\]\w\[\033[00m\]\$ VIRTUAL_ENV_PROMPT=(armos) /usr/bin/cmake /home/krishnapranav/mj_manipulation/mujoco_manipulation/armos_ros2/pkgs/armos_interfaces -DCMAKE_INSTALL_PREFIX=/home/krishnapranav/mj_manipulation/mujoco_manipulation/install/armos_interfaces
[1.295s] DEBUG:colcon.colcon_core.event_handler.log_command:Invoked command in '/home/krishnapranav/mj_manipulation/mujoco_manipulation/build/armos_control' returned '0': CMAKE_PREFIX_PATH=${CMAKE_PREFIX_PATH}:/opt/ros/humble PS1=(armos) \[\e]0;\u@\h: \w\a\]${debian_chroot:+($debian_chroot)}\[\033[01;32m\]\u@\h\[\033[00m\]:\[\033[01;34m\]\w\[\033[00m\]\$ VIRTUAL_ENV_PROMPT=(armos) /usr/bin/cmake /home/krishnapranav/mj_manipulation/mujoco_manipulation/armos_ros2/pkgs/armos_control -DCMAKE_INSTALL_PREFIX=/home/krishnapranav/mj_manipulation/mujoco_manipulation/install/armos_control
[1.298s] DEBUG:colcon.colcon_core.event_handler.log_command:Invoking command in '/home/krishnapranav/mj_manipulation/mujoco_manipulation/build/armos_control': CMAKE_PREFIX_PATH=${CMAKE_PREFIX_PATH}:/opt/ros/humble PS1=(armos) \[\e]0;\u@\h: \w\a\]${debian_chroot:+($debian_chroot)}\[\033[01;32m\]\u@\h\[\033[00m\]:\[\033[01;34m\]\w\[\033[00m\]\$ VIRTUAL_ENV_PROMPT=(armos) /usr/bin/cmake --build /home/krishnapranav/mj_manipulation/mujoco_manipulation/build/armos_control -- -j12 -l12
[1.316s] DEBUG:colcon.colcon_core.event_handler.log_command:Invoked command in '/home/krishnapranav/mj_manipulation/mujoco_manipulation/build/armos_control' returned '0': CMAKE_PREFIX_PATH=${CMAKE_PREFIX_PATH}:/opt/ros/humble PS1=(armos) \[\e]0;\u@\h: \w\a\]${debian_chroot:+($debian_chroot)}\[\033[01;32m\]\u@\h\[\033[00m\]:\[\033[01;34m\]\w\[\033[00m\]\$ VIRTUAL_ENV_PROMPT=(armos) /usr/bin/cmake --build /home/krishnapranav/mj_manipulation/mujoco_manipulation/build/armos_control -- -j12 -l12
[1.322s] DEBUG:colcon.colcon_core.event_handler.log_command:Invoking command in '/home/krishnapranav/mj_manipulation/mujoco_manipulation/build/armos_control': CMAKE_PREFIX_PATH=${CMAKE_PREFIX_PATH}:/opt/ros/humble PS1=(armos) \[\e]0;\u@\h: \w\a\]${debian_chroot:+($debian_chroot)}\[\033[01;32m\]\u@\h\[\033[00m\]:\[\033[01;34m\]\w\[\033[00m\]\$ VIRTUAL_ENV_PROMPT=(armos) /usr/bin/cmake --install /home/krishnapranav/mj_manipulation/mujoco_manipulation/build/armos_control
[1.328s] Level 1:colcon.colcon_core.environment:create_environment_scripts_only(armos_control)
[1.328s] DEBUG:colcon.colcon_core.event_handler.log_command:Invoked command in '/home/krishnapranav/mj_manipulation/mujoco_manipulation/build/armos_control' returned '0': CMAKE_PREFIX_PATH=${CMAKE_PREFIX_PATH}:/opt/ros/humble PS1=(armos) \[\e]0;\u@\h: \w\a\]${debian_chroot:+($debian_chroot)}\[\033[01;32m\]\u@\h\[\033[00m\]:\[\033[01;34m\]\w\[\033[00m\]\$ VIRTUAL_ENV_PROMPT=(armos) /usr/bin/cmake --install /home/krishnapranav/mj_manipulation/mujoco_manipulation/build/armos_control
[1.332s] Level 1:colcon.colcon_core.environment:checking '/home/krishnapranav/mj_manipulation/mujoco_manipulation/install/armos_control' for CMake module files
[1.333s] Level 1:colcon.colcon_core.environment:checking '/home/krishnapranav/mj_manipulation/mujoco_manipulation/install/armos_control' for CMake config files
[1.333s] Level 1:colcon.colcon_core.shell:create_environment_hook('armos_control', 'cmake_prefix_path')
[1.334s] INFO:colcon.colcon_core.shell:Creating environment hook '/home/krishnapranav/mj_manipulation/mujoco_manipulation/install/armos_control/share/armos_control/hook/cmake_prefix_path.ps1'
[1.335s] INFO:colcon.colcon_core.shell:Creating environment descriptor '/home/krishnapranav/mj_manipulation/mujoco_manipulation/install/armos_control/share/armos_control/hook/cmake_prefix_path.dsv'
[1.335s] INFO:colcon.colcon_core.shell:Creating environment hook '/home/krishnapranav/mj_manipulation/mujoco_manipulation/install/armos_control/share/armos_control/hook/cmake_prefix_path.sh'
[1.336s] Level 1:colcon.colcon_core.environment:checking '/home/krishnapranav/mj_manipulation/mujoco_manipulation/install/armos_control/lib'
[1.337s] Level 1:colcon.colcon_core.environment:checking '/home/krishnapranav/mj_manipulation/mujoco_manipulation/install/armos_control/bin'
[1.337s] Level 1:colcon.colcon_core.environment:checking '/home/krishnapranav/mj_manipulation/mujoco_manipulation/install/armos_control/lib/pkgconfig/armos_control.pc'
[1.337s] Level 1:colcon.colcon_core.environment:checking '/home/krishnapranav/mj_manipulation/mujoco_manipulation/install/armos_control/lib/python3.10/site-packages'
[1.337s] Level 1:colcon.colcon_core.environment:checking '/home/krishnapranav/mj_manipulation/mujoco_manipulation/install/armos_control/bin'
[1.338s] INFO:colcon.colcon_core.shell:Creating package script '/home/krishnapranav/mj_manipulation/mujoco_manipulation/install/armos_control/share/armos_control/package.ps1'
[1.339s] INFO:colcon.colcon_core.shell:Creating package descriptor '/home/krishnapranav/mj_manipulation/mujoco_manipulation/install/armos_control/share/armos_control/package.dsv'
[1.340s] INFO:colcon.colcon_core.shell:Creating package script '/home/krishnapranav/mj_manipulation/mujoco_manipulation/install/armos_control/share/armos_control/package.sh'
[1.341s] INFO:colcon.colcon_core.shell:Creating package script '/home/krishnapranav/mj_manipulation/mujoco_manipulation/install/armos_control/share/armos_control/package.bash'
[1.342s] INFO:colcon.colcon_core.shell:Creating package script '/home/krishnapranav/mj_manipulation/mujoco_manipulation/install/armos_control/share/armos_control/package.zsh'
[1.343s] Level 1:colcon.colcon_core.environment:create_file_with_runtime_dependencies(/home/krishnapranav/mj_manipulation/mujoco_manipulation/install/armos_control/share/colcon-core/packages/armos_control)
[1.344s] Level 1:colcon.colcon_core.environment:create_environment_scripts_only(armos_control)
[1.344s] Level 1:colcon.colcon_core.environment:checking '/home/krishnapranav/mj_manipulation/mujoco_manipulation/install/armos_control' for CMake module files
[1.344s] Level 1:colcon.colcon_core.environment:checking '/home/krishnapranav/mj_manipulation/mujoco_manipulation/install/armos_control' for CMake config files
[1.345s] Level 1:colcon.colcon_core.shell:create_environment_hook('armos_control', 'cmake_prefix_path')
[1.345s] INFO:colcon.colcon_core.shell:Creating environment hook '/home/krishnapranav/mj_manipulation/mujoco_manipulation/install/armos_control/share/armos_control/hook/cmake_prefix_path.ps1'
[1.346s] INFO:colcon.colcon_core.shell:Creating environment descriptor '/home/krishnapranav/mj_manipulation/mujoco_manipulation/install/armos_control/share/armos_control/hook/cmake_prefix_path.dsv'
[1.346s] INFO:colcon.colcon_core.shell:Creating environment hook '/home/krishnapranav/mj_manipulation/mujoco_manipulation/install/armos_control/share/armos_control/hook/cmake_prefix_path.sh'
[1.347s] Level 1:colcon.colcon_core.environment:checking '/home/krishnapranav/mj_manipulation/mujoco_manipulation/install/armos_control/lib'
[1.347s] Level 1:colcon.colcon_core.environment:checking '/home/krishnapranav/mj_manipulation/mujoco_manipulation/install/armos_control/bin'
[1.347s] Level 1:colcon.colcon_core.environment:checking '/home/krishnapranav/mj_manipulation/mujoco_manipulation/install/armos_control/lib/pkgconfig/armos_control.pc'
[1.347s] Level 1:colcon.colcon_core.environment:checking '/home/krishnapranav/mj_manipulation/mujoco_manipulation/install/armos_control/lib/python3.10/site-packages'
[1.347s] Level 1:colcon.colcon_core.environment:checking '/home/krishnapranav/mj_manipulation/mujoco_manipulation/install/armos_control/bin'
[1.347s] INFO:colcon.colcon_core.shell:Creating package script '/home/krishnapranav/mj_manipulation/mujoco_manipulation/install/armos_control/share/armos_control/package.ps1'
[1.348s] INFO:colcon.colcon_core.shell:Creating package descriptor '/home/krishnapranav/mj_manipulation/mujoco_manipulation/install/armos_control/share/armos_control/package.dsv'
[1.348s] INFO:colcon.colcon_core.shell:Creating package script '/home/krishnapranav/mj_manipulation/mujoco_manipulation/install/armos_control/share/armos_control/package.sh'
[1.348s] INFO:colcon.colcon_core.shell:Creating package script '/home/krishnapranav/mj_manipulation/mujoco_manipulation/install/armos_control/share/armos_control/package.bash'
[1.348s] INFO:colcon.colcon_core.shell:Creating package script '/home/krishnapranav/mj_manipulation/mujoco_manipulation/install/armos_control/share/armos_control/package.zsh'
[1.349s] Level 1:colcon.colcon_core.environment:create_file_with_runtime_dependencies(/home/krishnapranav/mj_manipulation/mujoco_manipulation/install/armos_control/share/colcon-core/packages/armos_control)
[1.990s] DEBUG:colcon.colcon_core.event_handler.log_command:Invoked command in '/home/krishnapranav/mj_manipulation/mujoco_manipulation/build/armos_interfaces' returned '0': CMAKE_PREFIX_PATH=${CMAKE_PREFIX_PATH}:/opt/ros/humble PS1=(armos) \[\e]0;\u@\h: \w\a\]${debian_chroot:+($debian_chroot)}\[\033[01;32m\]\u@\h\[\033[00m\]:\[\033[01;34m\]\w\[\033[00m\]\$ VIRTUAL_ENV_PROMPT=(armos) /usr/bin/cmake /home/krishnapranav/mj_manipulation/mujoco_manipulation/armos_ros2/pkgs/armos_interfaces -DCMAKE_INSTALL_PREFIX=/home/krishnapranav/mj_manipulation/mujoco_manipulation/install/armos_interfaces
[1.991s] DEBUG:colcon.colcon_core.event_handler.log_command:Invoking command in '/home/krishnapranav/mj_manipulation/mujoco_manipulation/build/armos_interfaces': CMAKE_PREFIX_PATH=${CMAKE_PREFIX_PATH}:/opt/ros/humble PS1=(armos) \[\e]0;\u@\h: \w\a\]${debian_chroot:+($debian_chroot)}\[\033[01;32m\]\u@\h\[\033[00m\]:\[\033[01;34m\]\w\[\033[00m\]\$ VIRTUAL_ENV_PROMPT=(armos) /usr/bin/cmake --build /home/krishnapranav/mj_manipulation/mujoco_manipulation/build/armos_interfaces -- -j12 -l12
[4.617s] DEBUG:colcon.colcon_core.event_handler.log_command:Invoked command in '/home/krishnapranav/mj_manipulation/mujoco_manipulation/build/armos_interfaces' returned '0': CMAKE_PREFIX_PATH=${CMAKE_PREFIX_PATH}:/opt/ros/humble PS1=(armos) \[\e]0;\u@\h: \w\a\]${debian_chroot:+($debian_chroot)}\[\033[01;32m\]\u@\h\[\033[00m\]:\[\033[01;34m\]\w\[\033[00m\]\$ VIRTUAL_ENV_PROMPT=(armos) /usr/bin/cmake --build /home/krishnapranav/mj_manipulation/mujoco_manipulation/build/armos_interfaces -- -j12 -l12
[4.619s] DEBUG:colcon.colcon_core.event_handler.log_command:Invoking command in '/home/krishnapranav/mj_manipulation/mujoco_manipulation/build/armos_interfaces': CMAKE_PREFIX_PATH=${CMAKE_PREFIX_PATH}:/opt/ros/humble PS1=(armos) \[\e]0;\u@\h: \w\a\]${debian_chroot:+($debian_chroot)}\[\033[01;32m\]\u@\h\[\033[00m\]:\[\033[01;34m\]\w\[\033[00m\]\$ VIRTUAL_ENV_PROMPT=(armos) /usr/bin/cmake --install /home/krishnapranav/mj_manipulation/mujoco_manipulation/build/armos_interfaces
[4.685s] Level 1:colcon.colcon_core.environment:create_environment_scripts_only(armos_interfaces)
[4.685s] Level 1:colcon.colcon_core.environment:checking '/home/krishnapranav/mj_manipulation/mujoco_manipulation/install/armos_interfaces' for CMake module files
[4.687s] DEBUG:colcon.colcon_core.event_handler.log_command:Invoked command in '/home/krishnapranav/mj_manipulation/mujoco_manipulation/build/armos_interfaces' returned '0': CMAKE_PREFIX_PATH=${CMAKE_PREFIX_PATH}:/opt/ros/humble PS1=(armos) \[\e]0;\u@\h: \w\a\]${debian_chroot:+($debian_chroot)}\[\033[01;32m\]\u@\h\[\033[00m\]:\[\033[01;34m\]\w\[\033[00m\]\$ VIRTUAL_ENV_PROMPT=(armos) /usr/bin/cmake --install /home/krishnapranav/mj_manipulation/mujoco_manipulation/build/armos_interfaces
[4.687s] Level 1:colcon.colcon_core.environment:checking '/home/krishnapranav/mj_manipulation/mujoco_manipulation/install/armos_interfaces' for CMake config files
[4.688s] Level 1:colcon.colcon_core.shell:create_environment_hook('armos_interfaces', 'cmake_prefix_path')
[4.688s] INFO:colcon.colcon_core.shell:Creating environment hook '/home/krishnapranav/mj_manipulation/mujoco_manipulation/install/armos_interfaces/share/armos_interfaces/hook/cmake_prefix_path.ps1'
[4.689s] INFO:colcon.colcon_core.shell:Creating environment descriptor '/home/krishnapranav/mj_manipulation/mujoco_manipulation/install/armos_interfaces/share/armos_interfaces/hook/cmake_prefix_path.dsv'
[4.690s] INFO:colcon.colcon_core.shell:Creating environment hook '/home/krishnapranav/mj_manipulation/mujoco_manipulation/install/armos_interfaces/share/armos_interfaces/hook/cmake_prefix_path.sh'
[4.690s] Level 1:colcon.colcon_core.environment:checking '/home/krishnapranav/mj_manipulation/mujoco_manipulation/install/armos_interfaces/lib'
[4.690s] Level 1:colcon.colcon_core.shell:create_environment_hook('armos_interfaces', 'ld_library_path_lib')
[4.691s] INFO:colcon.colcon_core.shell:Creating environment hook '/home/krishnapranav/mj_manipulation/mujoco_manipulation/install/armos_interfaces/share/armos_interfaces/hook/ld_library_path_lib.ps1'
[4.691s] INFO:colcon.colcon_core.shell:Creating environment descriptor '/home/krishnapranav/mj_manipulation/mujoco_manipulation/install/armos_interfaces/share/armos_interfaces/hook/ld_library_path_lib.dsv'
[4.691s] INFO:colcon.colcon_core.shell:Creating environment hook '/home/krishnapranav/mj_manipulation/mujoco_manipulation/install/armos_interfaces/share/armos_interfaces/hook/ld_library_path_lib.sh'
[4.692s] Level 1:colcon.colcon_core.environment:checking '/home/krishnapranav/mj_manipulation/mujoco_manipulation/install/armos_interfaces/bin'
[4.692s] Level 1:colcon.colcon_core.environment:checking '/home/krishnapranav/mj_manipulation/mujoco_manipulation/install/armos_interfaces/lib/pkgconfig/armos_interfaces.pc'
[4.692s] Level 1:colcon.colcon_core.environment:checking '/home/krishnapranav/mj_manipulation/mujoco_manipulation/install/armos_interfaces/lib/python3.10/site-packages'
[4.692s] Level 1:colcon.colcon_core.shell:create_environment_hook('armos_interfaces', 'pythonpath')
[4.692s] INFO:colcon.colcon_core.shell:Creating environment hook '/home/krishnapranav/mj_manipulation/mujoco_manipulation/install/armos_interfaces/share/armos_interfaces/hook/pythonpath.ps1'
[4.692s] INFO:colcon.colcon_core.shell:Creating environment descriptor '/home/krishnapranav/mj_manipulation/mujoco_manipulation/install/armos_interfaces/share/armos_interfaces/hook/pythonpath.dsv'
[4.692s] INFO:colcon.colcon_core.shell:Creating environment hook '/home/krishnapranav/mj_manipulation/mujoco_manipulation/install/armos_interfaces/share/armos_interfaces/hook/pythonpath.sh'
[4.693s] Level 1:colcon.colcon_core.environment:checking '/home/krishnapranav/mj_manipulation/mujoco_manipulation/install/armos_interfaces/bin'
[4.693s] INFO:colcon.colcon_core.shell:Creating package script '/home/krishnapranav/mj_manipulation/mujoco_manipulation/install/armos_interfaces/share/armos_interfaces/package.ps1'
[4.693s] INFO:colcon.colcon_core.shell:Creating package descriptor '/home/krishnapranav/mj_manipulation/mujoco_manipulation/install/armos_interfaces/share/armos_interfaces/package.dsv'
[4.693s] INFO:colcon.colcon_core.shell:Creating package script '/home/krishnapranav/mj_manipulation/mujoco_manipulation/install/armos_interfaces/share/armos_interfaces/package.sh'
[4.694s] INFO:colcon.colcon_core.shell:Creating package script '/home/krishnapranav/mj_manipulation/mujoco_manipulation/install/armos_interfaces/share/armos_interfaces/package.bash'
[4.694s] INFO:colcon.colcon_core.shell:Creating package script '/home/krishnapranav/mj_manipulation/mujoco_manipulation/install/armos_interfaces/share/armos_interfaces/package.zsh'
[4.694s] Level 1:colcon.colcon_core.environment:create_file_with_runtime_dependencies(/home/krishnapranav/mj_manipulation/mujoco_manipulation/install/armos_interfaces/share/colcon-core/packages/armos_interfaces)
[4.694s] Level 1:colcon.colcon_core.environment:create_environment_scripts_only(armos_interfaces)
[4.694s] Level 1:colcon.colcon_core.environment:checking '/home/krishnapranav/mj_manipulation/mujoco_manipulation/install/armos_interfaces' for CMake module files
[4.695s] Level 1:colcon.colcon_core.environment:checking '/home/krishnapranav/mj_manipulation/mujoco_manipulation/install/armos_interfaces' for CMake config files
[4.695s] Level 1:colcon.colcon_core.shell:create_environment_hook('armos_interfaces', 'cmake_prefix_path')
[4.695s] INFO:colcon.colcon_core.shell:Creating environment hook '/home/krishnapranav/mj_manipulation/mujoco_manipulation/install/armos_interfaces/share/armos_interfaces/hook/cmake_prefix_path.ps1'
[4.695s] INFO:colcon.colcon_core.shell:Creating environment descriptor '/home/krishnapranav/mj_manipulation/mujoco_manipulation/install/armos_interfaces/share/armos_interfaces/hook/cmake_prefix_path.dsv'
[4.696s] INFO:colcon.colcon_core.shell:Creating environment hook '/home/krishnapranav/mj_manipulation/mujoco_manipulation/install/armos_interfaces/share/armos_interfaces/hook/cmake_prefix_path.sh'
[4.696s] Level 1:colcon.colcon_core.environment:checking '/home/krishnapranav/mj_manipulation/mujoco_manipulation/install/armos_interfaces/lib'
[4.696s] Level 1:colcon.colcon_core.shell:create_environment_hook('armos_interfaces', 'ld_library_path_lib')
[4.696s] INFO:colcon.colcon_core.shell:Creating environment hook '/home/krishnapranav/mj_manipulation/mujoco_manipulation/install/armos_interfaces/share/armos_interfaces/hook/ld_library_path_lib.ps1'
[4.696s] INFO:colcon.colcon_core.shell:Creating environment descriptor '/home/krishnapranav/mj_manipulation/mujoco_manipulation/install/armos_interfaces/share/armos_interfaces/hook/ld_library_path_lib.dsv'
[4.696s] INFO:colcon.colcon_core.shell:Creating environment hook '/home/krishnapranav/mj_manipulation/mujoco_manipulation/install/armos_interfaces/share/armos_interfaces/hook/ld_library_path_lib.sh'
[4.697s] Level 1:colcon.colcon_core.environment:checking '/home/krishnapranav/mj_manipulation/mujoco_manipulation/install/armos_interfaces/bin'
[4.697s] Level 1:colcon.colcon_core.environment:checking '/home/krishnapranav/mj_manipulation/mujoco_manipulation/install/armos_interfaces/lib/pkgconfig/armos_interfaces.pc'
[4.697s] Level 1:colcon.colcon_core.environment:checking '/home/krishnapranav/mj_manipulation/mujoco_manipulation/install/armos_interfaces/lib/python3.10/site-packages'
[4.697s] Level 1:colcon.colcon_core.shell:create_environment_hook('armos_interfaces', 'pythonpath')
[4.697s] INFO:colcon.colcon_core.shell:Creating environment hook '/home/krishnapranav/mj_manipulation/mujoco_manipulation/install/armos_interfaces/share/armos_interfaces/hook/pythonpath.ps1'
[4.697s] INFO:colcon.colcon_core.shell:Creating environment descriptor '/home/krishnapranav/mj_manipulation/mujoco_manipulation/install/armos_interfaces/share/armos_interfaces/hook/pythonpath.dsv'
[4.698s] INFO:colcon.colcon_core.shell:Creating environment hook '/home/krishnapranav/mj_manipulation/mujoco_manipulation/install/armos_interfaces/share/armos_interfaces/hook/pythonpath.sh'
[4.698s] Level 1:colcon.colcon_core.environment:checking '/home/krishnapranav/mj_manipulation/mujoco_manipulation/install/armos_interfaces/bin'
[4.698s] INFO:colcon.colcon_core.shell:Creating package script '/home/krishnapranav/mj_manipulation/mujoco_manipulation/install/armos_interfaces/share/armos_interfaces/package.ps1'
[4.698s] INFO:colcon.colcon_core.shell:Creating package descriptor '/home/krishnapranav/mj_manipulation/mujoco_manipulation/install/armos_interfaces/share/armos_interfaces/package.dsv'
[4.699s] INFO:colcon.colcon_core.shell:Creating package script '/home/krishnapranav/mj_manipulation/mujoco_manipulation/install/armos_interfaces/share/armos_interfaces/package.sh'
[4.699s] INFO:colcon.colcon_core.shell:Creating package script '/home/krishnapranav/mj_manipulation/mujoco_manipulation/install/armos_interfaces/share/armos_interfaces/package.bash'
[4.699s] INFO:colcon.colcon_core.shell:Creating package script '/home/krishnapranav/mj_manipulation/mujoco_manipulation/install/armos_interfaces/share/armos_interfaces/package.zsh'
[4.699s] Level 1:colcon.colcon_core.environment:create_file_with_runtime_dependencies(/home/krishnapranav/mj_manipulation/mujoco_manipulation/install/armos_interfaces/share/colcon-core/packages/armos_interfaces)
[4.699s] DEBUG:colcon.colcon_parallel_executor.executor.parallel:closing loop
[4.700s] DEBUG:colcon.colcon_parallel_executor.executor.parallel:loop closed
[4.700s] DEBUG:colcon.colcon_parallel_executor.executor.parallel:run_until_complete finished with '0'
[4.700s] DEBUG:colcon.colcon_core.event_reactor:joining thread
[4.706s] INFO:colcon.colcon_core.plugin_system:Skipping extension 'colcon_notification.desktop_notification.terminal_notifier': Not used on non-Darwin systems
[4.706s] INFO:colcon.colcon_core.plugin_system:Skipping extension 'colcon_notification.desktop_notification.win32': Not used on non-Windows systems
[4.706s] INFO:colcon.colcon_notification.desktop_notification:Sending desktop notification using 'notify2'
[4.722s] DEBUG:colcon.colcon_core.event_reactor:joined thread
[4.722s] INFO:colcon.colcon_core.shell:Creating prefix script '/home/krishnapranav/mj_manipulation/mujoco_manipulation/install/local_setup.ps1'
[4.723s] INFO:colcon.colcon_core.shell:Creating prefix util module '/home/krishnapranav/mj_manipulation/mujoco_manipulation/install/_local_setup_util_ps1.py'
[4.724s] INFO:colcon.colcon_core.shell:Creating prefix chain script '/home/krishnapranav/mj_manipulation/mujoco_manipulation/install/setup.ps1'
[4.725s] INFO:colcon.colcon_core.shell:Creating prefix script '/home/krishnapranav/mj_manipulation/mujoco_manipulation/install/local_setup.sh'
[4.726s] INFO:colcon.colcon_core.shell:Creating prefix util module '/home/krishnapranav/mj_manipulation/mujoco_manipulation/install/_local_setup_util_sh.py'
[4.726s] INFO:colcon.colcon_core.shell:Creating prefix chain script '/home/krishnapranav/mj_manipulation/mujoco_manipulation/install/setup.sh'
[4.727s] INFO:colcon.colcon_core.shell:Creating prefix script '/home/krishnapranav/mj_manipulation/mujoco_manipulation/install/local_setup.bash'
[4.727s] INFO:colcon.colcon_core.shell:Creating prefix chain script '/home/krishnapranav/mj_manipulation/mujoco_manipulation/install/setup.bash'
[4.728s] INFO:colcon.colcon_core.shell:Creating prefix script '/home/krishnapranav/mj_manipulation/mujoco_manipulation/install/local_setup.zsh'
[4.728s] INFO:colcon.colcon_core.shell:Creating prefix chain script '/home/krishnapranav/mj_manipulation/mujoco_manipulation/install/setup.zsh'
