[0.111s] DEBUG:colcon:Command line arguments: ['/usr/bin/colcon', 'build']
[0.111s] DEBUG:colcon:Parsed command line arguments: Namespace(log_base=None, log_level=None, verb_name='build', build_base='build', install_base='install', merge_install=False, symlink_install=False, test_result_base=None, continue_on_error=False, executor='parallel', parallel_workers=12, event_handlers=None, ignore_user_meta=False, metas=['./colcon.meta'], base_paths=['.'], packages_ignore=None, packages_ignore_regex=None, paths=None, packages_up_to=None, packages_up_to_regex=None, packages_above=None, packages_above_and_dependencies=None, packages_above_depth=None, packages_select_by_dep=None, packages_skip_by_dep=None, packages_skip_up_to=None, packages_select_build_failed=False, packages_skip_build_finished=False, packages_select_test_failures=False, packages_skip_test_passed=False, packages_select=None, packages_skip=None, packages_select_regex=None, packages_skip_regex=None, packages_start=None, packages_end=None, allow_overriding=[], cmake_args=None, cmake_target=None, cmake_target_skip_unavailable=False, cmake_clean_cache=False, cmake_clean_first=False, cmake_force_configure=False, ament_cmake_args=None, catkin_cmake_args=None, catkin_skip_building_tests=False, mixin_files=None, mixin=None, verb_parser=<colcon_mixin.mixin.mixin_argument.MixinArgumentDecorator object at 0x74301d609f30>, verb_extension=<colcon_core.verb.build.BuildVerb object at 0x74301d609930>, main=<bound method BuildVerb.main of <colcon_core.verb.build.BuildVerb object at 0x74301d609930>>, mixin_verb=('build',))
[0.147s] Level 1:colcon.colcon_core.package_discovery:discover_packages(colcon_meta) check parameters
[0.147s] Level 1:colcon.colcon_core.package_discovery:discover_packages(recursive) check parameters
[0.147s] Level 1:colcon.colcon_core.package_discovery:discover_packages(ignore) check parameters
[0.147s] Level 1:colcon.colcon_core.package_discovery:discover_packages(path) check parameters
[0.147s] Level 1:colcon.colcon_core.package_discovery:discover_packages(colcon_meta) discover
[0.147s] Level 1:colcon.colcon_core.package_discovery:discover_packages(recursive) discover
[0.147s] INFO:colcon.colcon_core.package_discovery:Crawling recursively for packages in '/home/krishnapranav/mj_manipulation/mujoco_manipulation'
[0.147s] Level 1:colcon.colcon_core.package_identification:_identify(.) by extensions ['ignore', 'ignore_ament_install']
[0.148s] Level 1:colcon.colcon_core.package_identification:_identify(.) by extension 'ignore'
[0.148s] Level 1:colcon.colcon_core.package_identification:_identify(.) by extension 'ignore_ament_install'
[0.148s] Level 1:colcon.colcon_core.package_identification:_identify(.) by extensions ['colcon_pkg']
[0.148s] Level 1:colcon.colcon_core.package_identification:_identify(.) by extension 'colcon_pkg'
[0.148s] Level 1:colcon.colcon_core.package_identification:_identify(.) by extensions ['colcon_meta']
[0.148s] Level 1:colcon.colcon_core.package_identification:_identify(.) by extension 'colcon_meta'
[0.148s] Level 1:colcon.colcon_core.package_identification:_identify(.) by extensions ['ros']
[0.148s] Level 1:colcon.colcon_core.package_identification:_identify(.) by extension 'ros'
[0.172s] Level 1:colcon.colcon_core.package_identification:_identify(.) by extensions ['cmake', 'python']
[0.172s] Level 1:colcon.colcon_core.package_identification:_identify(.) by extension 'cmake'
[0.172s] Level 1:colcon.colcon_core.package_identification:_identify(.) by extension 'python'
[0.172s] Level 1:colcon.colcon_core.package_identification:_identify(.) by extensions ['python_setup_py']
[0.172s] Level 1:colcon.colcon_core.package_identification:_identify(.) by extension 'python_setup_py'
[0.172s] Level 1:colcon.colcon_core.package_identification:_identify(armos_ros2) by extensions ['ignore', 'ignore_ament_install']
[0.172s] Level 1:colcon.colcon_core.package_identification:_identify(armos_ros2) by extension 'ignore'
[0.172s] Level 1:colcon.colcon_core.package_identification:_identify(armos_ros2) by extension 'ignore_ament_install'
[0.172s] Level 1:colcon.colcon_core.package_identification:_identify(armos_ros2) by extensions ['colcon_pkg']
[0.173s] Level 1:colcon.colcon_core.package_identification:_identify(armos_ros2) by extension 'colcon_pkg'
[0.173s] Level 1:colcon.colcon_core.package_identification:_identify(armos_ros2) by extensions ['colcon_meta']
[0.173s] Level 1:colcon.colcon_core.package_identification:_identify(armos_ros2) by extension 'colcon_meta'
[0.173s] Level 1:colcon.colcon_core.package_identification:_identify(armos_ros2) by extensions ['ros']
[0.173s] Level 1:colcon.colcon_core.package_identification:_identify(armos_ros2) by extension 'ros'
[0.173s] Level 1:colcon.colcon_core.package_identification:_identify(armos_ros2) by extensions ['cmake', 'python']
[0.173s] Level 1:colcon.colcon_core.package_identification:_identify(armos_ros2) by extension 'cmake'
[0.173s] Level 1:colcon.colcon_core.package_identification:_identify(armos_ros2) by extension 'python'
[0.173s] Level 1:colcon.colcon_core.package_identification:_identify(armos_ros2) by extensions ['python_setup_py']
[0.173s] Level 1:colcon.colcon_core.package_identification:_identify(armos_ros2) by extension 'python_setup_py'
[0.173s] Level 1:colcon.colcon_core.package_identification:_identify(armos_ros2/pkgs) by extensions ['ignore', 'ignore_ament_install']
[0.173s] Level 1:colcon.colcon_core.package_identification:_identify(armos_ros2/pkgs) by extension 'ignore'
[0.173s] Level 1:colcon.colcon_core.package_identification:_identify(armos_ros2/pkgs) by extension 'ignore_ament_install'
[0.173s] Level 1:colcon.colcon_core.package_identification:_identify(armos_ros2/pkgs) by extensions ['colcon_pkg']
[0.173s] Level 1:colcon.colcon_core.package_identification:_identify(armos_ros2/pkgs) by extension 'colcon_pkg'
[0.173s] Level 1:colcon.colcon_core.package_identification:_identify(armos_ros2/pkgs) by extensions ['colcon_meta']
[0.173s] Level 1:colcon.colcon_core.package_identification:_identify(armos_ros2/pkgs) by extension 'colcon_meta'
[0.173s] Level 1:colcon.colcon_core.package_identification:_identify(armos_ros2/pkgs) by extensions ['ros']
[0.173s] Level 1:colcon.colcon_core.package_identification:_identify(armos_ros2/pkgs) by extension 'ros'
[0.173s] Level 1:colcon.colcon_core.package_identification:_identify(armos_ros2/pkgs) by extensions ['cmake', 'python']
[0.173s] Level 1:colcon.colcon_core.package_identification:_identify(armos_ros2/pkgs) by extension 'cmake'
[0.173s] Level 1:colcon.colcon_core.package_identification:_identify(armos_ros2/pkgs) by extension 'python'
[0.173s] Level 1:colcon.colcon_core.package_identification:_identify(armos_ros2/pkgs) by extensions ['python_setup_py']
[0.173s] Level 1:colcon.colcon_core.package_identification:_identify(armos_ros2/pkgs) by extension 'python_setup_py'
[0.173s] Level 1:colcon.colcon_core.package_identification:_identify(armos_ros2/pkgs/armos_control) by extensions ['ignore', 'ignore_ament_install']
[0.173s] Level 1:colcon.colcon_core.package_identification:_identify(armos_ros2/pkgs/armos_control) by extension 'ignore'
[0.173s] Level 1:colcon.colcon_core.package_identification:_identify(armos_ros2/pkgs/armos_control) by extension 'ignore_ament_install'
[0.173s] Level 1:colcon.colcon_core.package_identification:_identify(armos_ros2/pkgs/armos_control) by extensions ['colcon_pkg']
[0.173s] Level 1:colcon.colcon_core.package_identification:_identify(armos_ros2/pkgs/armos_control) by extension 'colcon_pkg'
[0.174s] Level 1:colcon.colcon_core.package_identification:_identify(armos_ros2/pkgs/armos_control) by extensions ['colcon_meta']
[0.174s] Level 1:colcon.colcon_core.package_identification:_identify(armos_ros2/pkgs/armos_control) by extension 'colcon_meta'
[0.174s] Level 1:colcon.colcon_core.package_identification:_identify(armos_ros2/pkgs/armos_control) by extensions ['ros']
[0.174s] Level 1:colcon.colcon_core.package_identification:_identify(armos_ros2/pkgs/armos_control) by extension 'ros'
[0.176s] DEBUG:colcon.colcon_core.package_identification:Package 'armos_ros2/pkgs/armos_control' with type 'ros.ament_cmake' and name 'armos_control'
[0.176s] Level 1:colcon.colcon_core.package_identification:_identify(armos_ros2/pkgs/armos_interfaces) by extensions ['ignore', 'ignore_ament_install']
[0.176s] Level 1:colcon.colcon_core.package_identification:_identify(armos_ros2/pkgs/armos_interfaces) by extension 'ignore'
[0.176s] Level 1:colcon.colcon_core.package_identification:_identify(armos_ros2/pkgs/armos_interfaces) by extension 'ignore_ament_install'
[0.176s] Level 1:colcon.colcon_core.package_identification:_identify(armos_ros2/pkgs/armos_interfaces) by extensions ['colcon_pkg']
[0.176s] Level 1:colcon.colcon_core.package_identification:_identify(armos_ros2/pkgs/armos_interfaces) by extension 'colcon_pkg'
[0.176s] Level 1:colcon.colcon_core.package_identification:_identify(armos_ros2/pkgs/armos_interfaces) by extensions ['colcon_meta']
[0.176s] Level 1:colcon.colcon_core.package_identification:_identify(armos_ros2/pkgs/armos_interfaces) by extension 'colcon_meta'
[0.176s] Level 1:colcon.colcon_core.package_identification:_identify(armos_ros2/pkgs/armos_interfaces) by extensions ['ros']
[0.176s] Level 1:colcon.colcon_core.package_identification:_identify(armos_ros2/pkgs/armos_interfaces) by extension 'ros'
[0.177s] DEBUG:colcon.colcon_core.package_identification:Package 'armos_ros2/pkgs/armos_interfaces' with type 'ros.ament_cmake' and name 'armos_interfaces'
[0.177s] Level 1:colcon.colcon_core.package_identification:_identify(armos_sim) by extensions ['ignore', 'ignore_ament_install']
[0.177s] Level 1:colcon.colcon_core.package_identification:_identify(armos_sim) by extension 'ignore'
[0.177s] Level 1:colcon.colcon_core.package_identification:_identify(armos_sim) by extension 'ignore_ament_install'
[0.177s] Level 1:colcon.colcon_core.package_identification:_identify(armos_sim) by extensions ['colcon_pkg']
[0.177s] Level 1:colcon.colcon_core.package_identification:_identify(armos_sim) by extension 'colcon_pkg'
[0.177s] Level 1:colcon.colcon_core.package_identification:_identify(armos_sim) by extensions ['colcon_meta']
[0.177s] Level 1:colcon.colcon_core.package_identification:_identify(armos_sim) by extension 'colcon_meta'
[0.177s] Level 1:colcon.colcon_core.package_identification:_identify(armos_sim) by extensions ['ros']
[0.177s] Level 1:colcon.colcon_core.package_identification:_identify(armos_sim) by extension 'ros'
[0.177s] Level 1:colcon.colcon_core.package_identification:_identify(armos_sim) by extensions ['cmake', 'python']
[0.177s] Level 1:colcon.colcon_core.package_identification:_identify(armos_sim) by extension 'cmake'
[0.177s] Level 1:colcon.colcon_core.package_identification:_identify(armos_sim) by extension 'python'
[0.177s] Level 1:colcon.colcon_core.package_identification:_identify(armos_sim) by extensions ['python_setup_py']
[0.177s] Level 1:colcon.colcon_core.package_identification:_identify(armos_sim) by extension 'python_setup_py'
[0.177s] Level 1:colcon.colcon_core.package_identification:_identify(armos_sim/armos.egg-info) by extensions ['ignore', 'ignore_ament_install']
[0.178s] Level 1:colcon.colcon_core.package_identification:_identify(armos_sim/armos.egg-info) by extension 'ignore'
[0.178s] Level 1:colcon.colcon_core.package_identification:_identify(armos_sim/armos.egg-info) by extension 'ignore_ament_install'
[0.178s] Level 1:colcon.colcon_core.package_identification:_identify(armos_sim/armos.egg-info) by extensions ['colcon_pkg']
[0.178s] Level 1:colcon.colcon_core.package_identification:_identify(armos_sim/armos.egg-info) by extension 'colcon_pkg'
[0.178s] Level 1:colcon.colcon_core.package_identification:_identify(armos_sim/armos.egg-info) by extensions ['colcon_meta']
[0.178s] Level 1:colcon.colcon_core.package_identification:_identify(armos_sim/armos.egg-info) by extension 'colcon_meta'
[0.178s] Level 1:colcon.colcon_core.package_identification:_identify(armos_sim/armos.egg-info) by extensions ['ros']
[0.178s] Level 1:colcon.colcon_core.package_identification:_identify(armos_sim/armos.egg-info) by extension 'ros'
[0.178s] Level 1:colcon.colcon_core.package_identification:_identify(armos_sim/armos.egg-info) by extensions ['cmake', 'python']
[0.178s] Level 1:colcon.colcon_core.package_identification:_identify(armos_sim/armos.egg-info) by extension 'cmake'
[0.178s] Level 1:colcon.colcon_core.package_identification:_identify(armos_sim/armos.egg-info) by extension 'python'
[0.178s] Level 1:colcon.colcon_core.package_identification:_identify(armos_sim/armos.egg-info) by extensions ['python_setup_py']
[0.178s] Level 1:colcon.colcon_core.package_identification:_identify(armos_sim/armos.egg-info) by extension 'python_setup_py'
[0.178s] Level 1:colcon.colcon_core.package_identification:_identify(armos_sim/assets) by extensions ['ignore', 'ignore_ament_install']
[0.178s] Level 1:colcon.colcon_core.package_identification:_identify(armos_sim/assets) by extension 'ignore'
[0.178s] Level 1:colcon.colcon_core.package_identification:_identify(armos_sim/assets) by extension 'ignore_ament_install'
[0.178s] Level 1:colcon.colcon_core.package_identification:_identify(armos_sim/assets) by extensions ['colcon_pkg']
[0.178s] Level 1:colcon.colcon_core.package_identification:_identify(armos_sim/assets) by extension 'colcon_pkg'
[0.178s] Level 1:colcon.colcon_core.package_identification:_identify(armos_sim/assets) by extensions ['colcon_meta']
[0.178s] Level 1:colcon.colcon_core.package_identification:_identify(armos_sim/assets) by extension 'colcon_meta'
[0.178s] Level 1:colcon.colcon_core.package_identification:_identify(armos_sim/assets) by extensions ['ros']
[0.178s] Level 1:colcon.colcon_core.package_identification:_identify(armos_sim/assets) by extension 'ros'
[0.178s] Level 1:colcon.colcon_core.package_identification:_identify(armos_sim/assets) by extensions ['cmake', 'python']
[0.178s] Level 1:colcon.colcon_core.package_identification:_identify(armos_sim/assets) by extension 'cmake'
[0.178s] Level 1:colcon.colcon_core.package_identification:_identify(armos_sim/assets) by extension 'python'
[0.178s] Level 1:colcon.colcon_core.package_identification:_identify(armos_sim/assets) by extensions ['python_setup_py']
[0.178s] Level 1:colcon.colcon_core.package_identification:_identify(armos_sim/assets) by extension 'python_setup_py'
[0.178s] Level 1:colcon.colcon_core.package_identification:_identify(armos_sim/assets/duman) by extensions ['ignore', 'ignore_ament_install']
[0.178s] Level 1:colcon.colcon_core.package_identification:_identify(armos_sim/assets/duman) by extension 'ignore'
[0.179s] Level 1:colcon.colcon_core.package_identification:_identify(armos_sim/assets/duman) by extension 'ignore_ament_install'
[0.179s] Level 1:colcon.colcon_core.package_identification:_identify(armos_sim/assets/duman) by extensions ['colcon_pkg']
[0.179s] Level 1:colcon.colcon_core.package_identification:_identify(armos_sim/assets/duman) by extension 'colcon_pkg'
[0.179s] Level 1:colcon.colcon_core.package_identification:_identify(armos_sim/assets/duman) by extensions ['colcon_meta']
[0.179s] Level 1:colcon.colcon_core.package_identification:_identify(armos_sim/assets/duman) by extension 'colcon_meta'
[0.179s] Level 1:colcon.colcon_core.package_identification:_identify(armos_sim/assets/duman) by extensions ['ros']
[0.179s] Level 1:colcon.colcon_core.package_identification:_identify(armos_sim/assets/duman) by extension 'ros'
[0.179s] Level 1:colcon.colcon_core.package_identification:_identify(armos_sim/assets/duman) by extensions ['cmake', 'python']
[0.179s] Level 1:colcon.colcon_core.package_identification:_identify(armos_sim/assets/duman) by extension 'cmake'
[0.179s] Level 1:colcon.colcon_core.package_identification:_identify(armos_sim/assets/duman) by extension 'python'
[0.179s] Level 1:colcon.colcon_core.package_identification:_identify(armos_sim/assets/duman) by extensions ['python_setup_py']
[0.179s] Level 1:colcon.colcon_core.package_identification:_identify(armos_sim/assets/duman) by extension 'python_setup_py'
[0.179s] Level 1:colcon.colcon_core.package_identification:_identify(armos_sim/assets/duman/meshes) by extensions ['ignore', 'ignore_ament_install']
[0.179s] Level 1:colcon.colcon_core.package_identification:_identify(armos_sim/assets/duman/meshes) by extension 'ignore'
[0.179s] Level 1:colcon.colcon_core.package_identification:_identify(armos_sim/assets/duman/meshes) by extension 'ignore_ament_install'
[0.179s] Level 1:colcon.colcon_core.package_identification:_identify(armos_sim/assets/duman/meshes) by extensions ['colcon_pkg']
[0.179s] Level 1:colcon.colcon_core.package_identification:_identify(armos_sim/assets/duman/meshes) by extension 'colcon_pkg'
[0.179s] Level 1:colcon.colcon_core.package_identification:_identify(armos_sim/assets/duman/meshes) by extensions ['colcon_meta']
[0.179s] Level 1:colcon.colcon_core.package_identification:_identify(armos_sim/assets/duman/meshes) by extension 'colcon_meta'
[0.179s] Level 1:colcon.colcon_core.package_identification:_identify(armos_sim/assets/duman/meshes) by extensions ['ros']
[0.179s] Level 1:colcon.colcon_core.package_identification:_identify(armos_sim/assets/duman/meshes) by extension 'ros'
[0.179s] Level 1:colcon.colcon_core.package_identification:_identify(armos_sim/assets/duman/meshes) by extensions ['cmake', 'python']
[0.179s] Level 1:colcon.colcon_core.package_identification:_identify(armos_sim/assets/duman/meshes) by extension 'cmake'
[0.179s] Level 1:colcon.colcon_core.package_identification:_identify(armos_sim/assets/duman/meshes) by extension 'python'
[0.179s] Level 1:colcon.colcon_core.package_identification:_identify(armos_sim/assets/duman/meshes) by extensions ['python_setup_py']
[0.179s] Level 1:colcon.colcon_core.package_identification:_identify(armos_sim/assets/duman/meshes) by extension 'python_setup_py'
[0.179s] Level 1:colcon.colcon_core.package_identification:_identify(armos_sim/assets/duman/meshes/grippers) by extensions ['ignore', 'ignore_ament_install']
[0.179s] Level 1:colcon.colcon_core.package_identification:_identify(armos_sim/assets/duman/meshes/grippers) by extension 'ignore'
[0.179s] Level 1:colcon.colcon_core.package_identification:_identify(armos_sim/assets/duman/meshes/grippers) by extension 'ignore_ament_install'
[0.179s] Level 1:colcon.colcon_core.package_identification:_identify(armos_sim/assets/duman/meshes/grippers) by extensions ['colcon_pkg']
[0.180s] Level 1:colcon.colcon_core.package_identification:_identify(armos_sim/assets/duman/meshes/grippers) by extension 'colcon_pkg'
[0.180s] Level 1:colcon.colcon_core.package_identification:_identify(armos_sim/assets/duman/meshes/grippers) by extensions ['colcon_meta']
[0.180s] Level 1:colcon.colcon_core.package_identification:_identify(armos_sim/assets/duman/meshes/grippers) by extension 'colcon_meta'
[0.180s] Level 1:colcon.colcon_core.package_identification:_identify(armos_sim/assets/duman/meshes/grippers) by extensions ['ros']
[0.180s] Level 1:colcon.colcon_core.package_identification:_identify(armos_sim/assets/duman/meshes/grippers) by extension 'ros'
[0.180s] Level 1:colcon.colcon_core.package_identification:_identify(armos_sim/assets/duman/meshes/grippers) by extensions ['cmake', 'python']
[0.180s] Level 1:colcon.colcon_core.package_identification:_identify(armos_sim/assets/duman/meshes/grippers) by extension 'cmake'
[0.180s] Level 1:colcon.colcon_core.package_identification:_identify(armos_sim/assets/duman/meshes/grippers) by extension 'python'
[0.180s] Level 1:colcon.colcon_core.package_identification:_identify(armos_sim/assets/duman/meshes/grippers) by extensions ['python_setup_py']
[0.180s] Level 1:colcon.colcon_core.package_identification:_identify(armos_sim/assets/duman/meshes/grippers) by extension 'python_setup_py'
[0.180s] Level 1:colcon.colcon_core.package_identification:_identify(armos_sim/assets/duman/meshes/grippers/dg3fm) by extensions ['ignore', 'ignore_ament_install']
[0.180s] Level 1:colcon.colcon_core.package_identification:_identify(armos_sim/assets/duman/meshes/grippers/dg3fm) by extension 'ignore'
[0.180s] Level 1:colcon.colcon_core.package_identification:_identify(armos_sim/assets/duman/meshes/grippers/dg3fm) by extension 'ignore_ament_install'
[0.180s] Level 1:colcon.colcon_core.package_identification:_identify(armos_sim/assets/duman/meshes/grippers/dg3fm) by extensions ['colcon_pkg']
[0.180s] Level 1:colcon.colcon_core.package_identification:_identify(armos_sim/assets/duman/meshes/grippers/dg3fm) by extension 'colcon_pkg'
[0.180s] Level 1:colcon.colcon_core.package_identification:_identify(armos_sim/assets/duman/meshes/grippers/dg3fm) by extensions ['colcon_meta']
[0.180s] Level 1:colcon.colcon_core.package_identification:_identify(armos_sim/assets/duman/meshes/grippers/dg3fm) by extension 'colcon_meta'
[0.180s] Level 1:colcon.colcon_core.package_identification:_identify(armos_sim/assets/duman/meshes/grippers/dg3fm) by extensions ['ros']
[0.180s] Level 1:colcon.colcon_core.package_identification:_identify(armos_sim/assets/duman/meshes/grippers/dg3fm) by extension 'ros'
[0.180s] Level 1:colcon.colcon_core.package_identification:_identify(armos_sim/assets/duman/meshes/grippers/dg3fm) by extensions ['cmake', 'python']
[0.180s] Level 1:colcon.colcon_core.package_identification:_identify(armos_sim/assets/duman/meshes/grippers/dg3fm) by extension 'cmake'
[0.180s] Level 1:colcon.colcon_core.package_identification:_identify(armos_sim/assets/duman/meshes/grippers/dg3fm) by extension 'python'
[0.180s] Level 1:colcon.colcon_core.package_identification:_identify(armos_sim/assets/duman/meshes/grippers/dg3fm) by extensions ['python_setup_py']
[0.180s] Level 1:colcon.colcon_core.package_identification:_identify(armos_sim/assets/duman/meshes/grippers/dg3fm) by extension 'python_setup_py'
[0.180s] Level 1:colcon.colcon_core.package_identification:_identify(armos_sim/assets/duman/meshes/grippers/dh_robotics_ag145) by extensions ['ignore', 'ignore_ament_install']
[0.180s] Level 1:colcon.colcon_core.package_identification:_identify(armos_sim/assets/duman/meshes/grippers/dh_robotics_ag145) by extension 'ignore'
[0.180s] Level 1:colcon.colcon_core.package_identification:_identify(armos_sim/assets/duman/meshes/grippers/dh_robotics_ag145) by extension 'ignore_ament_install'
[0.181s] Level 1:colcon.colcon_core.package_identification:_identify(armos_sim/assets/duman/meshes/grippers/dh_robotics_ag145) by extensions ['colcon_pkg']
[0.181s] Level 1:colcon.colcon_core.package_identification:_identify(armos_sim/assets/duman/meshes/grippers/dh_robotics_ag145) by extension 'colcon_pkg'
[0.181s] Level 1:colcon.colcon_core.package_identification:_identify(armos_sim/assets/duman/meshes/grippers/dh_robotics_ag145) by extensions ['colcon_meta']
[0.181s] Level 1:colcon.colcon_core.package_identification:_identify(armos_sim/assets/duman/meshes/grippers/dh_robotics_ag145) by extension 'colcon_meta'
[0.181s] Level 1:colcon.colcon_core.package_identification:_identify(armos_sim/assets/duman/meshes/grippers/dh_robotics_ag145) by extensions ['ros']
[0.181s] Level 1:colcon.colcon_core.package_identification:_identify(armos_sim/assets/duman/meshes/grippers/dh_robotics_ag145) by extension 'ros'
[0.181s] Level 1:colcon.colcon_core.package_identification:_identify(armos_sim/assets/duman/meshes/grippers/dh_robotics_ag145) by extensions ['cmake', 'python']
[0.181s] Level 1:colcon.colcon_core.package_identification:_identify(armos_sim/assets/duman/meshes/grippers/dh_robotics_ag145) by extension 'cmake'
[0.181s] Level 1:colcon.colcon_core.package_identification:_identify(armos_sim/assets/duman/meshes/grippers/dh_robotics_ag145) by extension 'python'
[0.181s] Level 1:colcon.colcon_core.package_identification:_identify(armos_sim/assets/duman/meshes/grippers/dh_robotics_ag145) by extensions ['python_setup_py']
[0.181s] Level 1:colcon.colcon_core.package_identification:_identify(armos_sim/assets/duman/meshes/grippers/dh_robotics_ag145) by extension 'python_setup_py'
[0.181s] Level 1:colcon.colcon_core.package_identification:_identify(armos_sim/assets/franka_emika_panda) by extensions ['ignore', 'ignore_ament_install']
[0.181s] Level 1:colcon.colcon_core.package_identification:_identify(armos_sim/assets/franka_emika_panda) by extension 'ignore'
[0.181s] Level 1:colcon.colcon_core.package_identification:_identify(armos_sim/assets/franka_emika_panda) by extension 'ignore_ament_install'
[0.181s] Level 1:colcon.colcon_core.package_identification:_identify(armos_sim/assets/franka_emika_panda) by extensions ['colcon_pkg']
[0.181s] Level 1:colcon.colcon_core.package_identification:_identify(armos_sim/assets/franka_emika_panda) by extension 'colcon_pkg'
[0.181s] Level 1:colcon.colcon_core.package_identification:_identify(armos_sim/assets/franka_emika_panda) by extensions ['colcon_meta']
[0.181s] Level 1:colcon.colcon_core.package_identification:_identify(armos_sim/assets/franka_emika_panda) by extension 'colcon_meta'
[0.181s] Level 1:colcon.colcon_core.package_identification:_identify(armos_sim/assets/franka_emika_panda) by extensions ['ros']
[0.181s] Level 1:colcon.colcon_core.package_identification:_identify(armos_sim/assets/franka_emika_panda) by extension 'ros'
[0.181s] Level 1:colcon.colcon_core.package_identification:_identify(armos_sim/assets/franka_emika_panda) by extensions ['cmake', 'python']
[0.181s] Level 1:colcon.colcon_core.package_identification:_identify(armos_sim/assets/franka_emika_panda) by extension 'cmake'
[0.181s] Level 1:colcon.colcon_core.package_identification:_identify(armos_sim/assets/franka_emika_panda) by extension 'python'
[0.181s] Level 1:colcon.colcon_core.package_identification:_identify(armos_sim/assets/franka_emika_panda) by extensions ['python_setup_py']
[0.181s] Level 1:colcon.colcon_core.package_identification:_identify(armos_sim/assets/franka_emika_panda) by extension 'python_setup_py'
[0.181s] Level 1:colcon.colcon_core.package_identification:_identify(armos_sim/assets/franka_emika_panda/assets) by extensions ['ignore', 'ignore_ament_install']
[0.181s] Level 1:colcon.colcon_core.package_identification:_identify(armos_sim/assets/franka_emika_panda/assets) by extension 'ignore'
[0.181s] Level 1:colcon.colcon_core.package_identification:_identify(armos_sim/assets/franka_emika_panda/assets) by extension 'ignore_ament_install'
[0.181s] Level 1:colcon.colcon_core.package_identification:_identify(armos_sim/assets/franka_emika_panda/assets) by extensions ['colcon_pkg']
[0.182s] Level 1:colcon.colcon_core.package_identification:_identify(armos_sim/assets/franka_emika_panda/assets) by extension 'colcon_pkg'
[0.182s] Level 1:colcon.colcon_core.package_identification:_identify(armos_sim/assets/franka_emika_panda/assets) by extensions ['colcon_meta']
[0.182s] Level 1:colcon.colcon_core.package_identification:_identify(armos_sim/assets/franka_emika_panda/assets) by extension 'colcon_meta'
[0.182s] Level 1:colcon.colcon_core.package_identification:_identify(armos_sim/assets/franka_emika_panda/assets) by extensions ['ros']
[0.182s] Level 1:colcon.colcon_core.package_identification:_identify(armos_sim/assets/franka_emika_panda/assets) by extension 'ros'
[0.182s] Level 1:colcon.colcon_core.package_identification:_identify(armos_sim/assets/franka_emika_panda/assets) by extensions ['cmake', 'python']
[0.182s] Level 1:colcon.colcon_core.package_identification:_identify(armos_sim/assets/franka_emika_panda/assets) by extension 'cmake'
[0.182s] Level 1:colcon.colcon_core.package_identification:_identify(armos_sim/assets/franka_emika_panda/assets) by extension 'python'
[0.182s] Level 1:colcon.colcon_core.package_identification:_identify(armos_sim/assets/franka_emika_panda/assets) by extensions ['python_setup_py']
[0.182s] Level 1:colcon.colcon_core.package_identification:_identify(armos_sim/assets/franka_emika_panda/assets) by extension 'python_setup_py'
[0.182s] Level 1:colcon.colcon_core.package_identification:_identify(armos_sim/examples) by extensions ['ignore', 'ignore_ament_install']
[0.182s] Level 1:colcon.colcon_core.package_identification:_identify(armos_sim/examples) by extension 'ignore'
[0.182s] Level 1:colcon.colcon_core.package_identification:_identify(armos_sim/examples) by extension 'ignore_ament_install'
[0.182s] Level 1:colcon.colcon_core.package_identification:_identify(armos_sim/examples) by extensions ['colcon_pkg']
[0.182s] Level 1:colcon.colcon_core.package_identification:_identify(armos_sim/examples) by extension 'colcon_pkg'
[0.182s] Level 1:colcon.colcon_core.package_identification:_identify(armos_sim/examples) by extensions ['colcon_meta']
[0.182s] Level 1:colcon.colcon_core.package_identification:_identify(armos_sim/examples) by extension 'colcon_meta'
[0.182s] Level 1:colcon.colcon_core.package_identification:_identify(armos_sim/examples) by extensions ['ros']
[0.182s] Level 1:colcon.colcon_core.package_identification:_identify(armos_sim/examples) by extension 'ros'
[0.182s] Level 1:colcon.colcon_core.package_identification:_identify(armos_sim/examples) by extensions ['cmake', 'python']
[0.182s] Level 1:colcon.colcon_core.package_identification:_identify(armos_sim/examples) by extension 'cmake'
[0.182s] Level 1:colcon.colcon_core.package_identification:_identify(armos_sim/examples) by extension 'python'
[0.182s] Level 1:colcon.colcon_core.package_identification:_identify(armos_sim/examples) by extensions ['python_setup_py']
[0.182s] Level 1:colcon.colcon_core.package_identification:_identify(armos_sim/examples) by extension 'python_setup_py'
[0.182s] Level 1:colcon.colcon_core.package_identification:_identify(armos_sim/sim) by extensions ['ignore', 'ignore_ament_install']
[0.182s] Level 1:colcon.colcon_core.package_identification:_identify(armos_sim/sim) by extension 'ignore'
[0.182s] Level 1:colcon.colcon_core.package_identification:_identify(armos_sim/sim) by extension 'ignore_ament_install'
[0.182s] Level 1:colcon.colcon_core.package_identification:_identify(armos_sim/sim) by extensions ['colcon_pkg']
[0.182s] Level 1:colcon.colcon_core.package_identification:_identify(armos_sim/sim) by extension 'colcon_pkg'
[0.182s] Level 1:colcon.colcon_core.package_identification:_identify(armos_sim/sim) by extensions ['colcon_meta']
[0.183s] Level 1:colcon.colcon_core.package_identification:_identify(armos_sim/sim) by extension 'colcon_meta'
[0.183s] Level 1:colcon.colcon_core.package_identification:_identify(armos_sim/sim) by extensions ['ros']
[0.183s] Level 1:colcon.colcon_core.package_identification:_identify(armos_sim/sim) by extension 'ros'
[0.183s] Level 1:colcon.colcon_core.package_identification:_identify(armos_sim/sim) by extensions ['cmake', 'python']
[0.183s] Level 1:colcon.colcon_core.package_identification:_identify(armos_sim/sim) by extension 'cmake'
[0.183s] Level 1:colcon.colcon_core.package_identification:_identify(armos_sim/sim) by extension 'python'
[0.183s] Level 1:colcon.colcon_core.package_identification:_identify(armos_sim/sim) by extensions ['python_setup_py']
[0.183s] Level 1:colcon.colcon_core.package_identification:_identify(armos_sim/sim) by extension 'python_setup_py'
[0.183s] Level 1:colcon.colcon_core.package_identification:_identify(armos_sim/sim/__pycache__) by extensions ['ignore', 'ignore_ament_install']
[0.183s] Level 1:colcon.colcon_core.package_identification:_identify(armos_sim/sim/__pycache__) by extension 'ignore'
[0.183s] Level 1:colcon.colcon_core.package_identification:_identify(armos_sim/sim/__pycache__) by extension 'ignore_ament_install'
[0.183s] Level 1:colcon.colcon_core.package_identification:_identify(armos_sim/sim/__pycache__) by extensions ['colcon_pkg']
[0.183s] Level 1:colcon.colcon_core.package_identification:_identify(armos_sim/sim/__pycache__) by extension 'colcon_pkg'
[0.183s] Level 1:colcon.colcon_core.package_identification:_identify(armos_sim/sim/__pycache__) by extensions ['colcon_meta']
[0.183s] Level 1:colcon.colcon_core.package_identification:_identify(armos_sim/sim/__pycache__) by extension 'colcon_meta'
[0.183s] Level 1:colcon.colcon_core.package_identification:_identify(armos_sim/sim/__pycache__) by extensions ['ros']
[0.183s] Level 1:colcon.colcon_core.package_identification:_identify(armos_sim/sim/__pycache__) by extension 'ros'
[0.183s] Level 1:colcon.colcon_core.package_identification:_identify(armos_sim/sim/__pycache__) by extensions ['cmake', 'python']
[0.183s] Level 1:colcon.colcon_core.package_identification:_identify(armos_sim/sim/__pycache__) by extension 'cmake'
[0.183s] Level 1:colcon.colcon_core.package_identification:_identify(armos_sim/sim/__pycache__) by extension 'python'
[0.183s] Level 1:colcon.colcon_core.package_identification:_identify(armos_sim/sim/__pycache__) by extensions ['python_setup_py']
[0.183s] Level 1:colcon.colcon_core.package_identification:_identify(armos_sim/sim/__pycache__) by extension 'python_setup_py'
[0.183s] Level 1:colcon.colcon_core.package_identification:_identify(build) by extensions ['ignore', 'ignore_ament_install']
[0.183s] Level 1:colcon.colcon_core.package_identification:_identify(build) by extension 'ignore'
[0.183s] Level 1:colcon.colcon_core.package_identification:_identify(build) ignored
[0.184s] Level 1:colcon.colcon_core.package_identification:_identify(install) by extensions ['ignore', 'ignore_ament_install']
[0.184s] Level 1:colcon.colcon_core.package_identification:_identify(install) by extension 'ignore'
[0.184s] Level 1:colcon.colcon_core.package_identification:_identify(install) ignored
[0.184s] Level 1:colcon.colcon_core.package_identification:_identify(log) by extensions ['ignore', 'ignore_ament_install']
[0.184s] Level 1:colcon.colcon_core.package_identification:_identify(log) by extension 'ignore'
[0.184s] Level 1:colcon.colcon_core.package_identification:_identify(log) ignored
[0.184s] Level 1:colcon.colcon_core.package_identification:_identify(robot_kinematics) by extensions ['ignore', 'ignore_ament_install']
[0.184s] Level 1:colcon.colcon_core.package_identification:_identify(robot_kinematics) by extension 'ignore'
[0.184s] Level 1:colcon.colcon_core.package_identification:_identify(robot_kinematics) by extension 'ignore_ament_install'
[0.184s] Level 1:colcon.colcon_core.package_identification:_identify(robot_kinematics) by extensions ['colcon_pkg']
[0.184s] Level 1:colcon.colcon_core.package_identification:_identify(robot_kinematics) by extension 'colcon_pkg'
[0.184s] Level 1:colcon.colcon_core.package_identification:_identify(robot_kinematics) by extensions ['colcon_meta']
[0.184s] Level 1:colcon.colcon_core.package_identification:_identify(robot_kinematics) by extension 'colcon_meta'
[0.184s] Level 1:colcon.colcon_core.package_identification:_identify(robot_kinematics) by extensions ['ros']
[0.184s] Level 1:colcon.colcon_core.package_identification:_identify(robot_kinematics) by extension 'ros'
[0.184s] Level 1:colcon.colcon_core.package_identification:_identify(robot_kinematics) by extensions ['cmake', 'python']
[0.184s] Level 1:colcon.colcon_core.package_identification:_identify(robot_kinematics) by extension 'cmake'
[0.184s] Level 1:colcon.colcon_core.package_identification:_identify(robot_kinematics) by extension 'python'
[0.184s] Level 1:colcon.colcon_core.package_identification:_identify(robot_kinematics) by extensions ['python_setup_py']
[0.184s] Level 1:colcon.colcon_core.package_identification:_identify(robot_kinematics) by extension 'python_setup_py'
[0.184s] Level 1:colcon.colcon_core.package_identification:_identify(robot_kinematics/controller) by extensions ['ignore', 'ignore_ament_install']
[0.184s] Level 1:colcon.colcon_core.package_identification:_identify(robot_kinematics/controller) by extension 'ignore'
[0.184s] Level 1:colcon.colcon_core.package_identification:_identify(robot_kinematics/controller) by extension 'ignore_ament_install'
[0.184s] Level 1:colcon.colcon_core.package_identification:_identify(robot_kinematics/controller) by extensions ['colcon_pkg']
[0.184s] Level 1:colcon.colcon_core.package_identification:_identify(robot_kinematics/controller) by extension 'colcon_pkg'
[0.184s] Level 1:colcon.colcon_core.package_identification:_identify(robot_kinematics/controller) by extensions ['colcon_meta']
[0.185s] Level 1:colcon.colcon_core.package_identification:_identify(robot_kinematics/controller) by extension 'colcon_meta'
[0.185s] Level 1:colcon.colcon_core.package_identification:_identify(robot_kinematics/controller) by extensions ['ros']
[0.185s] Level 1:colcon.colcon_core.package_identification:_identify(robot_kinematics/controller) by extension 'ros'
[0.185s] Level 1:colcon.colcon_core.package_identification:_identify(robot_kinematics/controller) by extensions ['cmake', 'python']
[0.185s] Level 1:colcon.colcon_core.package_identification:_identify(robot_kinematics/controller) by extension 'cmake'
[0.185s] Level 1:colcon.colcon_core.package_identification:_identify(robot_kinematics/controller) by extension 'python'
[0.185s] Level 1:colcon.colcon_core.package_identification:_identify(robot_kinematics/controller) by extensions ['python_setup_py']
[0.185s] Level 1:colcon.colcon_core.package_identification:_identify(robot_kinematics/controller) by extension 'python_setup_py'
[0.185s] Level 1:colcon.colcon_core.package_identification:_identify(robot_kinematics/kinematics) by extensions ['ignore', 'ignore_ament_install']
[0.185s] Level 1:colcon.colcon_core.package_identification:_identify(robot_kinematics/kinematics) by extension 'ignore'
[0.185s] Level 1:colcon.colcon_core.package_identification:_identify(robot_kinematics/kinematics) by extension 'ignore_ament_install'
[0.185s] Level 1:colcon.colcon_core.package_identification:_identify(robot_kinematics/kinematics) by extensions ['colcon_pkg']
[0.185s] Level 1:colcon.colcon_core.package_identification:_identify(robot_kinematics/kinematics) by extension 'colcon_pkg'
[0.185s] Level 1:colcon.colcon_core.package_identification:_identify(robot_kinematics/kinematics) by extensions ['colcon_meta']
[0.185s] Level 1:colcon.colcon_core.package_identification:_identify(robot_kinematics/kinematics) by extension 'colcon_meta'
[0.185s] Level 1:colcon.colcon_core.package_identification:_identify(robot_kinematics/kinematics) by extensions ['ros']
[0.185s] Level 1:colcon.colcon_core.package_identification:_identify(robot_kinematics/kinematics) by extension 'ros'
[0.185s] Level 1:colcon.colcon_core.package_identification:_identify(robot_kinematics/kinematics) by extensions ['cmake', 'python']
[0.185s] Level 1:colcon.colcon_core.package_identification:_identify(robot_kinematics/kinematics) by extension 'cmake'
[0.185s] Level 1:colcon.colcon_core.package_identification:_identify(robot_kinematics/kinematics) by extension 'python'
[0.185s] Level 1:colcon.colcon_core.package_identification:_identify(robot_kinematics/kinematics) by extensions ['python_setup_py']
[0.185s] Level 1:colcon.colcon_core.package_identification:_identify(robot_kinematics/kinematics) by extension 'python_setup_py'
[0.185s] Level 1:colcon.colcon_core.package_identification:_identify(robot_kinematics/manyplot) by extensions ['ignore', 'ignore_ament_install']
[0.185s] Level 1:colcon.colcon_core.package_identification:_identify(robot_kinematics/manyplot) by extension 'ignore'
[0.185s] Level 1:colcon.colcon_core.package_identification:_identify(robot_kinematics/manyplot) by extension 'ignore_ament_install'
[0.185s] Level 1:colcon.colcon_core.package_identification:_identify(robot_kinematics/manyplot) by extensions ['colcon_pkg']
[0.185s] Level 1:colcon.colcon_core.package_identification:_identify(robot_kinematics/manyplot) by extension 'colcon_pkg'
[0.185s] Level 1:colcon.colcon_core.package_identification:_identify(robot_kinematics/manyplot) by extensions ['colcon_meta']
[0.185s] Level 1:colcon.colcon_core.package_identification:_identify(robot_kinematics/manyplot) by extension 'colcon_meta'
[0.185s] Level 1:colcon.colcon_core.package_identification:_identify(robot_kinematics/manyplot) by extensions ['ros']
[0.185s] Level 1:colcon.colcon_core.package_identification:_identify(robot_kinematics/manyplot) by extension 'ros'
[0.186s] Level 1:colcon.colcon_core.package_identification:_identify(robot_kinematics/manyplot) by extensions ['cmake', 'python']
[0.186s] Level 1:colcon.colcon_core.package_identification:_identify(robot_kinematics/manyplot) by extension 'cmake'
[0.186s] Level 1:colcon.colcon_core.package_identification:_identify(robot_kinematics/manyplot) by extension 'python'
[0.186s] Level 1:colcon.colcon_core.package_identification:_identify(robot_kinematics/manyplot) by extensions ['python_setup_py']
[0.186s] Level 1:colcon.colcon_core.package_identification:_identify(robot_kinematics/manyplot) by extension 'python_setup_py'
[0.186s] Level 1:colcon.colcon_core.package_identification:_identify(robot_kinematics/manyplot/__pycache__) by extensions ['ignore', 'ignore_ament_install']
[0.186s] Level 1:colcon.colcon_core.package_identification:_identify(robot_kinematics/manyplot/__pycache__) by extension 'ignore'
[0.186s] Level 1:colcon.colcon_core.package_identification:_identify(robot_kinematics/manyplot/__pycache__) by extension 'ignore_ament_install'
[0.186s] Level 1:colcon.colcon_core.package_identification:_identify(robot_kinematics/manyplot/__pycache__) by extensions ['colcon_pkg']
[0.186s] Level 1:colcon.colcon_core.package_identification:_identify(robot_kinematics/manyplot/__pycache__) by extension 'colcon_pkg'
[0.186s] Level 1:colcon.colcon_core.package_identification:_identify(robot_kinematics/manyplot/__pycache__) by extensions ['colcon_meta']
[0.186s] Level 1:colcon.colcon_core.package_identification:_identify(robot_kinematics/manyplot/__pycache__) by extension 'colcon_meta'
[0.186s] Level 1:colcon.colcon_core.package_identification:_identify(robot_kinematics/manyplot/__pycache__) by extensions ['ros']
[0.186s] Level 1:colcon.colcon_core.package_identification:_identify(robot_kinematics/manyplot/__pycache__) by extension 'ros'
[0.186s] Level 1:colcon.colcon_core.package_identification:_identify(robot_kinematics/manyplot/__pycache__) by extensions ['cmake', 'python']
[0.186s] Level 1:colcon.colcon_core.package_identification:_identify(robot_kinematics/manyplot/__pycache__) by extension 'cmake'
[0.186s] Level 1:colcon.colcon_core.package_identification:_identify(robot_kinematics/manyplot/__pycache__) by extension 'python'
[0.186s] Level 1:colcon.colcon_core.package_identification:_identify(robot_kinematics/manyplot/__pycache__) by extensions ['python_setup_py']
[0.186s] Level 1:colcon.colcon_core.package_identification:_identify(robot_kinematics/manyplot/__pycache__) by extension 'python_setup_py'
[0.186s] Level 1:colcon.colcon_core.package_identification:_identify(robot_kinematics/trajectory) by extensions ['ignore', 'ignore_ament_install']
[0.186s] Level 1:colcon.colcon_core.package_identification:_identify(robot_kinematics/trajectory) by extension 'ignore'
[0.186s] Level 1:colcon.colcon_core.package_identification:_identify(robot_kinematics/trajectory) by extension 'ignore_ament_install'
[0.186s] Level 1:colcon.colcon_core.package_identification:_identify(robot_kinematics/trajectory) by extensions ['colcon_pkg']
[0.186s] Level 1:colcon.colcon_core.package_identification:_identify(robot_kinematics/trajectory) by extension 'colcon_pkg'
[0.186s] Level 1:colcon.colcon_core.package_identification:_identify(robot_kinematics/trajectory) by extensions ['colcon_meta']
[0.186s] Level 1:colcon.colcon_core.package_identification:_identify(robot_kinematics/trajectory) by extension 'colcon_meta'
[0.186s] Level 1:colcon.colcon_core.package_identification:_identify(robot_kinematics/trajectory) by extensions ['ros']
[0.186s] Level 1:colcon.colcon_core.package_identification:_identify(robot_kinematics/trajectory) by extension 'ros'
[0.186s] Level 1:colcon.colcon_core.package_identification:_identify(robot_kinematics/trajectory) by extensions ['cmake', 'python']
[0.186s] Level 1:colcon.colcon_core.package_identification:_identify(robot_kinematics/trajectory) by extension 'cmake'
[0.187s] Level 1:colcon.colcon_core.package_identification:_identify(robot_kinematics/trajectory) by extension 'python'
[0.187s] Level 1:colcon.colcon_core.package_identification:_identify(robot_kinematics/trajectory) by extensions ['python_setup_py']
[0.187s] Level 1:colcon.colcon_core.package_identification:_identify(robot_kinematics/trajectory) by extension 'python_setup_py'
[0.187s] Level 1:colcon.colcon_core.package_discovery:discover_packages(recursive) using defaults
[0.187s] Level 1:colcon.colcon_core.package_discovery:discover_packages(ignore) discover
[0.187s] Level 1:colcon.colcon_core.package_discovery:discover_packages(ignore) using defaults
[0.187s] Level 1:colcon.colcon_core.package_discovery:discover_packages(path) discover
[0.187s] Level 1:colcon.colcon_core.package_discovery:discover_packages(path) using defaults
[0.207s] Level 1:colcon.colcon_core.package_discovery:discover_packages(prefix_path) check parameters
[0.207s] Level 1:colcon.colcon_core.package_discovery:discover_packages(prefix_path) discover
[0.209s] DEBUG:colcon.colcon_installed_package_information.package_discovery:Found 5 installed packages in /home/krishnapranav/duman_ws/install
[0.209s] DEBUG:colcon.colcon_installed_package_information.package_discovery:Found 2 installed packages in /home/krishnapranav/mj_manipulation/mujoco_manipulation/install
[0.210s] DEBUG:colcon.colcon_installed_package_information.package_discovery:Found 3 installed packages in /home/krishnapranav/microros_ws/install
[0.211s] DEBUG:colcon.colcon_installed_package_information.package_discovery:Found 495 installed packages in /opt/ros/humble
[0.213s] Level 1:colcon.colcon_core.package_discovery:discover_packages(prefix_path) using defaults
[0.273s] Level 5:colcon.colcon_core.verb:set package 'armos_interfaces' build argument 'cmake_args' from command line to 'None'
[0.273s] Level 5:colcon.colcon_core.verb:set package 'armos_interfaces' build argument 'cmake_target' from command line to 'None'
[0.273s] Level 5:colcon.colcon_core.verb:set package 'armos_interfaces' build argument 'cmake_target_skip_unavailable' from command line to 'False'
[0.273s] Level 5:colcon.colcon_core.verb:set package 'armos_interfaces' build argument 'cmake_clean_cache' from command line to 'False'
[0.273s] Level 5:colcon.colcon_core.verb:set package 'armos_interfaces' build argument 'cmake_clean_first' from command line to 'False'
[0.273s] Level 5:colcon.colcon_core.verb:set package 'armos_interfaces' build argument 'cmake_force_configure' from command line to 'False'
[0.273s] Level 5:colcon.colcon_core.verb:set package 'armos_interfaces' build argument 'ament_cmake_args' from command line to 'None'
[0.273s] Level 5:colcon.colcon_core.verb:set package 'armos_interfaces' build argument 'catkin_cmake_args' from command line to 'None'
[0.273s] Level 5:colcon.colcon_core.verb:set package 'armos_interfaces' build argument 'catkin_skip_building_tests' from command line to 'False'
[0.273s] DEBUG:colcon.colcon_core.verb:Building package 'armos_interfaces' with the following arguments: {'ament_cmake_args': None, 'build_base': '/home/krishnapranav/mj_manipulation/mujoco_manipulation/build/armos_interfaces', 'catkin_cmake_args': None, 'catkin_skip_building_tests': False, 'cmake_args': None, 'cmake_clean_cache': False, 'cmake_clean_first': False, 'cmake_force_configure': False, 'cmake_target': None, 'cmake_target_skip_unavailable': False, 'install_base': '/home/krishnapranav/mj_manipulation/mujoco_manipulation/install/armos_interfaces', 'merge_install': False, 'path': '/home/krishnapranav/mj_manipulation/mujoco_manipulation/armos_ros2/pkgs/armos_interfaces', 'symlink_install': False, 'test_result_base': None}
[0.273s] Level 5:colcon.colcon_core.verb:set package 'armos_control' build argument 'cmake_args' from command line to 'None'
[0.273s] Level 5:colcon.colcon_core.verb:set package 'armos_control' build argument 'cmake_target' from command line to 'None'
[0.273s] Level 5:colcon.colcon_core.verb:set package 'armos_control' build argument 'cmake_target_skip_unavailable' from command line to 'False'
[0.274s] Level 5:colcon.colcon_core.verb:set package 'armos_control' build argument 'cmake_clean_cache' from command line to 'False'
[0.274s] Level 5:colcon.colcon_core.verb:set package 'armos_control' build argument 'cmake_clean_first' from command line to 'False'
[0.274s] Level 5:colcon.colcon_core.verb:set package 'armos_control' build argument 'cmake_force_configure' from command line to 'False'
[0.274s] Level 5:colcon.colcon_core.verb:set package 'armos_control' build argument 'ament_cmake_args' from command line to 'None'
[0.274s] Level 5:colcon.colcon_core.verb:set package 'armos_control' build argument 'catkin_cmake_args' from command line to 'None'
[0.274s] Level 5:colcon.colcon_core.verb:set package 'armos_control' build argument 'catkin_skip_building_tests' from command line to 'False'
[0.274s] DEBUG:colcon.colcon_core.verb:Building package 'armos_control' with the following arguments: {'ament_cmake_args': None, 'build_base': '/home/krishnapranav/mj_manipulation/mujoco_manipulation/build/armos_control', 'catkin_cmake_args': None, 'catkin_skip_building_tests': False, 'cmake_args': None, 'cmake_clean_cache': False, 'cmake_clean_first': False, 'cmake_force_configure': False, 'cmake_target': None, 'cmake_target_skip_unavailable': False, 'install_base': '/home/krishnapranav/mj_manipulation/mujoco_manipulation/install/armos_control', 'merge_install': False, 'path': '/home/krishnapranav/mj_manipulation/mujoco_manipulation/armos_ros2/pkgs/armos_control', 'symlink_install': False, 'test_result_base': None}
[0.274s] INFO:colcon.colcon_core.executor:Executing jobs using 'parallel' executor
[0.275s] DEBUG:colcon.colcon_parallel_executor.executor.parallel:run_until_complete
[0.275s] INFO:colcon.colcon_ros.task.ament_cmake.build:Building ROS package in '/home/krishnapranav/mj_manipulation/mujoco_manipulation/armos_ros2/pkgs/armos_interfaces' with build type 'ament_cmake'
[0.275s] INFO:colcon.colcon_cmake.task.cmake.build:Building CMake package in '/home/krishnapranav/mj_manipulation/mujoco_manipulation/armos_ros2/pkgs/armos_interfaces'
[0.277s] INFO:colcon.colcon_core.plugin_system:Skipping extension 'colcon_core.shell.bat': Not used on non-Windows systems
[0.278s] INFO:colcon.colcon_core.shell:Skip shell extension 'powershell' for command environment: Not usable outside of PowerShell
[0.278s] DEBUG:colcon.colcon_core.shell:Skip shell extension 'dsv' for command environment
[0.292s] DEBUG:colcon.colcon_core.event_handler.log_command:Invoking command in '/home/krishnapranav/mj_manipulation/mujoco_manipulation/build/armos_interfaces': CMAKE_PREFIX_PATH=${CMAKE_PREFIX_PATH}:/opt/ros/humble PS1=(armos) \[\e]0;\u@\h: \w\a\]${debian_chroot:+($debian_chroot)}\[\033[01;32m\]\u@\h\[\033[00m\]:\[\033[01;34m\]\w\[\033[00m\]\$ VIRTUAL_ENV_PROMPT=(armos) /usr/bin/cmake --build /home/krishnapranav/mj_manipulation/mujoco_manipulation/build/armos_interfaces -- -j12 -l12
[0.982s] DEBUG:colcon.colcon_core.event_handler.log_command:Invoked command in '/home/krishnapranav/mj_manipulation/mujoco_manipulation/build/armos_interfaces' returned '0': CMAKE_PREFIX_PATH=${CMAKE_PREFIX_PATH}:/opt/ros/humble PS1=(armos) \[\e]0;\u@\h: \w\a\]${debian_chroot:+($debian_chroot)}\[\033[01;32m\]\u@\h\[\033[00m\]:\[\033[01;34m\]\w\[\033[00m\]\$ VIRTUAL_ENV_PROMPT=(armos) /usr/bin/cmake --build /home/krishnapranav/mj_manipulation/mujoco_manipulation/build/armos_interfaces -- -j12 -l12
[0.992s] DEBUG:colcon.colcon_core.event_handler.log_command:Invoking command in '/home/krishnapranav/mj_manipulation/mujoco_manipulation/build/armos_interfaces': CMAKE_PREFIX_PATH=${CMAKE_PREFIX_PATH}:/opt/ros/humble PS1=(armos) \[\e]0;\u@\h: \w\a\]${debian_chroot:+($debian_chroot)}\[\033[01;32m\]\u@\h\[\033[00m\]:\[\033[01;34m\]\w\[\033[00m\]\$ VIRTUAL_ENV_PROMPT=(armos) /usr/bin/cmake --install /home/krishnapranav/mj_manipulation/mujoco_manipulation/build/armos_interfaces
[1.072s] Level 1:colcon.colcon_core.environment:create_environment_scripts_only(armos_interfaces)
[1.077s] Level 1:colcon.colcon_core.environment:checking '/home/krishnapranav/mj_manipulation/mujoco_manipulation/install/armos_interfaces' for CMake module files
[1.079s] DEBUG:colcon.colcon_core.event_handler.log_command:Invoked command in '/home/krishnapranav/mj_manipulation/mujoco_manipulation/build/armos_interfaces' returned '0': CMAKE_PREFIX_PATH=${CMAKE_PREFIX_PATH}:/opt/ros/humble PS1=(armos) \[\e]0;\u@\h: \w\a\]${debian_chroot:+($debian_chroot)}\[\033[01;32m\]\u@\h\[\033[00m\]:\[\033[01;34m\]\w\[\033[00m\]\$ VIRTUAL_ENV_PROMPT=(armos) /usr/bin/cmake --install /home/krishnapranav/mj_manipulation/mujoco_manipulation/build/armos_interfaces
[1.080s] Level 1:colcon.colcon_core.environment:checking '/home/krishnapranav/mj_manipulation/mujoco_manipulation/install/armos_interfaces' for CMake config files
[1.081s] Level 1:colcon.colcon_core.shell:create_environment_hook('armos_interfaces', 'cmake_prefix_path')
[1.081s] INFO:colcon.colcon_core.shell:Creating environment hook '/home/krishnapranav/mj_manipulation/mujoco_manipulation/install/armos_interfaces/share/armos_interfaces/hook/cmake_prefix_path.ps1'
[1.082s] INFO:colcon.colcon_core.shell:Creating environment descriptor '/home/krishnapranav/mj_manipulation/mujoco_manipulation/install/armos_interfaces/share/armos_interfaces/hook/cmake_prefix_path.dsv'
[1.083s] INFO:colcon.colcon_core.shell:Creating environment hook '/home/krishnapranav/mj_manipulation/mujoco_manipulation/install/armos_interfaces/share/armos_interfaces/hook/cmake_prefix_path.sh'
[1.085s] Level 1:colcon.colcon_core.environment:checking '/home/krishnapranav/mj_manipulation/mujoco_manipulation/install/armos_interfaces/lib'
[1.085s] Level 1:colcon.colcon_core.shell:create_environment_hook('armos_interfaces', 'ld_library_path_lib')
[1.086s] INFO:colcon.colcon_core.shell:Creating environment hook '/home/krishnapranav/mj_manipulation/mujoco_manipulation/install/armos_interfaces/share/armos_interfaces/hook/ld_library_path_lib.ps1'
[1.086s] INFO:colcon.colcon_core.shell:Creating environment descriptor '/home/krishnapranav/mj_manipulation/mujoco_manipulation/install/armos_interfaces/share/armos_interfaces/hook/ld_library_path_lib.dsv'
[1.087s] INFO:colcon.colcon_core.shell:Creating environment hook '/home/krishnapranav/mj_manipulation/mujoco_manipulation/install/armos_interfaces/share/armos_interfaces/hook/ld_library_path_lib.sh'
[1.088s] Level 1:colcon.colcon_core.environment:checking '/home/krishnapranav/mj_manipulation/mujoco_manipulation/install/armos_interfaces/bin'
[1.088s] Level 1:colcon.colcon_core.environment:checking '/home/krishnapranav/mj_manipulation/mujoco_manipulation/install/armos_interfaces/lib/pkgconfig/armos_interfaces.pc'
[1.089s] Level 1:colcon.colcon_core.environment:checking '/home/krishnapranav/mj_manipulation/mujoco_manipulation/install/armos_interfaces/lib/python3.10/site-packages'
[1.089s] Level 1:colcon.colcon_core.shell:create_environment_hook('armos_interfaces', 'pythonpath')
[1.089s] INFO:colcon.colcon_core.shell:Creating environment hook '/home/krishnapranav/mj_manipulation/mujoco_manipulation/install/armos_interfaces/share/armos_interfaces/hook/pythonpath.ps1'
[1.090s] INFO:colcon.colcon_core.shell:Creating environment descriptor '/home/krishnapranav/mj_manipulation/mujoco_manipulation/install/armos_interfaces/share/armos_interfaces/hook/pythonpath.dsv'
[1.090s] INFO:colcon.colcon_core.shell:Creating environment hook '/home/krishnapranav/mj_manipulation/mujoco_manipulation/install/armos_interfaces/share/armos_interfaces/hook/pythonpath.sh'
[1.091s] Level 1:colcon.colcon_core.environment:checking '/home/krishnapranav/mj_manipulation/mujoco_manipulation/install/armos_interfaces/bin'
[1.091s] INFO:colcon.colcon_core.shell:Creating package script '/home/krishnapranav/mj_manipulation/mujoco_manipulation/install/armos_interfaces/share/armos_interfaces/package.ps1'
[1.092s] INFO:colcon.colcon_core.shell:Creating package descriptor '/home/krishnapranav/mj_manipulation/mujoco_manipulation/install/armos_interfaces/share/armos_interfaces/package.dsv'
[1.093s] INFO:colcon.colcon_core.shell:Creating package script '/home/krishnapranav/mj_manipulation/mujoco_manipulation/install/armos_interfaces/share/armos_interfaces/package.sh'
[1.094s] INFO:colcon.colcon_core.shell:Creating package script '/home/krishnapranav/mj_manipulation/mujoco_manipulation/install/armos_interfaces/share/armos_interfaces/package.bash'
[1.095s] INFO:colcon.colcon_core.shell:Creating package script '/home/krishnapranav/mj_manipulation/mujoco_manipulation/install/armos_interfaces/share/armos_interfaces/package.zsh'
[1.095s] Level 1:colcon.colcon_core.environment:create_file_with_runtime_dependencies(/home/krishnapranav/mj_manipulation/mujoco_manipulation/install/armos_interfaces/share/colcon-core/packages/armos_interfaces)
[1.096s] Level 1:colcon.colcon_core.environment:create_environment_scripts_only(armos_interfaces)
[1.096s] Level 1:colcon.colcon_core.environment:checking '/home/krishnapranav/mj_manipulation/mujoco_manipulation/install/armos_interfaces' for CMake module files
[1.097s] Level 1:colcon.colcon_core.environment:checking '/home/krishnapranav/mj_manipulation/mujoco_manipulation/install/armos_interfaces' for CMake config files
[1.097s] Level 1:colcon.colcon_core.shell:create_environment_hook('armos_interfaces', 'cmake_prefix_path')
[1.098s] INFO:colcon.colcon_core.shell:Creating environment hook '/home/krishnapranav/mj_manipulation/mujoco_manipulation/install/armos_interfaces/share/armos_interfaces/hook/cmake_prefix_path.ps1'
[1.098s] INFO:colcon.colcon_core.shell:Creating environment descriptor '/home/krishnapranav/mj_manipulation/mujoco_manipulation/install/armos_interfaces/share/armos_interfaces/hook/cmake_prefix_path.dsv'
[1.098s] INFO:colcon.colcon_core.shell:Creating environment hook '/home/krishnapranav/mj_manipulation/mujoco_manipulation/install/armos_interfaces/share/armos_interfaces/hook/cmake_prefix_path.sh'
[1.099s] Level 1:colcon.colcon_core.environment:checking '/home/krishnapranav/mj_manipulation/mujoco_manipulation/install/armos_interfaces/lib'
[1.099s] Level 1:colcon.colcon_core.shell:create_environment_hook('armos_interfaces', 'ld_library_path_lib')
[1.099s] INFO:colcon.colcon_core.shell:Creating environment hook '/home/krishnapranav/mj_manipulation/mujoco_manipulation/install/armos_interfaces/share/armos_interfaces/hook/ld_library_path_lib.ps1'
[1.100s] INFO:colcon.colcon_core.shell:Creating environment descriptor '/home/krishnapranav/mj_manipulation/mujoco_manipulation/install/armos_interfaces/share/armos_interfaces/hook/ld_library_path_lib.dsv'
[1.100s] INFO:colcon.colcon_core.shell:Creating environment hook '/home/krishnapranav/mj_manipulation/mujoco_manipulation/install/armos_interfaces/share/armos_interfaces/hook/ld_library_path_lib.sh'
[1.100s] Level 1:colcon.colcon_core.environment:checking '/home/krishnapranav/mj_manipulation/mujoco_manipulation/install/armos_interfaces/bin'
[1.101s] Level 1:colcon.colcon_core.environment:checking '/home/krishnapranav/mj_manipulation/mujoco_manipulation/install/armos_interfaces/lib/pkgconfig/armos_interfaces.pc'
[1.101s] Level 1:colcon.colcon_core.environment:checking '/home/krishnapranav/mj_manipulation/mujoco_manipulation/install/armos_interfaces/lib/python3.10/site-packages'
[1.101s] Level 1:colcon.colcon_core.shell:create_environment_hook('armos_interfaces', 'pythonpath')
[1.101s] INFO:colcon.colcon_core.shell:Creating environment hook '/home/krishnapranav/mj_manipulation/mujoco_manipulation/install/armos_interfaces/share/armos_interfaces/hook/pythonpath.ps1'
[1.101s] INFO:colcon.colcon_core.shell:Creating environment descriptor '/home/krishnapranav/mj_manipulation/mujoco_manipulation/install/armos_interfaces/share/armos_interfaces/hook/pythonpath.dsv'
[1.102s] INFO:colcon.colcon_core.shell:Creating environment hook '/home/krishnapranav/mj_manipulation/mujoco_manipulation/install/armos_interfaces/share/armos_interfaces/hook/pythonpath.sh'
[1.102s] Level 1:colcon.colcon_core.environment:checking '/home/krishnapranav/mj_manipulation/mujoco_manipulation/install/armos_interfaces/bin'
[1.103s] INFO:colcon.colcon_core.shell:Creating package script '/home/krishnapranav/mj_manipulation/mujoco_manipulation/install/armos_interfaces/share/armos_interfaces/package.ps1'
[1.103s] INFO:colcon.colcon_core.shell:Creating package descriptor '/home/krishnapranav/mj_manipulation/mujoco_manipulation/install/armos_interfaces/share/armos_interfaces/package.dsv'
[1.104s] INFO:colcon.colcon_core.shell:Creating package script '/home/krishnapranav/mj_manipulation/mujoco_manipulation/install/armos_interfaces/share/armos_interfaces/package.sh'
[1.105s] INFO:colcon.colcon_core.shell:Creating package script '/home/krishnapranav/mj_manipulation/mujoco_manipulation/install/armos_interfaces/share/armos_interfaces/package.bash'
[1.105s] INFO:colcon.colcon_core.shell:Creating package script '/home/krishnapranav/mj_manipulation/mujoco_manipulation/install/armos_interfaces/share/armos_interfaces/package.zsh'
[1.105s] Level 1:colcon.colcon_core.environment:create_file_with_runtime_dependencies(/home/krishnapranav/mj_manipulation/mujoco_manipulation/install/armos_interfaces/share/colcon-core/packages/armos_interfaces)
[1.106s] INFO:colcon.colcon_ros.task.ament_cmake.build:Building ROS package in '/home/krishnapranav/mj_manipulation/mujoco_manipulation/armos_ros2/pkgs/armos_control' with build type 'ament_cmake'
[1.106s] INFO:colcon.colcon_cmake.task.cmake.build:Building CMake package in '/home/krishnapranav/mj_manipulation/mujoco_manipulation/armos_ros2/pkgs/armos_control'
[1.107s] INFO:colcon.colcon_core.shell:Skip shell extension 'powershell' for command environment: Not usable outside of PowerShell
[1.107s] DEBUG:colcon.colcon_core.shell:Skip shell extension 'dsv' for command environment
[1.125s] DEBUG:colcon.colcon_core.event_handler.log_command:Invoking command in '/home/krishnapranav/mj_manipulation/mujoco_manipulation/build/armos_control': CMAKE_PREFIX_PATH=/home/krishnapranav/mj_manipulation/mujoco_manipulation/install/armos_interfaces:/home/krishnapranav/duman_ws/install/protoman_moveit:/home/krishnapranav/duman_ws/install/duman_moveit:/home/krishnapranav/duman_ws/install/duman_interfaces:/home/krishnapranav/duman_ws/install/duman_description:/home/krishnapranav/duman_ws/install/duman_control:/home/krishnapranav/mj_manipulation/mujoco_manipulation/install/armos_control:/home/krishnapranav/microros_ws/install/micro_ros_setup:/home/krishnapranav/microros_ws/install/micro_ros_agent:/home/krishnapranav/microros_ws/install/micro_ros_msgs:/opt/ros/humble LD_LIBRARY_PATH=/home/krishnapranav/mj_manipulation/mujoco_manipulation/install/armos_interfaces/lib:/home/krishnapranav/duman_ws/install/duman_interfaces/lib:/opt/ros/humble/opt/rviz_ogre_vendor/lib:/opt/ros/humble/lib/x86_64-linux-gnu:/opt/ros/humble/lib:/home/krishnapranav/microros_ws/install/micro_ros_agent/lib:/home/krishnapranav/microros_ws/install/micro_ros_msgs/lib PS1=(armos) \[\e]0;\u@\h: \w\a\]${debian_chroot:+($debian_chroot)}\[\033[01;32m\]\u@\h\[\033[00m\]:\[\033[01;34m\]\w\[\033[00m\]\$ PYTHONPATH=/home/krishnapranav/mj_manipulation/mujoco_manipulation/install/armos_interfaces/lib/python3.10/site-packages:/home/krishnapranav/duman_ws/install/duman_interfaces/local/lib/python3.10/dist-packages:/home/krishnapranav/duman_ws/install/duman_control/local/lib/python3.10/dist-packages:/opt/ros/humble/lib/python3.10/site-packages:/opt/ros/humble/local/lib/python3.10/dist-packages:/home/krishnapranav/microros_ws/install/micro_ros_msgs/lib/python3.10/site-packages VIRTUAL_ENV_PROMPT=(armos) /usr/bin/cmake --build /home/krishnapranav/mj_manipulation/mujoco_manipulation/build/armos_control -- -j12 -l12
[1.152s] DEBUG:colcon.colcon_core.event_handler.log_command:Invoked command in '/home/krishnapranav/mj_manipulation/mujoco_manipulation/build/armos_control' returned '0': CMAKE_PREFIX_PATH=/home/krishnapranav/mj_manipulation/mujoco_manipulation/install/armos_interfaces:/home/krishnapranav/duman_ws/install/protoman_moveit:/home/krishnapranav/duman_ws/install/duman_moveit:/home/krishnapranav/duman_ws/install/duman_interfaces:/home/krishnapranav/duman_ws/install/duman_description:/home/krishnapranav/duman_ws/install/duman_control:/home/krishnapranav/mj_manipulation/mujoco_manipulation/install/armos_control:/home/krishnapranav/microros_ws/install/micro_ros_setup:/home/krishnapranav/microros_ws/install/micro_ros_agent:/home/krishnapranav/microros_ws/install/micro_ros_msgs:/opt/ros/humble LD_LIBRARY_PATH=/home/krishnapranav/mj_manipulation/mujoco_manipulation/install/armos_interfaces/lib:/home/krishnapranav/duman_ws/install/duman_interfaces/lib:/opt/ros/humble/opt/rviz_ogre_vendor/lib:/opt/ros/humble/lib/x86_64-linux-gnu:/opt/ros/humble/lib:/home/krishnapranav/microros_ws/install/micro_ros_agent/lib:/home/krishnapranav/microros_ws/install/micro_ros_msgs/lib PS1=(armos) \[\e]0;\u@\h: \w\a\]${debian_chroot:+($debian_chroot)}\[\033[01;32m\]\u@\h\[\033[00m\]:\[\033[01;34m\]\w\[\033[00m\]\$ PYTHONPATH=/home/krishnapranav/mj_manipulation/mujoco_manipulation/install/armos_interfaces/lib/python3.10/site-packages:/home/krishnapranav/duman_ws/install/duman_interfaces/local/lib/python3.10/dist-packages:/home/krishnapranav/duman_ws/install/duman_control/local/lib/python3.10/dist-packages:/opt/ros/humble/lib/python3.10/site-packages:/opt/ros/humble/local/lib/python3.10/dist-packages:/home/krishnapranav/microros_ws/install/micro_ros_msgs/lib/python3.10/site-packages VIRTUAL_ENV_PROMPT=(armos) /usr/bin/cmake --build /home/krishnapranav/mj_manipulation/mujoco_manipulation/build/armos_control -- -j12 -l12
[1.156s] DEBUG:colcon.colcon_core.event_handler.log_command:Invoking command in '/home/krishnapranav/mj_manipulation/mujoco_manipulation/build/armos_control': CMAKE_PREFIX_PATH=/home/krishnapranav/mj_manipulation/mujoco_manipulation/install/armos_interfaces:/home/krishnapranav/duman_ws/install/protoman_moveit:/home/krishnapranav/duman_ws/install/duman_moveit:/home/krishnapranav/duman_ws/install/duman_interfaces:/home/krishnapranav/duman_ws/install/duman_description:/home/krishnapranav/duman_ws/install/duman_control:/home/krishnapranav/mj_manipulation/mujoco_manipulation/install/armos_control:/home/krishnapranav/microros_ws/install/micro_ros_setup:/home/krishnapranav/microros_ws/install/micro_ros_agent:/home/krishnapranav/microros_ws/install/micro_ros_msgs:/opt/ros/humble LD_LIBRARY_PATH=/home/krishnapranav/mj_manipulation/mujoco_manipulation/install/armos_interfaces/lib:/home/krishnapranav/duman_ws/install/duman_interfaces/lib:/opt/ros/humble/opt/rviz_ogre_vendor/lib:/opt/ros/humble/lib/x86_64-linux-gnu:/opt/ros/humble/lib:/home/krishnapranav/microros_ws/install/micro_ros_agent/lib:/home/krishnapranav/microros_ws/install/micro_ros_msgs/lib PS1=(armos) \[\e]0;\u@\h: \w\a\]${debian_chroot:+($debian_chroot)}\[\033[01;32m\]\u@\h\[\033[00m\]:\[\033[01;34m\]\w\[\033[00m\]\$ PYTHONPATH=/home/krishnapranav/mj_manipulation/mujoco_manipulation/install/armos_interfaces/lib/python3.10/site-packages:/home/krishnapranav/duman_ws/install/duman_interfaces/local/lib/python3.10/dist-packages:/home/krishnapranav/duman_ws/install/duman_control/local/lib/python3.10/dist-packages:/opt/ros/humble/lib/python3.10/site-packages:/opt/ros/humble/local/lib/python3.10/dist-packages:/home/krishnapranav/microros_ws/install/micro_ros_msgs/lib/python3.10/site-packages VIRTUAL_ENV_PROMPT=(armos) /usr/bin/cmake --install /home/krishnapranav/mj_manipulation/mujoco_manipulation/build/armos_control
[1.164s] Level 1:colcon.colcon_core.environment:create_environment_scripts_only(armos_control)
[1.164s] Level 1:colcon.colcon_core.environment:checking '/home/krishnapranav/mj_manipulation/mujoco_manipulation/install/armos_control' for CMake module files
[1.166s] DEBUG:colcon.colcon_core.event_handler.log_command:Invoked command in '/home/krishnapranav/mj_manipulation/mujoco_manipulation/build/armos_control' returned '0': CMAKE_PREFIX_PATH=/home/krishnapranav/mj_manipulation/mujoco_manipulation/install/armos_interfaces:/home/krishnapranav/duman_ws/install/protoman_moveit:/home/krishnapranav/duman_ws/install/duman_moveit:/home/krishnapranav/duman_ws/install/duman_interfaces:/home/krishnapranav/duman_ws/install/duman_description:/home/krishnapranav/duman_ws/install/duman_control:/home/krishnapranav/mj_manipulation/mujoco_manipulation/install/armos_control:/home/krishnapranav/microros_ws/install/micro_ros_setup:/home/krishnapranav/microros_ws/install/micro_ros_agent:/home/krishnapranav/microros_ws/install/micro_ros_msgs:/opt/ros/humble LD_LIBRARY_PATH=/home/krishnapranav/mj_manipulation/mujoco_manipulation/install/armos_interfaces/lib:/home/krishnapranav/duman_ws/install/duman_interfaces/lib:/opt/ros/humble/opt/rviz_ogre_vendor/lib:/opt/ros/humble/lib/x86_64-linux-gnu:/opt/ros/humble/lib:/home/krishnapranav/microros_ws/install/micro_ros_agent/lib:/home/krishnapranav/microros_ws/install/micro_ros_msgs/lib PS1=(armos) \[\e]0;\u@\h: \w\a\]${debian_chroot:+($debian_chroot)}\[\033[01;32m\]\u@\h\[\033[00m\]:\[\033[01;34m\]\w\[\033[00m\]\$ PYTHONPATH=/home/krishnapranav/mj_manipulation/mujoco_manipulation/install/armos_interfaces/lib/python3.10/site-packages:/home/krishnapranav/duman_ws/install/duman_interfaces/local/lib/python3.10/dist-packages:/home/krishnapranav/duman_ws/install/duman_control/local/lib/python3.10/dist-packages:/opt/ros/humble/lib/python3.10/site-packages:/opt/ros/humble/local/lib/python3.10/dist-packages:/home/krishnapranav/microros_ws/install/micro_ros_msgs/lib/python3.10/site-packages VIRTUAL_ENV_PROMPT=(armos) /usr/bin/cmake --install /home/krishnapranav/mj_manipulation/mujoco_manipulation/build/armos_control
[1.166s] Level 1:colcon.colcon_core.environment:checking '/home/krishnapranav/mj_manipulation/mujoco_manipulation/install/armos_control' for CMake config files
[1.167s] Level 1:colcon.colcon_core.shell:create_environment_hook('armos_control', 'cmake_prefix_path')
[1.167s] INFO:colcon.colcon_core.shell:Creating environment hook '/home/krishnapranav/mj_manipulation/mujoco_manipulation/install/armos_control/share/armos_control/hook/cmake_prefix_path.ps1'
[1.168s] INFO:colcon.colcon_core.shell:Creating environment descriptor '/home/krishnapranav/mj_manipulation/mujoco_manipulation/install/armos_control/share/armos_control/hook/cmake_prefix_path.dsv'
[1.169s] INFO:colcon.colcon_core.shell:Creating environment hook '/home/krishnapranav/mj_manipulation/mujoco_manipulation/install/armos_control/share/armos_control/hook/cmake_prefix_path.sh'
[1.170s] Level 1:colcon.colcon_core.environment:checking '/home/krishnapranav/mj_manipulation/mujoco_manipulation/install/armos_control/lib'
[1.170s] Level 1:colcon.colcon_core.environment:checking '/home/krishnapranav/mj_manipulation/mujoco_manipulation/install/armos_control/bin'
[1.170s] Level 1:colcon.colcon_core.environment:checking '/home/krishnapranav/mj_manipulation/mujoco_manipulation/install/armos_control/lib/pkgconfig/armos_control.pc'
[1.171s] Level 1:colcon.colcon_core.environment:checking '/home/krishnapranav/mj_manipulation/mujoco_manipulation/install/armos_control/lib/python3.10/site-packages'
[1.171s] Level 1:colcon.colcon_core.environment:checking '/home/krishnapranav/mj_manipulation/mujoco_manipulation/install/armos_control/bin'
[1.172s] INFO:colcon.colcon_core.shell:Creating package script '/home/krishnapranav/mj_manipulation/mujoco_manipulation/install/armos_control/share/armos_control/package.ps1'
[1.173s] INFO:colcon.colcon_core.shell:Creating package descriptor '/home/krishnapranav/mj_manipulation/mujoco_manipulation/install/armos_control/share/armos_control/package.dsv'
[1.174s] INFO:colcon.colcon_core.shell:Creating package script '/home/krishnapranav/mj_manipulation/mujoco_manipulation/install/armos_control/share/armos_control/package.sh'
[1.175s] INFO:colcon.colcon_core.shell:Creating package script '/home/krishnapranav/mj_manipulation/mujoco_manipulation/install/armos_control/share/armos_control/package.bash'
[1.175s] INFO:colcon.colcon_core.shell:Creating package script '/home/krishnapranav/mj_manipulation/mujoco_manipulation/install/armos_control/share/armos_control/package.zsh'
[1.176s] Level 1:colcon.colcon_core.environment:create_file_with_runtime_dependencies(/home/krishnapranav/mj_manipulation/mujoco_manipulation/install/armos_control/share/colcon-core/packages/armos_control)
[1.177s] Level 1:colcon.colcon_core.environment:create_environment_scripts_only(armos_control)
[1.178s] Level 1:colcon.colcon_core.environment:checking '/home/krishnapranav/mj_manipulation/mujoco_manipulation/install/armos_control' for CMake module files
[1.179s] Level 1:colcon.colcon_core.environment:checking '/home/krishnapranav/mj_manipulation/mujoco_manipulation/install/armos_control' for CMake config files
[1.179s] Level 1:colcon.colcon_core.shell:create_environment_hook('armos_control', 'cmake_prefix_path')
[1.180s] INFO:colcon.colcon_core.shell:Creating environment hook '/home/krishnapranav/mj_manipulation/mujoco_manipulation/install/armos_control/share/armos_control/hook/cmake_prefix_path.ps1'
[1.180s] INFO:colcon.colcon_core.shell:Creating environment descriptor '/home/krishnapranav/mj_manipulation/mujoco_manipulation/install/armos_control/share/armos_control/hook/cmake_prefix_path.dsv'
[1.181s] INFO:colcon.colcon_core.shell:Creating environment hook '/home/krishnapranav/mj_manipulation/mujoco_manipulation/install/armos_control/share/armos_control/hook/cmake_prefix_path.sh'
[1.182s] Level 1:colcon.colcon_core.environment:checking '/home/krishnapranav/mj_manipulation/mujoco_manipulation/install/armos_control/lib'
[1.182s] Level 1:colcon.colcon_core.environment:checking '/home/krishnapranav/mj_manipulation/mujoco_manipulation/install/armos_control/bin'
[1.183s] Level 1:colcon.colcon_core.environment:checking '/home/krishnapranav/mj_manipulation/mujoco_manipulation/install/armos_control/lib/pkgconfig/armos_control.pc'
[1.183s] Level 1:colcon.colcon_core.environment:checking '/home/krishnapranav/mj_manipulation/mujoco_manipulation/install/armos_control/lib/python3.10/site-packages'
[1.183s] Level 1:colcon.colcon_core.environment:checking '/home/krishnapranav/mj_manipulation/mujoco_manipulation/install/armos_control/bin'
[1.184s] INFO:colcon.colcon_core.shell:Creating package script '/home/krishnapranav/mj_manipulation/mujoco_manipulation/install/armos_control/share/armos_control/package.ps1'
[1.185s] INFO:colcon.colcon_core.shell:Creating package descriptor '/home/krishnapranav/mj_manipulation/mujoco_manipulation/install/armos_control/share/armos_control/package.dsv'
[1.186s] INFO:colcon.colcon_core.shell:Creating package script '/home/krishnapranav/mj_manipulation/mujoco_manipulation/install/armos_control/share/armos_control/package.sh'
[1.186s] INFO:colcon.colcon_core.shell:Creating package script '/home/krishnapranav/mj_manipulation/mujoco_manipulation/install/armos_control/share/armos_control/package.bash'
[1.187s] INFO:colcon.colcon_core.shell:Creating package script '/home/krishnapranav/mj_manipulation/mujoco_manipulation/install/armos_control/share/armos_control/package.zsh'
[1.188s] Level 1:colcon.colcon_core.environment:create_file_with_runtime_dependencies(/home/krishnapranav/mj_manipulation/mujoco_manipulation/install/armos_control/share/colcon-core/packages/armos_control)
[1.189s] DEBUG:colcon.colcon_parallel_executor.executor.parallel:closing loop
[1.189s] DEBUG:colcon.colcon_parallel_executor.executor.parallel:loop closed
[1.189s] DEBUG:colcon.colcon_parallel_executor.executor.parallel:run_until_complete finished with '0'
[1.190s] DEBUG:colcon.colcon_core.event_reactor:joining thread
[1.199s] INFO:colcon.colcon_core.plugin_system:Skipping extension 'colcon_notification.desktop_notification.terminal_notifier': Not used on non-Darwin systems
[1.199s] INFO:colcon.colcon_core.plugin_system:Skipping extension 'colcon_notification.desktop_notification.win32': Not used on non-Windows systems
[1.199s] INFO:colcon.colcon_notification.desktop_notification:Sending desktop notification using 'notify2'
[1.221s] DEBUG:colcon.colcon_core.event_reactor:joined thread
[1.222s] INFO:colcon.colcon_core.shell:Creating prefix script '/home/krishnapranav/mj_manipulation/mujoco_manipulation/install/local_setup.ps1'
[1.224s] INFO:colcon.colcon_core.shell:Creating prefix util module '/home/krishnapranav/mj_manipulation/mujoco_manipulation/install/_local_setup_util_ps1.py'
[1.226s] INFO:colcon.colcon_core.shell:Creating prefix chain script '/home/krishnapranav/mj_manipulation/mujoco_manipulation/install/setup.ps1'
[1.229s] INFO:colcon.colcon_core.shell:Creating prefix script '/home/krishnapranav/mj_manipulation/mujoco_manipulation/install/local_setup.sh'
[1.230s] INFO:colcon.colcon_core.shell:Creating prefix util module '/home/krishnapranav/mj_manipulation/mujoco_manipulation/install/_local_setup_util_sh.py'
[1.231s] INFO:colcon.colcon_core.shell:Creating prefix chain script '/home/krishnapranav/mj_manipulation/mujoco_manipulation/install/setup.sh'
[1.233s] INFO:colcon.colcon_core.shell:Creating prefix script '/home/krishnapranav/mj_manipulation/mujoco_manipulation/install/local_setup.bash'
[1.234s] INFO:colcon.colcon_core.shell:Creating prefix chain script '/home/krishnapranav/mj_manipulation/mujoco_manipulation/install/setup.bash'
[1.237s] INFO:colcon.colcon_core.shell:Creating prefix script '/home/krishnapranav/mj_manipulation/mujoco_manipulation/install/local_setup.zsh'
[1.238s] INFO:colcon.colcon_core.shell:Creating prefix chain script '/home/krishnapranav/mj_manipulation/mujoco_manipulation/install/setup.zsh'
