-- Install configuration: ""
-- Up-to-date: /home/krishnapranav/mj_manipulation/mujoco_manipulation/install/armos_control/lib/armos_control/armos_ros_sim.py
-- Up-to-date: /home/krishnapranav/mj_manipulation/mujoco_manipulation/install/armos_control/share/armos_control/config
-- Up-to-date: /home/krishnapranav/mj_manipulation/mujoco_manipulation/install/armos_control/share/armos_control/config/franka.yaml
-- Up-to-date: /home/krishnapranav/mj_manipulation/mujoco_manipulation/install/armos_control/share/armos_control/config/duman.yaml
-- Up-to-date: /home/krishnapranav/mj_manipulation/mujoco_manipulation/install/armos_control/share/armos_control/config/dual_franka.yaml
-- Up-to-date: /home/krishnapranav/mj_manipulation/mujoco_manipulation/install/armos_control/share/ament_index/resource_index/package_run_dependencies/armos_control
-- Up-to-date: /home/krishnapranav/mj_manipulation/mujoco_manipulation/install/armos_control/share/ament_index/resource_index/parent_prefix_path/armos_control
-- Up-to-date: /home/krishnapranav/mj_manipulation/mujoco_manipulation/install/armos_control/share/armos_control/environment/ament_prefix_path.sh
-- Up-to-date: /home/krishnapranav/mj_manipulation/mujoco_manipulation/install/armos_control/share/armos_control/environment/ament_prefix_path.dsv
-- Up-to-date: /home/krishnapranav/mj_manipulation/mujoco_manipulation/install/armos_control/share/armos_control/environment/path.sh
-- Up-to-date: /home/krishnapranav/mj_manipulation/mujoco_manipulation/install/armos_control/share/armos_control/environment/path.dsv
-- Up-to-date: /home/krishnapranav/mj_manipulation/mujoco_manipulation/install/armos_control/share/armos_control/local_setup.bash
-- Up-to-date: /home/krishnapranav/mj_manipulation/mujoco_manipulation/install/armos_control/share/armos_control/local_setup.sh
-- Up-to-date: /home/krishnapranav/mj_manipulation/mujoco_manipulation/install/armos_control/share/armos_control/local_setup.zsh
-- Up-to-date: /home/krishnapranav/mj_manipulation/mujoco_manipulation/install/armos_control/share/armos_control/local_setup.dsv
-- Installing: /home/krishnapranav/mj_manipulation/mujoco_manipulation/install/armos_control/share/armos_control/package.dsv
-- Up-to-date: /home/krishnapranav/mj_manipulation/mujoco_manipulation/install/armos_control/share/ament_index/resource_index/packages/armos_control
-- Up-to-date: /home/krishnapranav/mj_manipulation/mujoco_manipulation/install/armos_control/share/armos_control/cmake/armos_controlConfig.cmake
-- Up-to-date: /home/krishnapranav/mj_manipulation/mujoco_manipulation/install/armos_control/share/armos_control/cmake/armos_controlConfig-version.cmake
-- Up-to-date: /home/krishnapranav/mj_manipulation/mujoco_manipulation/install/armos_control/share/armos_control/package.xml
